[0.082s] DEBUG:colcon:Command line arguments: ['/usr/bin/colcon', 'build', '--packages-select', '41068_ignition_bringup']
[0.082s] DEBUG:colcon:Parsed command line arguments: Namespace(log_base=None, log_level=None, verb_name='build', build_base='build', install_base='install', merge_install=False, symlink_install=False, test_result_base=None, continue_on_error=False, executor='parallel', parallel_workers=32, event_handlers=None, ignore_user_meta=False, metas=['./colcon.meta'], base_paths=['.'], packages_ignore=None, packages_ignore_regex=None, paths=None, packages_up_to=None, packages_up_to_regex=None, packages_above=None, packages_above_and_dependencies=None, packages_above_depth=None, packages_select_by_dep=None, packages_skip_by_dep=None, packages_skip_up_to=None, packages_select_build_failed=False, packages_skip_build_finished=False, packages_select_test_failures=False, packages_skip_test_passed=False, packages_select=['41068_ignition_bringup'], packages_skip=None, packages_select_regex=None, packages_skip_regex=None, packages_start=None, packages_end=None, allow_overriding=[], cmake_args=None, cmake_target=None, cmake_target_skip_unavailable=False, cmake_clean_cache=False, cmake_clean_first=False, cmake_force_configure=False, ament_cmake_args=None, catkin_cmake_args=None, catkin_skip_building_tests=False, mixin_files=None, mixin=None, verb_parser=<colcon_mixin.mixin.mixin_argument.MixinArgumentDecorator object at 0x7df23ce29ea0>, verb_extension=<colcon_core.verb.build.BuildVerb object at 0x7df23ce29480>, main=<bound method BuildVerb.main of <colcon_core.verb.build.BuildVerb object at 0x7df23ce29480>>, mixin_verb=('build',))
[0.200s] Level 1:colcon.colcon_core.package_discovery:discover_packages(colcon_meta) check parameters
[0.201s] Level 1:colcon.colcon_core.package_discovery:discover_packages(recursive) check parameters
[0.201s] Level 1:colcon.colcon_core.package_discovery:discover_packages(ignore) check parameters
[0.201s] Level 1:colcon.colcon_core.package_discovery:discover_packages(path) check parameters
[0.201s] Level 1:colcon.colcon_core.package_discovery:discover_packages(colcon_meta) discover
[0.201s] Level 1:colcon.colcon_core.package_discovery:discover_packages(recursive) discover
[0.201s] INFO:colcon.colcon_core.package_discovery:Crawling recursively for packages in '/home/jarrel/git/RS1-Group5/41068_ws'
[0.201s] Level 1:colcon.colcon_core.package_identification:_identify(.) by extensions ['ignore', 'ignore_ament_install']
[0.201s] Level 1:colcon.colcon_core.package_identification:_identify(.) by extension 'ignore'
[0.201s] Level 1:colcon.colcon_core.package_identification:_identify(.) by extension 'ignore_ament_install'
[0.201s] Level 1:colcon.colcon_core.package_identification:_identify(.) by extensions ['colcon_pkg']
[0.201s] Level 1:colcon.colcon_core.package_identification:_identify(.) by extension 'colcon_pkg'
[0.201s] Level 1:colcon.colcon_core.package_identification:_identify(.) by extensions ['colcon_meta']
[0.201s] Level 1:colcon.colcon_core.package_identification:_identify(.) by extension 'colcon_meta'
[0.201s] Level 1:colcon.colcon_core.package_identification:_identify(.) by extensions ['ros']
[0.201s] Level 1:colcon.colcon_core.package_identification:_identify(.) by extension 'ros'
[0.209s] Level 1:colcon.colcon_core.package_identification:_identify(.) by extensions ['cmake', 'python']
[0.209s] Level 1:colcon.colcon_core.package_identification:_identify(.) by extension 'cmake'
[0.209s] Level 1:colcon.colcon_core.package_identification:_identify(.) by extension 'python'
[0.209s] Level 1:colcon.colcon_core.package_identification:_identify(.) by extensions ['python_setup_py']
[0.209s] Level 1:colcon.colcon_core.package_identification:_identify(.) by extension 'python_setup_py'
[0.210s] Level 1:colcon.colcon_core.package_identification:_identify(build) by extensions ['ignore', 'ignore_ament_install']
[0.210s] Level 1:colcon.colcon_core.package_identification:_identify(build) by extension 'ignore'
[0.210s] Level 1:colcon.colcon_core.package_identification:_identify(build) ignored
[0.210s] Level 1:colcon.colcon_core.package_identification:_identify(install) by extensions ['ignore', 'ignore_ament_install']
[0.210s] Level 1:colcon.colcon_core.package_identification:_identify(install) by extension 'ignore'
[0.210s] Level 1:colcon.colcon_core.package_identification:_identify(install) ignored
[0.210s] Level 1:colcon.colcon_core.package_identification:_identify(log) by extensions ['ignore', 'ignore_ament_install']
[0.210s] Level 1:colcon.colcon_core.package_identification:_identify(log) by extension 'ignore'
[0.211s] Level 1:colcon.colcon_core.package_identification:_identify(log) ignored
[0.211s] Level 1:colcon.colcon_core.package_identification:_identify(src) by extensions ['ignore', 'ignore_ament_install']
[0.211s] Level 1:colcon.colcon_core.package_identification:_identify(src) by extension 'ignore'
[0.211s] Level 1:colcon.colcon_core.package_identification:_identify(src) by extension 'ignore_ament_install'
[0.211s] Level 1:colcon.colcon_core.package_identification:_identify(src) by extensions ['colcon_pkg']
[0.211s] Level 1:colcon.colcon_core.package_identification:_identify(src) by extension 'colcon_pkg'
[0.211s] Level 1:colcon.colcon_core.package_identification:_identify(src) by extensions ['colcon_meta']
[0.211s] Level 1:colcon.colcon_core.package_identification:_identify(src) by extension 'colcon_meta'
[0.211s] Level 1:colcon.colcon_core.package_identification:_identify(src) by extensions ['ros']
[0.211s] Level 1:colcon.colcon_core.package_identification:_identify(src) by extension 'ros'
[0.211s] Level 1:colcon.colcon_core.package_identification:_identify(src) by extensions ['cmake', 'python']
[0.211s] Level 1:colcon.colcon_core.package_identification:_identify(src) by extension 'cmake'
[0.211s] Level 1:colcon.colcon_core.package_identification:_identify(src) by extension 'python'
[0.211s] Level 1:colcon.colcon_core.package_identification:_identify(src) by extensions ['python_setup_py']
[0.211s] Level 1:colcon.colcon_core.package_identification:_identify(src) by extension 'python_setup_py'
[0.211s] Level 1:colcon.colcon_core.package_identification:_identify(src/41068_ignition_bringup) by extensions ['ignore', 'ignore_ament_install']
[0.212s] Level 1:colcon.colcon_core.package_identification:_identify(src/41068_ignition_bringup) by extension 'ignore'
[0.212s] Level 1:colcon.colcon_core.package_identification:_identify(src/41068_ignition_bringup) by extension 'ignore_ament_install'
[0.212s] Level 1:colcon.colcon_core.package_identification:_identify(src/41068_ignition_bringup) by extensions ['colcon_pkg']
[0.212s] Level 1:colcon.colcon_core.package_identification:_identify(src/41068_ignition_bringup) by extension 'colcon_pkg'
[0.212s] Level 1:colcon.colcon_core.package_identification:_identify(src/41068_ignition_bringup) by extensions ['colcon_meta']
[0.212s] Level 1:colcon.colcon_core.package_identification:_identify(src/41068_ignition_bringup) by extension 'colcon_meta'
[0.212s] Level 1:colcon.colcon_core.package_identification:_identify(src/41068_ignition_bringup) by extensions ['ros']
[0.212s] Level 1:colcon.colcon_core.package_identification:_identify(src/41068_ignition_bringup) by extension 'ros'
[0.215s] DEBUG:colcon.colcon_core.package_identification:Package 'src/41068_ignition_bringup' with type 'ros.ament_cmake' and name '41068_ignition_bringup'
[0.215s] Level 1:colcon.colcon_core.package_discovery:discover_packages(recursive) using defaults
[0.216s] Level 1:colcon.colcon_core.package_discovery:discover_packages(ignore) discover
[0.216s] Level 1:colcon.colcon_core.package_discovery:discover_packages(ignore) using defaults
[0.216s] Level 1:colcon.colcon_core.package_discovery:discover_packages(path) discover
[0.216s] Level 1:colcon.colcon_core.package_discovery:discover_packages(path) using defaults
[0.245s] Level 1:colcon.colcon_core.package_discovery:discover_packages(prefix_path) check parameters
[0.245s] Level 1:colcon.colcon_core.package_discovery:discover_packages(prefix_path) discover
[0.246s] DEBUG:colcon.colcon_installed_package_information.package_discovery:Found 1 installed packages in /home/jarrel/git/RS1-Group5/41068_ws/install
[0.247s] DEBUG:colcon.colcon_installed_package_information.package_discovery:Found 444 installed packages in /opt/ros/humble
[0.249s] Level 1:colcon.colcon_core.package_discovery:discover_packages(prefix_path) using defaults
[0.288s] Level 5:colcon.colcon_core.verb:set package '41068_ignition_bringup' build argument 'cmake_args' from command line to 'None'
[0.288s] Level 5:colcon.colcon_core.verb:set package '41068_ignition_bringup' build argument 'cmake_target' from command line to 'None'
[0.288s] Level 5:colcon.colcon_core.verb:set package '41068_ignition_bringup' build argument 'cmake_target_skip_unavailable' from command line to 'False'
[0.288s] Level 5:colcon.colcon_core.verb:set package '41068_ignition_bringup' build argument 'cmake_clean_cache' from command line to 'False'
[0.288s] Level 5:colcon.colcon_core.verb:set package '41068_ignition_bringup' build argument 'cmake_clean_first' from command line to 'False'
[0.288s] Level 5:colcon.colcon_core.verb:set package '41068_ignition_bringup' build argument 'cmake_force_configure' from command line to 'False'
[0.288s] Level 5:colcon.colcon_core.verb:set package '41068_ignition_bringup' build argument 'ament_cmake_args' from command line to 'None'
[0.288s] Level 5:colcon.colcon_core.verb:set package '41068_ignition_bringup' build argument 'catkin_cmake_args' from command line to 'None'
[0.288s] Level 5:colcon.colcon_core.verb:set package '41068_ignition_bringup' build argument 'catkin_skip_building_tests' from command line to 'False'
[0.288s] DEBUG:colcon.colcon_core.verb:Building package '41068_ignition_bringup' with the following arguments: {'ament_cmake_args': None, 'build_base': '/home/jarrel/git/RS1-Group5/41068_ws/build/41068_ignition_bringup', 'catkin_cmake_args': None, 'catkin_skip_building_tests': False, 'cmake_args': None, 'cmake_clean_cache': False, 'cmake_clean_first': False, 'cmake_force_configure': False, 'cmake_target': None, 'cmake_target_skip_unavailable': False, 'install_base': '/home/jarrel/git/RS1-Group5/41068_ws/install/41068_ignition_bringup', 'merge_install': False, 'path': '/home/jarrel/git/RS1-Group5/41068_ws/src/41068_ignition_bringup', 'symlink_install': False, 'test_result_base': None}
[0.288s] INFO:colcon.colcon_core.executor:Executing jobs using 'parallel' executor
[0.289s] DEBUG:colcon.colcon_parallel_executor.executor.parallel:run_until_complete
[0.289s] INFO:colcon.colcon_ros.task.ament_cmake.build:Building ROS package in '/home/jarrel/git/RS1-Group5/41068_ws/src/41068_ignition_bringup' with build type 'ament_cmake'
[0.289s] INFO:colcon.colcon_cmake.task.cmake.build:Building CMake package in '/home/jarrel/git/RS1-Group5/41068_ws/src/41068_ignition_bringup'
[0.291s] INFO:colcon.colcon_core.plugin_system:Skipping extension 'colcon_core.shell.bat': Not used on non-Windows systems
[0.291s] INFO:colcon.colcon_core.shell:Skip shell extension 'powershell' for command environment: Not usable outside of PowerShell
[0.291s] DEBUG:colcon.colcon_core.shell:Skip shell extension 'dsv' for command environment
[0.298s] DEBUG:colcon.colcon_core.event_handler.log_command:Invoking command in '/home/jarrel/git/RS1-Group5/41068_ws/build/41068_ignition_bringup': CMAKE_PREFIX_PATH=${CMAKE_PREFIX_PATH}:/opt/ros/humble /usr/bin/cmake --build /home/jarrel/git/RS1-Group5/41068_ws/build/41068_ignition_bringup -- -j32 -l32
[14.901s] DEBUG:colcon.colcon_core.event_handler.log_command:Invoked command in '/home/jarrel/git/RS1-Group5/41068_ws/build/41068_ignition_bringup' returned '0': CMAKE_PREFIX_PATH=${CMAKE_PREFIX_PATH}:/opt/ros/humble /usr/bin/cmake --build /home/jarrel/git/RS1-Group5/41068_ws/build/41068_ignition_bringup -- -j32 -l32
[14.912s] DEBUG:colcon.colcon_core.event_handler.log_command:Invoking command in '/home/jarrel/git/RS1-Group5/41068_ws/build/41068_ignition_bringup': CMAKE_PREFIX_PATH=${CMAKE_PREFIX_PATH}:/opt/ros/humble /usr/bin/cmake --install /home/jarrel/git/RS1-Group5/41068_ws/build/41068_ignition_bringup
[14.944s] Level 1:colcon.colcon_core.environment:create_environment_scripts_only(41068_ignition_bringup)
[14.944s] DEBUG:colcon.colcon_core.event_handler.log_command:Invoked command in '/home/jarrel/git/RS1-Group5/41068_ws/build/41068_ignition_bringup' returned '0': CMAKE_PREFIX_PATH=${CMAKE_PREFIX_PATH}:/opt/ros/humble /usr/bin/cmake --install /home/jarrel/git/RS1-Group5/41068_ws/build/41068_ignition_bringup
[14.947s] Level 1:colcon.colcon_core.environment:checking '/home/jarrel/git/RS1-Group5/41068_ws/install/41068_ignition_bringup' for CMake module files
[14.948s] Level 1:colcon.colcon_core.environment:checking '/home/jarrel/git/RS1-Group5/41068_ws/install/41068_ignition_bringup' for CMake config files
[14.950s] Level 1:colcon.colcon_core.shell:create_environment_hook('41068_ignition_bringup', 'cmake_prefix_path')
[14.950s] INFO:colcon.colcon_core.shell:Creating environment hook '/home/jarrel/git/RS1-Group5/41068_ws/install/41068_ignition_bringup/share/41068_ignition_bringup/hook/cmake_prefix_path.ps1'
[14.952s] INFO:colcon.colcon_core.shell:Creating environment descriptor '/home/jarrel/git/RS1-Group5/41068_ws/install/41068_ignition_bringup/share/41068_ignition_bringup/hook/cmake_prefix_path.dsv'
[14.952s] INFO:colcon.colcon_core.shell:Creating environment hook '/home/jarrel/git/RS1-Group5/41068_ws/install/41068_ignition_bringup/share/41068_ignition_bringup/hook/cmake_prefix_path.sh'
[14.953s] Level 1:colcon.colcon_core.environment:checking '/home/jarrel/git/RS1-Group5/41068_ws/install/41068_ignition_bringup/lib'
[14.954s] Level 1:colcon.colcon_core.environment:checking '/home/jarrel/git/RS1-Group5/41068_ws/install/41068_ignition_bringup/bin'
[14.954s] Level 1:colcon.colcon_core.environment:checking '/home/jarrel/git/RS1-Group5/41068_ws/install/41068_ignition_bringup/lib/pkgconfig/41068_ignition_bringup.pc'
[14.954s] Level 1:colcon.colcon_core.environment:checking '/home/jarrel/git/RS1-Group5/41068_ws/install/41068_ignition_bringup/lib/python3.10/site-packages'
[14.954s] Level 1:colcon.colcon_core.environment:checking '/home/jarrel/git/RS1-Group5/41068_ws/install/41068_ignition_bringup/bin'
[14.954s] INFO:colcon.colcon_core.shell:Creating package script '/home/jarrel/git/RS1-Group5/41068_ws/install/41068_ignition_bringup/share/41068_ignition_bringup/package.ps1'
[14.955s] INFO:colcon.colcon_core.shell:Creating package descriptor '/home/jarrel/git/RS1-Group5/41068_ws/install/41068_ignition_bringup/share/41068_ignition_bringup/package.dsv'
[14.956s] INFO:colcon.colcon_core.shell:Creating package script '/home/jarrel/git/RS1-Group5/41068_ws/install/41068_ignition_bringup/share/41068_ignition_bringup/package.sh'
[14.957s] INFO:colcon.colcon_core.shell:Creating package script '/home/jarrel/git/RS1-Group5/41068_ws/install/41068_ignition_bringup/share/41068_ignition_bringup/package.bash'
[14.958s] INFO:colcon.colcon_core.shell:Creating package script '/home/jarrel/git/RS1-Group5/41068_ws/install/41068_ignition_bringup/share/41068_ignition_bringup/package.zsh'
[14.959s] Level 1:colcon.colcon_core.environment:create_file_with_runtime_dependencies(/home/jarrel/git/RS1-Group5/41068_ws/install/41068_ignition_bringup/share/colcon-core/packages/41068_ignition_bringup)
[14.960s] Level 1:colcon.colcon_core.environment:create_environment_scripts_only(41068_ignition_bringup)
[14.960s] Level 1:colcon.colcon_core.environment:checking '/home/jarrel/git/RS1-Group5/41068_ws/install/41068_ignition_bringup' for CMake module files
[14.961s] Level 1:colcon.colcon_core.environment:checking '/home/jarrel/git/RS1-Group5/41068_ws/install/41068_ignition_bringup' for CMake config files
[14.962s] Level 1:colcon.colcon_core.shell:create_environment_hook('41068_ignition_bringup', 'cmake_prefix_path')
[14.963s] INFO:colcon.colcon_core.shell:Creating environment hook '/home/jarrel/git/RS1-Group5/41068_ws/install/41068_ignition_bringup/share/41068_ignition_bringup/hook/cmake_prefix_path.ps1'
[14.963s] INFO:colcon.colcon_core.shell:Creating environment descriptor '/home/jarrel/git/RS1-Group5/41068_ws/install/41068_ignition_bringup/share/41068_ignition_bringup/hook/cmake_prefix_path.dsv'
[14.964s] INFO:colcon.colcon_core.shell:Creating environment hook '/home/jarrel/git/RS1-Group5/41068_ws/install/41068_ignition_bringup/share/41068_ignition_bringup/hook/cmake_prefix_path.sh'
[14.965s] Level 1:colcon.colcon_core.environment:checking '/home/jarrel/git/RS1-Group5/41068_ws/install/41068_ignition_bringup/lib'
[14.965s] Level 1:colcon.colcon_core.environment:checking '/home/jarrel/git/RS1-Group5/41068_ws/install/41068_ignition_bringup/bin'
[14.965s] Level 1:colcon.colcon_core.environment:checking '/home/jarrel/git/RS1-Group5/41068_ws/install/41068_ignition_bringup/lib/pkgconfig/41068_ignition_bringup.pc'
[14.965s] Level 1:colcon.colcon_core.environment:checking '/home/jarrel/git/RS1-Group5/41068_ws/install/41068_ignition_bringup/lib/python3.10/site-packages'
[14.966s] Level 1:colcon.colcon_core.environment:checking '/home/jarrel/git/RS1-Group5/41068_ws/install/41068_ignition_bringup/bin'
[14.966s] INFO:colcon.colcon_core.shell:Creating package script '/home/jarrel/git/RS1-Group5/41068_ws/install/41068_ignition_bringup/share/41068_ignition_bringup/package.ps1'
[14.967s] INFO:colcon.colcon_core.shell:Creating package descriptor '/home/jarrel/git/RS1-Group5/41068_ws/install/41068_ignition_bringup/share/41068_ignition_bringup/package.dsv'
[14.967s] INFO:colcon.colcon_core.shell:Creating package script '/home/jarrel/git/RS1-Group5/41068_ws/install/41068_ignition_bringup/share/41068_ignition_bringup/package.sh'
[14.968s] INFO:colcon.colcon_core.shell:Creating package script '/home/jarrel/git/RS1-Group5/41068_ws/install/41068_ignition_bringup/share/41068_ignition_bringup/package.bash'
[14.969s] INFO:colcon.colcon_core.shell:Creating package script '/home/jarrel/git/RS1-Group5/41068_ws/install/41068_ignition_bringup/share/41068_ignition_bringup/package.zsh'
[14.970s] Level 1:colcon.colcon_core.environment:create_file_with_runtime_dependencies(/home/jarrel/git/RS1-Group5/41068_ws/install/41068_ignition_bringup/share/colcon-core/packages/41068_ignition_bringup)
[14.970s] DEBUG:colcon.colcon_parallel_executor.executor.parallel:closing loop
[14.971s] DEBUG:colcon.colcon_parallel_executor.executor.parallel:loop closed
[14.971s] DEBUG:colcon.colcon_parallel_executor.executor.parallel:run_until_complete finished with '0'
[14.971s] DEBUG:colcon.colcon_core.event_reactor:joining thread
[14.978s] INFO:colcon.colcon_core.plugin_system:Skipping extension 'colcon_notification.desktop_notification.terminal_notifier': Not used on non-Darwin systems
[14.978s] INFO:colcon.colcon_core.plugin_system:Skipping extension 'colcon_notification.desktop_notification.win32': Not used on non-Windows systems
[14.978s] INFO:colcon.colcon_notification.desktop_notification:Sending desktop notification using 'notify2'
[14.993s] DEBUG:colcon.colcon_core.event_reactor:joined thread
[14.993s] INFO:colcon.colcon_core.shell:Creating prefix script '/home/jarrel/git/RS1-Group5/41068_ws/install/local_setup.ps1'
[14.994s] INFO:colcon.colcon_core.shell:Creating prefix util module '/home/jarrel/git/RS1-Group5/41068_ws/install/_local_setup_util_ps1.py'
[14.995s] INFO:colcon.colcon_core.shell:Creating prefix chain script '/home/jarrel/git/RS1-Group5/41068_ws/install/setup.ps1'
[14.997s] INFO:colcon.colcon_core.shell:Creating prefix script '/home/jarrel/git/RS1-Group5/41068_ws/install/local_setup.sh'
[14.997s] INFO:colcon.colcon_core.shell:Creating prefix util module '/home/jarrel/git/RS1-Group5/41068_ws/install/_local_setup_util_sh.py'
[14.998s] INFO:colcon.colcon_core.shell:Creating prefix chain script '/home/jarrel/git/RS1-Group5/41068_ws/install/setup.sh'
[14.999s] INFO:colcon.colcon_core.shell:Creating prefix script '/home/jarrel/git/RS1-Group5/41068_ws/install/local_setup.bash'
[14.999s] INFO:colcon.colcon_core.shell:Creating prefix chain script '/home/jarrel/git/RS1-Group5/41068_ws/install/setup.bash'
[15.000s] INFO:colcon.colcon_core.shell:Creating prefix script '/home/jarrel/git/RS1-Group5/41068_ws/install/local_setup.zsh'
[15.000s] INFO:colcon.colcon_core.shell:Creating prefix chain script '/home/jarrel/git/RS1-Group5/41068_ws/install/setup.zsh'
