[0.006s] Invoking command in '/home/rian/git/RS1-Group5/41068_ws/src/41068_ignition_bringup/build/41068_ignition_bringup': /usr/bin/cmake --build /home/rian/git/RS1-Group5/41068_ws/src/41068_ignition_bringup/build/41068_ignition_bringup -- -j8 -l8
[0.022s] -- Found ament_cmake: 1.3.12 (/opt/ros/humble/share/ament_cmake/cmake)
[0.109s] Traceback (most recent call last):
[0.109s]   File "/opt/ros/humble/share/ament_cmake_core/cmake/package_templates/templates_2_cmake.py", line 21, in <module>
[0.109s]     from ament_package.templates import get_environment_hook_template_path
[0.109s] ModuleNotFoundError: No module named 'ament_package'
[0.119s] [31mCMake Error at /opt/ros/humble/share/ament_cmake_core/cmake/ament_cmake_package_templates-extras.cmake:41 (message):
[0.119s]   execute_process(/usr/bin/python3
[0.119s]   /opt/ros/humble/share/ament_cmake_core/cmake/package_templates/templates_2_cmake.py
[0.119s]   /home/rian/git/RS1-Group5/41068_ws/src/41068_ignition_bringup/build/41068_ignition_bringup/ament_cmake_package_templates/templates.cmake)
[0.119s]   returned error code 1
[0.119s] Call Stack (most recent call first):
[0.119s]   /opt/ros/humble/share/ament_cmake_core/cmake/ament_cmake_coreConfig.cmake:41 (include)
[0.119s]   /opt/ros/humble/share/ament_cmake/cmake/ament_cmake_export_dependencies-extras.cmake:15 (find_package)
[0.119s]   /opt/ros/humble/share/ament_cmake/cmake/ament_cmakeConfig.cmake:41 (include)
[0.119s]   CMakeLists.txt:17 (find_package)
[0.119s] 
[0.119s] [0m
[0.119s] -- Configuring incomplete, errors occurred!
[0.119s] See also "/home/rian/git/RS1-Group5/41068_ws/src/41068_ignition_bringup/build/41068_ignition_bringup/CMakeFiles/CMakeOutput.log".
[0.120s] gmake: *** [Makefile:308: cmake_check_build_system] Error 1
[0.122s] Invoked command in '/home/rian/git/RS1-Group5/41068_ws/src/41068_ignition_bringup/build/41068_ignition_bringup' returned '2': /usr/bin/cmake --build /home/rian/git/RS1-Group5/41068_ws/src/41068_ignition_bringup/build/41068_ignition_bringup -- -j8 -l8
