[0.012s] Invoking command in '/home/jun/git/Robotics-Studio-1/41068_ws/src/41068_ignition_bringup/build/41068_ignition_bringup': CMAKE_PREFIX_PATH=${CMAKE_PREFIX_PATH}:/home/jun/git/Robotics-Studio-1/41068_ws/install/rs1_gui:/opt/ros/humble /usr/bin/cmake --build /home/jun/git/Robotics-Studio-1/41068_ws/src/41068_ignition_bringup/build/41068_ignition_bringup -- -j22 -l22
[0.067s] [ 28%] Built target waypoint_manager
[0.067s] [ 28%] Built target manual_trail_inspector
[0.067s] [ 42%] Built target lidar_sensing_node
[0.068s] [ 50%] [32mBuilding CXX object CMakeFiles/teleop_obstacle_avoid.dir/src/teleop_with_obstacle_avoidance.cpp.o[0m
[0.069s] [ 64%] Built target autonomous_trail_follower
[0.071s] [ 78%] Built target waypoint_follower
[0.072s] [ 92%] Built target map_waypoint_manager
[6.084s] [100%] [32m[1mLinking CXX executable teleop_obstacle_avoid[0m
[6.357s] [100%] Built target teleop_obstacle_avoid
[6.369s] Invoked command in '/home/jun/git/Robotics-Studio-1/41068_ws/src/41068_ignition_bringup/build/41068_ignition_bringup' returned '0': CMAKE_PREFIX_PATH=${CMAKE_PREFIX_PATH}:/home/jun/git/Robotics-Studio-1/41068_ws/install/rs1_gui:/opt/ros/humble /usr/bin/cmake --build /home/jun/git/Robotics-Studio-1/41068_ws/src/41068_ignition_bringup/build/41068_ignition_bringup -- -j22 -l22
[6.379s] Invoking command in '/home/jun/git/Robotics-Studio-1/41068_ws/src/41068_ignition_bringup/build/41068_ignition_bringup': CMAKE_PREFIX_PATH=${CMAKE_PREFIX_PATH}:/home/jun/git/Robotics-Studio-1/41068_ws/install/rs1_gui:/opt/ros/humble /usr/bin/cmake --install /home/jun/git/Robotics-Studio-1/41068_ws/src/41068_ignition_bringup/build/41068_ignition_bringup
[6.384s] -- Install configuration: ""
[6.384s] -- Execute custom install script
[6.384s] -- Up-to-date symlink: /home/jun/git/Robotics-Studio-1/41068_ws/src/41068_ignition_bringup/install/41068_ignition_bringup/lib/41068_ignition_bringup/autonomous_trail_follower
[6.385s] -- Up-to-date symlink: /home/jun/git/Robotics-Studio-1/41068_ws/src/41068_ignition_bringup/install/41068_ignition_bringup/lib/41068_ignition_bringup/waypoint_follower
[6.385s] -- Up-to-date symlink: /home/jun/git/Robotics-Studio-1/41068_ws/src/41068_ignition_bringup/install/41068_ignition_bringup/lib/41068_ignition_bringup/waypoint_manager
[6.385s] -- Up-to-date symlink: /home/jun/git/Robotics-Studio-1/41068_ws/src/41068_ignition_bringup/install/41068_ignition_bringup/lib/41068_ignition_bringup/map_waypoint_manager
[6.386s] -- Up-to-date symlink: /home/jun/git/Robotics-Studio-1/41068_ws/src/41068_ignition_bringup/install/41068_ignition_bringup/lib/41068_ignition_bringup/lidar_sensing_node
[6.386s] -- Up-to-date symlink: /home/jun/git/Robotics-Studio-1/41068_ws/src/41068_ignition_bringup/install/41068_ignition_bringup/lib/41068_ignition_bringup/manual_trail_inspector
[6.386s] -- Up-to-date symlink: /home/jun/git/Robotics-Studio-1/41068_ws/src/41068_ignition_bringup/install/41068_ignition_bringup/lib/41068_ignition_bringup/teleop_obstacle_avoid
[6.386s] -- Up-to-date symlink: /home/jun/git/Robotics-Studio-1/41068_ws/src/41068_ignition_bringup/install/41068_ignition_bringup/share/41068_ignition_bringup/config/41068.rviz
[6.386s] -- Up-to-date symlink: /home/jun/git/Robotics-Studio-1/41068_ws/src/41068_ignition_bringup/install/41068_ignition_bringup/share/41068_ignition_bringup/config/gazebo_bridge.yaml
[6.386s] -- Up-to-date symlink: /home/jun/git/Robotics-Studio-1/41068_ws/src/41068_ignition_bringup/install/41068_ignition_bringup/share/41068_ignition_bringup/config/nav2_params.yaml
[6.386s] -- Up-to-date symlink: /home/jun/git/Robotics-Studio-1/41068_ws/src/41068_ignition_bringup/install/41068_ignition_bringup/share/41068_ignition_bringup/config/robot_localization.yaml
[6.387s] -- Up-to-date symlink: /home/jun/git/Robotics-Studio-1/41068_ws/src/41068_ignition_bringup/install/41068_ignition_bringup/share/41068_ignition_bringup/config/slam_params.yaml
[6.387s] -- Up-to-date symlink: /home/jun/git/Robotics-Studio-1/41068_ws/src/41068_ignition_bringup/install/41068_ignition_bringup/share/41068_ignition_bringup/launch/41068_ignition.launch.py
[6.387s] -- Up-to-date symlink: /home/jun/git/Robotics-Studio-1/41068_ws/src/41068_ignition_bringup/install/41068_ignition_bringup/share/41068_ignition_bringup/launch/41068_ignition_drone.launch.py
[6.387s] -- Up-to-date symlink: /home/jun/git/Robotics-Studio-1/41068_ws/src/41068_ignition_bringup/install/41068_ignition_bringup/share/41068_ignition_bringup/launch/41068_navigation.launch.py
[6.387s] [33mCMake Warning (dev) at ament_cmake_symlink_install/ament_cmake_symlink_install.cmake:62 (file):
[6.387s]   Policy CMP0009 is not set: FILE GLOB_RECURSE calls should not follow
[6.387s]   symlinks by default.  Run "cmake --help-policy CMP0009" for policy details.
[6.387s]   Use the cmake_policy command to set the policy and suppress this warning.
[6.387s] Call Stack (most recent call first):
[6.387s]   ament_cmake_symlink_install/ament_cmake_symlink_install.cmake:320 (ament_cmake_symlink_install_directory)
[6.387s]   cmake_install.cmake:46 (include)
[6.387s] This warning is for project developers.  Use -Wno-dev to suppress it.
[6.387s] [0m
[6.387s] -- Up-to-date symlink: /home/jun/git/Robotics-Studio-1/41068_ws/src/41068_ignition_bringup/install/41068_ignition_bringup/share/41068_ignition_bringup/models/forest_plane/materials/textures/Map.png
[6.387s] -- Up-to-date symlink: /home/jun/git/Robotics-Studio-1/41068_ws/src/41068_ignition_bringup/install/41068_ignition_bringup/share/41068_ignition_bringup/models/forest_plane/materials/textures/empty_grass.png
[6.388s] -- Up-to-date symlink: /home/jun/git/Robotics-Studio-1/41068_ws/src/41068_ignition_bringup/install/41068_ignition_bringup/share/41068_ignition_bringup/models/forest_plane/materials/textures/forest_overhead.png
[6.388s] -- Up-to-date symlink: /home/jun/git/Robotics-Studio-1/41068_ws/src/41068_ignition_bringup/install/41068_ignition_bringup/share/41068_ignition_bringup/models/forest_plane/materials/textures/leaf_litter.png
[6.388s] -- Up-to-date symlink: /home/jun/git/Robotics-Studio-1/41068_ws/src/41068_ignition_bringup/install/41068_ignition_bringup/share/41068_ignition_bringup/models/forest_plane/model.config
[6.388s] -- Up-to-date symlink: /home/jun/git/Robotics-Studio-1/41068_ws/src/41068_ignition_bringup/install/41068_ignition_bringup/share/41068_ignition_bringup/models/forest_plane/model.sdf
[6.388s] -- Up-to-date symlink: /home/jun/git/Robotics-Studio-1/41068_ws/src/41068_ignition_bringup/install/41068_ignition_bringup/share/41068_ignition_bringup/models/forest_terrain/build/.built_by
[6.388s] -- Up-to-date symlink: /home/jun/git/Robotics-Studio-1/41068_ws/src/41068_ignition_bringup/install/41068_ignition_bringup/share/41068_ignition_bringup/models/forest_terrain/build/COLCON_IGNORE
[6.388s] -- Up-to-date symlink: /home/jun/git/Robotics-Studio-1/41068_ws/src/41068_ignition_bringup/install/41068_ignition_bringup/share/41068_ignition_bringup/models/forest_terrain/install/.colcon_install_layout
[6.388s] -- Up-to-date symlink: /home/jun/git/Robotics-Studio-1/41068_ws/src/41068_ignition_bringup/install/41068_ignition_bringup/share/41068_ignition_bringup/models/forest_terrain/install/COLCON_IGNORE
[6.388s] -- Up-to-date symlink: /home/jun/git/Robotics-Studio-1/41068_ws/src/41068_ignition_bringup/install/41068_ignition_bringup/share/41068_ignition_bringup/models/forest_terrain/install/_local_setup_util_ps1.py
[6.388s] -- Up-to-date symlink: /home/jun/git/Robotics-Studio-1/41068_ws/src/41068_ignition_bringup/install/41068_ignition_bringup/share/41068_ignition_bringup/models/forest_terrain/install/_local_setup_util_sh.py
[6.388s] -- Up-to-date symlink: /home/jun/git/Robotics-Studio-1/41068_ws/src/41068_ignition_bringup/install/41068_ignition_bringup/share/41068_ignition_bringup/models/forest_terrain/install/local_setup.bash
[6.388s] -- Up-to-date symlink: /home/jun/git/Robotics-Studio-1/41068_ws/src/41068_ignition_bringup/install/41068_ignition_bringup/share/41068_ignition_bringup/models/forest_terrain/install/local_setup.ps1
[6.388s] -- Up-to-date symlink: /home/jun/git/Robotics-Studio-1/41068_ws/src/41068_ignition_bringup/install/41068_ignition_bringup/share/41068_ignition_bringup/models/forest_terrain/install/local_setup.sh
[6.388s] -- Up-to-date symlink: /home/jun/git/Robotics-Studio-1/41068_ws/src/41068_ignition_bringup/install/41068_ignition_bringup/share/41068_ignition_bringup/models/forest_terrain/install/local_setup.zsh
[6.388s] -- Up-to-date symlink: /home/jun/git/Robotics-Studio-1/41068_ws/src/41068_ignition_bringup/install/41068_ignition_bringup/share/41068_ignition_bringup/models/forest_terrain/install/setup.bash
[6.388s] -- Up-to-date symlink: /home/jun/git/Robotics-Studio-1/41068_ws/src/41068_ignition_bringup/install/41068_ignition_bringup/share/41068_ignition_bringup/models/forest_terrain/install/setup.ps1
[6.389s] -- Up-to-date symlink: /home/jun/git/Robotics-Studio-1/41068_ws/src/41068_ignition_bringup/install/41068_ignition_bringup/share/41068_ignition_bringup/models/forest_terrain/install/setup.sh
[6.389s] -- Up-to-date symlink: /home/jun/git/Robotics-Studio-1/41068_ws/src/41068_ignition_bringup/install/41068_ignition_bringup/share/41068_ignition_bringup/models/forest_terrain/install/setup.zsh
[6.389s] -- Up-to-date symlink: /home/jun/git/Robotics-Studio-1/41068_ws/src/41068_ignition_bringup/install/41068_ignition_bringup/share/41068_ignition_bringup/models/forest_terrain/log/COLCON_IGNORE
[6.389s] -- Up-to-date symlink: /home/jun/git/Robotics-Studio-1/41068_ws/src/41068_ignition_bringup/install/41068_ignition_bringup/share/41068_ignition_bringup/models/forest_terrain/log/build_2025-08-27_19-31-27/events.log
[6.389s] -- Up-to-date symlink: /home/jun/git/Robotics-Studio-1/41068_ws/src/41068_ignition_bringup/install/41068_ignition_bringup/share/41068_ignition_bringup/models/forest_terrain/log/build_2025-08-27_19-31-27/logger_all.log
[6.389s] -- Up-to-date symlink: /home/jun/git/Robotics-Studio-1/41068_ws/src/41068_ignition_bringup/install/41068_ignition_bringup/share/41068_ignition_bringup/models/forest_terrain/log/build_2025-08-28_14-08-20/events.log
[6.389s] -- Up-to-date symlink: /home/jun/git/Robotics-Studio-1/41068_ws/src/41068_ignition_bringup/install/41068_ignition_bringup/share/41068_ignition_bringup/models/forest_terrain/log/build_2025-08-28_14-08-20/logger_all.log
[6.389s] -- Up-to-date symlink: /home/jun/git/Robotics-Studio-1/41068_ws/src/41068_ignition_bringup/install/41068_ignition_bringup/share/41068_ignition_bringup/models/forest_terrain/log/build_2025-08-28_15-02-25/events.log
[6.389s] -- Up-to-date symlink: /home/jun/git/Robotics-Studio-1/41068_ws/src/41068_ignition_bringup/install/41068_ignition_bringup/share/41068_ignition_bringup/models/forest_terrain/log/build_2025-08-28_15-02-25/logger_all.log
[6.389s] -- Up-to-date symlink: /home/jun/git/Robotics-Studio-1/41068_ws/src/41068_ignition_bringup/install/41068_ignition_bringup/share/41068_ignition_bringup/models/forest_terrain/log/latest/events.log
[6.389s] -- Up-to-date symlink: /home/jun/git/Robotics-Studio-1/41068_ws/src/41068_ignition_bringup/install/41068_ignition_bringup/share/41068_ignition_bringup/models/forest_terrain/log/latest/logger_all.log
[6.389s] -- Up-to-date symlink: /home/jun/git/Robotics-Studio-1/41068_ws/src/41068_ignition_bringup/install/41068_ignition_bringup/share/41068_ignition_bringup/models/forest_terrain/log/latest_build/events.log
[6.389s] -- Up-to-date symlink: /home/jun/git/Robotics-Studio-1/41068_ws/src/41068_ignition_bringup/install/41068_ignition_bringup/share/41068_ignition_bringup/models/forest_terrain/log/latest_build/logger_all.log
[6.389s] -- Up-to-date symlink: /home/jun/git/Robotics-Studio-1/41068_ws/src/41068_ignition_bringup/install/41068_ignition_bringup/share/41068_ignition_bringup/models/forest_terrain/materials/textures/Elevated_Terrain_Test.dae
[6.389s] -- Up-to-date symlink: /home/jun/git/Robotics-Studio-1/41068_ws/src/41068_ignition_bringup/install/41068_ignition_bringup/share/41068_ignition_bringup/models/forest_terrain/materials/textures/Elevated_Terrain_Test.fbm/forest_overhead.png
[6.389s] -- Up-to-date symlink: /home/jun/git/Robotics-Studio-1/41068_ws/src/41068_ignition_bringup/install/41068_ignition_bringup/share/41068_ignition_bringup/models/forest_terrain/materials/textures/Elevated_Terrain_Test.fbx
[6.389s] -- Up-to-date symlink: /home/jun/git/Robotics-Studio-1/41068_ws/src/41068_ignition_bringup/install/41068_ignition_bringup/share/41068_ignition_bringup/models/forest_terrain/materials/textures/forest_overhead.png
[6.389s] -- Up-to-date symlink: /home/jun/git/Robotics-Studio-1/41068_ws/src/41068_ignition_bringup/install/41068_ignition_bringup/share/41068_ignition_bringup/models/forest_terrain/materials/textures/model.config
[6.389s] -- Up-to-date symlink: /home/jun/git/Robotics-Studio-1/41068_ws/src/41068_ignition_bringup/install/41068_ignition_bringup/share/41068_ignition_bringup/models/forest_terrain/materials/textures/model.sdf
[6.389s] -- Up-to-date symlink: /home/jun/git/Robotics-Studio-1/41068_ws/src/41068_ignition_bringup/install/41068_ignition_bringup/share/41068_ignition_bringup/models/forest_terrain/model.config
[6.390s] -- Up-to-date symlink: /home/jun/git/Robotics-Studio-1/41068_ws/src/41068_ignition_bringup/install/41068_ignition_bringup/share/41068_ignition_bringup/models/forest_terrain/model.sdf
[6.390s] -- Up-to-date symlink: /home/jun/git/Robotics-Studio-1/41068_ws/src/41068_ignition_bringup/install/41068_ignition_bringup/share/41068_ignition_bringup/models/forest_wall/materials/textures/forest_wall.png
[6.390s] -- Up-to-date symlink: /home/jun/git/Robotics-Studio-1/41068_ws/src/41068_ignition_bringup/install/41068_ignition_bringup/share/41068_ignition_bringup/models/forest_wall/materials/textures/forest_wall_transparent.png
[6.390s] -- Up-to-date symlink: /home/jun/git/Robotics-Studio-1/41068_ws/src/41068_ignition_bringup/install/41068_ignition_bringup/share/41068_ignition_bringup/models/forest_wall/materials/textures/forest_wall_transparent_small.png
[6.390s] -- Up-to-date symlink: /home/jun/git/Robotics-Studio-1/41068_ws/src/41068_ignition_bringup/install/41068_ignition_bringup/share/41068_ignition_bringup/models/forest_wall/model.config
[6.390s] -- Up-to-date symlink: /home/jun/git/Robotics-Studio-1/41068_ws/src/41068_ignition_bringup/install/41068_ignition_bringup/share/41068_ignition_bringup/models/forest_wall/model.sdf
[6.390s] -- Up-to-date symlink: /home/jun/git/Robotics-Studio-1/41068_ws/src/41068_ignition_bringup/install/41068_ignition_bringup/share/41068_ignition_bringup/models/grass_plane/materials/textures/empty_grass.png
[6.390s] -- Up-to-date symlink: /home/jun/git/Robotics-Studio-1/41068_ws/src/41068_ignition_bringup/install/41068_ignition_bringup/share/41068_ignition_bringup/models/grass_plane/model.config
[6.390s] -- Up-to-date symlink: /home/jun/git/Robotics-Studio-1/41068_ws/src/41068_ignition_bringup/install/41068_ignition_bringup/share/41068_ignition_bringup/models/grass_plane/model.sdf
[6.390s] -- Up-to-date symlink: /home/jun/git/Robotics-Studio-1/41068_ws/src/41068_ignition_bringup/install/41068_ignition_bringup/share/41068_ignition_bringup/urdf/common_properties.urdf.xacro
[6.390s] -- Up-to-date symlink: /home/jun/git/Robotics-Studio-1/41068_ws/src/41068_ignition_bringup/install/41068_ignition_bringup/share/41068_ignition_bringup/urdf/husky.gazebo.xacro
[6.390s] -- Up-to-date symlink: /home/jun/git/Robotics-Studio-1/41068_ws/src/41068_ignition_bringup/install/41068_ignition_bringup/share/41068_ignition_bringup/urdf/husky.urdf.xacro
[6.390s] -- Up-to-date symlink: /home/jun/git/Robotics-Studio-1/41068_ws/src/41068_ignition_bringup/install/41068_ignition_bringup/share/41068_ignition_bringup/urdf/meshes/base_link.dae
[6.390s] -- Up-to-date symlink: /home/jun/git/Robotics-Studio-1/41068_ws/src/41068_ignition_bringup/install/41068_ignition_bringup/share/41068_ignition_bringup/urdf/meshes/bumper.dae
[6.390s] -- Up-to-date symlink: /home/jun/git/Robotics-Studio-1/41068_ws/src/41068_ignition_bringup/install/41068_ignition_bringup/share/41068_ignition_bringup/urdf/meshes/jpl04_arch_nosensor.stl
[6.390s] -- Up-to-date symlink: /home/jun/git/Robotics-Studio-1/41068_ws/src/41068_ignition_bringup/install/41068_ignition_bringup/share/41068_ignition_bringup/urdf/meshes/top_chassis.dae
[6.390s] -- Up-to-date symlink: /home/jun/git/Robotics-Studio-1/41068_ws/src/41068_ignition_bringup/install/41068_ignition_bringup/share/41068_ignition_bringup/urdf/meshes/top_plate.dae
[6.391s] -- Up-to-date symlink: /home/jun/git/Robotics-Studio-1/41068_ws/src/41068_ignition_bringup/install/41068_ignition_bringup/share/41068_ignition_bringup/urdf/meshes/wheel.dae
[6.391s] -- Up-to-date symlink: /home/jun/git/Robotics-Studio-1/41068_ws/src/41068_ignition_bringup/install/41068_ignition_bringup/share/41068_ignition_bringup/urdf/wheel.urdf.xacro
[6.391s] -- Up-to-date symlink: /home/jun/git/Robotics-Studio-1/41068_ws/src/41068_ignition_bringup/install/41068_ignition_bringup/share/41068_ignition_bringup/worlds/large_demo.sdf
[6.391s] -- Up-to-date symlink: /home/jun/git/Robotics-Studio-1/41068_ws/src/41068_ignition_bringup/install/41068_ignition_bringup/share/41068_ignition_bringup/worlds/simple_trees.sdf
[6.391s] -- Up-to-date symlink: /home/jun/git/Robotics-Studio-1/41068_ws/src/41068_ignition_bringup/install/41068_ignition_bringup/share/41068_ignition_bringup/urdf_drone/common_properties.urdf.xacro
[6.391s] -- Up-to-date symlink: /home/jun/git/Robotics-Studio-1/41068_ws/src/41068_ignition_bringup/install/41068_ignition_bringup/share/41068_ignition_bringup/urdf_drone/meshes/hull.dae
[6.391s] -- Up-to-date symlink: /home/jun/git/Robotics-Studio-1/41068_ws/src/41068_ignition_bringup/install/41068_ignition_bringup/share/41068_ignition_bringup/urdf_drone/meshes/propeller_fl.dae
[6.391s] -- Up-to-date symlink: /home/jun/git/Robotics-Studio-1/41068_ws/src/41068_ignition_bringup/install/41068_ignition_bringup/share/41068_ignition_bringup/urdf_drone/meshes/propeller_fr.dae
[6.391s] -- Up-to-date symlink: /home/jun/git/Robotics-Studio-1/41068_ws/src/41068_ignition_bringup/install/41068_ignition_bringup/share/41068_ignition_bringup/urdf_drone/meshes/propeller_rl.dae
[6.391s] -- Up-to-date symlink: /home/jun/git/Robotics-Studio-1/41068_ws/src/41068_ignition_bringup/install/41068_ignition_bringup/share/41068_ignition_bringup/urdf_drone/meshes/propeller_rr.dae
[6.391s] -- Up-to-date symlink: /home/jun/git/Robotics-Studio-1/41068_ws/src/41068_ignition_bringup/install/41068_ignition_bringup/share/41068_ignition_bringup/urdf_drone/model.config
[6.391s] -- Up-to-date symlink: /home/jun/git/Robotics-Studio-1/41068_ws/src/41068_ignition_bringup/install/41068_ignition_bringup/share/41068_ignition_bringup/urdf_drone/model.sdf
[6.391s] -- Up-to-date symlink: /home/jun/git/Robotics-Studio-1/41068_ws/src/41068_ignition_bringup/install/41068_ignition_bringup/share/41068_ignition_bringup/urdf_drone/parrot.gazebo.xacro
[6.391s] -- Up-to-date symlink: /home/jun/git/Robotics-Studio-1/41068_ws/src/41068_ignition_bringup/install/41068_ignition_bringup/share/41068_ignition_bringup/urdf_drone/parrot.urdf.xacro
[6.391s] -- Up-to-date symlink: /home/jun/git/Robotics-Studio-1/41068_ws/src/41068_ignition_bringup/install/41068_ignition_bringup/share/41068_ignition_bringup/urdf_drone/thumbnails/1.png
[6.391s] -- Up-to-date symlink: /home/jun/git/Robotics-Studio-1/41068_ws/src/41068_ignition_bringup/install/41068_ignition_bringup/share/41068_ignition_bringup/urdf_drone/thumbnails/2.png
[6.391s] -- Up-to-date symlink: /home/jun/git/Robotics-Studio-1/41068_ws/src/41068_ignition_bringup/install/41068_ignition_bringup/share/41068_ignition_bringup/urdf_drone/thumbnails/3.png
[6.392s] -- Up-to-date symlink: /home/jun/git/Robotics-Studio-1/41068_ws/src/41068_ignition_bringup/install/41068_ignition_bringup/share/41068_ignition_bringup/urdf_drone/thumbnails/4.png
[6.392s] -- Up-to-date symlink: /home/jun/git/Robotics-Studio-1/41068_ws/src/41068_ignition_bringup/install/41068_ignition_bringup/share/41068_ignition_bringup/urdf_drone/thumbnails/5.png
[6.392s] -- Up-to-date symlink: /home/jun/git/Robotics-Studio-1/41068_ws/src/41068_ignition_bringup/install/41068_ignition_bringup/lib/41068_ignition_bringup/waypoint_setter.py
[6.392s] -- Up-to-date symlink: /home/jun/git/Robotics-Studio-1/41068_ws/src/41068_ignition_bringup/install/41068_ignition_bringup/lib/41068_ignition_bringup/click_to_yaml.py
[6.392s] -- Up-to-date symlink: /home/jun/git/Robotics-Studio-1/41068_ws/src/41068_ignition_bringup/install/41068_ignition_bringup/share/ament_index/resource_index/package_run_dependencies/41068_ignition_bringup
[6.392s] -- Up-to-date symlink: /home/jun/git/Robotics-Studio-1/41068_ws/src/41068_ignition_bringup/install/41068_ignition_bringup/share/ament_index/resource_index/parent_prefix_path/41068_ignition_bringup
[6.392s] -- Up-to-date symlink: /home/jun/git/Robotics-Studio-1/41068_ws/src/41068_ignition_bringup/install/41068_ignition_bringup/share/41068_ignition_bringup/environment/ament_prefix_path.sh
[6.392s] -- Up-to-date symlink: /home/jun/git/Robotics-Studio-1/41068_ws/src/41068_ignition_bringup/install/41068_ignition_bringup/share/41068_ignition_bringup/environment/ament_prefix_path.dsv
[6.392s] -- Up-to-date symlink: /home/jun/git/Robotics-Studio-1/41068_ws/src/41068_ignition_bringup/install/41068_ignition_bringup/share/41068_ignition_bringup/environment/path.sh
[6.392s] -- Up-to-date symlink: /home/jun/git/Robotics-Studio-1/41068_ws/src/41068_ignition_bringup/install/41068_ignition_bringup/share/41068_ignition_bringup/environment/path.dsv
[6.392s] -- Up-to-date symlink: /home/jun/git/Robotics-Studio-1/41068_ws/src/41068_ignition_bringup/install/41068_ignition_bringup/share/41068_ignition_bringup/local_setup.bash
[6.392s] -- Up-to-date symlink: /home/jun/git/Robotics-Studio-1/41068_ws/src/41068_ignition_bringup/install/41068_ignition_bringup/share/41068_ignition_bringup/local_setup.sh
[6.393s] -- Up-to-date symlink: /home/jun/git/Robotics-Studio-1/41068_ws/src/41068_ignition_bringup/install/41068_ignition_bringup/share/41068_ignition_bringup/local_setup.zsh
[6.393s] -- Up-to-date symlink: /home/jun/git/Robotics-Studio-1/41068_ws/src/41068_ignition_bringup/install/41068_ignition_bringup/share/41068_ignition_bringup/local_setup.dsv
[6.393s] -- Symlinking: /home/jun/git/Robotics-Studio-1/41068_ws/src/41068_ignition_bringup/install/41068_ignition_bringup/share/41068_ignition_bringup/package.dsv
[6.401s] -- Up-to-date symlink: /home/jun/git/Robotics-Studio-1/41068_ws/src/41068_ignition_bringup/install/41068_ignition_bringup/share/ament_index/resource_index/packages/41068_ignition_bringup
[6.401s] -- Up-to-date symlink: /home/jun/git/Robotics-Studio-1/41068_ws/src/41068_ignition_bringup/install/41068_ignition_bringup/share/41068_ignition_bringup/cmake/41068_ignition_bringupConfig.cmake
[6.401s] -- Up-to-date symlink: /home/jun/git/Robotics-Studio-1/41068_ws/src/41068_ignition_bringup/install/41068_ignition_bringup/share/41068_ignition_bringup/cmake/41068_ignition_bringupConfig-version.cmake
[6.401s] -- Up-to-date symlink: /home/jun/git/Robotics-Studio-1/41068_ws/src/41068_ignition_bringup/install/41068_ignition_bringup/share/41068_ignition_bringup/package.xml
[6.403s] Invoked command in '/home/jun/git/Robotics-Studio-1/41068_ws/src/41068_ignition_bringup/build/41068_ignition_bringup' returned '0': CMAKE_PREFIX_PATH=${CMAKE_PREFIX_PATH}:/home/jun/git/Robotics-Studio-1/41068_ws/install/rs1_gui:/opt/ros/humble /usr/bin/cmake --install /home/jun/git/Robotics-Studio-1/41068_ws/src/41068_ignition_bringup/build/41068_ignition_bringup
