[0.014s] Invoking command in '/home/jun/git/Robotics-Studio-1/41068_ws/src/build/41068_ignition_bringup': CMAKE_PREFIX_PATH=${CMAKE_PREFIX_PATH}:/opt/ros/humble /usr/bin/cmake /home/jun/git/Robotics-Studio-1/41068_ws/src/41068_ignition_bringup -DCMAKE_INSTALL_PREFIX=/home/jun/git/Robotics-Studio-1/41068_ws/src/install/41068_ignition_bringup
[0.273s] -- The C compiler identification is GNU 11.4.0
[0.405s] -- The CXX compiler identification is GNU 11.4.0
[0.412s] -- Detecting C compiler ABI info
[0.482s] -- Detecting C compiler ABI info - done
[0.489s] -- Check for working C compiler: /usr/bin/cc - skipped
[0.489s] -- Detecting C compile features
[0.490s] -- Detecting C compile features - done
[0.493s] -- Detecting CXX compiler ABI info
[0.547s] -- Detecting CXX compiler ABI info - done
[0.552s] -- Check for working CXX compiler: /usr/bin/c++ - skipped
[0.552s] -- Detecting CXX compile features
[0.553s] -- Detecting CXX compile features - done
[0.557s] -- Found ament_cmake: 1.3.12 (/opt/ros/humble/share/ament_cmake/cmake)
[0.660s] -- Found Python3: /usr/bin/python3 (found version "3.10.12") found components: Interpreter 
[0.729s] -- Found rclcpp: 16.0.14 (/opt/ros/humble/share/rclcpp/cmake)
[0.765s] -- Found rosidl_generator_c: 3.1.7 (/opt/ros/humble/share/rosidl_generator_c/cmake)
[0.770s] -- Found rosidl_adapter: 3.1.7 (/opt/ros/humble/share/rosidl_adapter/cmake)
[0.777s] -- Found rosidl_generator_cpp: 3.1.7 (/opt/ros/humble/share/rosidl_generator_cpp/cmake)
[0.787s] -- Using all available rosidl_typesupport_c: rosidl_typesupport_fastrtps_c;rosidl_typesupport_introspection_c
[0.800s] -- Using all available rosidl_typesupport_cpp: rosidl_typesupport_fastrtps_cpp;rosidl_typesupport_introspection_cpp
[0.835s] -- Found rmw_implementation_cmake: 6.1.2 (/opt/ros/humble/share/rmw_implementation_cmake/cmake)
[0.837s] -- Found rmw_fastrtps_cpp: 6.2.8 (/opt/ros/humble/share/rmw_fastrtps_cpp/cmake)
[0.916s] -- Found OpenSSL: /usr/lib/x86_64-linux-gnu/libcrypto.so (found version "3.0.2")  
[0.936s] -- Found FastRTPS: /opt/ros/humble/include  
[0.965s] -- Using RMW implementation 'rmw_fastrtps_cpp' as default
[0.974s] -- Looking for pthread.h
[1.037s] -- Looking for pthread.h - found
[1.037s] -- Performing Test CMAKE_HAVE_LIBC_PTHREAD
[1.098s] -- Performing Test CMAKE_HAVE_LIBC_PTHREAD - Success
[1.098s] -- Found Threads: TRUE  
[1.137s] -- Found geometry_msgs: 4.9.0 (/opt/ros/humble/share/geometry_msgs/cmake)
[1.147s] -- Found nav_msgs: 4.9.0 (/opt/ros/humble/share/nav_msgs/cmake)
[1.161s] -- Found ament_lint_auto: 0.12.14 (/opt/ros/humble/share/ament_lint_auto/cmake)
[1.198s] WARNING: Package name "41068_ignition_bringup" does not follow the naming conventions. It should start with a lower case letter and only contain lower case letters, digits, underscores, and dashes.
[1.221s] -- Added test 'copyright' to check source files copyright and LICENSE
[1.223s] -- Added test 'cppcheck' to perform static code analysis on C / C++ code
[1.224s] -- Configured cppcheck include dirs: 
[1.224s] -- Configured cppcheck exclude dirs and/or files: 
[1.226s] -- Added test 'cpplint' to check C / C++ code against the Google style
[1.226s] -- Configured cpplint exclude dirs and/or files: 
[1.226s] -- Added test 'flake8' to check Python code syntax and style conventions
[1.227s] -- Added test 'lint_cmake' to check CMake code style
[1.228s] -- Added test 'pep257' to check Python code against some of the docstring style conventions in PEP 257
[1.230s] -- Added test 'uncrustify' to check C / C++ code style
[1.230s] -- Configured uncrustify additional arguments: 
[1.231s] -- Added test 'xmllint' to check XML markup files
[1.232s] -- Configuring done
[1.239s] -- Generating done
[1.241s] -- Build files have been written to: /home/jun/git/Robotics-Studio-1/41068_ws/src/build/41068_ignition_bringup
[1.248s] Invoked command in '/home/jun/git/Robotics-Studio-1/41068_ws/src/build/41068_ignition_bringup' returned '0': CMAKE_PREFIX_PATH=${CMAKE_PREFIX_PATH}:/opt/ros/humble /usr/bin/cmake /home/jun/git/Robotics-Studio-1/41068_ws/src/41068_ignition_bringup -DCMAKE_INSTALL_PREFIX=/home/jun/git/Robotics-Studio-1/41068_ws/src/install/41068_ignition_bringup
[1.252s] Invoking command in '/home/jun/git/Robotics-Studio-1/41068_ws/src/build/41068_ignition_bringup': CMAKE_PREFIX_PATH=${CMAKE_PREFIX_PATH}:/opt/ros/humble /usr/bin/cmake --build /home/jun/git/Robotics-Studio-1/41068_ws/src/build/41068_ignition_bringup -- -j22 -l22
[1.295s] [ 25%] [32mBuilding CXX object CMakeFiles/waypoint_manager.dir/src/waypoint_manager.cpp.o[0m
[1.296s] [ 50%] [32mBuilding CXX object CMakeFiles/waypoint_follower.dir/src/main.cpp.o[0m
[6.414s] [ 75%] [32m[1mLinking CXX executable waypoint_manager[0m
[6.654s] [ 75%] Built target waypoint_manager
[8.249s] [100%] [32m[1mLinking CXX executable waypoint_follower[0m
[8.567s] [100%] Built target waypoint_follower
[8.578s] Invoked command in '/home/jun/git/Robotics-Studio-1/41068_ws/src/build/41068_ignition_bringup' returned '0': CMAKE_PREFIX_PATH=${CMAKE_PREFIX_PATH}:/opt/ros/humble /usr/bin/cmake --build /home/jun/git/Robotics-Studio-1/41068_ws/src/build/41068_ignition_bringup -- -j22 -l22
[8.586s] Invoking command in '/home/jun/git/Robotics-Studio-1/41068_ws/src/build/41068_ignition_bringup': CMAKE_PREFIX_PATH=${CMAKE_PREFIX_PATH}:/opt/ros/humble /usr/bin/cmake --install /home/jun/git/Robotics-Studio-1/41068_ws/src/build/41068_ignition_bringup
[8.592s] -- Install configuration: ""
[8.593s] -- Installing: /home/jun/git/Robotics-Studio-1/41068_ws/src/install/41068_ignition_bringup/lib/41068_ignition_bringup/waypoint_follower
[8.595s] -- Set runtime path of "/home/jun/git/Robotics-Studio-1/41068_ws/src/install/41068_ignition_bringup/lib/41068_ignition_bringup/waypoint_follower" to ""
[8.595s] -- Installing: /home/jun/git/Robotics-Studio-1/41068_ws/src/install/41068_ignition_bringup/lib/41068_ignition_bringup/waypoint_manager
[8.597s] -- Set runtime path of "/home/jun/git/Robotics-Studio-1/41068_ws/src/install/41068_ignition_bringup/lib/41068_ignition_bringup/waypoint_manager" to ""
[8.597s] -- Installing: /home/jun/git/Robotics-Studio-1/41068_ws/src/install/41068_ignition_bringup/share/41068_ignition_bringup/config
[8.597s] -- Installing: /home/jun/git/Robotics-Studio-1/41068_ws/src/install/41068_ignition_bringup/share/41068_ignition_bringup/config/41068.rviz
[8.597s] -- Installing: /home/jun/git/Robotics-Studio-1/41068_ws/src/install/41068_ignition_bringup/share/41068_ignition_bringup/config/nav2_params.yaml
[8.597s] -- Installing: /home/jun/git/Robotics-Studio-1/41068_ws/src/install/41068_ignition_bringup/share/41068_ignition_bringup/config/slam_params.yaml
[8.597s] -- Installing: /home/jun/git/Robotics-Studio-1/41068_ws/src/install/41068_ignition_bringup/share/41068_ignition_bringup/config/robot_localization.yaml
[8.597s] -- Installing: /home/jun/git/Robotics-Studio-1/41068_ws/src/install/41068_ignition_bringup/share/41068_ignition_bringup/config/gazebo_bridge.yaml
[8.597s] -- Installing: /home/jun/git/Robotics-Studio-1/41068_ws/src/install/41068_ignition_bringup/share/41068_ignition_bringup/launch
[8.597s] -- Installing: /home/jun/git/Robotics-Studio-1/41068_ws/src/install/41068_ignition_bringup/share/41068_ignition_bringup/launch/41068_ignition.launch.py
[8.597s] -- Installing: /home/jun/git/Robotics-Studio-1/41068_ws/src/install/41068_ignition_bringup/share/41068_ignition_bringup/launch/41068_navigation.launch.py
[8.598s] -- Installing: /home/jun/git/Robotics-Studio-1/41068_ws/src/install/41068_ignition_bringup/share/41068_ignition_bringup/models
[8.598s] -- Installing: /home/jun/git/Robotics-Studio-1/41068_ws/src/install/41068_ignition_bringup/share/41068_ignition_bringup/models/forest_terrain
[8.598s] -- Installing: /home/jun/git/Robotics-Studio-1/41068_ws/src/install/41068_ignition_bringup/share/41068_ignition_bringup/models/forest_terrain/model.sdf
[8.598s] -- Installing: /home/jun/git/Robotics-Studio-1/41068_ws/src/install/41068_ignition_bringup/share/41068_ignition_bringup/models/forest_terrain/log
[8.598s] -- Installing: /home/jun/git/Robotics-Studio-1/41068_ws/src/install/41068_ignition_bringup/share/41068_ignition_bringup/models/forest_terrain/log/build_2025-08-28_14-08-20
[8.598s] -- Installing: /home/jun/git/Robotics-Studio-1/41068_ws/src/install/41068_ignition_bringup/share/41068_ignition_bringup/models/forest_terrain/log/build_2025-08-28_14-08-20/logger_all.log
[8.598s] -- Installing: /home/jun/git/Robotics-Studio-1/41068_ws/src/install/41068_ignition_bringup/share/41068_ignition_bringup/models/forest_terrain/log/build_2025-08-28_14-08-20/events.log
[8.598s] -- Installing: /home/jun/git/Robotics-Studio-1/41068_ws/src/install/41068_ignition_bringup/share/41068_ignition_bringup/models/forest_terrain/log/latest_build
[8.598s] -- Installing: /home/jun/git/Robotics-Studio-1/41068_ws/src/install/41068_ignition_bringup/share/41068_ignition_bringup/models/forest_terrain/log/build_2025-08-28_15-02-25
[8.598s] -- Installing: /home/jun/git/Robotics-Studio-1/41068_ws/src/install/41068_ignition_bringup/share/41068_ignition_bringup/models/forest_terrain/log/build_2025-08-28_15-02-25/logger_all.log
[8.598s] -- Installing: /home/jun/git/Robotics-Studio-1/41068_ws/src/install/41068_ignition_bringup/share/41068_ignition_bringup/models/forest_terrain/log/build_2025-08-28_15-02-25/events.log
[8.599s] -- Installing: /home/jun/git/Robotics-Studio-1/41068_ws/src/install/41068_ignition_bringup/share/41068_ignition_bringup/models/forest_terrain/log/COLCON_IGNORE
[8.599s] -- Installing: /home/jun/git/Robotics-Studio-1/41068_ws/src/install/41068_ignition_bringup/share/41068_ignition_bringup/models/forest_terrain/log/latest
[8.599s] -- Installing: /home/jun/git/Robotics-Studio-1/41068_ws/src/install/41068_ignition_bringup/share/41068_ignition_bringup/models/forest_terrain/log/build_2025-08-27_19-31-27
[8.599s] -- Installing: /home/jun/git/Robotics-Studio-1/41068_ws/src/install/41068_ignition_bringup/share/41068_ignition_bringup/models/forest_terrain/log/build_2025-08-27_19-31-27/logger_all.log
[8.599s] -- Installing: /home/jun/git/Robotics-Studio-1/41068_ws/src/install/41068_ignition_bringup/share/41068_ignition_bringup/models/forest_terrain/log/build_2025-08-27_19-31-27/events.log
[8.599s] -- Installing: /home/jun/git/Robotics-Studio-1/41068_ws/src/install/41068_ignition_bringup/share/41068_ignition_bringup/models/forest_terrain/build
[8.599s] -- Installing: /home/jun/git/Robotics-Studio-1/41068_ws/src/install/41068_ignition_bringup/share/41068_ignition_bringup/models/forest_terrain/build/COLCON_IGNORE
[8.599s] -- Installing: /home/jun/git/Robotics-Studio-1/41068_ws/src/install/41068_ignition_bringup/share/41068_ignition_bringup/models/forest_terrain/build/.built_by
[8.599s] -- Installing: /home/jun/git/Robotics-Studio-1/41068_ws/src/install/41068_ignition_bringup/share/41068_ignition_bringup/models/forest_terrain/materials
[8.599s] -- Installing: /home/jun/git/Robotics-Studio-1/41068_ws/src/install/41068_ignition_bringup/share/41068_ignition_bringup/models/forest_terrain/materials/textures
[8.599s] -- Installing: /home/jun/git/Robotics-Studio-1/41068_ws/src/install/41068_ignition_bringup/share/41068_ignition_bringup/models/forest_terrain/materials/textures/Elevated_Terrain_Test.fbx
[8.599s] -- Installing: /home/jun/git/Robotics-Studio-1/41068_ws/src/install/41068_ignition_bringup/share/41068_ignition_bringup/models/forest_terrain/materials/textures/model.sdf
[8.600s] -- Installing: /home/jun/git/Robotics-Studio-1/41068_ws/src/install/41068_ignition_bringup/share/41068_ignition_bringup/models/forest_terrain/materials/textures/Elevated_Terrain_Test.fbm
[8.600s] -- Installing: /home/jun/git/Robotics-Studio-1/41068_ws/src/install/41068_ignition_bringup/share/41068_ignition_bringup/models/forest_terrain/materials/textures/Elevated_Terrain_Test.fbm/forest_overhead.png
[8.600s] -- Installing: /home/jun/git/Robotics-Studio-1/41068_ws/src/install/41068_ignition_bringup/share/41068_ignition_bringup/models/forest_terrain/materials/textures/model.config
[8.600s] -- Installing: /home/jun/git/Robotics-Studio-1/41068_ws/src/install/41068_ignition_bringup/share/41068_ignition_bringup/models/forest_terrain/materials/textures/forest_overhead.png
[8.601s] -- Installing: /home/jun/git/Robotics-Studio-1/41068_ws/src/install/41068_ignition_bringup/share/41068_ignition_bringup/models/forest_terrain/materials/textures/Elevated_Terrain_Test.dae
[8.602s] -- Installing: /home/jun/git/Robotics-Studio-1/41068_ws/src/install/41068_ignition_bringup/share/41068_ignition_bringup/models/forest_terrain/model.config
[8.602s] -- Installing: /home/jun/git/Robotics-Studio-1/41068_ws/src/install/41068_ignition_bringup/share/41068_ignition_bringup/models/forest_terrain/install
[8.602s] -- Installing: /home/jun/git/Robotics-Studio-1/41068_ws/src/install/41068_ignition_bringup/share/41068_ignition_bringup/models/forest_terrain/install/_local_setup_util_sh.py
[8.603s] -- Installing: /home/jun/git/Robotics-Studio-1/41068_ws/src/install/41068_ignition_bringup/share/41068_ignition_bringup/models/forest_terrain/install/.colcon_install_layout
[8.603s] -- Installing: /home/jun/git/Robotics-Studio-1/41068_ws/src/install/41068_ignition_bringup/share/41068_ignition_bringup/models/forest_terrain/install/setup.bash
[8.603s] -- Installing: /home/jun/git/Robotics-Studio-1/41068_ws/src/install/41068_ignition_bringup/share/41068_ignition_bringup/models/forest_terrain/install/local_setup.zsh
[8.603s] -- Installing: /home/jun/git/Robotics-Studio-1/41068_ws/src/install/41068_ignition_bringup/share/41068_ignition_bringup/models/forest_terrain/install/_local_setup_util_ps1.py
[8.603s] -- Installing: /home/jun/git/Robotics-Studio-1/41068_ws/src/install/41068_ignition_bringup/share/41068_ignition_bringup/models/forest_terrain/install/setup.sh
[8.603s] -- Installing: /home/jun/git/Robotics-Studio-1/41068_ws/src/install/41068_ignition_bringup/share/41068_ignition_bringup/models/forest_terrain/install/local_setup.ps1
[8.603s] -- Installing: /home/jun/git/Robotics-Studio-1/41068_ws/src/install/41068_ignition_bringup/share/41068_ignition_bringup/models/forest_terrain/install/local_setup.bash
[8.603s] -- Installing: /home/jun/git/Robotics-Studio-1/41068_ws/src/install/41068_ignition_bringup/share/41068_ignition_bringup/models/forest_terrain/install/COLCON_IGNORE
[8.603s] -- Installing: /home/jun/git/Robotics-Studio-1/41068_ws/src/install/41068_ignition_bringup/share/41068_ignition_bringup/models/forest_terrain/install/local_setup.sh
[8.603s] -- Installing: /home/jun/git/Robotics-Studio-1/41068_ws/src/install/41068_ignition_bringup/share/41068_ignition_bringup/models/forest_terrain/install/setup.zsh
[8.603s] -- Installing: /home/jun/git/Robotics-Studio-1/41068_ws/src/install/41068_ignition_bringup/share/41068_ignition_bringup/models/forest_terrain/install/setup.ps1
[8.603s] -- Installing: /home/jun/git/Robotics-Studio-1/41068_ws/src/install/41068_ignition_bringup/share/41068_ignition_bringup/models/grass_plane
[8.603s] -- Installing: /home/jun/git/Robotics-Studio-1/41068_ws/src/install/41068_ignition_bringup/share/41068_ignition_bringup/models/grass_plane/model.sdf
[8.603s] -- Installing: /home/jun/git/Robotics-Studio-1/41068_ws/src/install/41068_ignition_bringup/share/41068_ignition_bringup/models/grass_plane/materials
[8.604s] -- Installing: /home/jun/git/Robotics-Studio-1/41068_ws/src/install/41068_ignition_bringup/share/41068_ignition_bringup/models/grass_plane/materials/textures
[8.604s] -- Installing: /home/jun/git/Robotics-Studio-1/41068_ws/src/install/41068_ignition_bringup/share/41068_ignition_bringup/models/grass_plane/materials/textures/empty_grass.png
[8.614s] -- Installing: /home/jun/git/Robotics-Studio-1/41068_ws/src/install/41068_ignition_bringup/share/41068_ignition_bringup/models/grass_plane/model.config
[8.614s] -- Installing: /home/jun/git/Robotics-Studio-1/41068_ws/src/install/41068_ignition_bringup/share/41068_ignition_bringup/models/forest_plane
[8.614s] -- Installing: /home/jun/git/Robotics-Studio-1/41068_ws/src/install/41068_ignition_bringup/share/41068_ignition_bringup/models/forest_plane/model.sdf
[8.614s] -- Installing: /home/jun/git/Robotics-Studio-1/41068_ws/src/install/41068_ignition_bringup/share/41068_ignition_bringup/models/forest_plane/materials
[8.614s] -- Installing: /home/jun/git/Robotics-Studio-1/41068_ws/src/install/41068_ignition_bringup/share/41068_ignition_bringup/models/forest_plane/materials/textures
[8.614s] -- Installing: /home/jun/git/Robotics-Studio-1/41068_ws/src/install/41068_ignition_bringup/share/41068_ignition_bringup/models/forest_plane/materials/textures/Map.png
[8.616s] -- Installing: /home/jun/git/Robotics-Studio-1/41068_ws/src/install/41068_ignition_bringup/share/41068_ignition_bringup/models/forest_plane/materials/textures/empty_grass.png
[8.623s] -- Installing: /home/jun/git/Robotics-Studio-1/41068_ws/src/install/41068_ignition_bringup/share/41068_ignition_bringup/models/forest_plane/materials/textures/leaf_litter.png
[8.625s] -- Installing: /home/jun/git/Robotics-Studio-1/41068_ws/src/install/41068_ignition_bringup/share/41068_ignition_bringup/models/forest_plane/materials/textures/forest_overhead.png
[8.627s] -- Installing: /home/jun/git/Robotics-Studio-1/41068_ws/src/install/41068_ignition_bringup/share/41068_ignition_bringup/models/forest_plane/model.config
[8.627s] -- Installing: /home/jun/git/Robotics-Studio-1/41068_ws/src/install/41068_ignition_bringup/share/41068_ignition_bringup/models/forest_wall
[8.627s] -- Installing: /home/jun/git/Robotics-Studio-1/41068_ws/src/install/41068_ignition_bringup/share/41068_ignition_bringup/models/forest_wall/model.sdf
[8.627s] -- Installing: /home/jun/git/Robotics-Studio-1/41068_ws/src/install/41068_ignition_bringup/share/41068_ignition_bringup/models/forest_wall/materials
[8.628s] -- Installing: /home/jun/git/Robotics-Studio-1/41068_ws/src/install/41068_ignition_bringup/share/41068_ignition_bringup/models/forest_wall/materials/textures
[8.628s] -- Installing: /home/jun/git/Robotics-Studio-1/41068_ws/src/install/41068_ignition_bringup/share/41068_ignition_bringup/models/forest_wall/materials/textures/forest_wall_transparent.png
[8.628s] -- Installing: /home/jun/git/Robotics-Studio-1/41068_ws/src/install/41068_ignition_bringup/share/41068_ignition_bringup/models/forest_wall/materials/textures/forest_wall_transparent_small.png
[8.629s] -- Installing: /home/jun/git/Robotics-Studio-1/41068_ws/src/install/41068_ignition_bringup/share/41068_ignition_bringup/models/forest_wall/materials/textures/forest_wall.png
[8.631s] -- Installing: /home/jun/git/Robotics-Studio-1/41068_ws/src/install/41068_ignition_bringup/share/41068_ignition_bringup/models/forest_wall/model.config
[8.631s] -- Installing: /home/jun/git/Robotics-Studio-1/41068_ws/src/install/41068_ignition_bringup/share/41068_ignition_bringup/urdf
[8.631s] -- Installing: /home/jun/git/Robotics-Studio-1/41068_ws/src/install/41068_ignition_bringup/share/41068_ignition_bringup/urdf/wheel.urdf.xacro
[8.631s] -- Installing: /home/jun/git/Robotics-Studio-1/41068_ws/src/install/41068_ignition_bringup/share/41068_ignition_bringup/urdf/husky.urdf.xacro
[8.631s] -- Installing: /home/jun/git/Robotics-Studio-1/41068_ws/src/install/41068_ignition_bringup/share/41068_ignition_bringup/urdf/common_properties.urdf.xacro
[8.631s] -- Installing: /home/jun/git/Robotics-Studio-1/41068_ws/src/install/41068_ignition_bringup/share/41068_ignition_bringup/urdf/meshes
[8.631s] -- Installing: /home/jun/git/Robotics-Studio-1/41068_ws/src/install/41068_ignition_bringup/share/41068_ignition_bringup/urdf/meshes/top_plate.dae
[8.631s] -- Installing: /home/jun/git/Robotics-Studio-1/41068_ws/src/install/41068_ignition_bringup/share/41068_ignition_bringup/urdf/meshes/base_link.dae
[8.631s] -- Installing: /home/jun/git/Robotics-Studio-1/41068_ws/src/install/41068_ignition_bringup/share/41068_ignition_bringup/urdf/meshes/bumper.dae
[8.631s] -- Installing: /home/jun/git/Robotics-Studio-1/41068_ws/src/install/41068_ignition_bringup/share/41068_ignition_bringup/urdf/meshes/wheel.dae
[8.632s] -- Installing: /home/jun/git/Robotics-Studio-1/41068_ws/src/install/41068_ignition_bringup/share/41068_ignition_bringup/urdf/meshes/top_chassis.dae
[8.632s] -- Installing: /home/jun/git/Robotics-Studio-1/41068_ws/src/install/41068_ignition_bringup/share/41068_ignition_bringup/urdf/meshes/jpl04_arch_nosensor.stl
[8.632s] -- Installing: /home/jun/git/Robotics-Studio-1/41068_ws/src/install/41068_ignition_bringup/share/41068_ignition_bringup/urdf/husky.gazebo.xacro
[8.633s] -- Installing: /home/jun/git/Robotics-Studio-1/41068_ws/src/install/41068_ignition_bringup/share/41068_ignition_bringup/worlds
[8.633s] -- Installing: /home/jun/git/Robotics-Studio-1/41068_ws/src/install/41068_ignition_bringup/share/41068_ignition_bringup/worlds/large_demo.sdf
[8.633s] -- Installing: /home/jun/git/Robotics-Studio-1/41068_ws/src/install/41068_ignition_bringup/share/41068_ignition_bringup/worlds/simple_trees.sdf
[8.633s] [31mCMake Error at cmake_install.cmake:86 (file):
[8.633s]   file INSTALL cannot find
[8.633s]   "/home/jun/git/Robotics-Studio-1/41068_ws/src/41068_ignition_bringup/urdf_drone":
[8.633s]   No such file or directory.
[8.633s] 
[8.633s] [0m
[8.634s] Invoked command in '/home/jun/git/Robotics-Studio-1/41068_ws/src/build/41068_ignition_bringup' returned '1': CMAKE_PREFIX_PATH=${CMAKE_PREFIX_PATH}:/opt/ros/humble /usr/bin/cmake --install /home/jun/git/Robotics-Studio-1/41068_ws/src/build/41068_ignition_bringup
