[0.021s] Invoking command in '/home/student/RS1-Group5/41068_ws/src/build/41068_ignition_bringup': CMAKE_PREFIX_PATH=/opt/ros/humble /usr/bin/cmake /home/student/RS1-Group5/41068_ws/src/41068_ignition_bringup -DCMAKE_INSTALL_PREFIX=/home/student/RS1-Group5/41068_ws/src/install/41068_ignition_bringup
[0.972s] -- The C compiler identification is GNU 11.4.0
[1.477s] -- The CXX compiler identification is GNU 11.4.0
[1.615s] -- Detecting C compiler ABI info
[1.810s] -- Detecting C compiler ABI info - done
[1.825s] -- Check for working C compiler: /usr/bin/cc - skipped
[1.825s] -- Detecting C compile features
[1.828s] -- Detecting C compile features - done
[1.854s] -- Detecting CXX compiler ABI info
[1.997s] -- Detecting CXX compiler ABI info - done
[2.009s] -- Check for working CXX compiler: /usr/bin/c++ - skipped
[2.009s] -- Detecting CXX compile features
[2.010s] -- Detecting CXX compile features - done
[2.132s] -- Found ament_cmake: 1.3.12 (/opt/ros/humble/share/ament_cmake/cmake)
[2.436s] -- Found Python3: /usr/bin/python3 (found version "3.10.12") found components: Interpreter 
[2.848s] -- Found rclcpp: 16.0.14 (/opt/ros/humble/share/rclcpp/cmake)
[3.227s] -- Found rosidl_generator_c: 3.1.7 (/opt/ros/humble/share/rosidl_generator_c/cmake)
[3.272s] -- Found rosidl_adapter: 3.1.7 (/opt/ros/humble/share/rosidl_adapter/cmake)
[3.354s] -- Found rosidl_generator_cpp: 3.1.7 (/opt/ros/humble/share/rosidl_generator_cpp/cmake)
[3.504s] -- Using all available rosidl_typesupport_c: rosidl_typesupport_fastrtps_c;rosidl_typesupport_introspection_c
[3.617s] -- Using all available rosidl_typesupport_cpp: rosidl_typesupport_fastrtps_cpp;rosidl_typesupport_introspection_cpp
[3.980s] -- Found rmw_implementation_cmake: 6.1.2 (/opt/ros/humble/share/rmw_implementation_cmake/cmake)
[4.006s] -- Found rmw_fastrtps_cpp: 6.2.8 (/opt/ros/humble/share/rmw_fastrtps_cpp/cmake)
[4.369s] -- Found OpenSSL: /usr/lib/x86_64-linux-gnu/libcrypto.so (found version "3.0.2")  
[4.419s] -- Found FastRTPS: /opt/ros/humble/include  
[4.473s] -- Using RMW implementation 'rmw_fastrtps_cpp' as default
[4.550s] -- Looking for pthread.h
[4.834s] -- Looking for pthread.h - found
[4.835s] -- Performing Test CMAKE_HAVE_LIBC_PTHREAD
[4.976s] -- Performing Test CMAKE_HAVE_LIBC_PTHREAD - Success
[4.978s] -- Found Threads: TRUE  
[5.397s] -- Found geometry_msgs: 4.9.0 (/opt/ros/humble/share/geometry_msgs/cmake)
[5.502s] -- Found ros_ign_interfaces: 0.244.20 (/opt/ros/humble/share/ros_ign_interfaces/cmake)
[5.725s] -- Found sensor_msgs: 4.9.0 (/opt/ros/humble/share/sensor_msgs/cmake)
[5.757s] -- Found ament_lint_auto: 0.12.14 (/opt/ros/humble/share/ament_lint_auto/cmake)
[5.837s] WARNING: Package name "41068_ignition_bringup" does not follow the naming conventions. It should start with a lower case letter and only contain lower case letters, digits, underscores, and dashes.
[6.031s] -- Added test 'copyright' to check source files copyright and LICENSE
[6.084s] -- Added test 'cppcheck' to perform static code analysis on C / C++ code
[6.088s] -- Configured cppcheck include dirs: $<BUILD_INTERFACE:/home/student/RS1-Group5/41068_ws/src/41068_ignition_bringup/include>
[6.088s] -- Configured cppcheck exclude dirs and/or files: 
[6.142s] -- Added test 'cpplint' to check C / C++ code against the Google style
[6.142s] -- Configured cpplint exclude dirs and/or files: 
[6.149s] -- Added test 'flake8' to check Python code syntax and style conventions
[6.165s] -- Added test 'lint_cmake' to check CMake code style
[6.169s] -- Added test 'pep257' to check Python code against some of the docstring style conventions in PEP 257
[6.225s] -- Added test 'uncrustify' to check C / C++ code style
[6.225s] -- Configured uncrustify additional arguments: 
[6.232s] -- Added test 'xmllint' to check XML markup files
[6.233s] -- Configuring done
[6.251s] -- Generating done
[6.266s] -- Build files have been written to: /home/student/RS1-Group5/41068_ws/src/build/41068_ignition_bringup
[6.280s] Invoked command in '/home/student/RS1-Group5/41068_ws/src/build/41068_ignition_bringup' returned '0': CMAKE_PREFIX_PATH=/opt/ros/humble /usr/bin/cmake /home/student/RS1-Group5/41068_ws/src/41068_ignition_bringup -DCMAKE_INSTALL_PREFIX=/home/student/RS1-Group5/41068_ws/src/install/41068_ignition_bringup
[6.282s] Invoking command in '/home/student/RS1-Group5/41068_ws/src/build/41068_ignition_bringup': CMAKE_PREFIX_PATH=/opt/ros/humble /usr/bin/cmake --build /home/student/RS1-Group5/41068_ws/src/build/41068_ignition_bringup -- -j8 -l8
[6.362s] [ 25%] [32mBuilding CXX object CMakeFiles/controller.dir/src/skidsteer.cpp.o[0m
[6.363s] [ 25%] [32mBuilding CXX object CMakeFiles/controller.dir/src/controller.cpp.o[0m
[6.364s] [ 37%] [32mBuilding CXX object CMakeFiles/lidar_sensing_node.dir/src/main.cpp.o[0m
[6.367s] [ 50%] [32mBuilding CXX object CMakeFiles/lidar_sensing_node.dir/src/lidar_sensing_node.cpp.o[0m
[7.376s] [ 62%] [32m[1mLinking CXX static library libcontroller.a[0m
[7.448s] [ 62%] Built target controller
[7.475s] [ 75%] [32mBuilding CXX object CMakeFiles/move_bot.dir/src/main_move_bot.cpp.o[0m
[13.756s] [ 87%] [32m[1mLinking CXX executable move_bot[0m
[14.340s] [ 87%] Built target move_bot
[18.576s] [100%] [32m[1mLinking CXX executable lidar_sensing_node[0m
[19.128s] [100%] Built target lidar_sensing_node
[19.142s] Invoked command in '/home/student/RS1-Group5/41068_ws/src/build/41068_ignition_bringup' returned '0': CMAKE_PREFIX_PATH=/opt/ros/humble /usr/bin/cmake --build /home/student/RS1-Group5/41068_ws/src/build/41068_ignition_bringup -- -j8 -l8
[19.144s] Invoking command in '/home/student/RS1-Group5/41068_ws/src/build/41068_ignition_bringup': CMAKE_PREFIX_PATH=/opt/ros/humble /usr/bin/cmake --install /home/student/RS1-Group5/41068_ws/src/build/41068_ignition_bringup
[19.153s] -- Install configuration: ""
[19.154s] -- Installing: /home/student/RS1-Group5/41068_ws/src/install/41068_ignition_bringup/lib/41068_ignition_bringup/move_bot
[19.156s] -- Set runtime path of "/home/student/RS1-Group5/41068_ws/src/install/41068_ignition_bringup/lib/41068_ignition_bringup/move_bot" to ""
[19.156s] -- Installing: /home/student/RS1-Group5/41068_ws/src/install/41068_ignition_bringup/lib/41068_ignition_bringup/lidar_sensing_node
[19.163s] -- Set runtime path of "/home/student/RS1-Group5/41068_ws/src/install/41068_ignition_bringup/lib/41068_ignition_bringup/lidar_sensing_node" to ""
[19.163s] -- Installing: /home/student/RS1-Group5/41068_ws/src/install/41068_ignition_bringup/share/41068_ignition_bringup/config
[19.163s] -- Installing: /home/student/RS1-Group5/41068_ws/src/install/41068_ignition_bringup/share/41068_ignition_bringup/config/gazebo_bridge.yaml
[19.169s] -- Installing: /home/student/RS1-Group5/41068_ws/src/install/41068_ignition_bringup/share/41068_ignition_bringup/config/slam_params.yaml
[19.173s] -- Installing: /home/student/RS1-Group5/41068_ws/src/install/41068_ignition_bringup/share/41068_ignition_bringup/config/nav2_params.yaml
[19.176s] -- Installing: /home/student/RS1-Group5/41068_ws/src/install/41068_ignition_bringup/share/41068_ignition_bringup/config/robot_localization.yaml
[19.179s] -- Installing: /home/student/RS1-Group5/41068_ws/src/install/41068_ignition_bringup/share/41068_ignition_bringup/config/41068.rviz
[19.182s] -- Installing: /home/student/RS1-Group5/41068_ws/src/install/41068_ignition_bringup/share/41068_ignition_bringup/launch
[19.182s] -- Installing: /home/student/RS1-Group5/41068_ws/src/install/41068_ignition_bringup/share/41068_ignition_bringup/launch/41068_navigation.launch.py
[19.182s] -- Installing: /home/student/RS1-Group5/41068_ws/src/install/41068_ignition_bringup/share/41068_ignition_bringup/launch/41068_ignition.launch.py
[19.182s] -- Installing: /home/student/RS1-Group5/41068_ws/src/install/41068_ignition_bringup/share/41068_ignition_bringup/launch/41068_ignition_drone.launch.py
[19.182s] -- Installing: /home/student/RS1-Group5/41068_ws/src/install/41068_ignition_bringup/share/41068_ignition_bringup/models
[19.182s] -- Installing: /home/student/RS1-Group5/41068_ws/src/install/41068_ignition_bringup/share/41068_ignition_bringup/models/grass_plane
[19.182s] -- Installing: /home/student/RS1-Group5/41068_ws/src/install/41068_ignition_bringup/share/41068_ignition_bringup/models/grass_plane/model.config
[19.186s] -- Installing: /home/student/RS1-Group5/41068_ws/src/install/41068_ignition_bringup/share/41068_ignition_bringup/models/grass_plane/model.sdf
[19.188s] -- Installing: /home/student/RS1-Group5/41068_ws/src/install/41068_ignition_bringup/share/41068_ignition_bringup/models/grass_plane/materials
[19.189s] -- Installing: /home/student/RS1-Group5/41068_ws/src/install/41068_ignition_bringup/share/41068_ignition_bringup/models/grass_plane/materials/textures
[19.189s] -- Installing: /home/student/RS1-Group5/41068_ws/src/install/41068_ignition_bringup/share/41068_ignition_bringup/models/grass_plane/materials/textures/empty_grass.png
[19.247s] -- Installing: /home/student/RS1-Group5/41068_ws/src/install/41068_ignition_bringup/share/41068_ignition_bringup/models/forest_terrain
[19.248s] -- Installing: /home/student/RS1-Group5/41068_ws/src/install/41068_ignition_bringup/share/41068_ignition_bringup/models/forest_terrain/model.config
[19.250s] -- Installing: /home/student/RS1-Group5/41068_ws/src/install/41068_ignition_bringup/share/41068_ignition_bringup/models/forest_terrain/model.sdf
[19.253s] -- Installing: /home/student/RS1-Group5/41068_ws/src/install/41068_ignition_bringup/share/41068_ignition_bringup/models/forest_terrain/install
[19.253s] -- Installing: /home/student/RS1-Group5/41068_ws/src/install/41068_ignition_bringup/share/41068_ignition_bringup/models/forest_terrain/install/_local_setup_util_sh.py
[19.253s] -- Installing: /home/student/RS1-Group5/41068_ws/src/install/41068_ignition_bringup/share/41068_ignition_bringup/models/forest_terrain/install/.colcon_install_layout
[19.258s] -- Installing: /home/student/RS1-Group5/41068_ws/src/install/41068_ignition_bringup/share/41068_ignition_bringup/models/forest_terrain/install/local_setup.sh
[19.262s] -- Installing: /home/student/RS1-Group5/41068_ws/src/install/41068_ignition_bringup/share/41068_ignition_bringup/models/forest_terrain/install/setup.ps1
[19.266s] -- Installing: /home/student/RS1-Group5/41068_ws/src/install/41068_ignition_bringup/share/41068_ignition_bringup/models/forest_terrain/install/setup.zsh
[19.270s] -- Installing: /home/student/RS1-Group5/41068_ws/src/install/41068_ignition_bringup/share/41068_ignition_bringup/models/forest_terrain/install/COLCON_IGNORE
[19.270s] -- Installing: /home/student/RS1-Group5/41068_ws/src/install/41068_ignition_bringup/share/41068_ignition_bringup/models/forest_terrain/install/local_setup.bash
[19.273s] -- Installing: /home/student/RS1-Group5/41068_ws/src/install/41068_ignition_bringup/share/41068_ignition_bringup/models/forest_terrain/install/setup.sh
[19.277s] -- Installing: /home/student/RS1-Group5/41068_ws/src/install/41068_ignition_bringup/share/41068_ignition_bringup/models/forest_terrain/install/local_setup.zsh
[19.281s] -- Installing: /home/student/RS1-Group5/41068_ws/src/install/41068_ignition_bringup/share/41068_ignition_bringup/models/forest_terrain/install/local_setup.ps1
[19.284s] -- Installing: /home/student/RS1-Group5/41068_ws/src/install/41068_ignition_bringup/share/41068_ignition_bringup/models/forest_terrain/install/setup.bash
[19.287s] -- Installing: /home/student/RS1-Group5/41068_ws/src/install/41068_ignition_bringup/share/41068_ignition_bringup/models/forest_terrain/install/_local_setup_util_ps1.py
[19.288s] -- Installing: /home/student/RS1-Group5/41068_ws/src/install/41068_ignition_bringup/share/41068_ignition_bringup/models/forest_terrain/build
[19.288s] -- Installing: /home/student/RS1-Group5/41068_ws/src/install/41068_ignition_bringup/share/41068_ignition_bringup/models/forest_terrain/build/.built_by
[19.291s] -- Installing: /home/student/RS1-Group5/41068_ws/src/install/41068_ignition_bringup/share/41068_ignition_bringup/models/forest_terrain/build/COLCON_IGNORE
[19.291s] -- Installing: /home/student/RS1-Group5/41068_ws/src/install/41068_ignition_bringup/share/41068_ignition_bringup/models/forest_terrain/log
[19.291s] -- Installing: /home/student/RS1-Group5/41068_ws/src/install/41068_ignition_bringup/share/41068_ignition_bringup/models/forest_terrain/log/COLCON_IGNORE
[19.291s] -- Installing: /home/student/RS1-Group5/41068_ws/src/install/41068_ignition_bringup/share/41068_ignition_bringup/models/forest_terrain/log/build_2025-08-28_15-02-25
[19.291s] -- Installing: /home/student/RS1-Group5/41068_ws/src/install/41068_ignition_bringup/share/41068_ignition_bringup/models/forest_terrain/log/build_2025-08-28_15-02-25/logger_all.log
[19.294s] -- Installing: /home/student/RS1-Group5/41068_ws/src/install/41068_ignition_bringup/share/41068_ignition_bringup/models/forest_terrain/log/build_2025-08-28_15-02-25/events.log
[19.297s] -- Installing: /home/student/RS1-Group5/41068_ws/src/install/41068_ignition_bringup/share/41068_ignition_bringup/models/forest_terrain/log/build_2025-08-27_19-31-27
[19.297s] -- Installing: /home/student/RS1-Group5/41068_ws/src/install/41068_ignition_bringup/share/41068_ignition_bringup/models/forest_terrain/log/build_2025-08-27_19-31-27/logger_all.log
[19.299s] -- Installing: /home/student/RS1-Group5/41068_ws/src/install/41068_ignition_bringup/share/41068_ignition_bringup/models/forest_terrain/log/build_2025-08-27_19-31-27/events.log
[19.302s] -- Installing: /home/student/RS1-Group5/41068_ws/src/install/41068_ignition_bringup/share/41068_ignition_bringup/models/forest_terrain/log/latest
[19.302s] -- Installing: /home/student/RS1-Group5/41068_ws/src/install/41068_ignition_bringup/share/41068_ignition_bringup/models/forest_terrain/log/build_2025-08-28_14-08-20
[19.302s] -- Installing: /home/student/RS1-Group5/41068_ws/src/install/41068_ignition_bringup/share/41068_ignition_bringup/models/forest_terrain/log/build_2025-08-28_14-08-20/logger_all.log
[19.304s] -- Installing: /home/student/RS1-Group5/41068_ws/src/install/41068_ignition_bringup/share/41068_ignition_bringup/models/forest_terrain/log/build_2025-08-28_14-08-20/events.log
[19.307s] -- Installing: /home/student/RS1-Group5/41068_ws/src/install/41068_ignition_bringup/share/41068_ignition_bringup/models/forest_terrain/log/latest_build
[19.307s] -- Installing: /home/student/RS1-Group5/41068_ws/src/install/41068_ignition_bringup/share/41068_ignition_bringup/models/forest_terrain/materials
[19.307s] -- Installing: /home/student/RS1-Group5/41068_ws/src/install/41068_ignition_bringup/share/41068_ignition_bringup/models/forest_terrain/materials/textures
[19.307s] -- Installing: /home/student/RS1-Group5/41068_ws/src/install/41068_ignition_bringup/share/41068_ignition_bringup/models/forest_terrain/materials/textures/model.config
[19.310s] -- Installing: /home/student/RS1-Group5/41068_ws/src/install/41068_ignition_bringup/share/41068_ignition_bringup/models/forest_terrain/materials/textures/forest_overhead.png
[19.347s] -- Installing: /home/student/RS1-Group5/41068_ws/src/install/41068_ignition_bringup/share/41068_ignition_bringup/models/forest_terrain/materials/textures/Elevated_Terrain_Test.fbx
[19.363s] -- Installing: /home/student/RS1-Group5/41068_ws/src/install/41068_ignition_bringup/share/41068_ignition_bringup/models/forest_terrain/materials/textures/model.sdf
[19.365s] -- Installing: /home/student/RS1-Group5/41068_ws/src/install/41068_ignition_bringup/share/41068_ignition_bringup/models/forest_terrain/materials/textures/Elevated_Terrain_Test.fbm
[19.365s] -- Installing: /home/student/RS1-Group5/41068_ws/src/install/41068_ignition_bringup/share/41068_ignition_bringup/models/forest_terrain/materials/textures/Elevated_Terrain_Test.fbm/forest_overhead.png
[19.400s] -- Installing: /home/student/RS1-Group5/41068_ws/src/install/41068_ignition_bringup/share/41068_ignition_bringup/models/forest_terrain/materials/textures/Elevated_Terrain_Test.dae
[19.481s] -- Installing: /home/student/RS1-Group5/41068_ws/src/install/41068_ignition_bringup/share/41068_ignition_bringup/models/forest_plane
[19.481s] -- Installing: /home/student/RS1-Group5/41068_ws/src/install/41068_ignition_bringup/share/41068_ignition_bringup/models/forest_plane/model.config
[19.487s] -- Installing: /home/student/RS1-Group5/41068_ws/src/install/41068_ignition_bringup/share/41068_ignition_bringup/models/forest_plane/model.sdf
[19.492s] -- Installing: /home/student/RS1-Group5/41068_ws/src/install/41068_ignition_bringup/share/41068_ignition_bringup/models/forest_plane/materials
[19.492s] -- Installing: /home/student/RS1-Group5/41068_ws/src/install/41068_ignition_bringup/share/41068_ignition_bringup/models/forest_plane/materials/textures
[19.492s] -- Installing: /home/student/RS1-Group5/41068_ws/src/install/41068_ignition_bringup/share/41068_ignition_bringup/models/forest_plane/materials/textures/forest_overhead.png
[19.545s] -- Installing: /home/student/RS1-Group5/41068_ws/src/install/41068_ignition_bringup/share/41068_ignition_bringup/models/forest_plane/materials/textures/Map.png
[19.583s] -- Installing: /home/student/RS1-Group5/41068_ws/src/install/41068_ignition_bringup/share/41068_ignition_bringup/models/forest_plane/materials/textures/empty_grass.png
[19.642s] -- Installing: /home/student/RS1-Group5/41068_ws/src/install/41068_ignition_bringup/share/41068_ignition_bringup/models/forest_plane/materials/textures/leaf_litter.png
[19.710s] -- Installing: /home/student/RS1-Group5/41068_ws/src/install/41068_ignition_bringup/share/41068_ignition_bringup/models/forest_wall
[19.710s] -- Installing: /home/student/RS1-Group5/41068_ws/src/install/41068_ignition_bringup/share/41068_ignition_bringup/models/forest_wall/model.config
[19.713s] -- Installing: /home/student/RS1-Group5/41068_ws/src/install/41068_ignition_bringup/share/41068_ignition_bringup/models/forest_wall/model.sdf
[19.716s] -- Installing: /home/student/RS1-Group5/41068_ws/src/install/41068_ignition_bringup/share/41068_ignition_bringup/models/forest_wall/materials
[19.716s] -- Installing: /home/student/RS1-Group5/41068_ws/src/install/41068_ignition_bringup/share/41068_ignition_bringup/models/forest_wall/materials/textures
[19.717s] -- Installing: /home/student/RS1-Group5/41068_ws/src/install/41068_ignition_bringup/share/41068_ignition_bringup/models/forest_wall/materials/textures/forest_wall_transparent.png
[19.772s] -- Installing: /home/student/RS1-Group5/41068_ws/src/install/41068_ignition_bringup/share/41068_ignition_bringup/models/forest_wall/materials/textures/forest_wall_transparent_small.png
[19.779s] -- Installing: /home/student/RS1-Group5/41068_ws/src/install/41068_ignition_bringup/share/41068_ignition_bringup/models/forest_wall/materials/textures/forest_wall.png
[19.821s] -- Installing: /home/student/RS1-Group5/41068_ws/src/install/41068_ignition_bringup/share/41068_ignition_bringup/urdf
[19.821s] -- Installing: /home/student/RS1-Group5/41068_ws/src/install/41068_ignition_bringup/share/41068_ignition_bringup/urdf/common_properties.urdf.xacro
[19.821s] -- Installing: /home/student/RS1-Group5/41068_ws/src/install/41068_ignition_bringup/share/41068_ignition_bringup/urdf/meshes
[19.821s] -- Installing: /home/student/RS1-Group5/41068_ws/src/install/41068_ignition_bringup/share/41068_ignition_bringup/urdf/meshes/top_plate.dae
[19.824s] -- Installing: /home/student/RS1-Group5/41068_ws/src/install/41068_ignition_bringup/share/41068_ignition_bringup/urdf/meshes/bumper.dae
[19.840s] -- Installing: /home/student/RS1-Group5/41068_ws/src/install/41068_ignition_bringup/share/41068_ignition_bringup/urdf/meshes/base_link.dae
[19.852s] -- Installing: /home/student/RS1-Group5/41068_ws/src/install/41068_ignition_bringup/share/41068_ignition_bringup/urdf/meshes/jpl04_arch_nosensor.stl
[19.864s] -- Installing: /home/student/RS1-Group5/41068_ws/src/install/41068_ignition_bringup/share/41068_ignition_bringup/urdf/meshes/top_chassis.dae
[19.904s] -- Installing: /home/student/RS1-Group5/41068_ws/src/install/41068_ignition_bringup/share/41068_ignition_bringup/urdf/meshes/wheel.dae
[19.948s] -- Installing: /home/student/RS1-Group5/41068_ws/src/install/41068_ignition_bringup/share/41068_ignition_bringup/urdf/wheel.urdf.xacro
[19.950s] -- Installing: /home/student/RS1-Group5/41068_ws/src/install/41068_ignition_bringup/share/41068_ignition_bringup/urdf/husky.urdf.xacro
[19.953s] -- Installing: /home/student/RS1-Group5/41068_ws/src/install/41068_ignition_bringup/share/41068_ignition_bringup/urdf/husky.gazebo.xacro
[19.956s] -- Installing: /home/student/RS1-Group5/41068_ws/src/install/41068_ignition_bringup/share/41068_ignition_bringup/worlds
[19.956s] -- Installing: /home/student/RS1-Group5/41068_ws/src/install/41068_ignition_bringup/share/41068_ignition_bringup/worlds/simple_trees.sdf
[19.961s] -- Installing: /home/student/RS1-Group5/41068_ws/src/install/41068_ignition_bringup/share/41068_ignition_bringup/worlds/large_demo.sdf
[19.961s] -- Installing: /home/student/RS1-Group5/41068_ws/src/install/41068_ignition_bringup/share/41068_ignition_bringup/urdf_drone
[19.961s] -- Installing: /home/student/RS1-Group5/41068_ws/src/install/41068_ignition_bringup/share/41068_ignition_bringup/urdf_drone/model.config
[19.964s] -- Installing: /home/student/RS1-Group5/41068_ws/src/install/41068_ignition_bringup/share/41068_ignition_bringup/urdf_drone/model.sdf
[19.968s] -- Installing: /home/student/RS1-Group5/41068_ws/src/install/41068_ignition_bringup/share/41068_ignition_bringup/urdf_drone/common_properties.urdf.xacro
[19.971s] -- Installing: /home/student/RS1-Group5/41068_ws/src/install/41068_ignition_bringup/share/41068_ignition_bringup/urdf_drone/thumbnails
[19.971s] -- Installing: /home/student/RS1-Group5/41068_ws/src/install/41068_ignition_bringup/share/41068_ignition_bringup/urdf_drone/thumbnails/4.png
[19.975s] -- Installing: /home/student/RS1-Group5/41068_ws/src/install/41068_ignition_bringup/share/41068_ignition_bringup/urdf_drone/thumbnails/2.png
[19.981s] -- Installing: /home/student/RS1-Group5/41068_ws/src/install/41068_ignition_bringup/share/41068_ignition_bringup/urdf_drone/thumbnails/5.png
[19.984s] -- Installing: /home/student/RS1-Group5/41068_ws/src/install/41068_ignition_bringup/share/41068_ignition_bringup/urdf_drone/thumbnails/1.png
[19.989s] -- Installing: /home/student/RS1-Group5/41068_ws/src/install/41068_ignition_bringup/share/41068_ignition_bringup/urdf_drone/thumbnails/3.png
[19.994s] -- Installing: /home/student/RS1-Group5/41068_ws/src/install/41068_ignition_bringup/share/41068_ignition_bringup/urdf_drone/meshes
[19.994s] -- Installing: /home/student/RS1-Group5/41068_ws/src/install/41068_ignition_bringup/share/41068_ignition_bringup/urdf_drone/meshes/propeller_fr.dae
[20.005s] -- Installing: /home/student/RS1-Group5/41068_ws/src/install/41068_ignition_bringup/share/41068_ignition_bringup/urdf_drone/meshes/propeller_fl.dae
[20.016s] -- Installing: /home/student/RS1-Group5/41068_ws/src/install/41068_ignition_bringup/share/41068_ignition_bringup/urdf_drone/meshes/propeller_rl.dae
[20.027s] -- Installing: /home/student/RS1-Group5/41068_ws/src/install/41068_ignition_bringup/share/41068_ignition_bringup/urdf_drone/meshes/hull.dae
[20.087s] -- Installing: /home/student/RS1-Group5/41068_ws/src/install/41068_ignition_bringup/share/41068_ignition_bringup/urdf_drone/meshes/propeller_rr.dae
[20.098s] -- Installing: /home/student/RS1-Group5/41068_ws/src/install/41068_ignition_bringup/share/41068_ignition_bringup/urdf_drone/parrot.gazebo.xacro
[20.101s] -- Installing: /home/student/RS1-Group5/41068_ws/src/install/41068_ignition_bringup/share/41068_ignition_bringup/urdf_drone/parrot.urdf.xacro
[20.104s] -- Installing: /home/student/RS1-Group5/41068_ws/src/install/41068_ignition_bringup/share/ament_index/resource_index/package_run_dependencies/41068_ignition_bringup
[20.104s] -- Installing: /home/student/RS1-Group5/41068_ws/src/install/41068_ignition_bringup/share/ament_index/resource_index/parent_prefix_path/41068_ignition_bringup
[20.104s] -- Installing: /home/student/RS1-Group5/41068_ws/src/install/41068_ignition_bringup/share/41068_ignition_bringup/environment/ament_prefix_path.sh
[20.104s] -- Installing: /home/student/RS1-Group5/41068_ws/src/install/41068_ignition_bringup/share/41068_ignition_bringup/environment/ament_prefix_path.dsv
[20.105s] -- Installing: /home/student/RS1-Group5/41068_ws/src/install/41068_ignition_bringup/share/41068_ignition_bringup/environment/path.sh
[20.105s] -- Installing: /home/student/RS1-Group5/41068_ws/src/install/41068_ignition_bringup/share/41068_ignition_bringup/environment/path.dsv
[20.105s] -- Installing: /home/student/RS1-Group5/41068_ws/src/install/41068_ignition_bringup/share/41068_ignition_bringup/local_setup.bash
[20.105s] -- Installing: /home/student/RS1-Group5/41068_ws/src/install/41068_ignition_bringup/share/41068_ignition_bringup/local_setup.sh
[20.106s] -- Installing: /home/student/RS1-Group5/41068_ws/src/install/41068_ignition_bringup/share/41068_ignition_bringup/local_setup.zsh
[20.106s] -- Installing: /home/student/RS1-Group5/41068_ws/src/install/41068_ignition_bringup/share/41068_ignition_bringup/local_setup.dsv
[20.106s] -- Installing: /home/student/RS1-Group5/41068_ws/src/install/41068_ignition_bringup/share/41068_ignition_bringup/package.dsv
[20.106s] -- Installing: /home/student/RS1-Group5/41068_ws/src/install/41068_ignition_bringup/share/ament_index/resource_index/packages/41068_ignition_bringup
[20.107s] -- Installing: /home/student/RS1-Group5/41068_ws/src/install/41068_ignition_bringup/share/41068_ignition_bringup/cmake/41068_ignition_bringupConfig.cmake
[20.107s] -- Installing: /home/student/RS1-Group5/41068_ws/src/install/41068_ignition_bringup/share/41068_ignition_bringup/cmake/41068_ignition_bringupConfig-version.cmake
[20.107s] -- Installing: /home/student/RS1-Group5/41068_ws/src/install/41068_ignition_bringup/share/41068_ignition_bringup/package.xml
[20.110s] Invoked command in '/home/student/RS1-Group5/41068_ws/src/build/41068_ignition_bringup' returned '0': CMAKE_PREFIX_PATH=/opt/ros/humble /usr/bin/cmake --install /home/student/RS1-Group5/41068_ws/src/build/41068_ignition_bringup
