[0.123s] DEBUG:colcon:Command line arguments: ['/usr/bin/colcon', 'build', '--packages-select', 'rs1_gui', '--symlink-install']
[0.123s] DEBUG:colcon:Parsed command line arguments: Namespace(log_base=None, log_level=None, verb_name='build', build_base='build', install_base='install', merge_install=False, symlink_install=True, test_result_base=None, continue_on_error=False, executor='parallel', parallel_workers=8, event_handlers=None, ignore_user_meta=False, metas=['./colcon.meta'], base_paths=['.'], packages_ignore=None, packages_ignore_regex=None, paths=None, packages_up_to=None, packages_up_to_regex=None, packages_above=None, packages_above_and_dependencies=None, packages_above_depth=None, packages_select_by_dep=None, packages_skip_by_dep=None, packages_skip_up_to=None, packages_select_build_failed=False, packages_skip_build_finished=False, packages_select_test_failures=False, packages_skip_test_passed=False, packages_select=['rs1_gui'], packages_skip=None, packages_select_regex=None, packages_skip_regex=None, packages_start=None, packages_end=None, allow_overriding=[], cmake_args=None, cmake_target=None, cmake_target_skip_unavailable=False, cmake_clean_cache=False, cmake_clean_first=False, cmake_force_configure=False, ament_cmake_args=None, catkin_cmake_args=None, catkin_skip_building_tests=False, mixin_files=None, mixin=None, verb_parser=<colcon_mixin.mixin.mixin_argument.MixinArgumentDecorator object at 0x713de7c0ae90>, verb_extension=<colcon_core.verb.build.BuildVerb object at 0x713de7c0a500>, main=<bound method BuildVerb.main of <colcon_core.verb.build.BuildVerb object at 0x713de7c0a500>>, mixin_verb=('build',))
[0.312s] Level 1:colcon.colcon_core.package_discovery:discover_packages(colcon_meta) check parameters
[0.312s] Level 1:colcon.colcon_core.package_discovery:discover_packages(recursive) check parameters
[0.313s] Level 1:colcon.colcon_core.package_discovery:discover_packages(ignore) check parameters
[0.313s] Level 1:colcon.colcon_core.package_discovery:discover_packages(path) check parameters
[0.313s] Level 1:colcon.colcon_core.package_discovery:discover_packages(colcon_meta) discover
[0.313s] Level 1:colcon.colcon_core.package_discovery:discover_packages(recursive) discover
[0.313s] INFO:colcon.colcon_core.package_discovery:Crawling recursively for packages in '/home/student/RS1-Group5/41068_ws'
[0.313s] Level 1:colcon.colcon_core.package_identification:_identify(.) by extensions ['ignore', 'ignore_ament_install']
[0.313s] Level 1:colcon.colcon_core.package_identification:_identify(.) by extension 'ignore'
[0.313s] Level 1:colcon.colcon_core.package_identification:_identify(.) by extension 'ignore_ament_install'
[0.313s] Level 1:colcon.colcon_core.package_identification:_identify(.) by extensions ['colcon_pkg']
[0.313s] Level 1:colcon.colcon_core.package_identification:_identify(.) by extension 'colcon_pkg'
[0.313s] Level 1:colcon.colcon_core.package_identification:_identify(.) by extensions ['colcon_meta']
[0.313s] Level 1:colcon.colcon_core.package_identification:_identify(.) by extension 'colcon_meta'
[0.313s] Level 1:colcon.colcon_core.package_identification:_identify(.) by extensions ['ros']
[0.313s] Level 1:colcon.colcon_core.package_identification:_identify(.) by extension 'ros'
[0.325s] Level 1:colcon.colcon_core.package_identification:_identify(.) by extensions ['cmake', 'python']
[0.325s] Level 1:colcon.colcon_core.package_identification:_identify(.) by extension 'cmake'
[0.325s] Level 1:colcon.colcon_core.package_identification:_identify(.) by extension 'python'
[0.325s] Level 1:colcon.colcon_core.package_identification:_identify(.) by extensions ['python_setup_py']
[0.325s] Level 1:colcon.colcon_core.package_identification:_identify(.) by extension 'python_setup_py'
[0.326s] Level 1:colcon.colcon_core.package_identification:_identify(build) by extensions ['ignore', 'ignore_ament_install']
[0.326s] Level 1:colcon.colcon_core.package_identification:_identify(build) by extension 'ignore'
[0.326s] Level 1:colcon.colcon_core.package_identification:_identify(build) ignored
[0.326s] Level 1:colcon.colcon_core.package_identification:_identify(install) by extensions ['ignore', 'ignore_ament_install']
[0.326s] Level 1:colcon.colcon_core.package_identification:_identify(install) by extension 'ignore'
[0.326s] Level 1:colcon.colcon_core.package_identification:_identify(install) ignored
[0.326s] Level 1:colcon.colcon_core.package_identification:_identify(log) by extensions ['ignore', 'ignore_ament_install']
[0.326s] Level 1:colcon.colcon_core.package_identification:_identify(log) by extension 'ignore'
[0.326s] Level 1:colcon.colcon_core.package_identification:_identify(log) ignored
[0.326s] Level 1:colcon.colcon_core.package_identification:_identify(src) by extensions ['ignore', 'ignore_ament_install']
[0.327s] Level 1:colcon.colcon_core.package_identification:_identify(src) by extension 'ignore'
[0.327s] Level 1:colcon.colcon_core.package_identification:_identify(src) by extension 'ignore_ament_install'
[0.327s] Level 1:colcon.colcon_core.package_identification:_identify(src) by extensions ['colcon_pkg']
[0.327s] Level 1:colcon.colcon_core.package_identification:_identify(src) by extension 'colcon_pkg'
[0.327s] Level 1:colcon.colcon_core.package_identification:_identify(src) by extensions ['colcon_meta']
[0.327s] Level 1:colcon.colcon_core.package_identification:_identify(src) by extension 'colcon_meta'
[0.327s] Level 1:colcon.colcon_core.package_identification:_identify(src) by extensions ['ros']
[0.327s] Level 1:colcon.colcon_core.package_identification:_identify(src) by extension 'ros'
[0.327s] Level 1:colcon.colcon_core.package_identification:_identify(src) by extensions ['cmake', 'python']
[0.327s] Level 1:colcon.colcon_core.package_identification:_identify(src) by extension 'cmake'
[0.327s] Level 1:colcon.colcon_core.package_identification:_identify(src) by extension 'python'
[0.327s] Level 1:colcon.colcon_core.package_identification:_identify(src) by extensions ['python_setup_py']
[0.327s] Level 1:colcon.colcon_core.package_identification:_identify(src) by extension 'python_setup_py'
[0.327s] Level 1:colcon.colcon_core.package_identification:_identify(src/41068_ignition_bringup) by extensions ['ignore', 'ignore_ament_install']
[0.328s] Level 1:colcon.colcon_core.package_identification:_identify(src/41068_ignition_bringup) by extension 'ignore'
[0.328s] Level 1:colcon.colcon_core.package_identification:_identify(src/41068_ignition_bringup) by extension 'ignore_ament_install'
[0.328s] Level 1:colcon.colcon_core.package_identification:_identify(src/41068_ignition_bringup) by extensions ['colcon_pkg']
[0.328s] Level 1:colcon.colcon_core.package_identification:_identify(src/41068_ignition_bringup) by extension 'colcon_pkg'
[0.328s] Level 1:colcon.colcon_core.package_identification:_identify(src/41068_ignition_bringup) by extensions ['colcon_meta']
[0.328s] Level 1:colcon.colcon_core.package_identification:_identify(src/41068_ignition_bringup) by extension 'colcon_meta'
[0.328s] Level 1:colcon.colcon_core.package_identification:_identify(src/41068_ignition_bringup) by extensions ['ros']
[0.328s] Level 1:colcon.colcon_core.package_identification:_identify(src/41068_ignition_bringup) by extension 'ros'
[0.331s] DEBUG:colcon.colcon_core.package_identification:Package 'src/41068_ignition_bringup' with type 'ros.ament_cmake' and name '41068_ignition_bringup'
[0.331s] Level 1:colcon.colcon_core.package_identification:_identify(src/build) by extensions ['ignore', 'ignore_ament_install']
[0.331s] Level 1:colcon.colcon_core.package_identification:_identify(src/build) by extension 'ignore'
[0.331s] Level 1:colcon.colcon_core.package_identification:_identify(src/build) ignored
[0.331s] Level 1:colcon.colcon_core.package_identification:_identify(src/install) by extensions ['ignore', 'ignore_ament_install']
[0.332s] Level 1:colcon.colcon_core.package_identification:_identify(src/install) by extension 'ignore'
[0.332s] Level 1:colcon.colcon_core.package_identification:_identify(src/install) ignored
[0.332s] Level 1:colcon.colcon_core.package_identification:_identify(src/log) by extensions ['ignore', 'ignore_ament_install']
[0.332s] Level 1:colcon.colcon_core.package_identification:_identify(src/log) by extension 'ignore'
[0.332s] Level 1:colcon.colcon_core.package_identification:_identify(src/log) ignored
[0.332s] Level 1:colcon.colcon_core.package_identification:_identify(src/rs1_gui) by extensions ['ignore', 'ignore_ament_install']
[0.332s] Level 1:colcon.colcon_core.package_identification:_identify(src/rs1_gui) by extension 'ignore'
[0.332s] Level 1:colcon.colcon_core.package_identification:_identify(src/rs1_gui) by extension 'ignore_ament_install'
[0.332s] Level 1:colcon.colcon_core.package_identification:_identify(src/rs1_gui) by extensions ['colcon_pkg']
[0.332s] Level 1:colcon.colcon_core.package_identification:_identify(src/rs1_gui) by extension 'colcon_pkg'
[0.332s] Level 1:colcon.colcon_core.package_identification:_identify(src/rs1_gui) by extensions ['colcon_meta']
[0.332s] Level 1:colcon.colcon_core.package_identification:_identify(src/rs1_gui) by extension 'colcon_meta'
[0.333s] Level 1:colcon.colcon_core.package_identification:_identify(src/rs1_gui) by extensions ['ros']
[0.333s] Level 1:colcon.colcon_core.package_identification:_identify(src/rs1_gui) by extension 'ros'
[0.333s] DEBUG:colcon.colcon_core.package_identification:Package 'src/rs1_gui' with type 'ros.ament_python' and name 'rs1_gui'
[0.333s] Level 1:colcon.colcon_core.package_identification:_identify(src/sensor_node_cpp) by extensions ['ignore', 'ignore_ament_install']
[0.333s] Level 1:colcon.colcon_core.package_identification:_identify(src/sensor_node_cpp) by extension 'ignore'
[0.334s] Level 1:colcon.colcon_core.package_identification:_identify(src/sensor_node_cpp) by extension 'ignore_ament_install'
[0.334s] Level 1:colcon.colcon_core.package_identification:_identify(src/sensor_node_cpp) by extensions ['colcon_pkg']
[0.334s] Level 1:colcon.colcon_core.package_identification:_identify(src/sensor_node_cpp) by extension 'colcon_pkg'
[0.334s] Level 1:colcon.colcon_core.package_identification:_identify(src/sensor_node_cpp) by extensions ['colcon_meta']
[0.334s] Level 1:colcon.colcon_core.package_identification:_identify(src/sensor_node_cpp) by extension 'colcon_meta'
[0.334s] Level 1:colcon.colcon_core.package_identification:_identify(src/sensor_node_cpp) by extensions ['ros']
[0.334s] Level 1:colcon.colcon_core.package_identification:_identify(src/sensor_node_cpp) by extension 'ros'
[0.336s] DEBUG:colcon.colcon_core.package_identification:Package 'src/sensor_node_cpp' with type 'ros.ament_cmake' and name 'sensor_node_cpp'
[0.336s] Level 1:colcon.colcon_core.package_discovery:discover_packages(recursive) using defaults
[0.336s] Level 1:colcon.colcon_core.package_discovery:discover_packages(ignore) discover
[0.336s] Level 1:colcon.colcon_core.package_discovery:discover_packages(ignore) using defaults
[0.336s] Level 1:colcon.colcon_core.package_discovery:discover_packages(path) discover
[0.336s] Level 1:colcon.colcon_core.package_discovery:discover_packages(path) using defaults
[0.370s] INFO:colcon.colcon_core.package_selection:Skipping not selected package '41068_ignition_bringup' in 'src/41068_ignition_bringup'
[0.370s] INFO:colcon.colcon_core.package_selection:Skipping not selected package 'sensor_node_cpp' in 'src/sensor_node_cpp'
[0.371s] Level 1:colcon.colcon_core.package_discovery:discover_packages(prefix_path) check parameters
[0.371s] Level 1:colcon.colcon_core.package_discovery:discover_packages(prefix_path) discover
[0.373s] DEBUG:colcon.colcon_installed_package_information.package_discovery:Found 2 installed packages in /home/student/RS1-Group5/41068_ws/install
[0.373s] DEBUG:colcon.colcon_installed_package_information.package_discovery:Found 0 installed packages in /home/student/ros2_ws/install
[0.375s] DEBUG:colcon.colcon_installed_package_information.package_discovery:Found 424 installed packages in /opt/ros/humble
[0.377s] Level 1:colcon.colcon_core.package_discovery:discover_packages(prefix_path) using defaults
[0.428s] Level 5:colcon.colcon_core.verb:set package 'rs1_gui' build argument 'cmake_args' from command line to 'None'
[0.428s] Level 5:colcon.colcon_core.verb:set package 'rs1_gui' build argument 'cmake_target' from command line to 'None'
[0.429s] Level 5:colcon.colcon_core.verb:set package 'rs1_gui' build argument 'cmake_target_skip_unavailable' from command line to 'False'
[0.429s] Level 5:colcon.colcon_core.verb:set package 'rs1_gui' build argument 'cmake_clean_cache' from command line to 'False'
[0.429s] Level 5:colcon.colcon_core.verb:set package 'rs1_gui' build argument 'cmake_clean_first' from command line to 'False'
[0.429s] Level 5:colcon.colcon_core.verb:set package 'rs1_gui' build argument 'cmake_force_configure' from command line to 'False'
[0.429s] Level 5:colcon.colcon_core.verb:set package 'rs1_gui' build argument 'ament_cmake_args' from command line to 'None'
[0.429s] Level 5:colcon.colcon_core.verb:set package 'rs1_gui' build argument 'catkin_cmake_args' from command line to 'None'
[0.429s] Level 5:colcon.colcon_core.verb:set package 'rs1_gui' build argument 'catkin_skip_building_tests' from command line to 'False'
[0.429s] DEBUG:colcon.colcon_core.verb:Building package 'rs1_gui' with the following arguments: {'ament_cmake_args': None, 'build_base': '/home/student/RS1-Group5/41068_ws/build/rs1_gui', 'catkin_cmake_args': None, 'catkin_skip_building_tests': False, 'cmake_args': None, 'cmake_clean_cache': False, 'cmake_clean_first': False, 'cmake_force_configure': False, 'cmake_target': None, 'cmake_target_skip_unavailable': False, 'install_base': '/home/student/RS1-Group5/41068_ws/install/rs1_gui', 'merge_install': False, 'path': '/home/student/RS1-Group5/41068_ws/src/rs1_gui', 'symlink_install': True, 'test_result_base': None}
[0.429s] INFO:colcon.colcon_core.executor:Executing jobs using 'parallel' executor
[0.430s] DEBUG:colcon.colcon_parallel_executor.executor.parallel:run_until_complete
[0.431s] INFO:colcon.colcon_ros.task.ament_python.build:Building ROS package in '/home/student/RS1-Group5/41068_ws/src/rs1_gui' with build type 'ament_python'
[0.431s] Level 1:colcon.colcon_core.shell:create_environment_hook('rs1_gui', 'ament_prefix_path')
[0.433s] INFO:colcon.colcon_core.plugin_system:Skipping extension 'colcon_core.shell.bat': Not used on non-Windows systems
[0.433s] INFO:colcon.colcon_core.shell:Creating environment hook '/home/student/RS1-Group5/41068_ws/install/rs1_gui/share/rs1_gui/hook/ament_prefix_path.ps1'
[0.434s] INFO:colcon.colcon_core.shell:Creating environment descriptor '/home/student/RS1-Group5/41068_ws/install/rs1_gui/share/rs1_gui/hook/ament_prefix_path.dsv'
[0.435s] INFO:colcon.colcon_core.shell:Creating environment hook '/home/student/RS1-Group5/41068_ws/install/rs1_gui/share/rs1_gui/hook/ament_prefix_path.sh'
[0.435s] INFO:colcon.colcon_core.shell:Skip shell extension 'powershell' for command environment: Not usable outside of PowerShell
[0.435s] DEBUG:colcon.colcon_core.shell:Skip shell extension 'dsv' for command environment
[0.733s] INFO:colcon.colcon_core.task.python.build:Building Python package in '/home/student/RS1-Group5/41068_ws/src/rs1_gui'
[0.733s] INFO:colcon.colcon_core.shell:Skip shell extension 'powershell' for command environment: Not usable outside of PowerShell
[0.733s] DEBUG:colcon.colcon_core.shell:Skip shell extension 'dsv' for command environment
[1.142s] DEBUG:colcon.colcon_core.event_handler.log_command:Invoking command in '/home/student/RS1-Group5/41068_ws/build/rs1_gui': PYTHONPATH=/home/student/RS1-Group5/41068_ws/build/rs1_gui/prefix_override:/usr/lib/python3/dist-packages/colcon_core/task/python/colcon_distutils_commands:/home/student/RS1-Group5/41068_ws/install/rs1_gui/lib/python3.10/site-packages:${PYTHONPATH} /usr/bin/python3 -W ignore:setup.py install is deprecated -W ignore:easy_install command is deprecated setup.py develop --editable --build-directory /home/student/RS1-Group5/41068_ws/build/rs1_gui/build --no-deps symlink_data
[1.670s] Level 1:colcon.colcon_core.shell:create_environment_hook('rs1_gui', 'pythonpath_develop')
[1.670s] INFO:colcon.colcon_core.shell:Creating environment hook '/home/student/RS1-Group5/41068_ws/build/rs1_gui/share/rs1_gui/hook/pythonpath_develop.ps1'
[1.674s] INFO:colcon.colcon_core.shell:Creating environment descriptor '/home/student/RS1-Group5/41068_ws/build/rs1_gui/share/rs1_gui/hook/pythonpath_develop.dsv'
[1.675s] DEBUG:colcon.colcon_core.event_handler.log_command:Invoked command in '/home/student/RS1-Group5/41068_ws/build/rs1_gui' returned '0': PYTHONPATH=/home/student/RS1-Group5/41068_ws/build/rs1_gui/prefix_override:/usr/lib/python3/dist-packages/colcon_core/task/python/colcon_distutils_commands:/home/student/RS1-Group5/41068_ws/install/rs1_gui/lib/python3.10/site-packages:${PYTHONPATH} /usr/bin/python3 -W ignore:setup.py install is deprecated -W ignore:easy_install command is deprecated setup.py develop --editable --build-directory /home/student/RS1-Group5/41068_ws/build/rs1_gui/build --no-deps symlink_data
[1.677s] INFO:colcon.colcon_core.shell:Creating environment hook '/home/student/RS1-Group5/41068_ws/build/rs1_gui/share/rs1_gui/hook/pythonpath_develop.sh'
[1.679s] Level 1:colcon.colcon_core.environment:checking '/home/student/RS1-Group5/41068_ws/install/rs1_gui' for CMake module files
[1.680s] Level 1:colcon.colcon_core.environment:checking '/home/student/RS1-Group5/41068_ws/install/rs1_gui' for CMake config files
[1.680s] Level 1:colcon.colcon_core.environment:checking '/home/student/RS1-Group5/41068_ws/install/rs1_gui/lib'
[1.681s] Level 1:colcon.colcon_core.environment:checking '/home/student/RS1-Group5/41068_ws/install/rs1_gui/bin'
[1.681s] Level 1:colcon.colcon_core.environment:checking '/home/student/RS1-Group5/41068_ws/install/rs1_gui/lib/pkgconfig/rs1_gui.pc'
[1.681s] Level 1:colcon.colcon_core.environment:checking '/home/student/RS1-Group5/41068_ws/install/rs1_gui/lib/python3.10/site-packages'
[1.681s] Level 1:colcon.colcon_core.shell:create_environment_hook('rs1_gui', 'pythonpath')
[1.681s] INFO:colcon.colcon_core.shell:Creating environment hook '/home/student/RS1-Group5/41068_ws/install/rs1_gui/share/rs1_gui/hook/pythonpath.ps1'
[1.682s] INFO:colcon.colcon_core.shell:Creating environment descriptor '/home/student/RS1-Group5/41068_ws/install/rs1_gui/share/rs1_gui/hook/pythonpath.dsv'
[1.682s] INFO:colcon.colcon_core.shell:Creating environment hook '/home/student/RS1-Group5/41068_ws/install/rs1_gui/share/rs1_gui/hook/pythonpath.sh'
[1.683s] Level 1:colcon.colcon_core.environment:checking '/home/student/RS1-Group5/41068_ws/install/rs1_gui/bin'
[1.683s] Level 1:colcon.colcon_core.environment:create_environment_scripts_only(rs1_gui)
[1.683s] INFO:colcon.colcon_core.shell:Creating package script '/home/student/RS1-Group5/41068_ws/install/rs1_gui/share/rs1_gui/package.ps1'
[1.684s] INFO:colcon.colcon_core.shell:Creating package descriptor '/home/student/RS1-Group5/41068_ws/install/rs1_gui/share/rs1_gui/package.dsv'
[1.685s] INFO:colcon.colcon_core.shell:Creating package script '/home/student/RS1-Group5/41068_ws/install/rs1_gui/share/rs1_gui/package.sh'
[1.686s] INFO:colcon.colcon_core.shell:Creating package script '/home/student/RS1-Group5/41068_ws/install/rs1_gui/share/rs1_gui/package.bash'
[1.687s] INFO:colcon.colcon_core.shell:Creating package script '/home/student/RS1-Group5/41068_ws/install/rs1_gui/share/rs1_gui/package.zsh'
[1.688s] Level 1:colcon.colcon_core.environment:create_file_with_runtime_dependencies(/home/student/RS1-Group5/41068_ws/install/rs1_gui/share/colcon-core/packages/rs1_gui)
[1.688s] DEBUG:colcon.colcon_parallel_executor.executor.parallel:closing loop
[1.688s] DEBUG:colcon.colcon_parallel_executor.executor.parallel:loop closed
[1.689s] DEBUG:colcon.colcon_parallel_executor.executor.parallel:run_until_complete finished with '0'
[1.689s] DEBUG:colcon.colcon_core.event_reactor:joining thread
[1.695s] INFO:colcon.colcon_core.plugin_system:Skipping extension 'colcon_notification.desktop_notification.terminal_notifier': Not used on non-Darwin systems
[1.695s] INFO:colcon.colcon_core.plugin_system:Skipping extension 'colcon_notification.desktop_notification.win32': Not used on non-Windows systems
[1.695s] INFO:colcon.colcon_notification.desktop_notification:Sending desktop notification using 'notify2'
[1.711s] DEBUG:colcon.colcon_core.event_reactor:joined thread
[1.712s] INFO:colcon.colcon_core.shell:Creating prefix script '/home/student/RS1-Group5/41068_ws/install/local_setup.ps1'
[1.714s] INFO:colcon.colcon_core.shell:Creating prefix util module '/home/student/RS1-Group5/41068_ws/install/_local_setup_util_ps1.py'
[1.715s] INFO:colcon.colcon_core.shell:Creating prefix chain script '/home/student/RS1-Group5/41068_ws/install/setup.ps1'
[1.717s] INFO:colcon.colcon_core.shell:Creating prefix script '/home/student/RS1-Group5/41068_ws/install/local_setup.sh'
[1.718s] INFO:colcon.colcon_core.shell:Creating prefix util module '/home/student/RS1-Group5/41068_ws/install/_local_setup_util_sh.py'
[1.719s] INFO:colcon.colcon_core.shell:Creating prefix chain script '/home/student/RS1-Group5/41068_ws/install/setup.sh'
[1.720s] INFO:colcon.colcon_core.shell:Creating prefix script '/home/student/RS1-Group5/41068_ws/install/local_setup.bash'
[1.721s] INFO:colcon.colcon_core.shell:Creating prefix chain script '/home/student/RS1-Group5/41068_ws/install/setup.bash'
[1.723s] INFO:colcon.colcon_core.shell:Creating prefix script '/home/student/RS1-Group5/41068_ws/install/local_setup.zsh'
[1.723s] INFO:colcon.colcon_core.shell:Creating prefix chain script '/home/student/RS1-Group5/41068_ws/install/setup.zsh'
