[0.015s] Invoking command in '/home/jarrel/git/RS1-Group5/41068_ws/build/41068_ignition_bringup': CMAKE_PREFIX_PATH=${CMAKE_PREFIX_PATH}:/opt/ros/humble /usr/bin/cmake /home/jarrel/git/RS1-Group5/41068_ws/src/41068_ignition_bringup -DAMENT_CMAKE_SYMLINK_INSTALL=1 -DCMAKE_INSTALL_PREFIX=/home/jarrel/git/RS1-Group5/41068_ws/install/41068_ignition_bringup
[0.050s] -- Found ament_cmake: 1.3.12 (/opt/ros/humble/share/ament_cmake/cmake)
[0.162s] -- Override CMake install command with custom implementation using symlinks instead of copying resources
[0.176s] -- Found rclcpp: 16.0.14 (/opt/ros/humble/share/rclcpp/cmake)
[0.219s] -- Found rosidl_generator_c: 3.1.7 (/opt/ros/humble/share/rosidl_generator_c/cmake)
[0.221s] -- Found rosidl_adapter: 3.1.7 (/opt/ros/humble/share/rosidl_adapter/cmake)
[0.227s] -- Found rosidl_generator_cpp: 3.1.7 (/opt/ros/humble/share/rosidl_generator_cpp/cmake)
[0.236s] -- Using all available rosidl_typesupport_c: rosidl_typesupport_fastrtps_c;rosidl_typesupport_introspection_c
[0.248s] -- Using all available rosidl_typesupport_cpp: rosidl_typesupport_fastrtps_cpp;rosidl_typesupport_introspection_cpp
[0.280s] -- Found rmw_implementation_cmake: 6.1.2 (/opt/ros/humble/share/rmw_implementation_cmake/cmake)
[0.282s] -- Found rmw_fastrtps_cpp: 6.2.8 (/opt/ros/humble/share/rmw_fastrtps_cpp/cmake)
[0.368s] -- Using RMW implementation 'rmw_fastrtps_cpp' as default
[0.541s] -- Found geometry_msgs: 4.9.0 (/opt/ros/humble/share/geometry_msgs/cmake)
[0.557s] -- Found ros_ign_interfaces: 0.244.20 (/opt/ros/humble/share/ros_ign_interfaces/cmake)
[0.591s] -- Found ament_lint_auto: 0.12.14 (/opt/ros/humble/share/ament_lint_auto/cmake)
[0.634s] WARNING: Package name "41068_ignition_bringup" does not follow the naming conventions. It should start with a lower case letter and only contain lower case letters, digits, underscores, and dashes.
[0.651s] -- Added test 'copyright' to check source files copyright and LICENSE
[0.685s] -- Added test 'cppcheck' to perform static code analysis on C / C++ code
[0.685s] -- Configured cppcheck include dirs: 
[0.685s] -- Configured cppcheck exclude dirs and/or files: 
[0.698s] -- Added test 'cpplint' to check C / C++ code against the Google style
[0.698s] -- Configured cpplint exclude dirs and/or files: 
[0.700s] -- Added test 'flake8' to check Python code syntax and style conventions
[0.703s] -- Added test 'lint_cmake' to check CMake code style
[0.705s] -- Added test 'pep257' to check Python code against some of the docstring style conventions in PEP 257
[0.718s] -- Added test 'uncrustify' to check C / C++ code style
[0.718s] -- Configured uncrustify additional arguments: 
[0.720s] -- Added test 'xmllint' to check XML markup files
[0.721s] -- Configuring done
[0.733s] -- Generating done
[0.736s] -- Build files have been written to: /home/jarrel/git/RS1-Group5/41068_ws/build/41068_ignition_bringup
[0.742s] Invoked command in '/home/jarrel/git/RS1-Group5/41068_ws/build/41068_ignition_bringup' returned '0': CMAKE_PREFIX_PATH=${CMAKE_PREFIX_PATH}:/opt/ros/humble /usr/bin/cmake /home/jarrel/git/RS1-Group5/41068_ws/src/41068_ignition_bringup -DAMENT_CMAKE_SYMLINK_INSTALL=1 -DCMAKE_INSTALL_PREFIX=/home/jarrel/git/RS1-Group5/41068_ws/install/41068_ignition_bringup
[0.744s] Invoking command in '/home/jarrel/git/RS1-Group5/41068_ws/build/41068_ignition_bringup': CMAKE_PREFIX_PATH=${CMAKE_PREFIX_PATH}:/opt/ros/humble /usr/bin/cmake --build /home/jarrel/git/RS1-Group5/41068_ws/build/41068_ignition_bringup -- -j32 -l32
[0.841s] [35m[1mConsolidate compiler generated dependencies of target controller[0m
[0.862s] [ 60%] Built target controller
[0.963s] [35m[1mConsolidate compiler generated dependencies of target move_bot[0m
[1.001s] [ 80%] [32m[1mLinking CXX executable move_bot[0m
[1.183s] [100%] Built target move_bot
[1.194s] Invoked command in '/home/jarrel/git/RS1-Group5/41068_ws/build/41068_ignition_bringup' returned '0': CMAKE_PREFIX_PATH=${CMAKE_PREFIX_PATH}:/opt/ros/humble /usr/bin/cmake --build /home/jarrel/git/RS1-Group5/41068_ws/build/41068_ignition_bringup -- -j32 -l32
[1.205s] Invoking command in '/home/jarrel/git/RS1-Group5/41068_ws/build/41068_ignition_bringup': CMAKE_PREFIX_PATH=${CMAKE_PREFIX_PATH}:/opt/ros/humble /usr/bin/cmake --install /home/jarrel/git/RS1-Group5/41068_ws/build/41068_ignition_bringup
[1.214s] -- Install configuration: ""
[1.276s] -- Execute custom install script
[1.278s] -- Up-to-date symlink: /home/jarrel/git/RS1-Group5/41068_ws/install/41068_ignition_bringup/lib/41068_ignition_bringup/move_bot
[1.280s] -- Up-to-date symlink: /home/jarrel/git/RS1-Group5/41068_ws/install/41068_ignition_bringup/share/41068_ignition_bringup/config/41068.rviz
[1.280s] -- Up-to-date symlink: /home/jarrel/git/RS1-Group5/41068_ws/install/41068_ignition_bringup/share/41068_ignition_bringup/config/gazebo_bridge.yaml
[1.281s] -- Up-to-date symlink: /home/jarrel/git/RS1-Group5/41068_ws/install/41068_ignition_bringup/share/41068_ignition_bringup/config/nav2_params.yaml
[1.281s] -- Up-to-date symlink: /home/jarrel/git/RS1-Group5/41068_ws/install/41068_ignition_bringup/share/41068_ignition_bringup/config/robot_localization.yaml
[1.282s] -- Up-to-date symlink: /home/jarrel/git/RS1-Group5/41068_ws/install/41068_ignition_bringup/share/41068_ignition_bringup/config/slam_params.yaml
[1.283s] -- Up-to-date symlink: /home/jarrel/git/RS1-Group5/41068_ws/install/41068_ignition_bringup/share/41068_ignition_bringup/launch/41068_ignition.launch.py
[1.283s] -- Up-to-date symlink: /home/jarrel/git/RS1-Group5/41068_ws/install/41068_ignition_bringup/share/41068_ignition_bringup/launch/41068_ignition_drone.launch.py
[1.284s] -- Up-to-date symlink: /home/jarrel/git/RS1-Group5/41068_ws/install/41068_ignition_bringup/share/41068_ignition_bringup/launch/41068_navigation.launch.py
[1.285s] [33mCMake Warning (dev) at ament_cmake_symlink_install/ament_cmake_symlink_install.cmake:62 (file):
[1.285s]   Policy CMP0009 is not set: FILE GLOB_RECURSE calls should not follow
[1.285s]   symlinks by default.  Run "cmake --help-policy CMP0009" for policy details.
[1.285s]   Use the cmake_policy command to set the policy and suppress this warning.
[1.286s] Call Stack (most recent call first):
[1.286s]   ament_cmake_symlink_install/ament_cmake_symlink_install.cmake:317 (ament_cmake_symlink_install_directory)
[1.286s]   cmake_install.cmake:46 (include)
[1.286s] This warning is for project developers.  Use -Wno-dev to suppress it.
[1.286s] [0m
[1.286s] -- Up-to-date symlink: /home/jarrel/git/RS1-Group5/41068_ws/install/41068_ignition_bringup/share/41068_ignition_bringup/models/forest_plane/materials/textures/Map.png
[1.286s] -- Up-to-date symlink: /home/jarrel/git/RS1-Group5/41068_ws/install/41068_ignition_bringup/share/41068_ignition_bringup/models/forest_plane/materials/textures/empty_grass.png
[1.287s] -- Up-to-date symlink: /home/jarrel/git/RS1-Group5/41068_ws/install/41068_ignition_bringup/share/41068_ignition_bringup/models/forest_plane/materials/textures/forest_overhead.png
[1.287s] -- Up-to-date symlink: /home/jarrel/git/RS1-Group5/41068_ws/install/41068_ignition_bringup/share/41068_ignition_bringup/models/forest_plane/materials/textures/leaf_litter.png
[1.287s] -- Up-to-date symlink: /home/jarrel/git/RS1-Group5/41068_ws/install/41068_ignition_bringup/share/41068_ignition_bringup/models/forest_plane/model.config
[1.287s] -- Up-to-date symlink: /home/jarrel/git/RS1-Group5/41068_ws/install/41068_ignition_bringup/share/41068_ignition_bringup/models/forest_plane/model.sdf
[1.287s] -- Up-to-date symlink: /home/jarrel/git/RS1-Group5/41068_ws/install/41068_ignition_bringup/share/41068_ignition_bringup/models/forest_terrain/build/.built_by
[1.287s] -- Up-to-date symlink: /home/jarrel/git/RS1-Group5/41068_ws/install/41068_ignition_bringup/share/41068_ignition_bringup/models/forest_terrain/build/COLCON_IGNORE
[1.288s] -- Up-to-date symlink: /home/jarrel/git/RS1-Group5/41068_ws/install/41068_ignition_bringup/share/41068_ignition_bringup/models/forest_terrain/install/.colcon_install_layout
[1.288s] -- Up-to-date symlink: /home/jarrel/git/RS1-Group5/41068_ws/install/41068_ignition_bringup/share/41068_ignition_bringup/models/forest_terrain/install/COLCON_IGNORE
[1.288s] -- Up-to-date symlink: /home/jarrel/git/RS1-Group5/41068_ws/install/41068_ignition_bringup/share/41068_ignition_bringup/models/forest_terrain/install/_local_setup_util_ps1.py
[1.288s] -- Up-to-date symlink: /home/jarrel/git/RS1-Group5/41068_ws/install/41068_ignition_bringup/share/41068_ignition_bringup/models/forest_terrain/install/_local_setup_util_sh.py
[1.288s] -- Up-to-date symlink: /home/jarrel/git/RS1-Group5/41068_ws/install/41068_ignition_bringup/share/41068_ignition_bringup/models/forest_terrain/install/local_setup.bash
[1.289s] -- Up-to-date symlink: /home/jarrel/git/RS1-Group5/41068_ws/install/41068_ignition_bringup/share/41068_ignition_bringup/models/forest_terrain/install/local_setup.ps1
[1.289s] -- Up-to-date symlink: /home/jarrel/git/RS1-Group5/41068_ws/install/41068_ignition_bringup/share/41068_ignition_bringup/models/forest_terrain/install/local_setup.sh
[1.289s] -- Up-to-date symlink: /home/jarrel/git/RS1-Group5/41068_ws/install/41068_ignition_bringup/share/41068_ignition_bringup/models/forest_terrain/install/local_setup.zsh
[1.289s] -- Up-to-date symlink: /home/jarrel/git/RS1-Group5/41068_ws/install/41068_ignition_bringup/share/41068_ignition_bringup/models/forest_terrain/install/setup.bash
[1.289s] -- Up-to-date symlink: /home/jarrel/git/RS1-Group5/41068_ws/install/41068_ignition_bringup/share/41068_ignition_bringup/models/forest_terrain/install/setup.ps1
[1.289s] -- Up-to-date symlink: /home/jarrel/git/RS1-Group5/41068_ws/install/41068_ignition_bringup/share/41068_ignition_bringup/models/forest_terrain/install/setup.sh
[1.290s] -- Up-to-date symlink: /home/jarrel/git/RS1-Group5/41068_ws/install/41068_ignition_bringup/share/41068_ignition_bringup/models/forest_terrain/install/setup.zsh
[1.290s] -- Up-to-date symlink: /home/jarrel/git/RS1-Group5/41068_ws/install/41068_ignition_bringup/share/41068_ignition_bringup/models/forest_terrain/log/COLCON_IGNORE
[1.290s] -- Up-to-date symlink: /home/jarrel/git/RS1-Group5/41068_ws/install/41068_ignition_bringup/share/41068_ignition_bringup/models/forest_terrain/log/build_2025-08-27_19-31-27/events.log
[1.290s] -- Up-to-date symlink: /home/jarrel/git/RS1-Group5/41068_ws/install/41068_ignition_bringup/share/41068_ignition_bringup/models/forest_terrain/log/build_2025-08-27_19-31-27/logger_all.log
[1.291s] -- Up-to-date symlink: /home/jarrel/git/RS1-Group5/41068_ws/install/41068_ignition_bringup/share/41068_ignition_bringup/models/forest_terrain/log/build_2025-08-28_14-08-20/events.log
[1.291s] -- Up-to-date symlink: /home/jarrel/git/RS1-Group5/41068_ws/install/41068_ignition_bringup/share/41068_ignition_bringup/models/forest_terrain/log/build_2025-08-28_14-08-20/logger_all.log
[1.291s] -- Up-to-date symlink: /home/jarrel/git/RS1-Group5/41068_ws/install/41068_ignition_bringup/share/41068_ignition_bringup/models/forest_terrain/log/build_2025-08-28_15-02-25/events.log
[1.291s] -- Up-to-date symlink: /home/jarrel/git/RS1-Group5/41068_ws/install/41068_ignition_bringup/share/41068_ignition_bringup/models/forest_terrain/log/build_2025-08-28_15-02-25/logger_all.log
[1.291s] -- Up-to-date symlink: /home/jarrel/git/RS1-Group5/41068_ws/install/41068_ignition_bringup/share/41068_ignition_bringup/models/forest_terrain/log/latest/events.log
[1.292s] -- Up-to-date symlink: /home/jarrel/git/RS1-Group5/41068_ws/install/41068_ignition_bringup/share/41068_ignition_bringup/models/forest_terrain/log/latest/logger_all.log
[1.292s] -- Up-to-date symlink: /home/jarrel/git/RS1-Group5/41068_ws/install/41068_ignition_bringup/share/41068_ignition_bringup/models/forest_terrain/log/latest_build/events.log
[1.292s] -- Up-to-date symlink: /home/jarrel/git/RS1-Group5/41068_ws/install/41068_ignition_bringup/share/41068_ignition_bringup/models/forest_terrain/log/latest_build/logger_all.log
[1.292s] -- Up-to-date symlink: /home/jarrel/git/RS1-Group5/41068_ws/install/41068_ignition_bringup/share/41068_ignition_bringup/models/forest_terrain/materials/textures/Elevated_Terrain_Test.dae
[1.293s] -- Up-to-date symlink: /home/jarrel/git/RS1-Group5/41068_ws/install/41068_ignition_bringup/share/41068_ignition_bringup/models/forest_terrain/materials/textures/Elevated_Terrain_Test.fbm/forest_overhead.png
[1.293s] -- Up-to-date symlink: /home/jarrel/git/RS1-Group5/41068_ws/install/41068_ignition_bringup/share/41068_ignition_bringup/models/forest_terrain/materials/textures/Elevated_Terrain_Test.fbx
[1.293s] -- Up-to-date symlink: /home/jarrel/git/RS1-Group5/41068_ws/install/41068_ignition_bringup/share/41068_ignition_bringup/models/forest_terrain/materials/textures/forest_overhead.png
[1.293s] -- Up-to-date symlink: /home/jarrel/git/RS1-Group5/41068_ws/install/41068_ignition_bringup/share/41068_ignition_bringup/models/forest_terrain/materials/textures/model.config
[1.293s] -- Up-to-date symlink: /home/jarrel/git/RS1-Group5/41068_ws/install/41068_ignition_bringup/share/41068_ignition_bringup/models/forest_terrain/materials/textures/model.sdf
[1.293s] -- Up-to-date symlink: /home/jarrel/git/RS1-Group5/41068_ws/install/41068_ignition_bringup/share/41068_ignition_bringup/models/forest_terrain/model.config
[1.294s] -- Up-to-date symlink: /home/jarrel/git/RS1-Group5/41068_ws/install/41068_ignition_bringup/share/41068_ignition_bringup/models/forest_terrain/model.sdf
[1.294s] -- Up-to-date symlink: /home/jarrel/git/RS1-Group5/41068_ws/install/41068_ignition_bringup/share/41068_ignition_bringup/models/forest_wall/materials/textures/forest_wall.png
[1.295s] -- Up-to-date symlink: /home/jarrel/git/RS1-Group5/41068_ws/install/41068_ignition_bringup/share/41068_ignition_bringup/models/forest_wall/materials/textures/forest_wall_transparent.png
[1.295s] -- Up-to-date symlink: /home/jarrel/git/RS1-Group5/41068_ws/install/41068_ignition_bringup/share/41068_ignition_bringup/models/forest_wall/materials/textures/forest_wall_transparent_small.png
[1.295s] -- Up-to-date symlink: /home/jarrel/git/RS1-Group5/41068_ws/install/41068_ignition_bringup/share/41068_ignition_bringup/models/forest_wall/model.config
[1.295s] -- Up-to-date symlink: /home/jarrel/git/RS1-Group5/41068_ws/install/41068_ignition_bringup/share/41068_ignition_bringup/models/forest_wall/model.sdf
[1.295s] -- Up-to-date symlink: /home/jarrel/git/RS1-Group5/41068_ws/install/41068_ignition_bringup/share/41068_ignition_bringup/models/grass_plane/materials/textures/empty_grass.png
[1.296s] -- Up-to-date symlink: /home/jarrel/git/RS1-Group5/41068_ws/install/41068_ignition_bringup/share/41068_ignition_bringup/models/grass_plane/model.config
[1.296s] -- Up-to-date symlink: /home/jarrel/git/RS1-Group5/41068_ws/install/41068_ignition_bringup/share/41068_ignition_bringup/models/grass_plane/model.sdf
[1.296s] -- Up-to-date symlink: /home/jarrel/git/RS1-Group5/41068_ws/install/41068_ignition_bringup/share/41068_ignition_bringup/urdf/common_properties.urdf.xacro
[1.296s] -- Up-to-date symlink: /home/jarrel/git/RS1-Group5/41068_ws/install/41068_ignition_bringup/share/41068_ignition_bringup/urdf/husky.gazebo.xacro
[1.296s] -- Up-to-date symlink: /home/jarrel/git/RS1-Group5/41068_ws/install/41068_ignition_bringup/share/41068_ignition_bringup/urdf/husky.urdf.xacro
[1.297s] -- Up-to-date symlink: /home/jarrel/git/RS1-Group5/41068_ws/install/41068_ignition_bringup/share/41068_ignition_bringup/urdf/meshes/base_link.dae
[1.297s] -- Up-to-date symlink: /home/jarrel/git/RS1-Group5/41068_ws/install/41068_ignition_bringup/share/41068_ignition_bringup/urdf/meshes/bumper.dae
[1.297s] -- Up-to-date symlink: /home/jarrel/git/RS1-Group5/41068_ws/install/41068_ignition_bringup/share/41068_ignition_bringup/urdf/meshes/jpl04_arch_nosensor.stl
[1.297s] -- Up-to-date symlink: /home/jarrel/git/RS1-Group5/41068_ws/install/41068_ignition_bringup/share/41068_ignition_bringup/urdf/meshes/top_chassis.dae
[1.297s] -- Up-to-date symlink: /home/jarrel/git/RS1-Group5/41068_ws/install/41068_ignition_bringup/share/41068_ignition_bringup/urdf/meshes/top_plate.dae
[1.297s] -- Up-to-date symlink: /home/jarrel/git/RS1-Group5/41068_ws/install/41068_ignition_bringup/share/41068_ignition_bringup/urdf/meshes/wheel.dae
[1.298s] -- Up-to-date symlink: /home/jarrel/git/RS1-Group5/41068_ws/install/41068_ignition_bringup/share/41068_ignition_bringup/urdf/wheel.urdf.xacro
[1.298s] -- Up-to-date symlink: /home/jarrel/git/RS1-Group5/41068_ws/install/41068_ignition_bringup/share/41068_ignition_bringup/worlds/large_demo.sdf
[1.298s] -- Up-to-date symlink: /home/jarrel/git/RS1-Group5/41068_ws/install/41068_ignition_bringup/share/41068_ignition_bringup/worlds/simple_trees.sdf
[1.299s] -- Up-to-date symlink: /home/jarrel/git/RS1-Group5/41068_ws/install/41068_ignition_bringup/share/41068_ignition_bringup/urdf_drone/common_properties.urdf.xacro
[1.299s] -- Up-to-date symlink: /home/jarrel/git/RS1-Group5/41068_ws/install/41068_ignition_bringup/share/41068_ignition_bringup/urdf_drone/meshes/hull.dae
[1.299s] -- Up-to-date symlink: /home/jarrel/git/RS1-Group5/41068_ws/install/41068_ignition_bringup/share/41068_ignition_bringup/urdf_drone/meshes/propeller_fl.dae
[1.299s] -- Up-to-date symlink: /home/jarrel/git/RS1-Group5/41068_ws/install/41068_ignition_bringup/share/41068_ignition_bringup/urdf_drone/meshes/propeller_fr.dae
[1.299s] -- Up-to-date symlink: /home/jarrel/git/RS1-Group5/41068_ws/install/41068_ignition_bringup/share/41068_ignition_bringup/urdf_drone/meshes/propeller_rl.dae
[1.299s] -- Up-to-date symlink: /home/jarrel/git/RS1-Group5/41068_ws/install/41068_ignition_bringup/share/41068_ignition_bringup/urdf_drone/meshes/propeller_rr.dae
[1.300s] -- Up-to-date symlink: /home/jarrel/git/RS1-Group5/41068_ws/install/41068_ignition_bringup/share/41068_ignition_bringup/urdf_drone/model.config
[1.300s] -- Up-to-date symlink: /home/jarrel/git/RS1-Group5/41068_ws/install/41068_ignition_bringup/share/41068_ignition_bringup/urdf_drone/model.sdf
[1.300s] -- Up-to-date symlink: /home/jarrel/git/RS1-Group5/41068_ws/install/41068_ignition_bringup/share/41068_ignition_bringup/urdf_drone/parrot.gazebo.xacro
[1.300s] -- Up-to-date symlink: /home/jarrel/git/RS1-Group5/41068_ws/install/41068_ignition_bringup/share/41068_ignition_bringup/urdf_drone/parrot.urdf.xacro
[1.300s] -- Up-to-date symlink: /home/jarrel/git/RS1-Group5/41068_ws/install/41068_ignition_bringup/share/41068_ignition_bringup/urdf_drone/thumbnails/1.png
[1.300s] -- Up-to-date symlink: /home/jarrel/git/RS1-Group5/41068_ws/install/41068_ignition_bringup/share/41068_ignition_bringup/urdf_drone/thumbnails/2.png
[1.300s] -- Up-to-date symlink: /home/jarrel/git/RS1-Group5/41068_ws/install/41068_ignition_bringup/share/41068_ignition_bringup/urdf_drone/thumbnails/3.png
[1.300s] -- Up-to-date symlink: /home/jarrel/git/RS1-Group5/41068_ws/install/41068_ignition_bringup/share/41068_ignition_bringup/urdf_drone/thumbnails/4.png
[1.301s] -- Up-to-date symlink: /home/jarrel/git/RS1-Group5/41068_ws/install/41068_ignition_bringup/share/41068_ignition_bringup/urdf_drone/thumbnails/5.png
[1.301s] -- Up-to-date symlink: /home/jarrel/git/RS1-Group5/41068_ws/install/41068_ignition_bringup/share/ament_index/resource_index/package_run_dependencies/41068_ignition_bringup
[1.301s] -- Up-to-date symlink: /home/jarrel/git/RS1-Group5/41068_ws/install/41068_ignition_bringup/share/ament_index/resource_index/parent_prefix_path/41068_ignition_bringup
[1.301s] -- Up-to-date symlink: /home/jarrel/git/RS1-Group5/41068_ws/install/41068_ignition_bringup/share/41068_ignition_bringup/environment/ament_prefix_path.sh
[1.301s] -- Up-to-date symlink: /home/jarrel/git/RS1-Group5/41068_ws/install/41068_ignition_bringup/share/41068_ignition_bringup/environment/ament_prefix_path.dsv
[1.302s] -- Up-to-date symlink: /home/jarrel/git/RS1-Group5/41068_ws/install/41068_ignition_bringup/share/41068_ignition_bringup/environment/path.sh
[1.302s] -- Up-to-date symlink: /home/jarrel/git/RS1-Group5/41068_ws/install/41068_ignition_bringup/share/41068_ignition_bringup/environment/path.dsv
[1.302s] -- Up-to-date symlink: /home/jarrel/git/RS1-Group5/41068_ws/install/41068_ignition_bringup/share/41068_ignition_bringup/local_setup.bash
[1.302s] -- Up-to-date symlink: /home/jarrel/git/RS1-Group5/41068_ws/install/41068_ignition_bringup/share/41068_ignition_bringup/local_setup.sh
[1.302s] -- Up-to-date symlink: /home/jarrel/git/RS1-Group5/41068_ws/install/41068_ignition_bringup/share/41068_ignition_bringup/local_setup.zsh
[1.302s] -- Up-to-date symlink: /home/jarrel/git/RS1-Group5/41068_ws/install/41068_ignition_bringup/share/41068_ignition_bringup/local_setup.dsv
[1.303s] -- Symlinking: /home/jarrel/git/RS1-Group5/41068_ws/install/41068_ignition_bringup/share/41068_ignition_bringup/package.dsv
[1.315s] -- Up-to-date symlink: /home/jarrel/git/RS1-Group5/41068_ws/install/41068_ignition_bringup/share/ament_index/resource_index/packages/41068_ignition_bringup
[1.316s] -- Up-to-date symlink: /home/jarrel/git/RS1-Group5/41068_ws/install/41068_ignition_bringup/share/41068_ignition_bringup/cmake/41068_ignition_bringupConfig.cmake
[1.316s] -- Up-to-date symlink: /home/jarrel/git/RS1-Group5/41068_ws/install/41068_ignition_bringup/share/41068_ignition_bringup/cmake/41068_ignition_bringupConfig-version.cmake
[1.316s] -- Up-to-date symlink: /home/jarrel/git/RS1-Group5/41068_ws/install/41068_ignition_bringup/share/41068_ignition_bringup/package.xml
[1.318s] Invoked command in '/home/jarrel/git/RS1-Group5/41068_ws/build/41068_ignition_bringup' returned '0': CMAKE_PREFIX_PATH=${CMAKE_PREFIX_PATH}:/opt/ros/humble /usr/bin/cmake --install /home/jarrel/git/RS1-Group5/41068_ws/build/41068_ignition_bringup
