[0.012s] Invoking command in '/home/student/RS1-Group5/41068_ws/build/41068_ignition_bringup': CMAKE_PREFIX_PATH=${CMAKE_PREFIX_PATH}:/opt/ros/humble /usr/bin/cmake /home/student/RS1-Group5/41068_ws/src/41068_ignition_bringup -DAMENT_CMAKE_SYMLINK_INSTALL=1 -DCMAKE_INSTALL_PREFIX=/home/student/RS1-Group5/41068_ws/install/41068_ignition_bringup
[0.077s] -- The C compiler identification is GNU 11.4.0
[0.140s] -- The CXX compiler identification is GNU 11.4.0
[0.147s] -- Detecting C compiler ABI info
[0.219s] -- Detecting C compiler ABI info - done
[0.227s] -- Check for working C compiler: /usr/bin/cc - skipped
[0.227s] -- Detecting C compile features
[0.228s] -- Detecting C compile features - done
[0.231s] -- Detecting CXX compiler ABI info
[0.318s] -- Detecting CXX compiler ABI info - done
[0.329s] -- Check for working CXX compiler: /usr/bin/c++ - skipped
[0.329s] -- Detecting CXX compile features
[0.330s] -- Detecting CXX compile features - done
[0.338s] -- Found ament_cmake: 1.3.12 (/opt/ros/humble/share/ament_cmake/cmake)
[0.497s] -- Found Python3: /usr/bin/python3 (found version "3.10.12") found components: Interpreter 
[0.566s] -- Override CMake install command with custom implementation using symlinks instead of copying resources
[0.594s] -- Found rclcpp: 16.0.14 (/opt/ros/humble/share/rclcpp/cmake)
[0.640s] -- Found rosidl_generator_c: 3.1.7 (/opt/ros/humble/share/rosidl_generator_c/cmake)
[0.645s] -- Found rosidl_adapter: 3.1.7 (/opt/ros/humble/share/rosidl_adapter/cmake)
[0.653s] -- Found rosidl_generator_cpp: 3.1.7 (/opt/ros/humble/share/rosidl_generator_cpp/cmake)
[0.665s] -- Using all available rosidl_typesupport_c: rosidl_typesupport_fastrtps_c;rosidl_typesupport_introspection_c
[0.682s] -- Using all available rosidl_typesupport_cpp: rosidl_typesupport_fastrtps_cpp;rosidl_typesupport_introspection_cpp
[0.727s] -- Found rmw_implementation_cmake: 6.1.2 (/opt/ros/humble/share/rmw_implementation_cmake/cmake)
[0.730s] -- Found rmw_fastrtps_cpp: 6.2.8 (/opt/ros/humble/share/rmw_fastrtps_cpp/cmake)
[0.819s] -- Found OpenSSL: /usr/lib/x86_64-linux-gnu/libcrypto.so (found version "3.0.2")  
[0.853s] -- Found FastRTPS: /opt/ros/humble/include  
[0.896s] -- Using RMW implementation 'rmw_fastrtps_cpp' as default
[0.904s] -- Looking for pthread.h
[0.985s] -- Looking for pthread.h - found
[0.986s] -- Performing Test CMAKE_HAVE_LIBC_PTHREAD
[1.066s] -- Performing Test CMAKE_HAVE_LIBC_PTHREAD - Success
[1.067s] -- Found Threads: TRUE  
[1.121s] -- Found geometry_msgs: 4.9.0 (/opt/ros/humble/share/geometry_msgs/cmake)
[1.141s] -- Found ros_ign_interfaces: 0.244.20 (/opt/ros/humble/share/ros_ign_interfaces/cmake)
[1.185s] -- Found sensor_msgs: 4.9.0 (/opt/ros/humble/share/sensor_msgs/cmake)
[1.207s] -- Found ament_lint_auto: 0.12.14 (/opt/ros/humble/share/ament_lint_auto/cmake)
[1.265s] WARNING: Package name "41068_ignition_bringup" does not follow the naming conventions. It should start with a lower case letter and only contain lower case letters, digits, underscores, and dashes.
[1.298s] -- Added test 'copyright' to check source files copyright and LICENSE
[1.339s] -- Added test 'cppcheck' to perform static code analysis on C / C++ code
[1.339s] -- Configured cppcheck include dirs: $<BUILD_INTERFACE:/home/student/RS1-Group5/41068_ws/src/41068_ignition_bringup/include>
[1.339s] -- Configured cppcheck exclude dirs and/or files: 
[1.372s] -- Added test 'cpplint' to check C / C++ code against the Google style
[1.372s] -- Configured cpplint exclude dirs and/or files: 
[1.377s] -- Added test 'flake8' to check Python code syntax and style conventions
[1.386s] -- Added test 'lint_cmake' to check CMake code style
[1.391s] -- Added test 'pep257' to check Python code against some of the docstring style conventions in PEP 257
[1.426s] -- Added test 'uncrustify' to check C / C++ code style
[1.426s] -- Configured uncrustify additional arguments: 
[1.430s] -- Added test 'xmllint' to check XML markup files
[1.432s] -- Configuring done
[1.451s] -- Generating done
[1.457s] -- Build files have been written to: /home/student/RS1-Group5/41068_ws/build/41068_ignition_bringup
[1.469s] Invoked command in '/home/student/RS1-Group5/41068_ws/build/41068_ignition_bringup' returned '0': CMAKE_PREFIX_PATH=${CMAKE_PREFIX_PATH}:/opt/ros/humble /usr/bin/cmake /home/student/RS1-Group5/41068_ws/src/41068_ignition_bringup -DAMENT_CMAKE_SYMLINK_INSTALL=1 -DCMAKE_INSTALL_PREFIX=/home/student/RS1-Group5/41068_ws/install/41068_ignition_bringup
[1.471s] Invoking command in '/home/student/RS1-Group5/41068_ws/build/41068_ignition_bringup': CMAKE_PREFIX_PATH=${CMAKE_PREFIX_PATH}:/opt/ros/humble /usr/bin/cmake --build /home/student/RS1-Group5/41068_ws/build/41068_ignition_bringup -- -j8 -l8
[1.526s] [ 12%] [32mBuilding CXX object CMakeFiles/lidar_sensing_node.dir/src/lidar_sensing_node.cpp.o[0m
[1.526s] [ 37%] [32mBuilding CXX object CMakeFiles/controller.dir/src/controller.cpp.o[0m
[1.526s] [ 37%] [32mBuilding CXX object CMakeFiles/lidar_sensing_node.dir/src/main.cpp.o[0m
[1.526s] [ 50%] [32mBuilding CXX object CMakeFiles/controller.dir/src/skidsteer.cpp.o[0m
[1.815s] [ 62%] [32m[1mLinking CXX static library libcontroller.a[0m
[1.855s] [ 62%] Built target controller
[1.876s] [ 75%] [32mBuilding CXX object CMakeFiles/move_bot.dir/src/main_move_bot.cpp.o[0m
[6.147s] [ 87%] [32m[1mLinking CXX executable move_bot[0m
[6.354s] [ 87%] Built target move_bot
[10.278s] [100%] [32m[1mLinking CXX executable lidar_sensing_node[0m
[10.711s] [100%] Built target lidar_sensing_node
[10.724s] Invoked command in '/home/student/RS1-Group5/41068_ws/build/41068_ignition_bringup' returned '0': CMAKE_PREFIX_PATH=${CMAKE_PREFIX_PATH}:/opt/ros/humble /usr/bin/cmake --build /home/student/RS1-Group5/41068_ws/build/41068_ignition_bringup -- -j8 -l8
[10.734s] Invoking command in '/home/student/RS1-Group5/41068_ws/build/41068_ignition_bringup': CMAKE_PREFIX_PATH=${CMAKE_PREFIX_PATH}:/opt/ros/humble /usr/bin/cmake --install /home/student/RS1-Group5/41068_ws/build/41068_ignition_bringup
[10.741s] -- Install configuration: ""
[10.742s] -- Execute custom install script
[10.742s] -- Symlinking: /home/student/RS1-Group5/41068_ws/install/41068_ignition_bringup/lib/41068_ignition_bringup/move_bot
[10.751s] -- Symlinking: /home/student/RS1-Group5/41068_ws/install/41068_ignition_bringup/lib/41068_ignition_bringup/lidar_sensing_node
[10.760s] -- Symlinking: /home/student/RS1-Group5/41068_ws/install/41068_ignition_bringup/share/41068_ignition_bringup/config/41068.rviz
[10.768s] -- Symlinking: /home/student/RS1-Group5/41068_ws/install/41068_ignition_bringup/share/41068_ignition_bringup/config/gazebo_bridge.yaml
[10.780s] -- Symlinking: /home/student/RS1-Group5/41068_ws/install/41068_ignition_bringup/share/41068_ignition_bringup/config/nav2_params.yaml
[10.789s] -- Symlinking: /home/student/RS1-Group5/41068_ws/install/41068_ignition_bringup/share/41068_ignition_bringup/config/robot_localization.yaml
[10.797s] -- Symlinking: /home/student/RS1-Group5/41068_ws/install/41068_ignition_bringup/share/41068_ignition_bringup/config/slam_params.yaml
[10.805s] -- Symlinking: /home/student/RS1-Group5/41068_ws/install/41068_ignition_bringup/share/41068_ignition_bringup/launch/41068_ignition.launch.py
[10.813s] -- Symlinking: /home/student/RS1-Group5/41068_ws/install/41068_ignition_bringup/share/41068_ignition_bringup/launch/41068_ignition_drone.launch.py
[10.821s] -- Symlinking: /home/student/RS1-Group5/41068_ws/install/41068_ignition_bringup/share/41068_ignition_bringup/launch/41068_navigation.launch.py
[10.830s] [33mCMake Warning (dev) at ament_cmake_symlink_install/ament_cmake_symlink_install.cmake:62 (file):
[10.830s]   Policy CMP0009 is not set: FILE GLOB_RECURSE calls should not follow
[10.830s]   symlinks by default.  Run "cmake --help-policy CMP0009" for policy details.
[10.830s]   Use the cmake_policy command to set the policy and suppress this warning.
[10.830s] Call Stack (most recent call first):
[10.831s]   ament_cmake_symlink_install/ament_cmake_symlink_install.cmake:317 (ament_cmake_symlink_install_directory)
[10.831s]   cmake_install.cmake:46 (include)
[10.831s] This warning is for project developers.  Use -Wno-dev to suppress it.
[10.831s] [0m
[10.831s] -- Symlinking: /home/student/RS1-Group5/41068_ws/install/41068_ignition_bringup/share/41068_ignition_bringup/models/forest_plane/materials/textures/Map.png
[10.838s] -- Symlinking: /home/student/RS1-Group5/41068_ws/install/41068_ignition_bringup/share/41068_ignition_bringup/models/forest_plane/materials/textures/empty_grass.png
[10.848s] -- Symlinking: /home/student/RS1-Group5/41068_ws/install/41068_ignition_bringup/share/41068_ignition_bringup/models/forest_plane/materials/textures/forest_overhead.png
[10.856s] -- Symlinking: /home/student/RS1-Group5/41068_ws/install/41068_ignition_bringup/share/41068_ignition_bringup/models/forest_plane/materials/textures/leaf_litter.png
[10.864s] -- Symlinking: /home/student/RS1-Group5/41068_ws/install/41068_ignition_bringup/share/41068_ignition_bringup/models/forest_plane/model.config
[10.872s] -- Symlinking: /home/student/RS1-Group5/41068_ws/install/41068_ignition_bringup/share/41068_ignition_bringup/models/forest_plane/model.sdf
[10.883s] -- Symlinking: /home/student/RS1-Group5/41068_ws/install/41068_ignition_bringup/share/41068_ignition_bringup/models/forest_terrain/build/.built_by
[10.892s] -- Symlinking: /home/student/RS1-Group5/41068_ws/install/41068_ignition_bringup/share/41068_ignition_bringup/models/forest_terrain/build/COLCON_IGNORE
[10.900s] -- Symlinking: /home/student/RS1-Group5/41068_ws/install/41068_ignition_bringup/share/41068_ignition_bringup/models/forest_terrain/install/.colcon_install_layout
[10.909s] -- Symlinking: /home/student/RS1-Group5/41068_ws/install/41068_ignition_bringup/share/41068_ignition_bringup/models/forest_terrain/install/COLCON_IGNORE
[10.917s] -- Symlinking: /home/student/RS1-Group5/41068_ws/install/41068_ignition_bringup/share/41068_ignition_bringup/models/forest_terrain/install/_local_setup_util_ps1.py
[10.926s] -- Symlinking: /home/student/RS1-Group5/41068_ws/install/41068_ignition_bringup/share/41068_ignition_bringup/models/forest_terrain/install/_local_setup_util_sh.py
[10.934s] -- Symlinking: /home/student/RS1-Group5/41068_ws/install/41068_ignition_bringup/share/41068_ignition_bringup/models/forest_terrain/install/local_setup.bash
[10.942s] -- Symlinking: /home/student/RS1-Group5/41068_ws/install/41068_ignition_bringup/share/41068_ignition_bringup/models/forest_terrain/install/local_setup.ps1
[10.950s] -- Symlinking: /home/student/RS1-Group5/41068_ws/install/41068_ignition_bringup/share/41068_ignition_bringup/models/forest_terrain/install/local_setup.sh
[10.960s] -- Symlinking: /home/student/RS1-Group5/41068_ws/install/41068_ignition_bringup/share/41068_ignition_bringup/models/forest_terrain/install/local_setup.zsh
[10.968s] -- Symlinking: /home/student/RS1-Group5/41068_ws/install/41068_ignition_bringup/share/41068_ignition_bringup/models/forest_terrain/install/setup.bash
[10.978s] -- Symlinking: /home/student/RS1-Group5/41068_ws/install/41068_ignition_bringup/share/41068_ignition_bringup/models/forest_terrain/install/setup.ps1
[10.987s] -- Symlinking: /home/student/RS1-Group5/41068_ws/install/41068_ignition_bringup/share/41068_ignition_bringup/models/forest_terrain/install/setup.sh
[10.995s] -- Symlinking: /home/student/RS1-Group5/41068_ws/install/41068_ignition_bringup/share/41068_ignition_bringup/models/forest_terrain/install/setup.zsh
[11.004s] -- Symlinking: /home/student/RS1-Group5/41068_ws/install/41068_ignition_bringup/share/41068_ignition_bringup/models/forest_terrain/log/COLCON_IGNORE
[11.012s] -- Symlinking: /home/student/RS1-Group5/41068_ws/install/41068_ignition_bringup/share/41068_ignition_bringup/models/forest_terrain/log/build_2025-08-27_19-31-27/events.log
[11.020s] -- Symlinking: /home/student/RS1-Group5/41068_ws/install/41068_ignition_bringup/share/41068_ignition_bringup/models/forest_terrain/log/build_2025-08-27_19-31-27/logger_all.log
[11.028s] -- Symlinking: /home/student/RS1-Group5/41068_ws/install/41068_ignition_bringup/share/41068_ignition_bringup/models/forest_terrain/log/build_2025-08-28_14-08-20/events.log
[11.036s] -- Symlinking: /home/student/RS1-Group5/41068_ws/install/41068_ignition_bringup/share/41068_ignition_bringup/models/forest_terrain/log/build_2025-08-28_14-08-20/logger_all.log
[11.044s] -- Symlinking: /home/student/RS1-Group5/41068_ws/install/41068_ignition_bringup/share/41068_ignition_bringup/models/forest_terrain/log/build_2025-08-28_15-02-25/events.log
[11.051s] -- Symlinking: /home/student/RS1-Group5/41068_ws/install/41068_ignition_bringup/share/41068_ignition_bringup/models/forest_terrain/log/build_2025-08-28_15-02-25/logger_all.log
[11.059s] -- Symlinking: /home/student/RS1-Group5/41068_ws/install/41068_ignition_bringup/share/41068_ignition_bringup/models/forest_terrain/log/latest/events.log
[11.067s] -- Symlinking: /home/student/RS1-Group5/41068_ws/install/41068_ignition_bringup/share/41068_ignition_bringup/models/forest_terrain/log/latest/logger_all.log
[11.079s] -- Symlinking: /home/student/RS1-Group5/41068_ws/install/41068_ignition_bringup/share/41068_ignition_bringup/models/forest_terrain/log/latest_build/events.log
[11.087s] -- Symlinking: /home/student/RS1-Group5/41068_ws/install/41068_ignition_bringup/share/41068_ignition_bringup/models/forest_terrain/log/latest_build/logger_all.log
[11.096s] -- Symlinking: /home/student/RS1-Group5/41068_ws/install/41068_ignition_bringup/share/41068_ignition_bringup/models/forest_terrain/materials/textures/Elevated_Terrain_Test.dae
[11.105s] -- Symlinking: /home/student/RS1-Group5/41068_ws/install/41068_ignition_bringup/share/41068_ignition_bringup/models/forest_terrain/materials/textures/Elevated_Terrain_Test.fbm/forest_overhead.png
[11.113s] -- Symlinking: /home/student/RS1-Group5/41068_ws/install/41068_ignition_bringup/share/41068_ignition_bringup/models/forest_terrain/materials/textures/Elevated_Terrain_Test.fbx
[11.122s] -- Symlinking: /home/student/RS1-Group5/41068_ws/install/41068_ignition_bringup/share/41068_ignition_bringup/models/forest_terrain/materials/textures/forest_overhead.png
[11.130s] -- Symlinking: /home/student/RS1-Group5/41068_ws/install/41068_ignition_bringup/share/41068_ignition_bringup/models/forest_terrain/materials/textures/model.config
[11.138s] -- Symlinking: /home/student/RS1-Group5/41068_ws/install/41068_ignition_bringup/share/41068_ignition_bringup/models/forest_terrain/materials/textures/model.sdf
[11.147s] -- Symlinking: /home/student/RS1-Group5/41068_ws/install/41068_ignition_bringup/share/41068_ignition_bringup/models/forest_terrain/model.config
[11.155s] -- Symlinking: /home/student/RS1-Group5/41068_ws/install/41068_ignition_bringup/share/41068_ignition_bringup/models/forest_terrain/model.sdf
[11.163s] -- Symlinking: /home/student/RS1-Group5/41068_ws/install/41068_ignition_bringup/share/41068_ignition_bringup/models/forest_wall/materials/textures/forest_wall.png
[11.171s] -- Symlinking: /home/student/RS1-Group5/41068_ws/install/41068_ignition_bringup/share/41068_ignition_bringup/models/forest_wall/materials/textures/forest_wall_transparent.png
[11.182s] -- Symlinking: /home/student/RS1-Group5/41068_ws/install/41068_ignition_bringup/share/41068_ignition_bringup/models/forest_wall/materials/textures/forest_wall_transparent_small.png
[11.190s] -- Symlinking: /home/student/RS1-Group5/41068_ws/install/41068_ignition_bringup/share/41068_ignition_bringup/models/forest_wall/model.config
[11.199s] -- Symlinking: /home/student/RS1-Group5/41068_ws/install/41068_ignition_bringup/share/41068_ignition_bringup/models/forest_wall/model.sdf
[11.207s] -- Symlinking: /home/student/RS1-Group5/41068_ws/install/41068_ignition_bringup/share/41068_ignition_bringup/models/grass_plane/materials/textures/empty_grass.png
[11.216s] -- Symlinking: /home/student/RS1-Group5/41068_ws/install/41068_ignition_bringup/share/41068_ignition_bringup/models/grass_plane/model.config
[11.224s] -- Symlinking: /home/student/RS1-Group5/41068_ws/install/41068_ignition_bringup/share/41068_ignition_bringup/models/grass_plane/model.sdf
[11.232s] -- Symlinking: /home/student/RS1-Group5/41068_ws/install/41068_ignition_bringup/share/41068_ignition_bringup/urdf/common_properties.urdf.xacro
[11.240s] -- Symlinking: /home/student/RS1-Group5/41068_ws/install/41068_ignition_bringup/share/41068_ignition_bringup/urdf/husky.gazebo.xacro
[11.248s] -- Symlinking: /home/student/RS1-Group5/41068_ws/install/41068_ignition_bringup/share/41068_ignition_bringup/urdf/husky.urdf.xacro
[11.256s] -- Symlinking: /home/student/RS1-Group5/41068_ws/install/41068_ignition_bringup/share/41068_ignition_bringup/urdf/meshes/base_link.dae
[11.264s] -- Symlinking: /home/student/RS1-Group5/41068_ws/install/41068_ignition_bringup/share/41068_ignition_bringup/urdf/meshes/bumper.dae
[11.273s] -- Symlinking: /home/student/RS1-Group5/41068_ws/install/41068_ignition_bringup/share/41068_ignition_bringup/urdf/meshes/jpl04_arch_nosensor.stl
[11.284s] -- Symlinking: /home/student/RS1-Group5/41068_ws/install/41068_ignition_bringup/share/41068_ignition_bringup/urdf/meshes/top_chassis.dae
[11.294s] -- Symlinking: /home/student/RS1-Group5/41068_ws/install/41068_ignition_bringup/share/41068_ignition_bringup/urdf/meshes/top_plate.dae
[11.302s] -- Symlinking: /home/student/RS1-Group5/41068_ws/install/41068_ignition_bringup/share/41068_ignition_bringup/urdf/meshes/wheel.dae
[11.310s] -- Symlinking: /home/student/RS1-Group5/41068_ws/install/41068_ignition_bringup/share/41068_ignition_bringup/urdf/wheel.urdf.xacro
[11.319s] -- Symlinking: /home/student/RS1-Group5/41068_ws/install/41068_ignition_bringup/share/41068_ignition_bringup/worlds/large_demo.sdf
[11.326s] -- Symlinking: /home/student/RS1-Group5/41068_ws/install/41068_ignition_bringup/share/41068_ignition_bringup/worlds/simple_trees.sdf
[11.334s] -- Symlinking: /home/student/RS1-Group5/41068_ws/install/41068_ignition_bringup/share/41068_ignition_bringup/urdf_drone/common_properties.urdf.xacro
[11.342s] -- Symlinking: /home/student/RS1-Group5/41068_ws/install/41068_ignition_bringup/share/41068_ignition_bringup/urdf_drone/meshes/hull.dae
[11.351s] -- Symlinking: /home/student/RS1-Group5/41068_ws/install/41068_ignition_bringup/share/41068_ignition_bringup/urdf_drone/meshes/propeller_fl.dae
[11.359s] -- Symlinking: /home/student/RS1-Group5/41068_ws/install/41068_ignition_bringup/share/41068_ignition_bringup/urdf_drone/meshes/propeller_fr.dae
[11.367s] -- Symlinking: /home/student/RS1-Group5/41068_ws/install/41068_ignition_bringup/share/41068_ignition_bringup/urdf_drone/meshes/propeller_rl.dae
[11.378s] -- Symlinking: /home/student/RS1-Group5/41068_ws/install/41068_ignition_bringup/share/41068_ignition_bringup/urdf_drone/meshes/propeller_rr.dae
[11.387s] -- Symlinking: /home/student/RS1-Group5/41068_ws/install/41068_ignition_bringup/share/41068_ignition_bringup/urdf_drone/model.config
[11.396s] -- Symlinking: /home/student/RS1-Group5/41068_ws/install/41068_ignition_bringup/share/41068_ignition_bringup/urdf_drone/model.sdf
[11.404s] -- Symlinking: /home/student/RS1-Group5/41068_ws/install/41068_ignition_bringup/share/41068_ignition_bringup/urdf_drone/parrot.gazebo.xacro
[11.411s] -- Symlinking: /home/student/RS1-Group5/41068_ws/install/41068_ignition_bringup/share/41068_ignition_bringup/urdf_drone/parrot.urdf.xacro
[11.419s] -- Symlinking: /home/student/RS1-Group5/41068_ws/install/41068_ignition_bringup/share/41068_ignition_bringup/urdf_drone/thumbnails/1.png
[11.428s] -- Symlinking: /home/student/RS1-Group5/41068_ws/install/41068_ignition_bringup/share/41068_ignition_bringup/urdf_drone/thumbnails/2.png
[11.436s] -- Symlinking: /home/student/RS1-Group5/41068_ws/install/41068_ignition_bringup/share/41068_ignition_bringup/urdf_drone/thumbnails/3.png
[11.444s] -- Symlinking: /home/student/RS1-Group5/41068_ws/install/41068_ignition_bringup/share/41068_ignition_bringup/urdf_drone/thumbnails/4.png
[11.453s] -- Symlinking: /home/student/RS1-Group5/41068_ws/install/41068_ignition_bringup/share/41068_ignition_bringup/urdf_drone/thumbnails/5.png
[11.461s] -- Symlinking: /home/student/RS1-Group5/41068_ws/install/41068_ignition_bringup/share/ament_index/resource_index/package_run_dependencies/41068_ignition_bringup
[11.469s] -- Symlinking: /home/student/RS1-Group5/41068_ws/install/41068_ignition_bringup/share/ament_index/resource_index/parent_prefix_path/41068_ignition_bringup
[11.480s] -- Symlinking: /home/student/RS1-Group5/41068_ws/install/41068_ignition_bringup/share/41068_ignition_bringup/environment/ament_prefix_path.sh
[11.488s] -- Symlinking: /home/student/RS1-Group5/41068_ws/install/41068_ignition_bringup/share/41068_ignition_bringup/environment/ament_prefix_path.dsv
[11.497s] -- Symlinking: /home/student/RS1-Group5/41068_ws/install/41068_ignition_bringup/share/41068_ignition_bringup/environment/path.sh
[11.505s] -- Symlinking: /home/student/RS1-Group5/41068_ws/install/41068_ignition_bringup/share/41068_ignition_bringup/environment/path.dsv
[11.514s] -- Symlinking: /home/student/RS1-Group5/41068_ws/install/41068_ignition_bringup/share/41068_ignition_bringup/local_setup.bash
[11.522s] -- Symlinking: /home/student/RS1-Group5/41068_ws/install/41068_ignition_bringup/share/41068_ignition_bringup/local_setup.sh
[11.533s] -- Symlinking: /home/student/RS1-Group5/41068_ws/install/41068_ignition_bringup/share/41068_ignition_bringup/local_setup.zsh
[11.541s] -- Symlinking: /home/student/RS1-Group5/41068_ws/install/41068_ignition_bringup/share/41068_ignition_bringup/local_setup.dsv
[11.549s] -- Symlinking: /home/student/RS1-Group5/41068_ws/install/41068_ignition_bringup/share/41068_ignition_bringup/package.dsv
[11.558s] -- Symlinking: /home/student/RS1-Group5/41068_ws/install/41068_ignition_bringup/share/ament_index/resource_index/packages/41068_ignition_bringup
[11.566s] -- Symlinking: /home/student/RS1-Group5/41068_ws/install/41068_ignition_bringup/share/41068_ignition_bringup/cmake/41068_ignition_bringupConfig.cmake
[11.575s] -- Symlinking: /home/student/RS1-Group5/41068_ws/install/41068_ignition_bringup/share/41068_ignition_bringup/cmake/41068_ignition_bringupConfig-version.cmake
[11.586s] -- Symlinking: /home/student/RS1-Group5/41068_ws/install/41068_ignition_bringup/share/41068_ignition_bringup/package.xml
[11.599s] Invoked command in '/home/student/RS1-Group5/41068_ws/build/41068_ignition_bringup' returned '0': CMAKE_PREFIX_PATH=${CMAKE_PREFIX_PATH}:/opt/ros/humble /usr/bin/cmake --install /home/student/RS1-Group5/41068_ws/build/41068_ignition_bringup
