-- The C compiler identification is GNU 11.4.0
-- The CXX compiler identification is GNU 11.4.0
-- Detecting C compiler ABI info
-- Detecting C compiler ABI info - done
-- Check for working C compiler: /usr/bin/cc - skipped
-- Detecting C compile features
-- Detecting C compile features - done
-- Detecting CXX compiler ABI info
-- Detecting CXX compiler ABI info - done
-- Check for working CXX compiler: /usr/bin/c++ - skipped
-- Detecting CXX compile features
-- Detecting CXX compile features - done
-- Found ament_cmake: 1.3.12 (/opt/ros/humble/share/ament_cmake/cmake)
-- Found Python3: /usr/bin/python3 (found version "3.10.12") found components: Interpreter 
-- Override CMake install command with custom implementation using symlinks instead of copying resources
-- Found ros_ign_interfaces: 0.244.20 (/opt/ros/humble/share/ros_ign_interfaces/cmake)
-- Found rosidl_generator_c: 3.1.7 (/opt/ros/humble/share/rosidl_generator_c/cmake)
-- Found rosidl_adapter: 3.1.7 (/opt/ros/humble/share/rosidl_adapter/cmake)
-- Found rosidl_generator_cpp: 3.1.7 (/opt/ros/humble/share/rosidl_generator_cpp/cmake)
-- Using all available rosidl_typesupport_c: rosidl_typesupport_fastrtps_c;rosidl_typesupport_introspection_c
-- Using all available rosidl_typesupport_cpp: rosidl_typesupport_fastrtps_cpp;rosidl_typesupport_introspection_cpp
-- Found ament_lint_auto: 0.12.14 (/opt/ros/humble/share/ament_lint_auto/cmake)
WARNING: Package name "41068_ignition_bringup" does not follow the naming conventions. It should start with a lower case letter and only contain lower case letters, digits, underscores, and dashes.
-- Added test 'copyright' to check source files copyright and LICENSE
-- Added test 'flake8' to check Python code syntax and style conventions
-- Added test 'lint_cmake' to check CMake code style
-- Added test 'pep257' to check Python code against some of the docstring style conventions in PEP 257
-- Added test 'xmllint' to check XML markup files
-- Configuring done
-- Generating done
-- Build files have been written to: /home/rian/git/RS1-Group5/41068_ws/src/build/41068_ignition_bringup
-- Install configuration: ""
-- Execute custom install script
-- Symlinking: /home/rian/git/RS1-Group5/41068_ws/src/install/41068_ignition_bringup/share/41068_ignition_bringup/config/41068.rviz
-- Symlinking: /home/rian/git/RS1-Group5/41068_ws/src/install/41068_ignition_bringup/share/41068_ignition_bringup/config/gazebo_bridge.yaml
-- Symlinking: /home/rian/git/RS1-Group5/41068_ws/src/install/41068_ignition_bringup/share/41068_ignition_bringup/config/nav2_params.yaml
-- Symlinking: /home/rian/git/RS1-Group5/41068_ws/src/install/41068_ignition_bringup/share/41068_ignition_bringup/config/robot_localization.yaml
-- Symlinking: /home/rian/git/RS1-Group5/41068_ws/src/install/41068_ignition_bringup/share/41068_ignition_bringup/config/slam_params.yaml
-- Symlinking: /home/rian/git/RS1-Group5/41068_ws/src/install/41068_ignition_bringup/share/41068_ignition_bringup/launch/41068_ignition.launch.py
-- Symlinking: /home/rian/git/RS1-Group5/41068_ws/src/install/41068_ignition_bringup/share/41068_ignition_bringup/launch/41068_navigation.launch.py
[33mCMake Warning (dev) at ament_cmake_symlink_install/ament_cmake_symlink_install.cmake:62 (file):
  Policy CMP0009 is not set: FILE GLOB_RECURSE calls should not follow
  symlinks by default.  Run "cmake --help-policy CMP0009" for policy details.
  Use the cmake_policy command to set the policy and suppress this warning.
Call Stack (most recent call first):
  ament_cmake_symlink_install/ament_cmake_symlink_install.cmake:314 (ament_cmake_symlink_install_directory)
  cmake_install.cmake:46 (include)
This warning is for project developers.  Use -Wno-dev to suppress it.
[0m
-- Symlinking: /home/rian/git/RS1-Group5/41068_ws/src/install/41068_ignition_bringup/share/41068_ignition_bringup/models/forest_plane/materials/textures/Map.png
-- Symlinking: /home/rian/git/RS1-Group5/41068_ws/src/install/41068_ignition_bringup/share/41068_ignition_bringup/models/forest_plane/materials/textures/empty_grass.png
-- Symlinking: /home/rian/git/RS1-Group5/41068_ws/src/install/41068_ignition_bringup/share/41068_ignition_bringup/models/forest_plane/materials/textures/forest_overhead.png
-- Symlinking: /home/rian/git/RS1-Group5/41068_ws/src/install/41068_ignition_bringup/share/41068_ignition_bringup/models/forest_plane/materials/textures/leaf_litter.png
-- Symlinking: /home/rian/git/RS1-Group5/41068_ws/src/install/41068_ignition_bringup/share/41068_ignition_bringup/models/forest_plane/model.config
-- Symlinking: /home/rian/git/RS1-Group5/41068_ws/src/install/41068_ignition_bringup/share/41068_ignition_bringup/models/forest_plane/model.sdf
-- Symlinking: /home/rian/git/RS1-Group5/41068_ws/src/install/41068_ignition_bringup/share/41068_ignition_bringup/models/forest_terrain/build/.built_by
-- Symlinking: /home/rian/git/RS1-Group5/41068_ws/src/install/41068_ignition_bringup/share/41068_ignition_bringup/models/forest_terrain/build/COLCON_IGNORE
-- Symlinking: /home/rian/git/RS1-Group5/41068_ws/src/install/41068_ignition_bringup/share/41068_ignition_bringup/models/forest_terrain/install/.colcon_install_layout
-- Symlinking: /home/rian/git/RS1-Group5/41068_ws/src/install/41068_ignition_bringup/share/41068_ignition_bringup/models/forest_terrain/install/COLCON_IGNORE
-- Symlinking: /home/rian/git/RS1-Group5/41068_ws/src/install/41068_ignition_bringup/share/41068_ignition_bringup/models/forest_terrain/install/_local_setup_util_ps1.py
-- Symlinking: /home/rian/git/RS1-Group5/41068_ws/src/install/41068_ignition_bringup/share/41068_ignition_bringup/models/forest_terrain/install/_local_setup_util_sh.py
-- Symlinking: /home/rian/git/RS1-Group5/41068_ws/src/install/41068_ignition_bringup/share/41068_ignition_bringup/models/forest_terrain/install/local_setup.bash
-- Symlinking: /home/rian/git/RS1-Group5/41068_ws/src/install/41068_ignition_bringup/share/41068_ignition_bringup/models/forest_terrain/install/local_setup.ps1
-- Symlinking: /home/rian/git/RS1-Group5/41068_ws/src/install/41068_ignition_bringup/share/41068_ignition_bringup/models/forest_terrain/install/local_setup.sh
-- Symlinking: /home/rian/git/RS1-Group5/41068_ws/src/install/41068_ignition_bringup/share/41068_ignition_bringup/models/forest_terrain/install/local_setup.zsh
-- Symlinking: /home/rian/git/RS1-Group5/41068_ws/src/install/41068_ignition_bringup/share/41068_ignition_bringup/models/forest_terrain/install/setup.bash
-- Symlinking: /home/rian/git/RS1-Group5/41068_ws/src/install/41068_ignition_bringup/share/41068_ignition_bringup/models/forest_terrain/install/setup.ps1
-- Symlinking: /home/rian/git/RS1-Group5/41068_ws/src/install/41068_ignition_bringup/share/41068_ignition_bringup/models/forest_terrain/install/setup.sh
-- Symlinking: /home/rian/git/RS1-Group5/41068_ws/src/install/41068_ignition_bringup/share/41068_ignition_bringup/models/forest_terrain/install/setup.zsh
-- Symlinking: /home/rian/git/RS1-Group5/41068_ws/src/install/41068_ignition_bringup/share/41068_ignition_bringup/models/forest_terrain/log/COLCON_IGNORE
-- Symlinking: /home/rian/git/RS1-Group5/41068_ws/src/install/41068_ignition_bringup/share/41068_ignition_bringup/models/forest_terrain/log/build_2025-08-27_19-31-27/events.log
-- Symlinking: /home/rian/git/RS1-Group5/41068_ws/src/install/41068_ignition_bringup/share/41068_ignition_bringup/models/forest_terrain/log/build_2025-08-27_19-31-27/logger_all.log
-- Symlinking: /home/rian/git/RS1-Group5/41068_ws/src/install/41068_ignition_bringup/share/41068_ignition_bringup/models/forest_terrain/log/build_2025-08-28_14-08-20/events.log
-- Symlinking: /home/rian/git/RS1-Group5/41068_ws/src/install/41068_ignition_bringup/share/41068_ignition_bringup/models/forest_terrain/log/build_2025-08-28_14-08-20/logger_all.log
-- Symlinking: /home/rian/git/RS1-Group5/41068_ws/src/install/41068_ignition_bringup/share/41068_ignition_bringup/models/forest_terrain/log/build_2025-08-28_15-02-25/events.log
-- Symlinking: /home/rian/git/RS1-Group5/41068_ws/src/install/41068_ignition_bringup/share/41068_ignition_bringup/models/forest_terrain/log/build_2025-08-28_15-02-25/logger_all.log
-- Symlinking: /home/rian/git/RS1-Group5/41068_ws/src/install/41068_ignition_bringup/share/41068_ignition_bringup/models/forest_terrain/log/latest/events.log
-- Symlinking: /home/rian/git/RS1-Group5/41068_ws/src/install/41068_ignition_bringup/share/41068_ignition_bringup/models/forest_terrain/log/latest/logger_all.log
-- Symlinking: /home/rian/git/RS1-Group5/41068_ws/src/install/41068_ignition_bringup/share/41068_ignition_bringup/models/forest_terrain/log/latest_build/events.log
-- Symlinking: /home/rian/git/RS1-Group5/41068_ws/src/install/41068_ignition_bringup/share/41068_ignition_bringup/models/forest_terrain/log/latest_build/logger_all.log
-- Symlinking: /home/rian/git/RS1-Group5/41068_ws/src/install/41068_ignition_bringup/share/41068_ignition_bringup/models/forest_terrain/materials/textures/Elevated_Terrain_Test.dae
-- Symlinking: /home/rian/git/RS1-Group5/41068_ws/src/install/41068_ignition_bringup/share/41068_ignition_bringup/models/forest_terrain/materials/textures/Elevated_Terrain_Test.fbm/forest_overhead.png
-- Symlinking: /home/rian/git/RS1-Group5/41068_ws/src/install/41068_ignition_bringup/share/41068_ignition_bringup/models/forest_terrain/materials/textures/Elevated_Terrain_Test.fbx
-- Symlinking: /home/rian/git/RS1-Group5/41068_ws/src/install/41068_ignition_bringup/share/41068_ignition_bringup/models/forest_terrain/materials/textures/forest_overhead.png
-- Symlinking: /home/rian/git/RS1-Group5/41068_ws/src/install/41068_ignition_bringup/share/41068_ignition_bringup/models/forest_terrain/materials/textures/model.config
-- Symlinking: /home/rian/git/RS1-Group5/41068_ws/src/install/41068_ignition_bringup/share/41068_ignition_bringup/models/forest_terrain/materials/textures/model.sdf
-- Symlinking: /home/rian/git/RS1-Group5/41068_ws/src/install/41068_ignition_bringup/share/41068_ignition_bringup/models/forest_terrain/model.config
-- Symlinking: /home/rian/git/RS1-Group5/41068_ws/src/install/41068_ignition_bringup/share/41068_ignition_bringup/models/forest_terrain/model.sdf
-- Symlinking: /home/rian/git/RS1-Group5/41068_ws/src/install/41068_ignition_bringup/share/41068_ignition_bringup/models/forest_wall/materials/textures/forest_wall.png
-- Symlinking: /home/rian/git/RS1-Group5/41068_ws/src/install/41068_ignition_bringup/share/41068_ignition_bringup/models/forest_wall/materials/textures/forest_wall_transparent.png
-- Symlinking: /home/rian/git/RS1-Group5/41068_ws/src/install/41068_ignition_bringup/share/41068_ignition_bringup/models/forest_wall/materials/textures/forest_wall_transparent_small.png
-- Symlinking: /home/rian/git/RS1-Group5/41068_ws/src/install/41068_ignition_bringup/share/41068_ignition_bringup/models/forest_wall/model.config
-- Symlinking: /home/rian/git/RS1-Group5/41068_ws/src/install/41068_ignition_bringup/share/41068_ignition_bringup/models/forest_wall/model.sdf
-- Symlinking: /home/rian/git/RS1-Group5/41068_ws/src/install/41068_ignition_bringup/share/41068_ignition_bringup/models/grass_plane/materials/textures/empty_grass.png
-- Symlinking: /home/rian/git/RS1-Group5/41068_ws/src/install/41068_ignition_bringup/share/41068_ignition_bringup/models/grass_plane/model.config
-- Symlinking: /home/rian/git/RS1-Group5/41068_ws/src/install/41068_ignition_bringup/share/41068_ignition_bringup/models/grass_plane/model.sdf
-- Symlinking: /home/rian/git/RS1-Group5/41068_ws/src/install/41068_ignition_bringup/share/41068_ignition_bringup/urdf/common_properties.urdf.xacro
-- Symlinking: /home/rian/git/RS1-Group5/41068_ws/src/install/41068_ignition_bringup/share/41068_ignition_bringup/urdf/husky.gazebo.xacro
-- Symlinking: /home/rian/git/RS1-Group5/41068_ws/src/install/41068_ignition_bringup/share/41068_ignition_bringup/urdf/husky.urdf.xacro
-- Symlinking: /home/rian/git/RS1-Group5/41068_ws/src/install/41068_ignition_bringup/share/41068_ignition_bringup/urdf/meshes/base_link.dae
-- Symlinking: /home/rian/git/RS1-Group5/41068_ws/src/install/41068_ignition_bringup/share/41068_ignition_bringup/urdf/meshes/bumper.dae
-- Symlinking: /home/rian/git/RS1-Group5/41068_ws/src/install/41068_ignition_bringup/share/41068_ignition_bringup/urdf/meshes/jpl04_arch_nosensor.stl
-- Symlinking: /home/rian/git/RS1-Group5/41068_ws/src/install/41068_ignition_bringup/share/41068_ignition_bringup/urdf/meshes/top_chassis.dae
-- Symlinking: /home/rian/git/RS1-Group5/41068_ws/src/install/41068_ignition_bringup/share/41068_ignition_bringup/urdf/meshes/top_plate.dae
-- Symlinking: /home/rian/git/RS1-Group5/41068_ws/src/install/41068_ignition_bringup/share/41068_ignition_bringup/urdf/meshes/wheel.dae
-- Symlinking: /home/rian/git/RS1-Group5/41068_ws/src/install/41068_ignition_bringup/share/41068_ignition_bringup/urdf/wheel.urdf.xacro
-- Symlinking: /home/rian/git/RS1-Group5/41068_ws/src/install/41068_ignition_bringup/share/41068_ignition_bringup/worlds/large_demo.sdf
-- Symlinking: /home/rian/git/RS1-Group5/41068_ws/src/install/41068_ignition_bringup/share/41068_ignition_bringup/worlds/simple_trees.sdf
-- Symlinking: /home/rian/git/RS1-Group5/41068_ws/src/install/41068_ignition_bringup/share/ament_index/resource_index/package_run_dependencies/41068_ignition_bringup
-- Symlinking: /home/rian/git/RS1-Group5/41068_ws/src/install/41068_ignition_bringup/share/ament_index/resource_index/parent_prefix_path/41068_ignition_bringup
-- Symlinking: /home/rian/git/RS1-Group5/41068_ws/src/install/41068_ignition_bringup/share/41068_ignition_bringup/environment/ament_prefix_path.sh
-- Symlinking: /home/rian/git/RS1-Group5/41068_ws/src/install/41068_ignition_bringup/share/41068_ignition_bringup/environment/ament_prefix_path.dsv
-- Symlinking: /home/rian/git/RS1-Group5/41068_ws/src/install/41068_ignition_bringup/share/41068_ignition_bringup/environment/path.sh
-- Symlinking: /home/rian/git/RS1-Group5/41068_ws/src/install/41068_ignition_bringup/share/41068_ignition_bringup/environment/path.dsv
-- Symlinking: /home/rian/git/RS1-Group5/41068_ws/src/install/41068_ignition_bringup/share/41068_ignition_bringup/local_setup.bash
-- Symlinking: /home/rian/git/RS1-Group5/41068_ws/src/install/41068_ignition_bringup/share/41068_ignition_bringup/local_setup.sh
-- Symlinking: /home/rian/git/RS1-Group5/41068_ws/src/install/41068_ignition_bringup/share/41068_ignition_bringup/local_setup.zsh
-- Symlinking: /home/rian/git/RS1-Group5/41068_ws/src/install/41068_ignition_bringup/share/41068_ignition_bringup/local_setup.dsv
-- Symlinking: /home/rian/git/RS1-Group5/41068_ws/src/install/41068_ignition_bringup/share/41068_ignition_bringup/package.dsv
-- Symlinking: /home/rian/git/RS1-Group5/41068_ws/src/install/41068_ignition_bringup/share/ament_index/resource_index/packages/41068_ignition_bringup
-- Symlinking: /home/rian/git/RS1-Group5/41068_ws/src/install/41068_ignition_bringup/share/41068_ignition_bringup/cmake/41068_ignition_bringupConfig.cmake
-- Symlinking: /home/rian/git/RS1-Group5/41068_ws/src/install/41068_ignition_bringup/share/41068_ignition_bringup/cmake/41068_ignition_bringupConfig-version.cmake
-- Symlinking: /home/rian/git/RS1-Group5/41068_ws/src/install/41068_ignition_bringup/share/41068_ignition_bringup/package.xml
