[0.006s] Invoking command in '/home/rian/git/RS1-Group5/41068_ws/src/build/41068_ignition_bringup': CMAKE_PREFIX_PATH=${CMAKE_PREFIX_PATH}:/opt/ros/humble /usr/bin/cmake /home/rian/git/RS1-Group5/41068_ws/src/41068_ignition_bringup -DAMENT_CMAKE_SYMLINK_INSTALL=1 -DCMAKE_INSTALL_PREFIX=/home/rian/git/RS1-Group5/41068_ws/src/install/41068_ignition_bringup
[0.040s] -- The C compiler identification is GNU 11.4.0
[0.074s] -- The CXX compiler identification is GNU 11.4.0
[0.079s] -- Detecting C compiler ABI info
[0.124s] -- Detecting C compiler ABI info - done
[0.129s] -- Check for working C compiler: /usr/bin/cc - skipped
[0.129s] -- Detecting C compile features
[0.129s] -- Detecting C compile features - done
[0.131s] -- Detecting CXX compiler ABI info
[0.192s] -- Detecting CXX compiler ABI info - done
[0.198s] -- Check for working CXX compiler: /usr/bin/c++ - skipped
[0.199s] -- Detecting CXX compile features
[0.199s] -- Detecting CXX compile features - done
[0.201s] -- Found ament_cmake: 1.3.12 (/opt/ros/humble/share/ament_cmake/cmake)
[0.294s] -- Found Python3: /usr/bin/python3 (found version "3.10.12") found components: Interpreter 
[0.335s] -- Override CMake install command with custom implementation using symlinks instead of copying resources
[0.352s] -- Found ros_ign_interfaces: 0.244.20 (/opt/ros/humble/share/ros_ign_interfaces/cmake)
[0.373s] -- Found rosidl_generator_c: 3.1.7 (/opt/ros/humble/share/rosidl_generator_c/cmake)
[0.376s] -- Found rosidl_adapter: 3.1.7 (/opt/ros/humble/share/rosidl_adapter/cmake)
[0.381s] -- Found rosidl_generator_cpp: 3.1.7 (/opt/ros/humble/share/rosidl_generator_cpp/cmake)
[0.388s] -- Using all available rosidl_typesupport_c: rosidl_typesupport_fastrtps_c;rosidl_typesupport_introspection_c
[0.397s] -- Using all available rosidl_typesupport_cpp: rosidl_typesupport_fastrtps_cpp;rosidl_typesupport_introspection_cpp
[0.456s] -- Found ament_lint_auto: 0.12.14 (/opt/ros/humble/share/ament_lint_auto/cmake)
[0.488s] WARNING: Package name "41068_ignition_bringup" does not follow the naming conventions. It should start with a lower case letter and only contain lower case letters, digits, underscores, and dashes.
[0.505s] -- Added test 'copyright' to check source files copyright and LICENSE
[0.510s] -- Added test 'flake8' to check Python code syntax and style conventions
[0.511s] -- Added test 'lint_cmake' to check CMake code style
[0.512s] -- Added test 'pep257' to check Python code against some of the docstring style conventions in PEP 257
[0.514s] -- Added test 'xmllint' to check XML markup files
[0.515s] -- Configuring done
[0.517s] -- Generating done
[0.518s] -- Build files have been written to: /home/rian/git/RS1-Group5/41068_ws/src/build/41068_ignition_bringup
[0.522s] Invoked command in '/home/rian/git/RS1-Group5/41068_ws/src/build/41068_ignition_bringup' returned '0': CMAKE_PREFIX_PATH=${CMAKE_PREFIX_PATH}:/opt/ros/humble /usr/bin/cmake /home/rian/git/RS1-Group5/41068_ws/src/41068_ignition_bringup -DAMENT_CMAKE_SYMLINK_INSTALL=1 -DCMAKE_INSTALL_PREFIX=/home/rian/git/RS1-Group5/41068_ws/src/install/41068_ignition_bringup
[0.523s] Invoking command in '/home/rian/git/RS1-Group5/41068_ws/src/build/41068_ignition_bringup': CMAKE_PREFIX_PATH=${CMAKE_PREFIX_PATH}:/opt/ros/humble /usr/bin/cmake --build /home/rian/git/RS1-Group5/41068_ws/src/build/41068_ignition_bringup -- -j8 -l8
[0.550s] Invoked command in '/home/rian/git/RS1-Group5/41068_ws/src/build/41068_ignition_bringup' returned '0': CMAKE_PREFIX_PATH=${CMAKE_PREFIX_PATH}:/opt/ros/humble /usr/bin/cmake --build /home/rian/git/RS1-Group5/41068_ws/src/build/41068_ignition_bringup -- -j8 -l8
[0.556s] Invoking command in '/home/rian/git/RS1-Group5/41068_ws/src/build/41068_ignition_bringup': CMAKE_PREFIX_PATH=${CMAKE_PREFIX_PATH}:/opt/ros/humble /usr/bin/cmake --install /home/rian/git/RS1-Group5/41068_ws/src/build/41068_ignition_bringup
[0.560s] -- Install configuration: ""
[0.560s] -- Execute custom install script
[0.561s] -- Symlinking: /home/rian/git/RS1-Group5/41068_ws/src/install/41068_ignition_bringup/share/41068_ignition_bringup/config/41068.rviz
[0.567s] -- Symlinking: /home/rian/git/RS1-Group5/41068_ws/src/install/41068_ignition_bringup/share/41068_ignition_bringup/config/gazebo_bridge.yaml
[0.573s] -- Symlinking: /home/rian/git/RS1-Group5/41068_ws/src/install/41068_ignition_bringup/share/41068_ignition_bringup/config/nav2_params.yaml
[0.578s] -- Symlinking: /home/rian/git/RS1-Group5/41068_ws/src/install/41068_ignition_bringup/share/41068_ignition_bringup/config/robot_localization.yaml
[0.583s] -- Symlinking: /home/rian/git/RS1-Group5/41068_ws/src/install/41068_ignition_bringup/share/41068_ignition_bringup/config/slam_params.yaml
[0.588s] -- Symlinking: /home/rian/git/RS1-Group5/41068_ws/src/install/41068_ignition_bringup/share/41068_ignition_bringup/launch/41068_ignition.launch.py
[0.593s] -- Symlinking: /home/rian/git/RS1-Group5/41068_ws/src/install/41068_ignition_bringup/share/41068_ignition_bringup/launch/41068_navigation.launch.py
[0.598s] [33mCMake Warning (dev) at ament_cmake_symlink_install/ament_cmake_symlink_install.cmake:62 (file):
[0.599s]   Policy CMP0009 is not set: FILE GLOB_RECURSE calls should not follow
[0.599s]   symlinks by default.  Run "cmake --help-policy CMP0009" for policy details.
[0.599s]   Use the cmake_policy command to set the policy and suppress this warning.
[0.599s] Call Stack (most recent call first):
[0.599s]   ament_cmake_symlink_install/ament_cmake_symlink_install.cmake:314 (ament_cmake_symlink_install_directory)
[0.599s]   cmake_install.cmake:46 (include)
[0.599s] This warning is for project developers.  Use -Wno-dev to suppress it.
[0.599s] [0m
[0.599s] -- Symlinking: /home/rian/git/RS1-Group5/41068_ws/src/install/41068_ignition_bringup/share/41068_ignition_bringup/models/forest_plane/materials/textures/Map.png
[0.604s] -- Symlinking: /home/rian/git/RS1-Group5/41068_ws/src/install/41068_ignition_bringup/share/41068_ignition_bringup/models/forest_plane/materials/textures/empty_grass.png
[0.609s] -- Symlinking: /home/rian/git/RS1-Group5/41068_ws/src/install/41068_ignition_bringup/share/41068_ignition_bringup/models/forest_plane/materials/textures/forest_overhead.png
[0.614s] -- Symlinking: /home/rian/git/RS1-Group5/41068_ws/src/install/41068_ignition_bringup/share/41068_ignition_bringup/models/forest_plane/materials/textures/leaf_litter.png
[0.619s] -- Symlinking: /home/rian/git/RS1-Group5/41068_ws/src/install/41068_ignition_bringup/share/41068_ignition_bringup/models/forest_plane/model.config
[0.624s] -- Symlinking: /home/rian/git/RS1-Group5/41068_ws/src/install/41068_ignition_bringup/share/41068_ignition_bringup/models/forest_plane/model.sdf
[0.629s] -- Symlinking: /home/rian/git/RS1-Group5/41068_ws/src/install/41068_ignition_bringup/share/41068_ignition_bringup/models/forest_terrain/build/.built_by
[0.634s] -- Symlinking: /home/rian/git/RS1-Group5/41068_ws/src/install/41068_ignition_bringup/share/41068_ignition_bringup/models/forest_terrain/build/COLCON_IGNORE
[0.639s] -- Symlinking: /home/rian/git/RS1-Group5/41068_ws/src/install/41068_ignition_bringup/share/41068_ignition_bringup/models/forest_terrain/install/.colcon_install_layout
[0.644s] -- Symlinking: /home/rian/git/RS1-Group5/41068_ws/src/install/41068_ignition_bringup/share/41068_ignition_bringup/models/forest_terrain/install/COLCON_IGNORE
[0.650s] -- Symlinking: /home/rian/git/RS1-Group5/41068_ws/src/install/41068_ignition_bringup/share/41068_ignition_bringup/models/forest_terrain/install/_local_setup_util_ps1.py
[0.655s] -- Symlinking: /home/rian/git/RS1-Group5/41068_ws/src/install/41068_ignition_bringup/share/41068_ignition_bringup/models/forest_terrain/install/_local_setup_util_sh.py
[0.660s] -- Symlinking: /home/rian/git/RS1-Group5/41068_ws/src/install/41068_ignition_bringup/share/41068_ignition_bringup/models/forest_terrain/install/local_setup.bash
[0.665s] -- Symlinking: /home/rian/git/RS1-Group5/41068_ws/src/install/41068_ignition_bringup/share/41068_ignition_bringup/models/forest_terrain/install/local_setup.ps1
[0.670s] -- Symlinking: /home/rian/git/RS1-Group5/41068_ws/src/install/41068_ignition_bringup/share/41068_ignition_bringup/models/forest_terrain/install/local_setup.sh
[0.675s] -- Symlinking: /home/rian/git/RS1-Group5/41068_ws/src/install/41068_ignition_bringup/share/41068_ignition_bringup/models/forest_terrain/install/local_setup.zsh
[0.680s] -- Symlinking: /home/rian/git/RS1-Group5/41068_ws/src/install/41068_ignition_bringup/share/41068_ignition_bringup/models/forest_terrain/install/setup.bash
[0.685s] -- Symlinking: /home/rian/git/RS1-Group5/41068_ws/src/install/41068_ignition_bringup/share/41068_ignition_bringup/models/forest_terrain/install/setup.ps1
[0.690s] -- Symlinking: /home/rian/git/RS1-Group5/41068_ws/src/install/41068_ignition_bringup/share/41068_ignition_bringup/models/forest_terrain/install/setup.sh
[0.695s] -- Symlinking: /home/rian/git/RS1-Group5/41068_ws/src/install/41068_ignition_bringup/share/41068_ignition_bringup/models/forest_terrain/install/setup.zsh
[0.699s] -- Symlinking: /home/rian/git/RS1-Group5/41068_ws/src/install/41068_ignition_bringup/share/41068_ignition_bringup/models/forest_terrain/log/COLCON_IGNORE
[0.704s] -- Symlinking: /home/rian/git/RS1-Group5/41068_ws/src/install/41068_ignition_bringup/share/41068_ignition_bringup/models/forest_terrain/log/build_2025-08-27_19-31-27/events.log
[0.710s] -- Symlinking: /home/rian/git/RS1-Group5/41068_ws/src/install/41068_ignition_bringup/share/41068_ignition_bringup/models/forest_terrain/log/build_2025-08-27_19-31-27/logger_all.log
[0.715s] -- Symlinking: /home/rian/git/RS1-Group5/41068_ws/src/install/41068_ignition_bringup/share/41068_ignition_bringup/models/forest_terrain/log/build_2025-08-28_14-08-20/events.log
[0.720s] -- Symlinking: /home/rian/git/RS1-Group5/41068_ws/src/install/41068_ignition_bringup/share/41068_ignition_bringup/models/forest_terrain/log/build_2025-08-28_14-08-20/logger_all.log
[0.724s] -- Symlinking: /home/rian/git/RS1-Group5/41068_ws/src/install/41068_ignition_bringup/share/41068_ignition_bringup/models/forest_terrain/log/build_2025-08-28_15-02-25/events.log
[0.730s] -- Symlinking: /home/rian/git/RS1-Group5/41068_ws/src/install/41068_ignition_bringup/share/41068_ignition_bringup/models/forest_terrain/log/build_2025-08-28_15-02-25/logger_all.log
[0.735s] -- Symlinking: /home/rian/git/RS1-Group5/41068_ws/src/install/41068_ignition_bringup/share/41068_ignition_bringup/models/forest_terrain/log/latest/events.log
[0.740s] -- Symlinking: /home/rian/git/RS1-Group5/41068_ws/src/install/41068_ignition_bringup/share/41068_ignition_bringup/models/forest_terrain/log/latest/logger_all.log
[0.745s] -- Symlinking: /home/rian/git/RS1-Group5/41068_ws/src/install/41068_ignition_bringup/share/41068_ignition_bringup/models/forest_terrain/log/latest_build/events.log
[0.751s] -- Symlinking: /home/rian/git/RS1-Group5/41068_ws/src/install/41068_ignition_bringup/share/41068_ignition_bringup/models/forest_terrain/log/latest_build/logger_all.log
[0.756s] -- Symlinking: /home/rian/git/RS1-Group5/41068_ws/src/install/41068_ignition_bringup/share/41068_ignition_bringup/models/forest_terrain/materials/textures/Elevated_Terrain_Test.dae
[0.761s] -- Symlinking: /home/rian/git/RS1-Group5/41068_ws/src/install/41068_ignition_bringup/share/41068_ignition_bringup/models/forest_terrain/materials/textures/Elevated_Terrain_Test.fbm/forest_overhead.png
[0.765s] -- Symlinking: /home/rian/git/RS1-Group5/41068_ws/src/install/41068_ignition_bringup/share/41068_ignition_bringup/models/forest_terrain/materials/textures/Elevated_Terrain_Test.fbx
[0.770s] -- Symlinking: /home/rian/git/RS1-Group5/41068_ws/src/install/41068_ignition_bringup/share/41068_ignition_bringup/models/forest_terrain/materials/textures/forest_overhead.png
[0.775s] -- Symlinking: /home/rian/git/RS1-Group5/41068_ws/src/install/41068_ignition_bringup/share/41068_ignition_bringup/models/forest_terrain/materials/textures/model.config
[0.780s] -- Symlinking: /home/rian/git/RS1-Group5/41068_ws/src/install/41068_ignition_bringup/share/41068_ignition_bringup/models/forest_terrain/materials/textures/model.sdf
[0.784s] -- Symlinking: /home/rian/git/RS1-Group5/41068_ws/src/install/41068_ignition_bringup/share/41068_ignition_bringup/models/forest_terrain/model.config
[0.789s] -- Symlinking: /home/rian/git/RS1-Group5/41068_ws/src/install/41068_ignition_bringup/share/41068_ignition_bringup/models/forest_terrain/model.sdf
[0.794s] -- Symlinking: /home/rian/git/RS1-Group5/41068_ws/src/install/41068_ignition_bringup/share/41068_ignition_bringup/models/forest_wall/materials/textures/forest_wall.png
[0.799s] -- Symlinking: /home/rian/git/RS1-Group5/41068_ws/src/install/41068_ignition_bringup/share/41068_ignition_bringup/models/forest_wall/materials/textures/forest_wall_transparent.png
[0.804s] -- Symlinking: /home/rian/git/RS1-Group5/41068_ws/src/install/41068_ignition_bringup/share/41068_ignition_bringup/models/forest_wall/materials/textures/forest_wall_transparent_small.png
[0.809s] -- Symlinking: /home/rian/git/RS1-Group5/41068_ws/src/install/41068_ignition_bringup/share/41068_ignition_bringup/models/forest_wall/model.config
[0.814s] -- Symlinking: /home/rian/git/RS1-Group5/41068_ws/src/install/41068_ignition_bringup/share/41068_ignition_bringup/models/forest_wall/model.sdf
[0.819s] -- Symlinking: /home/rian/git/RS1-Group5/41068_ws/src/install/41068_ignition_bringup/share/41068_ignition_bringup/models/grass_plane/materials/textures/empty_grass.png
[0.824s] -- Symlinking: /home/rian/git/RS1-Group5/41068_ws/src/install/41068_ignition_bringup/share/41068_ignition_bringup/models/grass_plane/model.config
[0.830s] -- Symlinking: /home/rian/git/RS1-Group5/41068_ws/src/install/41068_ignition_bringup/share/41068_ignition_bringup/models/grass_plane/model.sdf
[0.835s] -- Symlinking: /home/rian/git/RS1-Group5/41068_ws/src/install/41068_ignition_bringup/share/41068_ignition_bringup/urdf/common_properties.urdf.xacro
[0.840s] -- Symlinking: /home/rian/git/RS1-Group5/41068_ws/src/install/41068_ignition_bringup/share/41068_ignition_bringup/urdf/husky.gazebo.xacro
[0.845s] -- Symlinking: /home/rian/git/RS1-Group5/41068_ws/src/install/41068_ignition_bringup/share/41068_ignition_bringup/urdf/husky.urdf.xacro
[0.851s] -- Symlinking: /home/rian/git/RS1-Group5/41068_ws/src/install/41068_ignition_bringup/share/41068_ignition_bringup/urdf/meshes/base_link.dae
[0.856s] -- Symlinking: /home/rian/git/RS1-Group5/41068_ws/src/install/41068_ignition_bringup/share/41068_ignition_bringup/urdf/meshes/bumper.dae
[0.861s] -- Symlinking: /home/rian/git/RS1-Group5/41068_ws/src/install/41068_ignition_bringup/share/41068_ignition_bringup/urdf/meshes/jpl04_arch_nosensor.stl
[0.866s] -- Symlinking: /home/rian/git/RS1-Group5/41068_ws/src/install/41068_ignition_bringup/share/41068_ignition_bringup/urdf/meshes/top_chassis.dae
[0.871s] -- Symlinking: /home/rian/git/RS1-Group5/41068_ws/src/install/41068_ignition_bringup/share/41068_ignition_bringup/urdf/meshes/top_plate.dae
[0.876s] -- Symlinking: /home/rian/git/RS1-Group5/41068_ws/src/install/41068_ignition_bringup/share/41068_ignition_bringup/urdf/meshes/wheel.dae
[0.881s] -- Symlinking: /home/rian/git/RS1-Group5/41068_ws/src/install/41068_ignition_bringup/share/41068_ignition_bringup/urdf/wheel.urdf.xacro
[0.886s] -- Symlinking: /home/rian/git/RS1-Group5/41068_ws/src/install/41068_ignition_bringup/share/41068_ignition_bringup/worlds/large_demo.sdf
[0.891s] -- Symlinking: /home/rian/git/RS1-Group5/41068_ws/src/install/41068_ignition_bringup/share/41068_ignition_bringup/worlds/simple_trees.sdf
[0.896s] -- Symlinking: /home/rian/git/RS1-Group5/41068_ws/src/install/41068_ignition_bringup/share/ament_index/resource_index/package_run_dependencies/41068_ignition_bringup
[0.901s] -- Symlinking: /home/rian/git/RS1-Group5/41068_ws/src/install/41068_ignition_bringup/share/ament_index/resource_index/parent_prefix_path/41068_ignition_bringup
[0.906s] -- Symlinking: /home/rian/git/RS1-Group5/41068_ws/src/install/41068_ignition_bringup/share/41068_ignition_bringup/environment/ament_prefix_path.sh
[0.911s] -- Symlinking: /home/rian/git/RS1-Group5/41068_ws/src/install/41068_ignition_bringup/share/41068_ignition_bringup/environment/ament_prefix_path.dsv
[0.917s] -- Symlinking: /home/rian/git/RS1-Group5/41068_ws/src/install/41068_ignition_bringup/share/41068_ignition_bringup/environment/path.sh
[0.922s] -- Symlinking: /home/rian/git/RS1-Group5/41068_ws/src/install/41068_ignition_bringup/share/41068_ignition_bringup/environment/path.dsv
[0.929s] -- Symlinking: /home/rian/git/RS1-Group5/41068_ws/src/install/41068_ignition_bringup/share/41068_ignition_bringup/local_setup.bash
[0.935s] -- Symlinking: /home/rian/git/RS1-Group5/41068_ws/src/install/41068_ignition_bringup/share/41068_ignition_bringup/local_setup.sh
[0.940s] -- Symlinking: /home/rian/git/RS1-Group5/41068_ws/src/install/41068_ignition_bringup/share/41068_ignition_bringup/local_setup.zsh
[0.945s] -- Symlinking: /home/rian/git/RS1-Group5/41068_ws/src/install/41068_ignition_bringup/share/41068_ignition_bringup/local_setup.dsv
[0.951s] -- Symlinking: /home/rian/git/RS1-Group5/41068_ws/src/install/41068_ignition_bringup/share/41068_ignition_bringup/package.dsv
[0.956s] -- Symlinking: /home/rian/git/RS1-Group5/41068_ws/src/install/41068_ignition_bringup/share/ament_index/resource_index/packages/41068_ignition_bringup
[0.961s] -- Symlinking: /home/rian/git/RS1-Group5/41068_ws/src/install/41068_ignition_bringup/share/41068_ignition_bringup/cmake/41068_ignition_bringupConfig.cmake
[0.967s] -- Symlinking: /home/rian/git/RS1-Group5/41068_ws/src/install/41068_ignition_bringup/share/41068_ignition_bringup/cmake/41068_ignition_bringupConfig-version.cmake
[0.972s] -- Symlinking: /home/rian/git/RS1-Group5/41068_ws/src/install/41068_ignition_bringup/share/41068_ignition_bringup/package.xml
[0.979s] Invoked command in '/home/rian/git/RS1-Group5/41068_ws/src/build/41068_ignition_bringup' returned '0': CMAKE_PREFIX_PATH=${CMAKE_PREFIX_PATH}:/opt/ros/humble /usr/bin/cmake --install /home/rian/git/RS1-Group5/41068_ws/src/build/41068_ignition_bringup
