[30.283s] Invoking command in '/home/jun/git/Robotics-Studio-1/41068_ws/src/rs1_gui': PYTHONPATH=/home/jun/git/Robotics-Studio-1/41068_ws/build/rs1_gui/prefix_override:/usr/lib/python3/dist-packages/colcon_core/task/python/colcon_distutils_commands:/home/jun/git/Robotics-Studio-1/41068_ws/install/rs1_gui/lib/python3.10/site-packages:${PYTHONPATH} /usr/bin/python3 -W ignore:setup.py install is deprecated -W ignore:easy_install command is deprecated setup.py egg_info --egg-base ../../build/rs1_gui build --build-base /home/jun/git/Robotics-Studio-1/41068_ws/build/rs1_gui/build install --record /home/jun/git/Robotics-Studio-1/41068_ws/build/rs1_gui/install.log --single-version-externally-managed install_data
[30.461s] running egg_info
[30.462s] writing ../../build/rs1_gui/rs1_gui.egg-info/PKG-INFO
[30.462s] writing dependency_links to ../../build/rs1_gui/rs1_gui.egg-info/dependency_links.txt
[30.462s] writing entry points to ../../build/rs1_gui/rs1_gui.egg-info/entry_points.txt
[30.462s] writing requirements to ../../build/rs1_gui/rs1_gui.egg-info/requires.txt
[30.463s] writing top-level names to ../../build/rs1_gui/rs1_gui.egg-info/top_level.txt
[30.464s] reading manifest file '../../build/rs1_gui/rs1_gui.egg-info/SOURCES.txt'
[30.465s] writing manifest file '../../build/rs1_gui/rs1_gui.egg-info/SOURCES.txt'
[30.465s] running build
[30.465s] running build_py
[30.465s] copying rs1_gui/gui_node.py -> /home/jun/git/Robotics-Studio-1/41068_ws/build/rs1_gui/build/lib/rs1_gui
[30.466s] running install
[30.466s] running install_lib
[30.466s] copying /home/jun/git/Robotics-Studio-1/41068_ws/build/rs1_gui/build/lib/rs1_gui/gui_node.py -> /home/jun/git/Robotics-Studio-1/41068_ws/install/rs1_gui/lib/python3.10/site-packages/rs1_gui
[30.467s] byte-compiling /home/jun/git/Robotics-Studio-1/41068_ws/install/rs1_gui/lib/python3.10/site-packages/rs1_gui/gui_node.py to gui_node.cpython-310.pyc
[30.474s] running install_data
[30.474s] running install_egg_info
[30.476s] removing '/home/jun/git/Robotics-Studio-1/41068_ws/install/rs1_gui/lib/python3.10/site-packages/rs1_gui-0.0.0-py3.10.egg-info' (and everything under it)
[30.476s] Copying ../../build/rs1_gui/rs1_gui.egg-info to /home/jun/git/Robotics-Studio-1/41068_ws/install/rs1_gui/lib/python3.10/site-packages/rs1_gui-0.0.0-py3.10.egg-info
[30.476s] running install_scripts
[30.491s] Installing gui_node script to /home/jun/git/Robotics-Studio-1/41068_ws/install/rs1_gui/lib/rs1_gui
[30.491s] writing list of installed files to '/home/jun/git/Robotics-Studio-1/41068_ws/build/rs1_gui/install.log'
[30.507s] Invoked command in '/home/jun/git/Robotics-Studio-1/41068_ws/src/rs1_gui' returned '0': PYTHONPATH=/home/jun/git/Robotics-Studio-1/41068_ws/build/rs1_gui/prefix_override:/usr/lib/python3/dist-packages/colcon_core/task/python/colcon_distutils_commands:/home/jun/git/Robotics-Studio-1/41068_ws/install/rs1_gui/lib/python3.10/site-packages:${PYTHONPATH} /usr/bin/python3 -W ignore:setup.py install is deprecated -W ignore:easy_install command is deprecated setup.py egg_info --egg-base ../../build/rs1_gui build --build-base /home/jun/git/Robotics-Studio-1/41068_ws/build/rs1_gui/build install --record /home/jun/git/Robotics-Studio-1/41068_ws/build/rs1_gui/install.log --single-version-externally-managed install_data
