[0.010s] Invoking command in '/home/jun/git/Robotics-Studio-1/41068_ws/src/41068_ignition_bringup/build/41068_ignition_bringup': CMAKE_PREFIX_PATH=${CMAKE_PREFIX_PATH}:/opt/ros/humble /usr/bin/cmake --build /home/jun/git/Robotics-Studio-1/41068_ws/src/41068_ignition_bringup/build/41068_ignition_bringup -- -j22 -l22
[0.041s] [35m[1mConsolidate compiler generated dependencies of target waypoint_manager[0m
[0.052s] [ 25%] [32mBuilding CXX object CMakeFiles/waypoint_manager.dir/src/waypoint_manager.cpp.o[0m
[0.053s] [ 75%] Built target waypoint_follower
[5.187s] [100%] [32m[1mLinking CXX executable waypoint_manager[0m
[5.437s] [100%] Built target waypoint_manager
[5.452s] Invoked command in '/home/jun/git/Robotics-Studio-1/41068_ws/src/41068_ignition_bringup/build/41068_ignition_bringup' returned '0': CMAKE_PREFIX_PATH=${CMAKE_PREFIX_PATH}:/opt/ros/humble /usr/bin/cmake --build /home/jun/git/Robotics-Studio-1/41068_ws/src/41068_ignition_bringup/build/41068_ignition_bringup -- -j22 -l22
[5.463s] Invoking command in '/home/jun/git/Robotics-Studio-1/41068_ws/src/41068_ignition_bringup/build/41068_ignition_bringup': CMAKE_PREFIX_PATH=${CMAKE_PREFIX_PATH}:/opt/ros/humble /usr/bin/cmake --install /home/jun/git/Robotics-Studio-1/41068_ws/src/41068_ignition_bringup/build/41068_ignition_bringup
[5.468s] -- Install configuration: ""
[5.468s] -- Execute custom install script
[5.469s] -- Symlinking: /home/jun/git/Robotics-Studio-1/41068_ws/src/41068_ignition_bringup/install/41068_ignition_bringup/lib/41068_ignition_bringup/waypoint_follower
[5.475s] -- Symlinking: /home/jun/git/Robotics-Studio-1/41068_ws/src/41068_ignition_bringup/install/41068_ignition_bringup/lib/41068_ignition_bringup/waypoint_manager
[5.481s] -- Symlinking: /home/jun/git/Robotics-Studio-1/41068_ws/src/41068_ignition_bringup/install/41068_ignition_bringup/share/41068_ignition_bringup/config/41068.rviz
[5.488s] -- Symlinking: /home/jun/git/Robotics-Studio-1/41068_ws/src/41068_ignition_bringup/install/41068_ignition_bringup/share/41068_ignition_bringup/config/gazebo_bridge.yaml
[5.495s] -- Symlinking: /home/jun/git/Robotics-Studio-1/41068_ws/src/41068_ignition_bringup/install/41068_ignition_bringup/share/41068_ignition_bringup/config/nav2_params.yaml
[5.500s] -- Symlinking: /home/jun/git/Robotics-Studio-1/41068_ws/src/41068_ignition_bringup/install/41068_ignition_bringup/share/41068_ignition_bringup/config/robot_localization.yaml
[5.508s] -- Symlinking: /home/jun/git/Robotics-Studio-1/41068_ws/src/41068_ignition_bringup/install/41068_ignition_bringup/share/41068_ignition_bringup/config/slam_params.yaml
[5.514s] -- Symlinking: /home/jun/git/Robotics-Studio-1/41068_ws/src/41068_ignition_bringup/install/41068_ignition_bringup/share/41068_ignition_bringup/launch/41068_ignition.launch.py
[5.520s] -- Symlinking: /home/jun/git/Robotics-Studio-1/41068_ws/src/41068_ignition_bringup/install/41068_ignition_bringup/share/41068_ignition_bringup/launch/41068_navigation.launch.py
[5.527s] [33mCMake Warning (dev) at ament_cmake_symlink_install/ament_cmake_symlink_install.cmake:62 (file):
[5.528s]   Policy CMP0009 is not set: FILE GLOB_RECURSE calls should not follow
[5.528s]   symlinks by default.  Run "cmake --help-policy CMP0009" for policy details.
[5.528s]   Use the cmake_policy command to set the policy and suppress this warning.
[5.528s] Call Stack (most recent call first):
[5.528s]   ament_cmake_symlink_install/ament_cmake_symlink_install.cmake:317 (ament_cmake_symlink_install_directory)
[5.528s]   cmake_install.cmake:46 (include)
[5.528s] This warning is for project developers.  Use -Wno-dev to suppress it.
[5.528s] [0m
[5.528s] -- Symlinking: /home/jun/git/Robotics-Studio-1/41068_ws/src/41068_ignition_bringup/install/41068_ignition_bringup/share/41068_ignition_bringup/models/forest_plane/materials/textures/Map.png
[5.533s] -- Symlinking: /home/jun/git/Robotics-Studio-1/41068_ws/src/41068_ignition_bringup/install/41068_ignition_bringup/share/41068_ignition_bringup/models/forest_plane/materials/textures/empty_grass.png
[5.539s] -- Symlinking: /home/jun/git/Robotics-Studio-1/41068_ws/src/41068_ignition_bringup/install/41068_ignition_bringup/share/41068_ignition_bringup/models/forest_plane/materials/textures/forest_overhead.png
[5.547s] -- Symlinking: /home/jun/git/Robotics-Studio-1/41068_ws/src/41068_ignition_bringup/install/41068_ignition_bringup/share/41068_ignition_bringup/models/forest_plane/materials/textures/leaf_litter.png
[5.553s] -- Symlinking: /home/jun/git/Robotics-Studio-1/41068_ws/src/41068_ignition_bringup/install/41068_ignition_bringup/share/41068_ignition_bringup/models/forest_plane/model.config
[5.560s] -- Symlinking: /home/jun/git/Robotics-Studio-1/41068_ws/src/41068_ignition_bringup/install/41068_ignition_bringup/share/41068_ignition_bringup/models/forest_plane/model.sdf
[5.567s] -- Symlinking: /home/jun/git/Robotics-Studio-1/41068_ws/src/41068_ignition_bringup/install/41068_ignition_bringup/share/41068_ignition_bringup/models/forest_terrain/build/.built_by
[5.573s] -- Symlinking: /home/jun/git/Robotics-Studio-1/41068_ws/src/41068_ignition_bringup/install/41068_ignition_bringup/share/41068_ignition_bringup/models/forest_terrain/build/COLCON_IGNORE
[5.580s] -- Symlinking: /home/jun/git/Robotics-Studio-1/41068_ws/src/41068_ignition_bringup/install/41068_ignition_bringup/share/41068_ignition_bringup/models/forest_terrain/install/.colcon_install_layout
[5.587s] -- Symlinking: /home/jun/git/Robotics-Studio-1/41068_ws/src/41068_ignition_bringup/install/41068_ignition_bringup/share/41068_ignition_bringup/models/forest_terrain/install/COLCON_IGNORE
[5.594s] -- Symlinking: /home/jun/git/Robotics-Studio-1/41068_ws/src/41068_ignition_bringup/install/41068_ignition_bringup/share/41068_ignition_bringup/models/forest_terrain/install/_local_setup_util_ps1.py
[5.600s] -- Symlinking: /home/jun/git/Robotics-Studio-1/41068_ws/src/41068_ignition_bringup/install/41068_ignition_bringup/share/41068_ignition_bringup/models/forest_terrain/install/_local_setup_util_sh.py
[5.606s] -- Symlinking: /home/jun/git/Robotics-Studio-1/41068_ws/src/41068_ignition_bringup/install/41068_ignition_bringup/share/41068_ignition_bringup/models/forest_terrain/install/local_setup.bash
[5.613s] -- Symlinking: /home/jun/git/Robotics-Studio-1/41068_ws/src/41068_ignition_bringup/install/41068_ignition_bringup/share/41068_ignition_bringup/models/forest_terrain/install/local_setup.ps1
[5.619s] -- Symlinking: /home/jun/git/Robotics-Studio-1/41068_ws/src/41068_ignition_bringup/install/41068_ignition_bringup/share/41068_ignition_bringup/models/forest_terrain/install/local_setup.sh
[5.626s] -- Symlinking: /home/jun/git/Robotics-Studio-1/41068_ws/src/41068_ignition_bringup/install/41068_ignition_bringup/share/41068_ignition_bringup/models/forest_terrain/install/local_setup.zsh
[5.631s] -- Symlinking: /home/jun/git/Robotics-Studio-1/41068_ws/src/41068_ignition_bringup/install/41068_ignition_bringup/share/41068_ignition_bringup/models/forest_terrain/install/setup.bash
[5.636s] -- Symlinking: /home/jun/git/Robotics-Studio-1/41068_ws/src/41068_ignition_bringup/install/41068_ignition_bringup/share/41068_ignition_bringup/models/forest_terrain/install/setup.ps1
[5.642s] -- Symlinking: /home/jun/git/Robotics-Studio-1/41068_ws/src/41068_ignition_bringup/install/41068_ignition_bringup/share/41068_ignition_bringup/models/forest_terrain/install/setup.sh
[5.649s] -- Symlinking: /home/jun/git/Robotics-Studio-1/41068_ws/src/41068_ignition_bringup/install/41068_ignition_bringup/share/41068_ignition_bringup/models/forest_terrain/install/setup.zsh
[5.655s] -- Symlinking: /home/jun/git/Robotics-Studio-1/41068_ws/src/41068_ignition_bringup/install/41068_ignition_bringup/share/41068_ignition_bringup/models/forest_terrain/log/COLCON_IGNORE
[5.662s] -- Symlinking: /home/jun/git/Robotics-Studio-1/41068_ws/src/41068_ignition_bringup/install/41068_ignition_bringup/share/41068_ignition_bringup/models/forest_terrain/log/build_2025-08-27_19-31-27/events.log
[5.667s] -- Symlinking: /home/jun/git/Robotics-Studio-1/41068_ws/src/41068_ignition_bringup/install/41068_ignition_bringup/share/41068_ignition_bringup/models/forest_terrain/log/build_2025-08-27_19-31-27/logger_all.log
[5.672s] -- Symlinking: /home/jun/git/Robotics-Studio-1/41068_ws/src/41068_ignition_bringup/install/41068_ignition_bringup/share/41068_ignition_bringup/models/forest_terrain/log/build_2025-08-28_14-08-20/events.log
[5.680s] -- Symlinking: /home/jun/git/Robotics-Studio-1/41068_ws/src/41068_ignition_bringup/install/41068_ignition_bringup/share/41068_ignition_bringup/models/forest_terrain/log/build_2025-08-28_14-08-20/logger_all.log
[5.688s] -- Symlinking: /home/jun/git/Robotics-Studio-1/41068_ws/src/41068_ignition_bringup/install/41068_ignition_bringup/share/41068_ignition_bringup/models/forest_terrain/log/build_2025-08-28_15-02-25/events.log
[5.694s] -- Symlinking: /home/jun/git/Robotics-Studio-1/41068_ws/src/41068_ignition_bringup/install/41068_ignition_bringup/share/41068_ignition_bringup/models/forest_terrain/log/build_2025-08-28_15-02-25/logger_all.log
[5.699s] -- Symlinking: /home/jun/git/Robotics-Studio-1/41068_ws/src/41068_ignition_bringup/install/41068_ignition_bringup/share/41068_ignition_bringup/models/forest_terrain/log/latest/events.log
[5.706s] -- Symlinking: /home/jun/git/Robotics-Studio-1/41068_ws/src/41068_ignition_bringup/install/41068_ignition_bringup/share/41068_ignition_bringup/models/forest_terrain/log/latest/logger_all.log
[5.712s] -- Symlinking: /home/jun/git/Robotics-Studio-1/41068_ws/src/41068_ignition_bringup/install/41068_ignition_bringup/share/41068_ignition_bringup/models/forest_terrain/log/latest_build/events.log
[5.718s] -- Symlinking: /home/jun/git/Robotics-Studio-1/41068_ws/src/41068_ignition_bringup/install/41068_ignition_bringup/share/41068_ignition_bringup/models/forest_terrain/log/latest_build/logger_all.log
[5.723s] -- Symlinking: /home/jun/git/Robotics-Studio-1/41068_ws/src/41068_ignition_bringup/install/41068_ignition_bringup/share/41068_ignition_bringup/models/forest_terrain/materials/textures/Elevated_Terrain_Test.dae
[5.730s] -- Symlinking: /home/jun/git/Robotics-Studio-1/41068_ws/src/41068_ignition_bringup/install/41068_ignition_bringup/share/41068_ignition_bringup/models/forest_terrain/materials/textures/Elevated_Terrain_Test.fbm/forest_overhead.png
[5.736s] -- Symlinking: /home/jun/git/Robotics-Studio-1/41068_ws/src/41068_ignition_bringup/install/41068_ignition_bringup/share/41068_ignition_bringup/models/forest_terrain/materials/textures/Elevated_Terrain_Test.fbx
[5.743s] -- Symlinking: /home/jun/git/Robotics-Studio-1/41068_ws/src/41068_ignition_bringup/install/41068_ignition_bringup/share/41068_ignition_bringup/models/forest_terrain/materials/textures/forest_overhead.png
[5.749s] -- Symlinking: /home/jun/git/Robotics-Studio-1/41068_ws/src/41068_ignition_bringup/install/41068_ignition_bringup/share/41068_ignition_bringup/models/forest_terrain/materials/textures/model.config
[5.755s] -- Symlinking: /home/jun/git/Robotics-Studio-1/41068_ws/src/41068_ignition_bringup/install/41068_ignition_bringup/share/41068_ignition_bringup/models/forest_terrain/materials/textures/model.sdf
[5.762s] -- Symlinking: /home/jun/git/Robotics-Studio-1/41068_ws/src/41068_ignition_bringup/install/41068_ignition_bringup/share/41068_ignition_bringup/models/forest_terrain/model.config
[5.769s] -- Symlinking: /home/jun/git/Robotics-Studio-1/41068_ws/src/41068_ignition_bringup/install/41068_ignition_bringup/share/41068_ignition_bringup/models/forest_terrain/model.sdf
[5.774s] -- Symlinking: /home/jun/git/Robotics-Studio-1/41068_ws/src/41068_ignition_bringup/install/41068_ignition_bringup/share/41068_ignition_bringup/models/forest_wall/materials/textures/forest_wall.png
[5.779s] -- Symlinking: /home/jun/git/Robotics-Studio-1/41068_ws/src/41068_ignition_bringup/install/41068_ignition_bringup/share/41068_ignition_bringup/models/forest_wall/materials/textures/forest_wall_transparent.png
[5.787s] -- Symlinking: /home/jun/git/Robotics-Studio-1/41068_ws/src/41068_ignition_bringup/install/41068_ignition_bringup/share/41068_ignition_bringup/models/forest_wall/materials/textures/forest_wall_transparent_small.png
[5.793s] -- Symlinking: /home/jun/git/Robotics-Studio-1/41068_ws/src/41068_ignition_bringup/install/41068_ignition_bringup/share/41068_ignition_bringup/models/forest_wall/model.config
[5.798s] -- Symlinking: /home/jun/git/Robotics-Studio-1/41068_ws/src/41068_ignition_bringup/install/41068_ignition_bringup/share/41068_ignition_bringup/models/forest_wall/model.sdf
[5.805s] -- Symlinking: /home/jun/git/Robotics-Studio-1/41068_ws/src/41068_ignition_bringup/install/41068_ignition_bringup/share/41068_ignition_bringup/models/grass_plane/materials/textures/empty_grass.png
[5.811s] -- Symlinking: /home/jun/git/Robotics-Studio-1/41068_ws/src/41068_ignition_bringup/install/41068_ignition_bringup/share/41068_ignition_bringup/models/grass_plane/model.config
[5.816s] -- Symlinking: /home/jun/git/Robotics-Studio-1/41068_ws/src/41068_ignition_bringup/install/41068_ignition_bringup/share/41068_ignition_bringup/models/grass_plane/model.sdf
[5.823s] -- Symlinking: /home/jun/git/Robotics-Studio-1/41068_ws/src/41068_ignition_bringup/install/41068_ignition_bringup/share/41068_ignition_bringup/urdf/common_properties.urdf.xacro
[5.830s] -- Symlinking: /home/jun/git/Robotics-Studio-1/41068_ws/src/41068_ignition_bringup/install/41068_ignition_bringup/share/41068_ignition_bringup/urdf/husky.gazebo.xacro
[5.836s] -- Symlinking: /home/jun/git/Robotics-Studio-1/41068_ws/src/41068_ignition_bringup/install/41068_ignition_bringup/share/41068_ignition_bringup/urdf/husky.urdf.xacro
[5.841s] -- Symlinking: /home/jun/git/Robotics-Studio-1/41068_ws/src/41068_ignition_bringup/install/41068_ignition_bringup/share/41068_ignition_bringup/urdf/meshes/base_link.dae
[5.848s] -- Symlinking: /home/jun/git/Robotics-Studio-1/41068_ws/src/41068_ignition_bringup/install/41068_ignition_bringup/share/41068_ignition_bringup/urdf/meshes/bumper.dae
[5.856s] -- Symlinking: /home/jun/git/Robotics-Studio-1/41068_ws/src/41068_ignition_bringup/install/41068_ignition_bringup/share/41068_ignition_bringup/urdf/meshes/jpl04_arch_nosensor.stl
[5.861s] -- Symlinking: /home/jun/git/Robotics-Studio-1/41068_ws/src/41068_ignition_bringup/install/41068_ignition_bringup/share/41068_ignition_bringup/urdf/meshes/top_chassis.dae
[5.868s] -- Symlinking: /home/jun/git/Robotics-Studio-1/41068_ws/src/41068_ignition_bringup/install/41068_ignition_bringup/share/41068_ignition_bringup/urdf/meshes/top_plate.dae
[5.873s] -- Symlinking: /home/jun/git/Robotics-Studio-1/41068_ws/src/41068_ignition_bringup/install/41068_ignition_bringup/share/41068_ignition_bringup/urdf/meshes/wheel.dae
[5.878s] -- Symlinking: /home/jun/git/Robotics-Studio-1/41068_ws/src/41068_ignition_bringup/install/41068_ignition_bringup/share/41068_ignition_bringup/urdf/wheel.urdf.xacro
[5.883s] -- Symlinking: /home/jun/git/Robotics-Studio-1/41068_ws/src/41068_ignition_bringup/install/41068_ignition_bringup/share/41068_ignition_bringup/worlds/large_demo.sdf
[5.889s] -- Symlinking: /home/jun/git/Robotics-Studio-1/41068_ws/src/41068_ignition_bringup/install/41068_ignition_bringup/share/41068_ignition_bringup/worlds/simple_trees.sdf
[5.895s] -- Symlinking: /home/jun/git/Robotics-Studio-1/41068_ws/src/41068_ignition_bringup/install/41068_ignition_bringup/lib/41068_ignition_bringup/click_to_yaml.py
[5.901s] -- Symlinking: /home/jun/git/Robotics-Studio-1/41068_ws/src/41068_ignition_bringup/install/41068_ignition_bringup/share/ament_index/resource_index/package_run_dependencies/41068_ignition_bringup
[5.909s] -- Symlinking: /home/jun/git/Robotics-Studio-1/41068_ws/src/41068_ignition_bringup/install/41068_ignition_bringup/share/ament_index/resource_index/parent_prefix_path/41068_ignition_bringup
[5.915s] -- Symlinking: /home/jun/git/Robotics-Studio-1/41068_ws/src/41068_ignition_bringup/install/41068_ignition_bringup/share/41068_ignition_bringup/environment/ament_prefix_path.sh
[5.922s] -- Symlinking: /home/jun/git/Robotics-Studio-1/41068_ws/src/41068_ignition_bringup/install/41068_ignition_bringup/share/41068_ignition_bringup/environment/ament_prefix_path.dsv
[5.930s] -- Symlinking: /home/jun/git/Robotics-Studio-1/41068_ws/src/41068_ignition_bringup/install/41068_ignition_bringup/share/41068_ignition_bringup/environment/path.sh
[5.936s] -- Symlinking: /home/jun/git/Robotics-Studio-1/41068_ws/src/41068_ignition_bringup/install/41068_ignition_bringup/share/41068_ignition_bringup/environment/path.dsv
[5.942s] -- Symlinking: /home/jun/git/Robotics-Studio-1/41068_ws/src/41068_ignition_bringup/install/41068_ignition_bringup/share/41068_ignition_bringup/local_setup.bash
[5.952s] -- Symlinking: /home/jun/git/Robotics-Studio-1/41068_ws/src/41068_ignition_bringup/install/41068_ignition_bringup/share/41068_ignition_bringup/local_setup.sh
[5.960s] -- Symlinking: /home/jun/git/Robotics-Studio-1/41068_ws/src/41068_ignition_bringup/install/41068_ignition_bringup/share/41068_ignition_bringup/local_setup.zsh
[5.966s] -- Symlinking: /home/jun/git/Robotics-Studio-1/41068_ws/src/41068_ignition_bringup/install/41068_ignition_bringup/share/41068_ignition_bringup/local_setup.dsv
[5.972s] -- Symlinking: /home/jun/git/Robotics-Studio-1/41068_ws/src/41068_ignition_bringup/install/41068_ignition_bringup/share/41068_ignition_bringup/package.dsv
[5.979s] -- Symlinking: /home/jun/git/Robotics-Studio-1/41068_ws/src/41068_ignition_bringup/install/41068_ignition_bringup/share/ament_index/resource_index/packages/41068_ignition_bringup
[5.985s] -- Symlinking: /home/jun/git/Robotics-Studio-1/41068_ws/src/41068_ignition_bringup/install/41068_ignition_bringup/share/41068_ignition_bringup/cmake/41068_ignition_bringupConfig.cmake
[5.992s] -- Symlinking: /home/jun/git/Robotics-Studio-1/41068_ws/src/41068_ignition_bringup/install/41068_ignition_bringup/share/41068_ignition_bringup/cmake/41068_ignition_bringupConfig-version.cmake
[5.998s] -- Symlinking: /home/jun/git/Robotics-Studio-1/41068_ws/src/41068_ignition_bringup/install/41068_ignition_bringup/share/41068_ignition_bringup/package.xml
[6.005s] Invoked command in '/home/jun/git/Robotics-Studio-1/41068_ws/src/41068_ignition_bringup/build/41068_ignition_bringup' returned '0': CMAKE_PREFIX_PATH=${CMAKE_PREFIX_PATH}:/opt/ros/humble /usr/bin/cmake --install /home/jun/git/Robotics-Studio-1/41068_ws/src/41068_ignition_bringup/build/41068_ignition_bringup
