[0.008s] Invoking command in '/home/jun/git/Robotics-Studio-1/41068_ws/src/41068_ignition_bringup/build/41068_ignition_bringup': CMAKE_PREFIX_PATH=${CMAKE_PREFIX_PATH}:/opt/ros/humble /usr/bin/cmake /home/jun/git/Robotics-Studio-1/41068_ws/src/41068_ignition_bringup -DAMENT_CMAKE_SYMLINK_INSTALL=1 -DCMAKE_INSTALL_PREFIX=/home/jun/git/Robotics-Studio-1/41068_ws/src/41068_ignition_bringup/install/41068_ignition_bringup
[0.175s] -- The C compiler identification is GNU 11.4.0
[0.215s] -- The CXX compiler identification is GNU 11.4.0
[0.219s] -- Detecting C compiler ABI info
[0.273s] -- Detecting C compiler ABI info - done
[0.280s] -- Check for working C compiler: /usr/bin/cc - skipped
[0.280s] -- Detecting C compile features
[0.280s] -- Detecting C compile features - done
[0.282s] -- Detecting CXX compiler ABI info
[0.339s] -- Detecting CXX compiler ABI info - done
[0.344s] -- Check for working CXX compiler: /usr/bin/c++ - skipped
[0.344s] -- Detecting CXX compile features
[0.344s] -- Detecting CXX compile features - done
[0.348s] -- Found ament_cmake: 1.3.12 (/opt/ros/humble/share/ament_cmake/cmake)
[0.454s] -- Found Python3: /usr/bin/python3 (found version "3.10.12") found components: Interpreter 
[0.500s] -- Override CMake install command with custom implementation using symlinks instead of copying resources
[0.526s] -- Found rclcpp: 16.0.14 (/opt/ros/humble/share/rclcpp/cmake)
[0.556s] -- Found rosidl_generator_c: 3.1.7 (/opt/ros/humble/share/rosidl_generator_c/cmake)
[0.559s] -- Found rosidl_adapter: 3.1.7 (/opt/ros/humble/share/rosidl_adapter/cmake)
[0.565s] -- Found rosidl_generator_cpp: 3.1.7 (/opt/ros/humble/share/rosidl_generator_cpp/cmake)
[0.573s] -- Using all available rosidl_typesupport_c: rosidl_typesupport_fastrtps_c;rosidl_typesupport_introspection_c
[0.584s] -- Using all available rosidl_typesupport_cpp: rosidl_typesupport_fastrtps_cpp;rosidl_typesupport_introspection_cpp
[0.612s] -- Found rmw_implementation_cmake: 6.1.2 (/opt/ros/humble/share/rmw_implementation_cmake/cmake)
[0.614s] -- Found rmw_fastrtps_cpp: 6.2.8 (/opt/ros/humble/share/rmw_fastrtps_cpp/cmake)
[0.690s] -- Found OpenSSL: /usr/lib/x86_64-linux-gnu/libcrypto.so (found version "3.0.2")  
[0.707s] -- Found FastRTPS: /opt/ros/humble/include  
[0.735s] -- Using RMW implementation 'rmw_fastrtps_cpp' as default
[0.741s] -- Looking for pthread.h
[0.794s] -- Looking for pthread.h - found
[0.794s] -- Performing Test CMAKE_HAVE_LIBC_PTHREAD
[0.841s] -- Performing Test CMAKE_HAVE_LIBC_PTHREAD - Success
[0.842s] -- Found Threads: TRUE  
[0.871s] -- Found geometry_msgs: 4.9.0 (/opt/ros/humble/share/geometry_msgs/cmake)
[0.879s] -- Found nav_msgs: 4.9.0 (/opt/ros/humble/share/nav_msgs/cmake)
[0.891s] -- Found ament_lint_auto: 0.12.14 (/opt/ros/humble/share/ament_lint_auto/cmake)
[0.922s] WARNING: Package name "41068_ignition_bringup" does not follow the naming conventions. It should start with a lower case letter and only contain lower case letters, digits, underscores, and dashes.
[0.942s] -- Added test 'copyright' to check source files copyright and LICENSE
[0.946s] -- Added test 'cppcheck' to perform static code analysis on C / C++ code
[0.946s] -- Configured cppcheck include dirs: 
[0.946s] -- Configured cppcheck exclude dirs and/or files: 
[0.950s] -- Added test 'cpplint' to check C / C++ code against the Google style
[0.950s] -- Configured cpplint exclude dirs and/or files: 
[0.950s] -- Added test 'flake8' to check Python code syntax and style conventions
[0.951s] -- Added test 'lint_cmake' to check CMake code style
[0.952s] -- Added test 'pep257' to check Python code against some of the docstring style conventions in PEP 257
[0.957s] -- Added test 'uncrustify' to check C / C++ code style
[0.957s] -- Configured uncrustify additional arguments: 
[0.957s] -- Added test 'xmllint' to check XML markup files
[0.958s] -- Configuring done
[0.965s] -- Generating done
[0.968s] -- Build files have been written to: /home/jun/git/Robotics-Studio-1/41068_ws/src/41068_ignition_bringup/build/41068_ignition_bringup
[0.976s] Invoked command in '/home/jun/git/Robotics-Studio-1/41068_ws/src/41068_ignition_bringup/build/41068_ignition_bringup' returned '0': CMAKE_PREFIX_PATH=${CMAKE_PREFIX_PATH}:/opt/ros/humble /usr/bin/cmake /home/jun/git/Robotics-Studio-1/41068_ws/src/41068_ignition_bringup -DAMENT_CMAKE_SYMLINK_INSTALL=1 -DCMAKE_INSTALL_PREFIX=/home/jun/git/Robotics-Studio-1/41068_ws/src/41068_ignition_bringup/install/41068_ignition_bringup
[0.977s] Invoking command in '/home/jun/git/Robotics-Studio-1/41068_ws/src/41068_ignition_bringup/build/41068_ignition_bringup': CMAKE_PREFIX_PATH=${CMAKE_PREFIX_PATH}:/opt/ros/humble /usr/bin/cmake --build /home/jun/git/Robotics-Studio-1/41068_ws/src/41068_ignition_bringup/build/41068_ignition_bringup -- -j22 -l22
[1.016s] [ 25%] [32mBuilding CXX object CMakeFiles/waypoint_follower.dir/src/main.cpp.o[0m
[1.016s] [ 50%] [32mBuilding CXX object CMakeFiles/waypoint_manager.dir/src/waypoint_manager.cpp.o[0m
[2.355s] [01m[K/home/jun/git/Robotics-Studio-1/41068_ws/src/41068_ignition_bringup/src/waypoint_manager.cpp:105:2:[m[K [01;31m[Kerror: [m[Kexpected ‘[01m[K}[m[K’ at end of input
[2.355s]   105 | }
[2.355s]       |  [01;31m[K^[m[K
[2.355s] [01m[K/home/jun/git/Robotics-Studio-1/41068_ws/src/41068_ignition_bringup/src/waypoint_manager.cpp:32:1:[m[K [01;36m[Knote: [m[Kto match this ‘[01m[K{[m[K’
[2.355s]    32 | [01;36m[K{[m[K
[2.356s]       | [01;36m[K^[m[K
[2.360s] [01m[K/home/jun/git/Robotics-Studio-1/41068_ws/src/41068_ignition_bringup/src/waypoint_manager.cpp:[m[K In constructor ‘[01m[KWaypointManager::WaypointManager()[m[K’:
[2.360s] [01m[K/home/jun/git/Robotics-Studio-1/41068_ws/src/41068_ignition_bringup/src/waypoint_manager.cpp:36:5:[m[K [01;31m[Kerror: [m[K‘[01m[Kframe_id_[m[K’ was not declared in this scope
[2.360s]    36 |     [01;31m[Kframe_id_[m[K          = declare_parameter<std::string>("frame_id", "odom");
[2.360s]       |     [01;31m[K^~~~~~~~~[m[K
[2.365s] [01m[K/home/jun/git/Robotics-Studio-1/41068_ws/src/41068_ignition_bringup/src/waypoint_manager.cpp:37:5:[m[K [01;31m[Kerror: [m[K‘[01m[Krepublish_rate_hz_[m[K’ was not declared in this scope
[2.366s]    37 |     [01;31m[Krepublish_rate_hz_[m[K = declare_parameter<double>("republish_rate_hz", 1.0);
[2.366s]       |     [01;31m[K^~~~~~~~~~~~~~~~~~[m[K
[2.370s] [01m[K/home/jun/git/Robotics-Studio-1/41068_ws/src/41068_ignition_bringup/src/waypoint_manager.cpp:41:5:[m[K [01;31m[Kerror: [m[K‘[01m[Kwaypoints_[m[K’ was not declared in this scope
[2.370s]    41 |     [01;31m[Kwaypoints_[m[K = {
[2.370s]       |     [01;31m[K^~~~~~~~~~[m[K
[2.370s] [01m[K/home/jun/git/Robotics-Studio-1/41068_ws/src/41068_ignition_bringup/src/waypoint_manager.cpp:47:6:[m[K [01;31m[Kerror: [m[Kexpected ‘[01m[K}[m[K’ before ‘[01m[K;[m[K’ token
[2.370s]    47 |     }[01;31m[K;[m[K
[2.370s]       |      [01;31m[K^[m[K
[2.370s] [01m[K/home/jun/git/Robotics-Studio-1/41068_ws/src/41068_ignition_bringup/src/waypoint_manager.cpp:41:18:[m[K [01;36m[Knote: [m[Kto match this ‘[01m[K{[m[K’
[2.370s]    41 |     waypoints_ = [01;36m[K{[m[K
[2.370s]       |                  [01;36m[K^[m[K
[2.373s] [01m[K/home/jun/git/Robotics-Studio-1/41068_ws/src/41068_ignition_bringup/src/waypoint_manager.cpp:50:5:[m[K [01;31m[Kerror: [m[K‘[01m[Kpub_[m[K’ was not declared in this scope
[2.373s]    50 |     [01;31m[Kpub_[m[K = create_publisher<geometry_msgs::msg::PoseStamped>("next_waypoint", 10);
[2.373s]       |     [01;31m[K^~~~[m[K
[2.378s] [01m[K/home/jun/git/Robotics-Studio-1/41068_ws/src/41068_ignition_bringup/src/waypoint_manager.cpp:51:5:[m[K [01;31m[Kerror: [m[K‘[01m[Ksub_[m[K’ was not declared in this scope
[2.378s]    51 |     [01;31m[Ksub_[m[K = create_subscription<std_msgs::msg::Bool>(
[2.378s]       |     [01;31m[K^~~~[m[K
[2.378s] [01m[K/home/jun/git/Robotics-Studio-1/41068_ws/src/41068_ignition_bringup/src/waypoint_manager.cpp:53:35:[m[K [01;31m[Kerror: [m[K‘[01m[KreachedCb[m[K’ is not a member of ‘[01m[KWaypointManager[m[K’
[2.378s]    53 |       std::bind(&WaypointManager::[01;31m[KreachedCb[m[K, this, std::placeholders::_1));
[2.378s]       |                                   [01;31m[K^~~~~~~~~[m[K
[2.381s] [01m[K/home/jun/git/Robotics-Studio-1/41068_ws/src/41068_ignition_bringup/src/waypoint_manager.cpp:57:5:[m[K [01;31m[Kerror: [m[K‘[01m[Ktimer_[m[K’ was not declared in this scope; did you mean ‘[01m[Ktimer_t[m[K’?
[2.381s]    57 |     [01;31m[Ktimer_[m[K = create_wall_timer(
[2.381s]       |     [01;31m[K^~~~~~[m[K
[2.381s]       |     [32m[Ktimer_t[m[K
[2.381s] [01m[K/home/jun/git/Robotics-Studio-1/41068_ws/src/41068_ignition_bringup/src/waypoint_manager.cpp:59:35:[m[K [01;31m[Kerror: [m[K‘[01m[KpublishCurrent[m[K’ is not a member of ‘[01m[KWaypointManager[m[K’
[2.381s]    59 |       std::bind(&WaypointManager::[01;31m[KpublishCurrent[m[K, this));
[2.381s]       |                                   [01;31m[K^~~~~~~~~~~~~~[m[K
[2.385s] [01m[K/home/jun/git/Robotics-Studio-1/41068_ws/src/41068_ignition_bringup/src/waypoint_manager.cpp:61:5:[m[K [01;31m[Kerror: [m[K‘[01m[KpublishCurrent[m[K’ was not declared in this scope
[2.385s]    61 |     [01;31m[KpublishCurrent[m[K();  // publish the first goal immediately
[2.385s]       |     [01;31m[K^~~~~~~~~~~~~~[m[K
[2.387s] [01m[K/home/jun/git/Robotics-Studio-1/41068_ws/src/41068_ignition_bringup/src/waypoint_manager.cpp:[m[K At global scope:
[2.387s] [01m[K/home/jun/git/Robotics-Studio-1/41068_ws/src/41068_ignition_bringup/src/waypoint_manager.cpp:105:2:[m[K [01;31m[Kerror: [m[Kexpected unqualified-id at end of input
[2.387s]   105 | }
[2.388s]       |  [01;31m[K^[m[K
[2.758s] [01m[K/home/jun/git/Robotics-Studio-1/41068_ws/src/41068_ignition_bringup/src/waypoint_manager.cpp:11:40:[m[K [01;35m[Kwarning: [m[K‘[01m[Kgeometry_msgs::msg::PoseStamped makePoseQuat(double, double, double, double, const string&, const rclcpp::Time&)[m[K’ defined but not used [[01;35m[K]8;;https://gcc.gnu.org/onlinedocs/gcc/Warning-Options.html#index-Wunused-function-Wunused-function]8;;[m[K]
[2.758s]    11 | static geometry_msgs::msg::PoseStamped [01;35m[KmakePoseQuat[m[K(
[2.758s]       |                                        [01;35m[K^~~~~~~~~~~~[m[K
[2.778s] gmake[2]: *** [CMakeFiles/waypoint_manager.dir/build.make:76: CMakeFiles/waypoint_manager.dir/src/waypoint_manager.cpp.o] Error 1
[2.778s] gmake[1]: *** [CMakeFiles/Makefile2:165: CMakeFiles/waypoint_manager.dir/all] Error 2
[2.779s] gmake[1]: *** Waiting for unfinished jobs....
[7.904s] [ 75%] [32m[1mLinking CXX executable waypoint_follower[0m
[8.226s] [ 75%] Built target waypoint_follower
[8.227s] gmake: *** [Makefile:146: all] Error 2
[8.229s] Invoked command in '/home/jun/git/Robotics-Studio-1/41068_ws/src/41068_ignition_bringup/build/41068_ignition_bringup' returned '2': CMAKE_PREFIX_PATH=${CMAKE_PREFIX_PATH}:/opt/ros/humble /usr/bin/cmake --build /home/jun/git/Robotics-Studio-1/41068_ws/src/41068_ignition_bringup/build/41068_ignition_bringup -- -j22 -l22
