[35m[1mConsolidate compiler generated dependencies of target autonomous_trail_follower[0m
[35m[1mConsolidate compiler generated dependencies of target lidar_sensing_node[0m
[35m[1mConsolidate compiler generated dependencies of target manual_trail_inspector[0m
[ 14%] Built target autonomous_trail_follower
[ 28%] Built target waypoint_follower
[ 42%] Built target lidar_sensing_node
[ 57%] Built target map_waypoint_manager
[ 85%] Built target teleop_obstacle_avoid
[ 85%] Built target waypoint_manager
[100%] Built target manual_trail_inspector
-- Install configuration: ""
-- Execute custom install script
-- Up-to-date symlink: /home/jun/git/Robotics-Studio-1/41068_ws/src/41068_ignition_bringup/install/41068_ignition_bringup/lib/41068_ignition_bringup/autonomous_trail_follower
-- Up-to-date symlink: /home/jun/git/Robotics-Studio-1/41068_ws/src/41068_ignition_bringup/install/41068_ignition_bringup/lib/41068_ignition_bringup/waypoint_follower
-- Up-to-date symlink: /home/jun/git/Robotics-Studio-1/41068_ws/src/41068_ignition_bringup/install/41068_ignition_bringup/lib/41068_ignition_bringup/waypoint_manager
-- Up-to-date symlink: /home/jun/git/Robotics-Studio-1/41068_ws/src/41068_ignition_bringup/install/41068_ignition_bringup/lib/41068_ignition_bringup/map_waypoint_manager
-- Up-to-date symlink: /home/jun/git/Robotics-Studio-1/41068_ws/src/41068_ignition_bringup/install/41068_ignition_bringup/share/41068_ignition_bringup/config/41068.rviz
-- Up-to-date symlink: /home/jun/git/Robotics-Studio-1/41068_ws/src/41068_ignition_bringup/install/41068_ignition_bringup/share/41068_ignition_bringup/config/gazebo_bridge.yaml
-- Up-to-date symlink: /home/jun/git/Robotics-Studio-1/41068_ws/src/41068_ignition_bringup/install/41068_ignition_bringup/share/41068_ignition_bringup/config/nav2_params.yaml
-- Up-to-date symlink: /home/jun/git/Robotics-Studio-1/41068_ws/src/41068_ignition_bringup/install/41068_ignition_bringup/share/41068_ignition_bringup/config/robot_localization.yaml
-- Up-to-date symlink: /home/jun/git/Robotics-Studio-1/41068_ws/src/41068_ignition_bringup/install/41068_ignition_bringup/share/41068_ignition_bringup/config/slam_params.yaml
-- Up-to-date symlink: /home/jun/git/Robotics-Studio-1/41068_ws/src/41068_ignition_bringup/install/41068_ignition_bringup/share/41068_ignition_bringup/launch/41068_ignition.launch.py
-- Up-to-date symlink: /home/jun/git/Robotics-Studio-1/41068_ws/src/41068_ignition_bringup/install/41068_ignition_bringup/share/41068_ignition_bringup/launch/41068_ignition_drone.launch.py
-- Up-to-date symlink: /home/jun/git/Robotics-Studio-1/41068_ws/src/41068_ignition_bringup/install/41068_ignition_bringup/share/41068_ignition_bringup/launch/41068_navigation.launch.py
[33mCMake Warning (dev) at ament_cmake_symlink_install/ament_cmake_symlink_install.cmake:62 (file):
  Policy CMP0009 is not set: FILE GLOB_RECURSE calls should not follow
  symlinks by default.  Run "cmake --help-policy CMP0009" for policy details.
  Use the cmake_policy command to set the policy and suppress this warning.
Call Stack (most recent call first):
  ament_cmake_symlink_install/ament_cmake_symlink_install.cmake:320 (ament_cmake_symlink_install_directory)
  cmake_install.cmake:46 (include)
This warning is for project developers.  Use -Wno-dev to suppress it.
[0m
-- Up-to-date symlink: /home/jun/git/Robotics-Studio-1/41068_ws/src/41068_ignition_bringup/install/41068_ignition_bringup/share/41068_ignition_bringup/models/forest_plane/materials/textures/Map.png
-- Up-to-date symlink: /home/jun/git/Robotics-Studio-1/41068_ws/src/41068_ignition_bringup/install/41068_ignition_bringup/share/41068_ignition_bringup/models/forest_plane/materials/textures/empty_grass.png
-- Up-to-date symlink: /home/jun/git/Robotics-Studio-1/41068_ws/src/41068_ignition_bringup/install/41068_ignition_bringup/share/41068_ignition_bringup/models/forest_plane/materials/textures/forest_overhead.png
-- Up-to-date symlink: /home/jun/git/Robotics-Studio-1/41068_ws/src/41068_ignition_bringup/install/41068_ignition_bringup/share/41068_ignition_bringup/models/forest_plane/materials/textures/leaf_litter.png
-- Up-to-date symlink: /home/jun/git/Robotics-Studio-1/41068_ws/src/41068_ignition_bringup/install/41068_ignition_bringup/share/41068_ignition_bringup/models/forest_plane/model.config
-- Up-to-date symlink: /home/jun/git/Robotics-Studio-1/41068_ws/src/41068_ignition_bringup/install/41068_ignition_bringup/share/41068_ignition_bringup/models/forest_plane/model.sdf
-- Up-to-date symlink: /home/jun/git/Robotics-Studio-1/41068_ws/src/41068_ignition_bringup/install/41068_ignition_bringup/share/41068_ignition_bringup/models/forest_terrain/build/.built_by
-- Up-to-date symlink: /home/jun/git/Robotics-Studio-1/41068_ws/src/41068_ignition_bringup/install/41068_ignition_bringup/share/41068_ignition_bringup/models/forest_terrain/build/COLCON_IGNORE
-- Up-to-date symlink: /home/jun/git/Robotics-Studio-1/41068_ws/src/41068_ignition_bringup/install/41068_ignition_bringup/share/41068_ignition_bringup/models/forest_terrain/install/.colcon_install_layout
-- Up-to-date symlink: /home/jun/git/Robotics-Studio-1/41068_ws/src/41068_ignition_bringup/install/41068_ignition_bringup/share/41068_ignition_bringup/models/forest_terrain/install/COLCON_IGNORE
-- Up-to-date symlink: /home/jun/git/Robotics-Studio-1/41068_ws/src/41068_ignition_bringup/install/41068_ignition_bringup/share/41068_ignition_bringup/models/forest_terrain/install/_local_setup_util_ps1.py
-- Up-to-date symlink: /home/jun/git/Robotics-Studio-1/41068_ws/src/41068_ignition_bringup/install/41068_ignition_bringup/share/41068_ignition_bringup/models/forest_terrain/install/_local_setup_util_sh.py
-- Up-to-date symlink: /home/jun/git/Robotics-Studio-1/41068_ws/src/41068_ignition_bringup/install/41068_ignition_bringup/share/41068_ignition_bringup/models/forest_terrain/install/local_setup.bash
-- Up-to-date symlink: /home/jun/git/Robotics-Studio-1/41068_ws/src/41068_ignition_bringup/install/41068_ignition_bringup/share/41068_ignition_bringup/models/forest_terrain/install/local_setup.ps1
-- Up-to-date symlink: /home/jun/git/Robotics-Studio-1/41068_ws/src/41068_ignition_bringup/install/41068_ignition_bringup/share/41068_ignition_bringup/models/forest_terrain/install/local_setup.sh
-- Up-to-date symlink: /home/jun/git/Robotics-Studio-1/41068_ws/src/41068_ignition_bringup/install/41068_ignition_bringup/share/41068_ignition_bringup/models/forest_terrain/install/local_setup.zsh
-- Up-to-date symlink: /home/jun/git/Robotics-Studio-1/41068_ws/src/41068_ignition_bringup/install/41068_ignition_bringup/share/41068_ignition_bringup/models/forest_terrain/install/setup.bash
-- Up-to-date symlink: /home/jun/git/Robotics-Studio-1/41068_ws/src/41068_ignition_bringup/install/41068_ignition_bringup/share/41068_ignition_bringup/models/forest_terrain/install/setup.ps1
-- Up-to-date symlink: /home/jun/git/Robotics-Studio-1/41068_ws/src/41068_ignition_bringup/install/41068_ignition_bringup/share/41068_ignition_bringup/models/forest_terrain/install/setup.sh
-- Up-to-date symlink: /home/jun/git/Robotics-Studio-1/41068_ws/src/41068_ignition_bringup/install/41068_ignition_bringup/share/41068_ignition_bringup/models/forest_terrain/install/setup.zsh
-- Up-to-date symlink: /home/jun/git/Robotics-Studio-1/41068_ws/src/41068_ignition_bringup/install/41068_ignition_bringup/share/41068_ignition_bringup/models/forest_terrain/log/COLCON_IGNORE
-- Up-to-date symlink: /home/jun/git/Robotics-Studio-1/41068_ws/src/41068_ignition_bringup/install/41068_ignition_bringup/share/41068_ignition_bringup/models/forest_terrain/log/build_2025-08-27_19-31-27/events.log
-- Up-to-date symlink: /home/jun/git/Robotics-Studio-1/41068_ws/src/41068_ignition_bringup/install/41068_ignition_bringup/share/41068_ignition_bringup/models/forest_terrain/log/build_2025-08-27_19-31-27/logger_all.log
-- Up-to-date symlink: /home/jun/git/Robotics-Studio-1/41068_ws/src/41068_ignition_bringup/install/41068_ignition_bringup/share/41068_ignition_bringup/models/forest_terrain/log/build_2025-08-28_14-08-20/events.log
-- Up-to-date symlink: /home/jun/git/Robotics-Studio-1/41068_ws/src/41068_ignition_bringup/install/41068_ignition_bringup/share/41068_ignition_bringup/models/forest_terrain/log/build_2025-08-28_14-08-20/logger_all.log
-- Up-to-date symlink: /home/jun/git/Robotics-Studio-1/41068_ws/src/41068_ignition_bringup/install/41068_ignition_bringup/share/41068_ignition_bringup/models/forest_terrain/log/build_2025-08-28_15-02-25/events.log
-- Up-to-date symlink: /home/jun/git/Robotics-Studio-1/41068_ws/src/41068_ignition_bringup/install/41068_ignition_bringup/share/41068_ignition_bringup/models/forest_terrain/log/build_2025-08-28_15-02-25/logger_all.log
-- Up-to-date symlink: /home/jun/git/Robotics-Studio-1/41068_ws/src/41068_ignition_bringup/install/41068_ignition_bringup/share/41068_ignition_bringup/models/forest_terrain/log/latest/events.log
-- Up-to-date symlink: /home/jun/git/Robotics-Studio-1/41068_ws/src/41068_ignition_bringup/install/41068_ignition_bringup/share/41068_ignition_bringup/models/forest_terrain/log/latest/logger_all.log
-- Up-to-date symlink: /home/jun/git/Robotics-Studio-1/41068_ws/src/41068_ignition_bringup/install/41068_ignition_bringup/share/41068_ignition_bringup/models/forest_terrain/log/latest_build/events.log
-- Up-to-date symlink: /home/jun/git/Robotics-Studio-1/41068_ws/src/41068_ignition_bringup/install/41068_ignition_bringup/share/41068_ignition_bringup/models/forest_terrain/log/latest_build/logger_all.log
-- Up-to-date symlink: /home/jun/git/Robotics-Studio-1/41068_ws/src/41068_ignition_bringup/install/41068_ignition_bringup/share/41068_ignition_bringup/models/forest_terrain/materials/textures/Elevated_Terrain_Test.dae
-- Up-to-date symlink: /home/jun/git/Robotics-Studio-1/41068_ws/src/41068_ignition_bringup/install/41068_ignition_bringup/share/41068_ignition_bringup/models/forest_terrain/materials/textures/Elevated_Terrain_Test.fbm/forest_overhead.png
-- Up-to-date symlink: /home/jun/git/Robotics-Studio-1/41068_ws/src/41068_ignition_bringup/install/41068_ignition_bringup/share/41068_ignition_bringup/models/forest_terrain/materials/textures/Elevated_Terrain_Test.fbx
-- Up-to-date symlink: /home/jun/git/Robotics-Studio-1/41068_ws/src/41068_ignition_bringup/install/41068_ignition_bringup/share/41068_ignition_bringup/models/forest_terrain/materials/textures/forest_overhead.png
-- Up-to-date symlink: /home/jun/git/Robotics-Studio-1/41068_ws/src/41068_ignition_bringup/install/41068_ignition_bringup/share/41068_ignition_bringup/models/forest_terrain/materials/textures/model.config
-- Up-to-date symlink: /home/jun/git/Robotics-Studio-1/41068_ws/src/41068_ignition_bringup/install/41068_ignition_bringup/share/41068_ignition_bringup/models/forest_terrain/materials/textures/model.sdf
-- Up-to-date symlink: /home/jun/git/Robotics-Studio-1/41068_ws/src/41068_ignition_bringup/install/41068_ignition_bringup/share/41068_ignition_bringup/models/forest_terrain/model.config
-- Up-to-date symlink: /home/jun/git/Robotics-Studio-1/41068_ws/src/41068_ignition_bringup/install/41068_ignition_bringup/share/41068_ignition_bringup/models/forest_terrain/model.sdf
-- Up-to-date symlink: /home/jun/git/Robotics-Studio-1/41068_ws/src/41068_ignition_bringup/install/41068_ignition_bringup/share/41068_ignition_bringup/models/forest_wall/materials/textures/forest_wall.png
-- Up-to-date symlink: /home/jun/git/Robotics-Studio-1/41068_ws/src/41068_ignition_bringup/install/41068_ignition_bringup/share/41068_ignition_bringup/models/forest_wall/materials/textures/forest_wall_transparent.png
-- Up-to-date symlink: /home/jun/git/Robotics-Studio-1/41068_ws/src/41068_ignition_bringup/install/41068_ignition_bringup/share/41068_ignition_bringup/models/forest_wall/materials/textures/forest_wall_transparent_small.png
-- Up-to-date symlink: /home/jun/git/Robotics-Studio-1/41068_ws/src/41068_ignition_bringup/install/41068_ignition_bringup/share/41068_ignition_bringup/models/forest_wall/model.config
-- Up-to-date symlink: /home/jun/git/Robotics-Studio-1/41068_ws/src/41068_ignition_bringup/install/41068_ignition_bringup/share/41068_ignition_bringup/models/forest_wall/model.sdf
-- Up-to-date symlink: /home/jun/git/Robotics-Studio-1/41068_ws/src/41068_ignition_bringup/install/41068_ignition_bringup/share/41068_ignition_bringup/models/grass_plane/materials/textures/empty_grass.png
-- Up-to-date symlink: /home/jun/git/Robotics-Studio-1/41068_ws/src/41068_ignition_bringup/install/41068_ignition_bringup/share/41068_ignition_bringup/models/grass_plane/model.config
-- Up-to-date symlink: /home/jun/git/Robotics-Studio-1/41068_ws/src/41068_ignition_bringup/install/41068_ignition_bringup/share/41068_ignition_bringup/models/grass_plane/model.sdf
-- Up-to-date symlink: /home/jun/git/Robotics-Studio-1/41068_ws/src/41068_ignition_bringup/install/41068_ignition_bringup/share/41068_ignition_bringup/urdf/common_properties.urdf.xacro
-- Up-to-date symlink: /home/jun/git/Robotics-Studio-1/41068_ws/src/41068_ignition_bringup/install/41068_ignition_bringup/share/41068_ignition_bringup/urdf/husky.gazebo.xacro
-- Up-to-date symlink: /home/jun/git/Robotics-Studio-1/41068_ws/src/41068_ignition_bringup/install/41068_ignition_bringup/share/41068_ignition_bringup/urdf/husky.urdf.xacro
-- Up-to-date symlink: /home/jun/git/Robotics-Studio-1/41068_ws/src/41068_ignition_bringup/install/41068_ignition_bringup/share/41068_ignition_bringup/urdf/meshes/base_link.dae
-- Up-to-date symlink: /home/jun/git/Robotics-Studio-1/41068_ws/src/41068_ignition_bringup/install/41068_ignition_bringup/share/41068_ignition_bringup/urdf/meshes/bumper.dae
-- Up-to-date symlink: /home/jun/git/Robotics-Studio-1/41068_ws/src/41068_ignition_bringup/install/41068_ignition_bringup/share/41068_ignition_bringup/urdf/meshes/jpl04_arch_nosensor.stl
-- Up-to-date symlink: /home/jun/git/Robotics-Studio-1/41068_ws/src/41068_ignition_bringup/install/41068_ignition_bringup/share/41068_ignition_bringup/urdf/meshes/top_chassis.dae
-- Up-to-date symlink: /home/jun/git/Robotics-Studio-1/41068_ws/src/41068_ignition_bringup/install/41068_ignition_bringup/share/41068_ignition_bringup/urdf/meshes/top_plate.dae
-- Up-to-date symlink: /home/jun/git/Robotics-Studio-1/41068_ws/src/41068_ignition_bringup/install/41068_ignition_bringup/share/41068_ignition_bringup/urdf/meshes/wheel.dae
-- Up-to-date symlink: /home/jun/git/Robotics-Studio-1/41068_ws/src/41068_ignition_bringup/install/41068_ignition_bringup/share/41068_ignition_bringup/urdf/wheel.urdf.xacro
-- Up-to-date symlink: /home/jun/git/Robotics-Studio-1/41068_ws/src/41068_ignition_bringup/install/41068_ignition_bringup/share/41068_ignition_bringup/worlds/large_demo.sdf
-- Up-to-date symlink: /home/jun/git/Robotics-Studio-1/41068_ws/src/41068_ignition_bringup/install/41068_ignition_bringup/share/41068_ignition_bringup/worlds/simple_trees.sdf
-- Up-to-date symlink: /home/jun/git/Robotics-Studio-1/41068_ws/src/41068_ignition_bringup/install/41068_ignition_bringup/share/41068_ignition_bringup/urdf_drone/common_properties.urdf.xacro
-- Up-to-date symlink: /home/jun/git/Robotics-Studio-1/41068_ws/src/41068_ignition_bringup/install/41068_ignition_bringup/share/41068_ignition_bringup/urdf_drone/meshes/hull.dae
-- Up-to-date symlink: /home/jun/git/Robotics-Studio-1/41068_ws/src/41068_ignition_bringup/install/41068_ignition_bringup/share/41068_ignition_bringup/urdf_drone/meshes/propeller_fl.dae
-- Up-to-date symlink: /home/jun/git/Robotics-Studio-1/41068_ws/src/41068_ignition_bringup/install/41068_ignition_bringup/share/41068_ignition_bringup/urdf_drone/meshes/propeller_fr.dae
-- Up-to-date symlink: /home/jun/git/Robotics-Studio-1/41068_ws/src/41068_ignition_bringup/install/41068_ignition_bringup/share/41068_ignition_bringup/urdf_drone/meshes/propeller_rl.dae
-- Up-to-date symlink: /home/jun/git/Robotics-Studio-1/41068_ws/src/41068_ignition_bringup/install/41068_ignition_bringup/share/41068_ignition_bringup/urdf_drone/meshes/propeller_rr.dae
-- Up-to-date symlink: /home/jun/git/Robotics-Studio-1/41068_ws/src/41068_ignition_bringup/install/41068_ignition_bringup/share/41068_ignition_bringup/urdf_drone/model.config
-- Up-to-date symlink: /home/jun/git/Robotics-Studio-1/41068_ws/src/41068_ignition_bringup/install/41068_ignition_bringup/share/41068_ignition_bringup/urdf_drone/model.sdf
-- Up-to-date symlink: /home/jun/git/Robotics-Studio-1/41068_ws/src/41068_ignition_bringup/install/41068_ignition_bringup/share/41068_ignition_bringup/urdf_drone/parrot.gazebo.xacro
-- Up-to-date symlink: /home/jun/git/Robotics-Studio-1/41068_ws/src/41068_ignition_bringup/install/41068_ignition_bringup/share/41068_ignition_bringup/urdf_drone/parrot.urdf.xacro
-- Up-to-date symlink: /home/jun/git/Robotics-Studio-1/41068_ws/src/41068_ignition_bringup/install/41068_ignition_bringup/share/41068_ignition_bringup/urdf_drone/thumbnails/1.png
-- Up-to-date symlink: /home/jun/git/Robotics-Studio-1/41068_ws/src/41068_ignition_bringup/install/41068_ignition_bringup/share/41068_ignition_bringup/urdf_drone/thumbnails/2.png
-- Up-to-date symlink: /home/jun/git/Robotics-Studio-1/41068_ws/src/41068_ignition_bringup/install/41068_ignition_bringup/share/41068_ignition_bringup/urdf_drone/thumbnails/3.png
-- Up-to-date symlink: /home/jun/git/Robotics-Studio-1/41068_ws/src/41068_ignition_bringup/install/41068_ignition_bringup/share/41068_ignition_bringup/urdf_drone/thumbnails/4.png
-- Up-to-date symlink: /home/jun/git/Robotics-Studio-1/41068_ws/src/41068_ignition_bringup/install/41068_ignition_bringup/share/41068_ignition_bringup/urdf_drone/thumbnails/5.png
-- Up-to-date symlink: /home/jun/git/Robotics-Studio-1/41068_ws/src/41068_ignition_bringup/install/41068_ignition_bringup/lib/41068_ignition_bringup/waypoint_setter.py
-- Up-to-date symlink: /home/jun/git/Robotics-Studio-1/41068_ws/src/41068_ignition_bringup/install/41068_ignition_bringup/lib/41068_ignition_bringup/click_to_yaml.py
-- Up-to-date symlink: /home/jun/git/Robotics-Studio-1/41068_ws/src/41068_ignition_bringup/install/41068_ignition_bringup/share/ament_index/resource_index/package_run_dependencies/41068_ignition_bringup
-- Up-to-date symlink: /home/jun/git/Robotics-Studio-1/41068_ws/src/41068_ignition_bringup/install/41068_ignition_bringup/share/ament_index/resource_index/parent_prefix_path/41068_ignition_bringup
-- Up-to-date symlink: /home/jun/git/Robotics-Studio-1/41068_ws/src/41068_ignition_bringup/install/41068_ignition_bringup/share/41068_ignition_bringup/environment/ament_prefix_path.sh
-- Up-to-date symlink: /home/jun/git/Robotics-Studio-1/41068_ws/src/41068_ignition_bringup/install/41068_ignition_bringup/share/41068_ignition_bringup/environment/ament_prefix_path.dsv
-- Up-to-date symlink: /home/jun/git/Robotics-Studio-1/41068_ws/src/41068_ignition_bringup/install/41068_ignition_bringup/share/41068_ignition_bringup/environment/path.sh
-- Up-to-date symlink: /home/jun/git/Robotics-Studio-1/41068_ws/src/41068_ignition_bringup/install/41068_ignition_bringup/share/41068_ignition_bringup/environment/path.dsv
-- Up-to-date symlink: /home/jun/git/Robotics-Studio-1/41068_ws/src/41068_ignition_bringup/install/41068_ignition_bringup/share/41068_ignition_bringup/local_setup.bash
-- Up-to-date symlink: /home/jun/git/Robotics-Studio-1/41068_ws/src/41068_ignition_bringup/install/41068_ignition_bringup/share/41068_ignition_bringup/local_setup.sh
-- Up-to-date symlink: /home/jun/git/Robotics-Studio-1/41068_ws/src/41068_ignition_bringup/install/41068_ignition_bringup/share/41068_ignition_bringup/local_setup.zsh
-- Up-to-date symlink: /home/jun/git/Robotics-Studio-1/41068_ws/src/41068_ignition_bringup/install/41068_ignition_bringup/share/41068_ignition_bringup/local_setup.dsv
-- Symlinking: /home/jun/git/Robotics-Studio-1/41068_ws/src/41068_ignition_bringup/install/41068_ignition_bringup/share/41068_ignition_bringup/package.dsv
-- Up-to-date symlink: /home/jun/git/Robotics-Studio-1/41068_ws/src/41068_ignition_bringup/install/41068_ignition_bringup/share/ament_index/resource_index/packages/41068_ignition_bringup
-- Up-to-date symlink: /home/jun/git/Robotics-Studio-1/41068_ws/src/41068_ignition_bringup/install/41068_ignition_bringup/share/41068_ignition_bringup/cmake/41068_ignition_bringupConfig.cmake
-- Up-to-date symlink: /home/jun/git/Robotics-Studio-1/41068_ws/src/41068_ignition_bringup/install/41068_ignition_bringup/share/41068_ignition_bringup/cmake/41068_ignition_bringupConfig-version.cmake
-- Up-to-date symlink: /home/jun/git/Robotics-Studio-1/41068_ws/src/41068_ignition_bringup/install/41068_ignition_bringup/share/41068_ignition_bringup/package.xml
