[0.369s] Invoking command in '/home/jun/git/Robotics-Studio-1/41068_ws/src/rs1_gui': PYTHONPATH=/home/jun/git/Robotics-Studio-1/41068_ws/build/rs1_gui/prefix_override:/usr/lib/python3/dist-packages/colcon_core/task/python/colcon_distutils_commands:/home/jun/git/Robotics-Studio-1/41068_ws/install/rs1_gui/lib/python3.10/site-packages:${PYTHONPATH} /usr/bin/python3 -W ignore:setup.py install is deprecated -W ignore:easy_install command is deprecated setup.py egg_info --egg-base ../../build/rs1_gui build --build-base /home/jun/git/Robotics-Studio-1/41068_ws/build/rs1_gui/build install --record /home/jun/git/Robotics-Studio-1/41068_ws/build/rs1_gui/install.log --single-version-externally-managed install_data
[0.503s] running egg_info
[0.504s] writing ../../build/rs1_gui/rs1_gui.egg-info/PKG-INFO
[0.504s] writing dependency_links to ../../build/rs1_gui/rs1_gui.egg-info/dependency_links.txt
[0.504s] writing entry points to ../../build/rs1_gui/rs1_gui.egg-info/entry_points.txt
[0.504s] writing requirements to ../../build/rs1_gui/rs1_gui.egg-info/requires.txt
[0.504s] writing top-level names to ../../build/rs1_gui/rs1_gui.egg-info/top_level.txt
[0.505s] reading manifest file '../../build/rs1_gui/rs1_gui.egg-info/SOURCES.txt'
[0.506s] writing manifest file '../../build/rs1_gui/rs1_gui.egg-info/SOURCES.txt'
[0.506s] running build
[0.506s] running build_py
[0.506s] running install
[0.506s] running install_lib
[0.507s] running install_data
[0.507s] running install_egg_info
[0.508s] removing '/home/jun/git/Robotics-Studio-1/41068_ws/install/rs1_gui/lib/python3.10/site-packages/rs1_gui-0.0.0-py3.10.egg-info' (and everything under it)
[0.508s] Copying ../../build/rs1_gui/rs1_gui.egg-info to /home/jun/git/Robotics-Studio-1/41068_ws/install/rs1_gui/lib/python3.10/site-packages/rs1_gui-0.0.0-py3.10.egg-info
[0.508s] running install_scripts
[0.519s] Installing gui_node script to /home/jun/git/Robotics-Studio-1/41068_ws/install/rs1_gui/lib/rs1_gui
[0.519s] writing list of installed files to '/home/jun/git/Robotics-Studio-1/41068_ws/build/rs1_gui/install.log'
[0.534s] Invoked command in '/home/jun/git/Robotics-Studio-1/41068_ws/src/rs1_gui' returned '0': PYTHONPATH=/home/jun/git/Robotics-Studio-1/41068_ws/build/rs1_gui/prefix_override:/usr/lib/python3/dist-packages/colcon_core/task/python/colcon_distutils_commands:/home/jun/git/Robotics-Studio-1/41068_ws/install/rs1_gui/lib/python3.10/site-packages:${PYTHONPATH} /usr/bin/python3 -W ignore:setup.py install is deprecated -W ignore:easy_install command is deprecated setup.py egg_info --egg-base ../../build/rs1_gui build --build-base /home/jun/git/Robotics-Studio-1/41068_ws/build/rs1_gui/build install --record /home/jun/git/Robotics-Studio-1/41068_ws/build/rs1_gui/install.log --single-version-externally-managed install_data
