[0.115s] DEBUG:colcon:Command line arguments: ['/usr/bin/colcon', 'build', '--packages-select', '41068_ignition_bringup', '--symlink-install']
[0.115s] DEBUG:colcon:Parsed command line arguments: Namespace(log_base=None, log_level=None, verb_name='build', build_base='build', install_base='install', merge_install=False, symlink_install=True, test_result_base=None, continue_on_error=False, executor='parallel', parallel_workers=8, event_handlers=None, ignore_user_meta=False, metas=['./colcon.meta'], base_paths=['.'], packages_ignore=None, packages_ignore_regex=None, paths=None, packages_up_to=None, packages_up_to_regex=None, packages_above=None, packages_above_and_dependencies=None, packages_above_depth=None, packages_select_by_dep=None, packages_skip_by_dep=None, packages_skip_up_to=None, packages_select_build_failed=False, packages_skip_build_finished=False, packages_select_test_failures=False, packages_skip_test_passed=False, packages_select=['41068_ignition_bringup'], packages_skip=None, packages_select_regex=None, packages_skip_regex=None, packages_start=None, packages_end=None, allow_overriding=[], cmake_args=None, cmake_target=None, cmake_target_skip_unavailable=False, cmake_clean_cache=False, cmake_clean_first=False, cmake_force_configure=False, ament_cmake_args=None, catkin_cmake_args=None, catkin_skip_building_tests=False, mixin_files=None, mixin=None, verb_parser=<colcon_mixin.mixin.mixin_argument.MixinArgumentDecorator object at 0x7415744729e0>, verb_extension=<colcon_core.verb.build.BuildVerb object at 0x741574471fc0>, main=<bound method BuildVerb.main of <colcon_core.verb.build.BuildVerb object at 0x741574471fc0>>, mixin_verb=('build',))
[0.299s] Level 1:colcon.colcon_core.package_discovery:discover_packages(colcon_meta) check parameters
[0.299s] Level 1:colcon.colcon_core.package_discovery:discover_packages(recursive) check parameters
[0.299s] Level 1:colcon.colcon_core.package_discovery:discover_packages(ignore) check parameters
[0.299s] Level 1:colcon.colcon_core.package_discovery:discover_packages(path) check parameters
[0.299s] Level 1:colcon.colcon_core.package_discovery:discover_packages(colcon_meta) discover
[0.299s] Level 1:colcon.colcon_core.package_discovery:discover_packages(recursive) discover
[0.299s] INFO:colcon.colcon_core.package_discovery:Crawling recursively for packages in '/home/student/RS1-Group5/41068_ws'
[0.299s] Level 1:colcon.colcon_core.package_identification:_identify(.) by extensions ['ignore', 'ignore_ament_install']
[0.299s] Level 1:colcon.colcon_core.package_identification:_identify(.) by extension 'ignore'
[0.299s] Level 1:colcon.colcon_core.package_identification:_identify(.) by extension 'ignore_ament_install'
[0.299s] Level 1:colcon.colcon_core.package_identification:_identify(.) by extensions ['colcon_pkg']
[0.300s] Level 1:colcon.colcon_core.package_identification:_identify(.) by extension 'colcon_pkg'
[0.300s] Level 1:colcon.colcon_core.package_identification:_identify(.) by extensions ['colcon_meta']
[0.300s] Level 1:colcon.colcon_core.package_identification:_identify(.) by extension 'colcon_meta'
[0.300s] Level 1:colcon.colcon_core.package_identification:_identify(.) by extensions ['ros']
[0.300s] Level 1:colcon.colcon_core.package_identification:_identify(.) by extension 'ros'
[0.311s] Level 1:colcon.colcon_core.package_identification:_identify(.) by extensions ['cmake', 'python']
[0.312s] Level 1:colcon.colcon_core.package_identification:_identify(.) by extension 'cmake'
[0.312s] Level 1:colcon.colcon_core.package_identification:_identify(.) by extension 'python'
[0.312s] Level 1:colcon.colcon_core.package_identification:_identify(.) by extensions ['python_setup_py']
[0.312s] Level 1:colcon.colcon_core.package_identification:_identify(.) by extension 'python_setup_py'
[0.312s] Level 1:colcon.colcon_core.package_identification:_identify(build) by extensions ['ignore', 'ignore_ament_install']
[0.312s] Level 1:colcon.colcon_core.package_identification:_identify(build) by extension 'ignore'
[0.312s] Level 1:colcon.colcon_core.package_identification:_identify(build) ignored
[0.312s] Level 1:colcon.colcon_core.package_identification:_identify(install) by extensions ['ignore', 'ignore_ament_install']
[0.312s] Level 1:colcon.colcon_core.package_identification:_identify(install) by extension 'ignore'
[0.312s] Level 1:colcon.colcon_core.package_identification:_identify(install) ignored
[0.312s] Level 1:colcon.colcon_core.package_identification:_identify(log) by extensions ['ignore', 'ignore_ament_install']
[0.313s] Level 1:colcon.colcon_core.package_identification:_identify(log) by extension 'ignore'
[0.313s] Level 1:colcon.colcon_core.package_identification:_identify(log) ignored
[0.313s] Level 1:colcon.colcon_core.package_identification:_identify(src) by extensions ['ignore', 'ignore_ament_install']
[0.313s] Level 1:colcon.colcon_core.package_identification:_identify(src) by extension 'ignore'
[0.313s] Level 1:colcon.colcon_core.package_identification:_identify(src) by extension 'ignore_ament_install'
[0.313s] Level 1:colcon.colcon_core.package_identification:_identify(src) by extensions ['colcon_pkg']
[0.313s] Level 1:colcon.colcon_core.package_identification:_identify(src) by extension 'colcon_pkg'
[0.313s] Level 1:colcon.colcon_core.package_identification:_identify(src) by extensions ['colcon_meta']
[0.313s] Level 1:colcon.colcon_core.package_identification:_identify(src) by extension 'colcon_meta'
[0.313s] Level 1:colcon.colcon_core.package_identification:_identify(src) by extensions ['ros']
[0.313s] Level 1:colcon.colcon_core.package_identification:_identify(src) by extension 'ros'
[0.313s] Level 1:colcon.colcon_core.package_identification:_identify(src) by extensions ['cmake', 'python']
[0.313s] Level 1:colcon.colcon_core.package_identification:_identify(src) by extension 'cmake'
[0.313s] Level 1:colcon.colcon_core.package_identification:_identify(src) by extension 'python'
[0.313s] Level 1:colcon.colcon_core.package_identification:_identify(src) by extensions ['python_setup_py']
[0.313s] Level 1:colcon.colcon_core.package_identification:_identify(src) by extension 'python_setup_py'
[0.314s] Level 1:colcon.colcon_core.package_identification:_identify(src/41068_ignition_bringup) by extensions ['ignore', 'ignore_ament_install']
[0.314s] Level 1:colcon.colcon_core.package_identification:_identify(src/41068_ignition_bringup) by extension 'ignore'
[0.314s] Level 1:colcon.colcon_core.package_identification:_identify(src/41068_ignition_bringup) by extension 'ignore_ament_install'
[0.314s] Level 1:colcon.colcon_core.package_identification:_identify(src/41068_ignition_bringup) by extensions ['colcon_pkg']
[0.314s] Level 1:colcon.colcon_core.package_identification:_identify(src/41068_ignition_bringup) by extension 'colcon_pkg'
[0.314s] Level 1:colcon.colcon_core.package_identification:_identify(src/41068_ignition_bringup) by extensions ['colcon_meta']
[0.314s] Level 1:colcon.colcon_core.package_identification:_identify(src/41068_ignition_bringup) by extension 'colcon_meta'
[0.314s] Level 1:colcon.colcon_core.package_identification:_identify(src/41068_ignition_bringup) by extensions ['ros']
[0.314s] Level 1:colcon.colcon_core.package_identification:_identify(src/41068_ignition_bringup) by extension 'ros'
[0.317s] DEBUG:colcon.colcon_core.package_identification:Package 'src/41068_ignition_bringup' with type 'ros.ament_cmake' and name '41068_ignition_bringup'
[0.317s] Level 1:colcon.colcon_core.package_identification:_identify(src/rs1_gui) by extensions ['ignore', 'ignore_ament_install']
[0.317s] Level 1:colcon.colcon_core.package_identification:_identify(src/rs1_gui) by extension 'ignore'
[0.318s] Level 1:colcon.colcon_core.package_identification:_identify(src/rs1_gui) by extension 'ignore_ament_install'
[0.318s] Level 1:colcon.colcon_core.package_identification:_identify(src/rs1_gui) by extensions ['colcon_pkg']
[0.318s] Level 1:colcon.colcon_core.package_identification:_identify(src/rs1_gui) by extension 'colcon_pkg'
[0.318s] Level 1:colcon.colcon_core.package_identification:_identify(src/rs1_gui) by extensions ['colcon_meta']
[0.318s] Level 1:colcon.colcon_core.package_identification:_identify(src/rs1_gui) by extension 'colcon_meta'
[0.318s] Level 1:colcon.colcon_core.package_identification:_identify(src/rs1_gui) by extensions ['ros']
[0.318s] Level 1:colcon.colcon_core.package_identification:_identify(src/rs1_gui) by extension 'ros'
[0.319s] DEBUG:colcon.colcon_core.package_identification:Package 'src/rs1_gui' with type 'ros.ament_python' and name 'rs1_gui'
[0.319s] Level 1:colcon.colcon_core.package_identification:_identify(src/sensor_node_cpp) by extensions ['ignore', 'ignore_ament_install']
[0.319s] Level 1:colcon.colcon_core.package_identification:_identify(src/sensor_node_cpp) by extension 'ignore'
[0.319s] Level 1:colcon.colcon_core.package_identification:_identify(src/sensor_node_cpp) by extension 'ignore_ament_install'
[0.319s] Level 1:colcon.colcon_core.package_identification:_identify(src/sensor_node_cpp) by extensions ['colcon_pkg']
[0.319s] Level 1:colcon.colcon_core.package_identification:_identify(src/sensor_node_cpp) by extension 'colcon_pkg'
[0.319s] Level 1:colcon.colcon_core.package_identification:_identify(src/sensor_node_cpp) by extensions ['colcon_meta']
[0.319s] Level 1:colcon.colcon_core.package_identification:_identify(src/sensor_node_cpp) by extension 'colcon_meta'
[0.319s] Level 1:colcon.colcon_core.package_identification:_identify(src/sensor_node_cpp) by extensions ['ros']
[0.319s] Level 1:colcon.colcon_core.package_identification:_identify(src/sensor_node_cpp) by extension 'ros'
[0.321s] DEBUG:colcon.colcon_core.package_identification:Package 'src/sensor_node_cpp' with type 'ros.ament_cmake' and name 'sensor_node_cpp'
[0.321s] Level 1:colcon.colcon_core.package_discovery:discover_packages(recursive) using defaults
[0.321s] Level 1:colcon.colcon_core.package_discovery:discover_packages(ignore) discover
[0.321s] Level 1:colcon.colcon_core.package_discovery:discover_packages(ignore) using defaults
[0.321s] Level 1:colcon.colcon_core.package_discovery:discover_packages(path) discover
[0.321s] Level 1:colcon.colcon_core.package_discovery:discover_packages(path) using defaults
[0.355s] INFO:colcon.colcon_core.package_selection:Skipping not selected package 'rs1_gui' in 'src/rs1_gui'
[0.355s] INFO:colcon.colcon_core.package_selection:Skipping not selected package 'sensor_node_cpp' in 'src/sensor_node_cpp'
[0.356s] Level 1:colcon.colcon_core.package_discovery:discover_packages(prefix_path) check parameters
[0.356s] Level 1:colcon.colcon_core.package_discovery:discover_packages(prefix_path) discover
[0.357s] WARNING:colcon.colcon_ros.prefix_path.ament:The path '/home/student/RS1-Group5/41068_ws/install/41068_ignition_bringup' in the environment variable AMENT_PREFIX_PATH doesn't exist
[0.357s] WARNING:colcon.colcon_ros.prefix_path.catkin:The path '/home/student/RS1-Group5/41068_ws/install/41068_ignition_bringup' in the environment variable CMAKE_PREFIX_PATH doesn't exist
[0.358s] DEBUG:colcon.colcon_installed_package_information.package_discovery:Found 0 installed packages in /home/student/RS1-Group5/41068_ws/install
[0.358s] DEBUG:colcon.colcon_installed_package_information.package_discovery:Found 0 installed packages in /home/student/ros2_ws/install
[0.361s] DEBUG:colcon.colcon_installed_package_information.package_discovery:Found 424 installed packages in /opt/ros/humble
[0.365s] Level 1:colcon.colcon_core.package_discovery:discover_packages(prefix_path) using defaults
[0.419s] Level 5:colcon.colcon_core.verb:set package '41068_ignition_bringup' build argument 'cmake_args' from command line to 'None'
[0.420s] Level 5:colcon.colcon_core.verb:set package '41068_ignition_bringup' build argument 'cmake_target' from command line to 'None'
[0.420s] Level 5:colcon.colcon_core.verb:set package '41068_ignition_bringup' build argument 'cmake_target_skip_unavailable' from command line to 'False'
[0.420s] Level 5:colcon.colcon_core.verb:set package '41068_ignition_bringup' build argument 'cmake_clean_cache' from command line to 'False'
[0.420s] Level 5:colcon.colcon_core.verb:set package '41068_ignition_bringup' build argument 'cmake_clean_first' from command line to 'False'
[0.420s] Level 5:colcon.colcon_core.verb:set package '41068_ignition_bringup' build argument 'cmake_force_configure' from command line to 'False'
[0.420s] Level 5:colcon.colcon_core.verb:set package '41068_ignition_bringup' build argument 'ament_cmake_args' from command line to 'None'
[0.420s] Level 5:colcon.colcon_core.verb:set package '41068_ignition_bringup' build argument 'catkin_cmake_args' from command line to 'None'
[0.420s] Level 5:colcon.colcon_core.verb:set package '41068_ignition_bringup' build argument 'catkin_skip_building_tests' from command line to 'False'
[0.420s] DEBUG:colcon.colcon_core.verb:Building package '41068_ignition_bringup' with the following arguments: {'ament_cmake_args': None, 'build_base': '/home/student/RS1-Group5/41068_ws/build/41068_ignition_bringup', 'catkin_cmake_args': None, 'catkin_skip_building_tests': False, 'cmake_args': None, 'cmake_clean_cache': False, 'cmake_clean_first': False, 'cmake_force_configure': False, 'cmake_target': None, 'cmake_target_skip_unavailable': False, 'install_base': '/home/student/RS1-Group5/41068_ws/install/41068_ignition_bringup', 'merge_install': False, 'path': '/home/student/RS1-Group5/41068_ws/src/41068_ignition_bringup', 'symlink_install': True, 'test_result_base': None}
[0.420s] INFO:colcon.colcon_core.executor:Executing jobs using 'parallel' executor
[0.421s] DEBUG:colcon.colcon_parallel_executor.executor.parallel:run_until_complete
[0.422s] INFO:colcon.colcon_ros.task.ament_cmake.build:Building ROS package in '/home/student/RS1-Group5/41068_ws/src/41068_ignition_bringup' with build type 'ament_cmake'
[0.422s] INFO:colcon.colcon_cmake.task.cmake.build:Building CMake package in '/home/student/RS1-Group5/41068_ws/src/41068_ignition_bringup'
[0.424s] INFO:colcon.colcon_core.plugin_system:Skipping extension 'colcon_core.shell.bat': Not used on non-Windows systems
[0.424s] INFO:colcon.colcon_core.shell:Skip shell extension 'powershell' for command environment: Not usable outside of PowerShell
[0.424s] DEBUG:colcon.colcon_core.shell:Skip shell extension 'dsv' for command environment
[0.434s] DEBUG:colcon.colcon_core.event_handler.log_command:Invoking command in '/home/student/RS1-Group5/41068_ws/build/41068_ignition_bringup': CMAKE_PREFIX_PATH=${CMAKE_PREFIX_PATH}:/opt/ros/humble /usr/bin/cmake /home/student/RS1-Group5/41068_ws/src/41068_ignition_bringup -DAMENT_CMAKE_SYMLINK_INSTALL=1 -DCMAKE_INSTALL_PREFIX=/home/student/RS1-Group5/41068_ws/install/41068_ignition_bringup
[1.907s] DEBUG:colcon.colcon_core.event_handler.log_command:Invoked command in '/home/student/RS1-Group5/41068_ws/build/41068_ignition_bringup' returned '0': CMAKE_PREFIX_PATH=${CMAKE_PREFIX_PATH}:/opt/ros/humble /usr/bin/cmake /home/student/RS1-Group5/41068_ws/src/41068_ignition_bringup -DAMENT_CMAKE_SYMLINK_INSTALL=1 -DCMAKE_INSTALL_PREFIX=/home/student/RS1-Group5/41068_ws/install/41068_ignition_bringup
[1.910s] DEBUG:colcon.colcon_core.event_handler.log_command:Invoking command in '/home/student/RS1-Group5/41068_ws/build/41068_ignition_bringup': CMAKE_PREFIX_PATH=${CMAKE_PREFIX_PATH}:/opt/ros/humble /usr/bin/cmake --build /home/student/RS1-Group5/41068_ws/build/41068_ignition_bringup -- -j8 -l8
[11.110s] DEBUG:colcon.colcon_core.event_handler.log_command:Invoked command in '/home/student/RS1-Group5/41068_ws/build/41068_ignition_bringup' returned '0': CMAKE_PREFIX_PATH=${CMAKE_PREFIX_PATH}:/opt/ros/humble /usr/bin/cmake --build /home/student/RS1-Group5/41068_ws/build/41068_ignition_bringup -- -j8 -l8
[11.121s] DEBUG:colcon.colcon_core.event_handler.log_command:Invoking command in '/home/student/RS1-Group5/41068_ws/build/41068_ignition_bringup': CMAKE_PREFIX_PATH=${CMAKE_PREFIX_PATH}:/opt/ros/humble /usr/bin/cmake --install /home/student/RS1-Group5/41068_ws/build/41068_ignition_bringup
[12.000s] Level 1:colcon.colcon_core.environment:create_environment_scripts_only(41068_ignition_bringup)
[12.003s] DEBUG:colcon.colcon_core.event_handler.log_command:Invoked command in '/home/student/RS1-Group5/41068_ws/build/41068_ignition_bringup' returned '0': CMAKE_PREFIX_PATH=${CMAKE_PREFIX_PATH}:/opt/ros/humble /usr/bin/cmake --install /home/student/RS1-Group5/41068_ws/build/41068_ignition_bringup
[12.004s] Level 1:colcon.colcon_core.environment:checking '/home/student/RS1-Group5/41068_ws/install/41068_ignition_bringup' for CMake module files
[12.005s] Level 1:colcon.colcon_core.environment:checking '/home/student/RS1-Group5/41068_ws/install/41068_ignition_bringup' for CMake config files
[12.006s] Level 1:colcon.colcon_core.shell:create_environment_hook('41068_ignition_bringup', 'cmake_prefix_path')
[12.006s] INFO:colcon.colcon_core.shell:Creating environment hook '/home/student/RS1-Group5/41068_ws/install/41068_ignition_bringup/share/41068_ignition_bringup/hook/cmake_prefix_path.ps1'
[12.007s] INFO:colcon.colcon_core.shell:Creating environment descriptor '/home/student/RS1-Group5/41068_ws/install/41068_ignition_bringup/share/41068_ignition_bringup/hook/cmake_prefix_path.dsv'
[12.008s] INFO:colcon.colcon_core.shell:Creating environment hook '/home/student/RS1-Group5/41068_ws/install/41068_ignition_bringup/share/41068_ignition_bringup/hook/cmake_prefix_path.sh'
[12.008s] Level 1:colcon.colcon_core.environment:checking '/home/student/RS1-Group5/41068_ws/install/41068_ignition_bringup/lib'
[12.009s] Level 1:colcon.colcon_core.environment:checking '/home/student/RS1-Group5/41068_ws/install/41068_ignition_bringup/bin'
[12.009s] Level 1:colcon.colcon_core.environment:checking '/home/student/RS1-Group5/41068_ws/install/41068_ignition_bringup/lib/pkgconfig/41068_ignition_bringup.pc'
[12.009s] Level 1:colcon.colcon_core.environment:checking '/home/student/RS1-Group5/41068_ws/install/41068_ignition_bringup/lib/python3.10/site-packages'
[12.009s] Level 1:colcon.colcon_core.environment:checking '/home/student/RS1-Group5/41068_ws/install/41068_ignition_bringup/bin'
[12.010s] INFO:colcon.colcon_core.shell:Creating package script '/home/student/RS1-Group5/41068_ws/install/41068_ignition_bringup/share/41068_ignition_bringup/package.ps1'
[12.010s] INFO:colcon.colcon_core.shell:Creating package descriptor '/home/student/RS1-Group5/41068_ws/install/41068_ignition_bringup/share/41068_ignition_bringup/package.dsv'
[12.011s] INFO:colcon.colcon_core.shell:Creating package script '/home/student/RS1-Group5/41068_ws/install/41068_ignition_bringup/share/41068_ignition_bringup/package.sh'
[12.012s] INFO:colcon.colcon_core.shell:Creating package script '/home/student/RS1-Group5/41068_ws/install/41068_ignition_bringup/share/41068_ignition_bringup/package.bash'
[12.012s] INFO:colcon.colcon_core.shell:Creating package script '/home/student/RS1-Group5/41068_ws/install/41068_ignition_bringup/share/41068_ignition_bringup/package.zsh'
[12.013s] Level 1:colcon.colcon_core.environment:create_file_with_runtime_dependencies(/home/student/RS1-Group5/41068_ws/install/41068_ignition_bringup/share/colcon-core/packages/41068_ignition_bringup)
[12.014s] Level 1:colcon.colcon_core.environment:create_environment_scripts_only(41068_ignition_bringup)
[12.014s] Level 1:colcon.colcon_core.environment:checking '/home/student/RS1-Group5/41068_ws/install/41068_ignition_bringup' for CMake module files
[12.015s] Level 1:colcon.colcon_core.environment:checking '/home/student/RS1-Group5/41068_ws/install/41068_ignition_bringup' for CMake config files
[12.015s] Level 1:colcon.colcon_core.shell:create_environment_hook('41068_ignition_bringup', 'cmake_prefix_path')
[12.015s] INFO:colcon.colcon_core.shell:Creating environment hook '/home/student/RS1-Group5/41068_ws/install/41068_ignition_bringup/share/41068_ignition_bringup/hook/cmake_prefix_path.ps1'
[12.016s] INFO:colcon.colcon_core.shell:Creating environment descriptor '/home/student/RS1-Group5/41068_ws/install/41068_ignition_bringup/share/41068_ignition_bringup/hook/cmake_prefix_path.dsv'
[12.016s] INFO:colcon.colcon_core.shell:Creating environment hook '/home/student/RS1-Group5/41068_ws/install/41068_ignition_bringup/share/41068_ignition_bringup/hook/cmake_prefix_path.sh'
[12.017s] Level 1:colcon.colcon_core.environment:checking '/home/student/RS1-Group5/41068_ws/install/41068_ignition_bringup/lib'
[12.017s] Level 1:colcon.colcon_core.environment:checking '/home/student/RS1-Group5/41068_ws/install/41068_ignition_bringup/bin'
[12.017s] Level 1:colcon.colcon_core.environment:checking '/home/student/RS1-Group5/41068_ws/install/41068_ignition_bringup/lib/pkgconfig/41068_ignition_bringup.pc'
[12.017s] Level 1:colcon.colcon_core.environment:checking '/home/student/RS1-Group5/41068_ws/install/41068_ignition_bringup/lib/python3.10/site-packages'
[12.017s] Level 1:colcon.colcon_core.environment:checking '/home/student/RS1-Group5/41068_ws/install/41068_ignition_bringup/bin'
[12.017s] INFO:colcon.colcon_core.shell:Creating package script '/home/student/RS1-Group5/41068_ws/install/41068_ignition_bringup/share/41068_ignition_bringup/package.ps1'
[12.018s] INFO:colcon.colcon_core.shell:Creating package descriptor '/home/student/RS1-Group5/41068_ws/install/41068_ignition_bringup/share/41068_ignition_bringup/package.dsv'
[12.018s] INFO:colcon.colcon_core.shell:Creating package script '/home/student/RS1-Group5/41068_ws/install/41068_ignition_bringup/share/41068_ignition_bringup/package.sh'
[12.019s] INFO:colcon.colcon_core.shell:Creating package script '/home/student/RS1-Group5/41068_ws/install/41068_ignition_bringup/share/41068_ignition_bringup/package.bash'
[12.019s] INFO:colcon.colcon_core.shell:Creating package script '/home/student/RS1-Group5/41068_ws/install/41068_ignition_bringup/share/41068_ignition_bringup/package.zsh'
[12.020s] Level 1:colcon.colcon_core.environment:create_file_with_runtime_dependencies(/home/student/RS1-Group5/41068_ws/install/41068_ignition_bringup/share/colcon-core/packages/41068_ignition_bringup)
[12.020s] DEBUG:colcon.colcon_parallel_executor.executor.parallel:closing loop
[12.020s] DEBUG:colcon.colcon_parallel_executor.executor.parallel:loop closed
[12.021s] DEBUG:colcon.colcon_parallel_executor.executor.parallel:run_until_complete finished with '0'
[12.021s] DEBUG:colcon.colcon_core.event_reactor:joining thread
[12.026s] INFO:colcon.colcon_core.plugin_system:Skipping extension 'colcon_notification.desktop_notification.terminal_notifier': Not used on non-Darwin systems
[12.026s] INFO:colcon.colcon_core.plugin_system:Skipping extension 'colcon_notification.desktop_notification.win32': Not used on non-Windows systems
[12.026s] INFO:colcon.colcon_notification.desktop_notification:Sending desktop notification using 'notify2'
[12.039s] DEBUG:colcon.colcon_core.event_reactor:joined thread
[12.039s] INFO:colcon.colcon_core.shell:Creating prefix script '/home/student/RS1-Group5/41068_ws/install/local_setup.ps1'
[12.040s] INFO:colcon.colcon_core.shell:Creating prefix util module '/home/student/RS1-Group5/41068_ws/install/_local_setup_util_ps1.py'
[12.041s] INFO:colcon.colcon_core.shell:Creating prefix chain script '/home/student/RS1-Group5/41068_ws/install/setup.ps1'
[12.043s] INFO:colcon.colcon_core.shell:Creating prefix script '/home/student/RS1-Group5/41068_ws/install/local_setup.sh'
[12.043s] INFO:colcon.colcon_core.shell:Creating prefix util module '/home/student/RS1-Group5/41068_ws/install/_local_setup_util_sh.py'
[12.044s] INFO:colcon.colcon_core.shell:Creating prefix chain script '/home/student/RS1-Group5/41068_ws/install/setup.sh'
[12.046s] INFO:colcon.colcon_core.shell:Creating prefix script '/home/student/RS1-Group5/41068_ws/install/local_setup.bash'
[12.046s] INFO:colcon.colcon_core.shell:Creating prefix chain script '/home/student/RS1-Group5/41068_ws/install/setup.bash'
[12.048s] INFO:colcon.colcon_core.shell:Creating prefix script '/home/student/RS1-Group5/41068_ws/install/local_setup.zsh'
[12.049s] INFO:colcon.colcon_core.shell:Creating prefix chain script '/home/student/RS1-Group5/41068_ws/install/setup.zsh'
