[0.200s] DEBUG:colcon:Command line arguments: ['/usr/bin/colcon', 'build']
[0.200s] DEBUG:colcon:Parsed command line arguments: Namespace(log_base=None, log_level=None, verb_name='build', build_base='build', install_base='install', merge_install=False, symlink_install=False, test_result_base=None, continue_on_error=False, executor='parallel', parallel_workers=8, event_handlers=None, ignore_user_meta=False, metas=['./colcon.meta'], base_paths=['.'], packages_ignore=None, packages_ignore_regex=None, paths=None, packages_up_to=None, packages_up_to_regex=None, packages_above=None, packages_above_and_dependencies=None, packages_above_depth=None, packages_select_by_dep=None, packages_skip_by_dep=None, packages_skip_up_to=None, packages_select_build_failed=False, packages_skip_build_finished=False, packages_select_test_failures=False, packages_skip_test_passed=False, packages_select=None, packages_skip=None, packages_select_regex=None, packages_skip_regex=None, packages_start=None, packages_end=None, allow_overriding=[], cmake_args=None, cmake_target=None, cmake_target_skip_unavailable=False, cmake_clean_cache=False, cmake_clean_first=False, cmake_force_configure=False, ament_cmake_args=None, catkin_cmake_args=None, catkin_skip_building_tests=False, mixin_files=None, mixin=None, verb_parser=<colcon_mixin.mixin.mixin_argument.MixinArgumentDecorator object at 0x7da8bc8659c0>, verb_extension=<colcon_core.verb.build.BuildVerb object at 0x7da8bc972950>, main=<bound method BuildVerb.main of <colcon_core.verb.build.BuildVerb object at 0x7da8bc972950>>, mixin_verb=('build',))
[0.537s] Level 1:colcon.colcon_core.package_discovery:discover_packages(colcon_meta) check parameters
[0.537s] Level 1:colcon.colcon_core.package_discovery:discover_packages(recursive) check parameters
[0.537s] Level 1:colcon.colcon_core.package_discovery:discover_packages(ignore) check parameters
[0.537s] Level 1:colcon.colcon_core.package_discovery:discover_packages(path) check parameters
[0.537s] Level 1:colcon.colcon_core.package_discovery:discover_packages(colcon_meta) discover
[0.537s] Level 1:colcon.colcon_core.package_discovery:discover_packages(recursive) discover
[0.537s] INFO:colcon.colcon_core.package_discovery:Crawling recursively for packages in '/home/rian/git/RS1-Group5/41068_ws/src/41068_ignition_bringup'
[0.537s] Level 1:colcon.colcon_core.package_identification:_identify(.) by extensions ['ignore', 'ignore_ament_install']
[0.537s] Level 1:colcon.colcon_core.package_identification:_identify(.) by extension 'ignore'
[0.537s] Level 1:colcon.colcon_core.package_identification:_identify(.) by extension 'ignore_ament_install'
[0.537s] Level 1:colcon.colcon_core.package_identification:_identify(.) by extensions ['colcon_pkg']
[0.537s] Level 1:colcon.colcon_core.package_identification:_identify(.) by extension 'colcon_pkg'
[0.538s] Level 1:colcon.colcon_core.package_identification:_identify(.) by extensions ['colcon_meta']
[0.538s] Level 1:colcon.colcon_core.package_identification:_identify(.) by extension 'colcon_meta'
[0.538s] Level 1:colcon.colcon_core.package_identification:_identify(.) by extensions ['ros']
[0.538s] Level 1:colcon.colcon_core.package_identification:_identify(.) by extension 'ros'
[0.552s] DEBUG:colcon.colcon_core.package_identification:Package '.' with type 'ros.ament_cmake' and name '41068_ignition_bringup'
[0.552s] Level 1:colcon.colcon_core.package_discovery:discover_packages(recursive) using defaults
[0.552s] Level 1:colcon.colcon_core.package_discovery:discover_packages(ignore) discover
[0.552s] Level 1:colcon.colcon_core.package_discovery:discover_packages(ignore) using defaults
[0.552s] Level 1:colcon.colcon_core.package_discovery:discover_packages(path) discover
[0.552s] Level 1:colcon.colcon_core.package_discovery:discover_packages(path) using defaults
[0.588s] Level 1:colcon.colcon_core.package_discovery:discover_packages(prefix_path) check parameters
[0.588s] Level 1:colcon.colcon_core.package_discovery:discover_packages(prefix_path) discover
[0.590s] DEBUG:colcon.colcon_installed_package_information.package_discovery:Found 1 installed packages in /home/rian/git/RS1-Group5/41068_ws/src/41068_ignition_bringup/install
[0.591s] DEBUG:colcon.colcon_installed_package_information.package_discovery:Found 401 installed packages in /opt/ros/humble
[0.592s] Level 1:colcon.colcon_core.package_discovery:discover_packages(prefix_path) using defaults
[0.670s] Level 5:colcon.colcon_core.verb:set package '41068_ignition_bringup' build argument 'cmake_args' from command line to 'None'
[0.671s] Level 5:colcon.colcon_core.verb:set package '41068_ignition_bringup' build argument 'cmake_target' from command line to 'None'
[0.671s] Level 5:colcon.colcon_core.verb:set package '41068_ignition_bringup' build argument 'cmake_target_skip_unavailable' from command line to 'False'
[0.671s] Level 5:colcon.colcon_core.verb:set package '41068_ignition_bringup' build argument 'cmake_clean_cache' from command line to 'False'
[0.671s] Level 5:colcon.colcon_core.verb:set package '41068_ignition_bringup' build argument 'cmake_clean_first' from command line to 'False'
[0.671s] Level 5:colcon.colcon_core.verb:set package '41068_ignition_bringup' build argument 'cmake_force_configure' from command line to 'False'
[0.671s] Level 5:colcon.colcon_core.verb:set package '41068_ignition_bringup' build argument 'ament_cmake_args' from command line to 'None'
[0.671s] Level 5:colcon.colcon_core.verb:set package '41068_ignition_bringup' build argument 'catkin_cmake_args' from command line to 'None'
[0.671s] Level 5:colcon.colcon_core.verb:set package '41068_ignition_bringup' build argument 'catkin_skip_building_tests' from command line to 'False'
[0.671s] DEBUG:colcon.colcon_core.verb:Building package '41068_ignition_bringup' with the following arguments: {'ament_cmake_args': None, 'build_base': '/home/rian/git/RS1-Group5/41068_ws/src/41068_ignition_bringup/build/41068_ignition_bringup', 'catkin_cmake_args': None, 'catkin_skip_building_tests': False, 'cmake_args': None, 'cmake_clean_cache': False, 'cmake_clean_first': False, 'cmake_force_configure': False, 'cmake_target': None, 'cmake_target_skip_unavailable': False, 'install_base': '/home/rian/git/RS1-Group5/41068_ws/src/41068_ignition_bringup/install/41068_ignition_bringup', 'merge_install': False, 'path': '/home/rian/git/RS1-Group5/41068_ws/src/41068_ignition_bringup', 'symlink_install': False, 'test_result_base': None}
[0.671s] INFO:colcon.colcon_core.executor:Executing jobs using 'parallel' executor
[0.672s] DEBUG:colcon.colcon_parallel_executor.executor.parallel:run_until_complete
[0.672s] INFO:colcon.colcon_ros.task.ament_cmake.build:Building ROS package in '/home/rian/git/RS1-Group5/41068_ws/src/41068_ignition_bringup' with build type 'ament_cmake'
[0.672s] INFO:colcon.colcon_cmake.task.cmake.build:Building CMake package in '/home/rian/git/RS1-Group5/41068_ws/src/41068_ignition_bringup'
[0.675s] INFO:colcon.colcon_core.plugin_system:Skipping extension 'colcon_core.shell.bat': Not used on non-Windows systems
[0.676s] INFO:colcon.colcon_core.shell:Skip shell extension 'powershell' for command environment: Not usable outside of PowerShell
[0.676s] DEBUG:colcon.colcon_core.shell:Skip shell extension 'dsv' for command environment
[0.683s] DEBUG:colcon.colcon_core.event_handler.log_command:Invoking command in '/home/rian/git/RS1-Group5/41068_ws/src/41068_ignition_bringup/build/41068_ignition_bringup': CMAKE_PREFIX_PATH=${CMAKE_PREFIX_PATH}:/opt/ros/humble /usr/bin/cmake --build /home/rian/git/RS1-Group5/41068_ws/src/41068_ignition_bringup/build/41068_ignition_bringup -- -j8 -l8
[6.930s] DEBUG:colcon.colcon_core.event_handler.log_command:Invoked command in '/home/rian/git/RS1-Group5/41068_ws/src/41068_ignition_bringup/build/41068_ignition_bringup' returned '0': CMAKE_PREFIX_PATH=${CMAKE_PREFIX_PATH}:/opt/ros/humble /usr/bin/cmake --build /home/rian/git/RS1-Group5/41068_ws/src/41068_ignition_bringup/build/41068_ignition_bringup -- -j8 -l8
[6.938s] DEBUG:colcon.colcon_core.event_handler.log_command:Invoking command in '/home/rian/git/RS1-Group5/41068_ws/src/41068_ignition_bringup/build/41068_ignition_bringup': CMAKE_PREFIX_PATH=${CMAKE_PREFIX_PATH}:/opt/ros/humble /usr/bin/cmake --install /home/rian/git/RS1-Group5/41068_ws/src/41068_ignition_bringup/build/41068_ignition_bringup
[6.957s] Level 1:colcon.colcon_core.environment:create_environment_scripts_only(41068_ignition_bringup)
[6.963s] DEBUG:colcon.colcon_core.event_handler.log_command:Invoked command in '/home/rian/git/RS1-Group5/41068_ws/src/41068_ignition_bringup/build/41068_ignition_bringup' returned '0': CMAKE_PREFIX_PATH=${CMAKE_PREFIX_PATH}:/opt/ros/humble /usr/bin/cmake --install /home/rian/git/RS1-Group5/41068_ws/src/41068_ignition_bringup/build/41068_ignition_bringup
[6.967s] Level 1:colcon.colcon_core.environment:checking '/home/rian/git/RS1-Group5/41068_ws/src/41068_ignition_bringup/install/41068_ignition_bringup' for CMake module files
[6.967s] Level 1:colcon.colcon_core.environment:checking '/home/rian/git/RS1-Group5/41068_ws/src/41068_ignition_bringup/install/41068_ignition_bringup' for CMake config files
[6.968s] Level 1:colcon.colcon_core.shell:create_environment_hook('41068_ignition_bringup', 'cmake_prefix_path')
[6.968s] INFO:colcon.colcon_core.shell:Creating environment hook '/home/rian/git/RS1-Group5/41068_ws/src/41068_ignition_bringup/install/41068_ignition_bringup/share/41068_ignition_bringup/hook/cmake_prefix_path.ps1'
[6.969s] INFO:colcon.colcon_core.shell:Creating environment descriptor '/home/rian/git/RS1-Group5/41068_ws/src/41068_ignition_bringup/install/41068_ignition_bringup/share/41068_ignition_bringup/hook/cmake_prefix_path.dsv'
[6.969s] INFO:colcon.colcon_core.shell:Creating environment hook '/home/rian/git/RS1-Group5/41068_ws/src/41068_ignition_bringup/install/41068_ignition_bringup/share/41068_ignition_bringup/hook/cmake_prefix_path.sh'
[6.970s] Level 1:colcon.colcon_core.environment:checking '/home/rian/git/RS1-Group5/41068_ws/src/41068_ignition_bringup/install/41068_ignition_bringup/lib'
[6.970s] Level 1:colcon.colcon_core.environment:checking '/home/rian/git/RS1-Group5/41068_ws/src/41068_ignition_bringup/install/41068_ignition_bringup/bin'
[6.970s] Level 1:colcon.colcon_core.environment:checking '/home/rian/git/RS1-Group5/41068_ws/src/41068_ignition_bringup/install/41068_ignition_bringup/lib/pkgconfig/41068_ignition_bringup.pc'
[6.970s] Level 1:colcon.colcon_core.environment:checking '/home/rian/git/RS1-Group5/41068_ws/src/41068_ignition_bringup/install/41068_ignition_bringup/lib/python3.10/site-packages'
[6.970s] Level 1:colcon.colcon_core.environment:checking '/home/rian/git/RS1-Group5/41068_ws/src/41068_ignition_bringup/install/41068_ignition_bringup/bin'
[6.971s] INFO:colcon.colcon_core.shell:Creating package script '/home/rian/git/RS1-Group5/41068_ws/src/41068_ignition_bringup/install/41068_ignition_bringup/share/41068_ignition_bringup/package.ps1'
[6.971s] INFO:colcon.colcon_core.shell:Creating package descriptor '/home/rian/git/RS1-Group5/41068_ws/src/41068_ignition_bringup/install/41068_ignition_bringup/share/41068_ignition_bringup/package.dsv'
[6.972s] INFO:colcon.colcon_core.shell:Creating package script '/home/rian/git/RS1-Group5/41068_ws/src/41068_ignition_bringup/install/41068_ignition_bringup/share/41068_ignition_bringup/package.sh'
[6.973s] INFO:colcon.colcon_core.shell:Creating package script '/home/rian/git/RS1-Group5/41068_ws/src/41068_ignition_bringup/install/41068_ignition_bringup/share/41068_ignition_bringup/package.bash'
[6.973s] INFO:colcon.colcon_core.shell:Creating package script '/home/rian/git/RS1-Group5/41068_ws/src/41068_ignition_bringup/install/41068_ignition_bringup/share/41068_ignition_bringup/package.zsh'
[6.975s] Level 1:colcon.colcon_core.environment:create_file_with_runtime_dependencies(/home/rian/git/RS1-Group5/41068_ws/src/41068_ignition_bringup/install/41068_ignition_bringup/share/colcon-core/packages/41068_ignition_bringup)
[6.975s] Level 1:colcon.colcon_core.environment:create_environment_scripts_only(41068_ignition_bringup)
[6.975s] Level 1:colcon.colcon_core.environment:checking '/home/rian/git/RS1-Group5/41068_ws/src/41068_ignition_bringup/install/41068_ignition_bringup' for CMake module files
[6.976s] Level 1:colcon.colcon_core.environment:checking '/home/rian/git/RS1-Group5/41068_ws/src/41068_ignition_bringup/install/41068_ignition_bringup' for CMake config files
[6.977s] Level 1:colcon.colcon_core.shell:create_environment_hook('41068_ignition_bringup', 'cmake_prefix_path')
[6.977s] INFO:colcon.colcon_core.shell:Creating environment hook '/home/rian/git/RS1-Group5/41068_ws/src/41068_ignition_bringup/install/41068_ignition_bringup/share/41068_ignition_bringup/hook/cmake_prefix_path.ps1'
[6.978s] INFO:colcon.colcon_core.shell:Creating environment descriptor '/home/rian/git/RS1-Group5/41068_ws/src/41068_ignition_bringup/install/41068_ignition_bringup/share/41068_ignition_bringup/hook/cmake_prefix_path.dsv'
[6.978s] INFO:colcon.colcon_core.shell:Creating environment hook '/home/rian/git/RS1-Group5/41068_ws/src/41068_ignition_bringup/install/41068_ignition_bringup/share/41068_ignition_bringup/hook/cmake_prefix_path.sh'
[6.979s] Level 1:colcon.colcon_core.environment:checking '/home/rian/git/RS1-Group5/41068_ws/src/41068_ignition_bringup/install/41068_ignition_bringup/lib'
[6.979s] Level 1:colcon.colcon_core.environment:checking '/home/rian/git/RS1-Group5/41068_ws/src/41068_ignition_bringup/install/41068_ignition_bringup/bin'
[6.979s] Level 1:colcon.colcon_core.environment:checking '/home/rian/git/RS1-Group5/41068_ws/src/41068_ignition_bringup/install/41068_ignition_bringup/lib/pkgconfig/41068_ignition_bringup.pc'
[6.979s] Level 1:colcon.colcon_core.environment:checking '/home/rian/git/RS1-Group5/41068_ws/src/41068_ignition_bringup/install/41068_ignition_bringup/lib/python3.10/site-packages'
[6.979s] Level 1:colcon.colcon_core.environment:checking '/home/rian/git/RS1-Group5/41068_ws/src/41068_ignition_bringup/install/41068_ignition_bringup/bin'
[6.979s] INFO:colcon.colcon_core.shell:Creating package script '/home/rian/git/RS1-Group5/41068_ws/src/41068_ignition_bringup/install/41068_ignition_bringup/share/41068_ignition_bringup/package.ps1'
[6.980s] INFO:colcon.colcon_core.shell:Creating package descriptor '/home/rian/git/RS1-Group5/41068_ws/src/41068_ignition_bringup/install/41068_ignition_bringup/share/41068_ignition_bringup/package.dsv'
[6.980s] INFO:colcon.colcon_core.shell:Creating package script '/home/rian/git/RS1-Group5/41068_ws/src/41068_ignition_bringup/install/41068_ignition_bringup/share/41068_ignition_bringup/package.sh'
[6.981s] INFO:colcon.colcon_core.shell:Creating package script '/home/rian/git/RS1-Group5/41068_ws/src/41068_ignition_bringup/install/41068_ignition_bringup/share/41068_ignition_bringup/package.bash'
[6.981s] INFO:colcon.colcon_core.shell:Creating package script '/home/rian/git/RS1-Group5/41068_ws/src/41068_ignition_bringup/install/41068_ignition_bringup/share/41068_ignition_bringup/package.zsh'
[6.982s] Level 1:colcon.colcon_core.environment:create_file_with_runtime_dependencies(/home/rian/git/RS1-Group5/41068_ws/src/41068_ignition_bringup/install/41068_ignition_bringup/share/colcon-core/packages/41068_ignition_bringup)
[6.982s] DEBUG:colcon.colcon_parallel_executor.executor.parallel:closing loop
[6.982s] DEBUG:colcon.colcon_parallel_executor.executor.parallel:loop closed
[6.982s] DEBUG:colcon.colcon_parallel_executor.executor.parallel:run_until_complete finished with '0'
[6.982s] DEBUG:colcon.colcon_core.event_reactor:joining thread
[6.990s] INFO:colcon.colcon_core.plugin_system:Skipping extension 'colcon_notification.desktop_notification.terminal_notifier': Not used on non-Darwin systems
[6.990s] INFO:colcon.colcon_core.plugin_system:Skipping extension 'colcon_notification.desktop_notification.win32': Not used on non-Windows systems
[6.991s] INFO:colcon.colcon_notification.desktop_notification:Sending desktop notification using 'notify2'
[7.063s] DEBUG:colcon.colcon_core.event_reactor:joined thread
[7.063s] INFO:colcon.colcon_core.shell:Creating prefix script '/home/rian/git/RS1-Group5/41068_ws/src/41068_ignition_bringup/install/local_setup.ps1'
[7.064s] INFO:colcon.colcon_core.shell:Creating prefix util module '/home/rian/git/RS1-Group5/41068_ws/src/41068_ignition_bringup/install/_local_setup_util_ps1.py'
[7.065s] INFO:colcon.colcon_core.shell:Creating prefix chain script '/home/rian/git/RS1-Group5/41068_ws/src/41068_ignition_bringup/install/setup.ps1'
[7.067s] INFO:colcon.colcon_core.shell:Creating prefix script '/home/rian/git/RS1-Group5/41068_ws/src/41068_ignition_bringup/install/local_setup.sh'
[7.068s] INFO:colcon.colcon_core.shell:Creating prefix util module '/home/rian/git/RS1-Group5/41068_ws/src/41068_ignition_bringup/install/_local_setup_util_sh.py'
[7.068s] INFO:colcon.colcon_core.shell:Creating prefix chain script '/home/rian/git/RS1-Group5/41068_ws/src/41068_ignition_bringup/install/setup.sh'
[7.069s] INFO:colcon.colcon_core.shell:Creating prefix script '/home/rian/git/RS1-Group5/41068_ws/src/41068_ignition_bringup/install/local_setup.bash'
[7.070s] INFO:colcon.colcon_core.shell:Creating prefix chain script '/home/rian/git/RS1-Group5/41068_ws/src/41068_ignition_bringup/install/setup.bash'
[7.070s] INFO:colcon.colcon_core.shell:Creating prefix script '/home/rian/git/RS1-Group5/41068_ws/src/41068_ignition_bringup/install/local_setup.zsh'
[7.071s] INFO:colcon.colcon_core.shell:Creating prefix chain script '/home/rian/git/RS1-Group5/41068_ws/src/41068_ignition_bringup/install/setup.zsh'
