[0.131s] DEBUG:colcon:Command line arguments: ['/usr/bin/colcon', 'build', '--packages-select', '41068_ignition_bringup']
[0.131s] DEBUG:colcon:Parsed command line arguments: Namespace(log_base=None, log_level=None, verb_name='build', build_base='build', install_base='install', merge_install=False, symlink_install=False, test_result_base=None, continue_on_error=False, executor='parallel', parallel_workers=22, event_handlers=None, ignore_user_meta=False, metas=['./colcon.meta'], base_paths=['.'], packages_ignore=None, packages_ignore_regex=None, paths=None, packages_up_to=None, packages_up_to_regex=None, packages_above=None, packages_above_and_dependencies=None, packages_above_depth=None, packages_select_by_dep=None, packages_skip_by_dep=None, packages_skip_up_to=None, packages_select_build_failed=False, packages_skip_build_finished=False, packages_select_test_failures=False, packages_skip_test_passed=False, packages_select=['41068_ignition_bringup'], packages_skip=None, packages_select_regex=None, packages_skip_regex=None, packages_start=None, packages_end=None, allow_overriding=[], cmake_args=None, cmake_target=None, cmake_target_skip_unavailable=False, cmake_clean_cache=False, cmake_clean_first=False, cmake_force_configure=False, ament_cmake_args=None, catkin_cmake_args=None, catkin_skip_building_tests=False, mixin_files=None, mixin=None, verb_parser=<colcon_mixin.mixin.mixin_argument.MixinArgumentDecorator object at 0x74a2ae66e500>, verb_extension=<colcon_core.verb.build.BuildVerb object at 0x74a2ae66ded0>, main=<bound method BuildVerb.main of <colcon_core.verb.build.BuildVerb object at 0x74a2ae66ded0>>, mixin_verb=('build',))
[0.322s] Level 1:colcon.colcon_core.package_discovery:discover_packages(colcon_meta) check parameters
[0.322s] Level 1:colcon.colcon_core.package_discovery:discover_packages(recursive) check parameters
[0.322s] Level 1:colcon.colcon_core.package_discovery:discover_packages(ignore) check parameters
[0.322s] Level 1:colcon.colcon_core.package_discovery:discover_packages(path) check parameters
[0.322s] Level 1:colcon.colcon_core.package_discovery:discover_packages(colcon_meta) discover
[0.322s] Level 1:colcon.colcon_core.package_discovery:discover_packages(recursive) discover
[0.322s] INFO:colcon.colcon_core.package_discovery:Crawling recursively for packages in '/home/jun/git/Robotics-Studio-1/41068_ws'
[0.322s] Level 1:colcon.colcon_core.package_identification:_identify(.) by extensions ['ignore', 'ignore_ament_install']
[0.322s] Level 1:colcon.colcon_core.package_identification:_identify(.) by extension 'ignore'
[0.323s] Level 1:colcon.colcon_core.package_identification:_identify(.) by extension 'ignore_ament_install'
[0.323s] Level 1:colcon.colcon_core.package_identification:_identify(.) by extensions ['colcon_pkg']
[0.323s] Level 1:colcon.colcon_core.package_identification:_identify(.) by extension 'colcon_pkg'
[0.323s] Level 1:colcon.colcon_core.package_identification:_identify(.) by extensions ['colcon_meta']
[0.323s] Level 1:colcon.colcon_core.package_identification:_identify(.) by extension 'colcon_meta'
[0.323s] Level 1:colcon.colcon_core.package_identification:_identify(.) by extensions ['ros']
[0.323s] Level 1:colcon.colcon_core.package_identification:_identify(.) by extension 'ros'
[0.334s] Level 1:colcon.colcon_core.package_identification:_identify(.) by extensions ['cmake', 'python']
[0.334s] Level 1:colcon.colcon_core.package_identification:_identify(.) by extension 'cmake'
[0.334s] Level 1:colcon.colcon_core.package_identification:_identify(.) by extension 'python'
[0.334s] Level 1:colcon.colcon_core.package_identification:_identify(.) by extensions ['python_setup_py']
[0.335s] Level 1:colcon.colcon_core.package_identification:_identify(.) by extension 'python_setup_py'
[0.335s] Level 1:colcon.colcon_core.package_identification:_identify(build) by extensions ['ignore', 'ignore_ament_install']
[0.335s] Level 1:colcon.colcon_core.package_identification:_identify(build) by extension 'ignore'
[0.335s] Level 1:colcon.colcon_core.package_identification:_identify(build) ignored
[0.335s] Level 1:colcon.colcon_core.package_identification:_identify(install) by extensions ['ignore', 'ignore_ament_install']
[0.335s] Level 1:colcon.colcon_core.package_identification:_identify(install) by extension 'ignore'
[0.335s] Level 1:colcon.colcon_core.package_identification:_identify(install) ignored
[0.335s] Level 1:colcon.colcon_core.package_identification:_identify(log) by extensions ['ignore', 'ignore_ament_install']
[0.335s] Level 1:colcon.colcon_core.package_identification:_identify(log) by extension 'ignore'
[0.335s] Level 1:colcon.colcon_core.package_identification:_identify(log) ignored
[0.335s] Level 1:colcon.colcon_core.package_identification:_identify(src) by extensions ['ignore', 'ignore_ament_install']
[0.335s] Level 1:colcon.colcon_core.package_identification:_identify(src) by extension 'ignore'
[0.335s] Level 1:colcon.colcon_core.package_identification:_identify(src) by extension 'ignore_ament_install'
[0.335s] Level 1:colcon.colcon_core.package_identification:_identify(src) by extensions ['colcon_pkg']
[0.336s] Level 1:colcon.colcon_core.package_identification:_identify(src) by extension 'colcon_pkg'
[0.336s] Level 1:colcon.colcon_core.package_identification:_identify(src) by extensions ['colcon_meta']
[0.336s] Level 1:colcon.colcon_core.package_identification:_identify(src) by extension 'colcon_meta'
[0.336s] Level 1:colcon.colcon_core.package_identification:_identify(src) by extensions ['ros']
[0.336s] Level 1:colcon.colcon_core.package_identification:_identify(src) by extension 'ros'
[0.336s] Level 1:colcon.colcon_core.package_identification:_identify(src) by extensions ['cmake', 'python']
[0.336s] Level 1:colcon.colcon_core.package_identification:_identify(src) by extension 'cmake'
[0.336s] Level 1:colcon.colcon_core.package_identification:_identify(src) by extension 'python'
[0.336s] Level 1:colcon.colcon_core.package_identification:_identify(src) by extensions ['python_setup_py']
[0.336s] Level 1:colcon.colcon_core.package_identification:_identify(src) by extension 'python_setup_py'
[0.336s] Level 1:colcon.colcon_core.package_identification:_identify(src/41068_ignition_bringup) by extensions ['ignore', 'ignore_ament_install']
[0.336s] Level 1:colcon.colcon_core.package_identification:_identify(src/41068_ignition_bringup) by extension 'ignore'
[0.336s] Level 1:colcon.colcon_core.package_identification:_identify(src/41068_ignition_bringup) by extension 'ignore_ament_install'
[0.336s] Level 1:colcon.colcon_core.package_identification:_identify(src/41068_ignition_bringup) by extensions ['colcon_pkg']
[0.336s] Level 1:colcon.colcon_core.package_identification:_identify(src/41068_ignition_bringup) by extension 'colcon_pkg'
[0.336s] Level 1:colcon.colcon_core.package_identification:_identify(src/41068_ignition_bringup) by extensions ['colcon_meta']
[0.336s] Level 1:colcon.colcon_core.package_identification:_identify(src/41068_ignition_bringup) by extension 'colcon_meta'
[0.336s] Level 1:colcon.colcon_core.package_identification:_identify(src/41068_ignition_bringup) by extensions ['ros']
[0.336s] Level 1:colcon.colcon_core.package_identification:_identify(src/41068_ignition_bringup) by extension 'ros'
[0.339s] DEBUG:colcon.colcon_core.package_identification:Package 'src/41068_ignition_bringup' with type 'ros.ament_cmake' and name '41068_ignition_bringup'
[0.339s] Level 1:colcon.colcon_core.package_identification:_identify(src/build) by extensions ['ignore', 'ignore_ament_install']
[0.339s] Level 1:colcon.colcon_core.package_identification:_identify(src/build) by extension 'ignore'
[0.339s] Level 1:colcon.colcon_core.package_identification:_identify(src/build) ignored
[0.340s] Level 1:colcon.colcon_core.package_identification:_identify(src/install) by extensions ['ignore', 'ignore_ament_install']
[0.340s] Level 1:colcon.colcon_core.package_identification:_identify(src/install) by extension 'ignore'
[0.340s] Level 1:colcon.colcon_core.package_identification:_identify(src/install) ignored
[0.340s] Level 1:colcon.colcon_core.package_identification:_identify(src/log) by extensions ['ignore', 'ignore_ament_install']
[0.340s] Level 1:colcon.colcon_core.package_identification:_identify(src/log) by extension 'ignore'
[0.340s] Level 1:colcon.colcon_core.package_identification:_identify(src/log) ignored
[0.340s] Level 1:colcon.colcon_core.package_discovery:discover_packages(recursive) using defaults
[0.340s] Level 1:colcon.colcon_core.package_discovery:discover_packages(ignore) discover
[0.340s] Level 1:colcon.colcon_core.package_discovery:discover_packages(ignore) using defaults
[0.340s] Level 1:colcon.colcon_core.package_discovery:discover_packages(path) discover
[0.340s] Level 1:colcon.colcon_core.package_discovery:discover_packages(path) using defaults
[0.382s] Level 1:colcon.colcon_core.package_discovery:discover_packages(prefix_path) check parameters
[0.382s] Level 1:colcon.colcon_core.package_discovery:discover_packages(prefix_path) discover
[0.384s] DEBUG:colcon.colcon_installed_package_information.package_discovery:Found 1 installed packages in /home/jun/git/Robotics-Studio-1/41068_ws/install
[0.385s] DEBUG:colcon.colcon_installed_package_information.package_discovery:Found 7 installed packages in /home/jun/ros2_ws/install
[0.385s] DEBUG:colcon.colcon_installed_package_information.package_discovery:Found 1 installed packages in /home/jun/ros2_ws/src/install
[0.386s] DEBUG:colcon.colcon_installed_package_information.package_discovery:Found 1 installed packages in /home/jun/git/Robotics-Studio-1/41068_ws/src/41068_ignition_bringup/install
[0.386s] DEBUG:colcon.colcon_installed_package_information.package_discovery:Found 0 installed packages in /home/jun/git/Robotics-Studio-1/41068_ws/src/41068_ignition_bringup/models/forest_terrain/install
[0.389s] DEBUG:colcon.colcon_installed_package_information.package_discovery:Found 445 installed packages in /opt/ros/humble
[0.393s] Level 1:colcon.colcon_core.package_discovery:discover_packages(prefix_path) using defaults
[0.459s] Level 5:colcon.colcon_core.verb:set package '41068_ignition_bringup' build argument 'cmake_args' from command line to 'None'
[0.459s] Level 5:colcon.colcon_core.verb:set package '41068_ignition_bringup' build argument 'cmake_target' from command line to 'None'
[0.459s] Level 5:colcon.colcon_core.verb:set package '41068_ignition_bringup' build argument 'cmake_target_skip_unavailable' from command line to 'False'
[0.459s] Level 5:colcon.colcon_core.verb:set package '41068_ignition_bringup' build argument 'cmake_clean_cache' from command line to 'False'
[0.459s] Level 5:colcon.colcon_core.verb:set package '41068_ignition_bringup' build argument 'cmake_clean_first' from command line to 'False'
[0.459s] Level 5:colcon.colcon_core.verb:set package '41068_ignition_bringup' build argument 'cmake_force_configure' from command line to 'False'
[0.459s] Level 5:colcon.colcon_core.verb:set package '41068_ignition_bringup' build argument 'ament_cmake_args' from command line to 'None'
[0.459s] Level 5:colcon.colcon_core.verb:set package '41068_ignition_bringup' build argument 'catkin_cmake_args' from command line to 'None'
[0.459s] Level 5:colcon.colcon_core.verb:set package '41068_ignition_bringup' build argument 'catkin_skip_building_tests' from command line to 'False'
[0.459s] DEBUG:colcon.colcon_core.verb:Building package '41068_ignition_bringup' with the following arguments: {'ament_cmake_args': None, 'build_base': '/home/jun/git/Robotics-Studio-1/41068_ws/build/41068_ignition_bringup', 'catkin_cmake_args': None, 'catkin_skip_building_tests': False, 'cmake_args': None, 'cmake_clean_cache': False, 'cmake_clean_first': False, 'cmake_force_configure': False, 'cmake_target': None, 'cmake_target_skip_unavailable': False, 'install_base': '/home/jun/git/Robotics-Studio-1/41068_ws/install/41068_ignition_bringup', 'merge_install': False, 'path': '/home/jun/git/Robotics-Studio-1/41068_ws/src/41068_ignition_bringup', 'symlink_install': False, 'test_result_base': None}
[0.460s] INFO:colcon.colcon_core.executor:Executing jobs using 'parallel' executor
[0.461s] DEBUG:colcon.colcon_parallel_executor.executor.parallel:run_until_complete
[0.461s] INFO:colcon.colcon_ros.task.ament_cmake.build:Building ROS package in '/home/jun/git/Robotics-Studio-1/41068_ws/src/41068_ignition_bringup' with build type 'ament_cmake'
[0.461s] INFO:colcon.colcon_cmake.task.cmake.build:Building CMake package in '/home/jun/git/Robotics-Studio-1/41068_ws/src/41068_ignition_bringup'
[0.464s] INFO:colcon.colcon_core.plugin_system:Skipping extension 'colcon_core.shell.bat': Not used on non-Windows systems
[0.464s] INFO:colcon.colcon_core.shell:Skip shell extension 'powershell' for command environment: Not usable outside of PowerShell
[0.464s] DEBUG:colcon.colcon_core.shell:Skip shell extension 'dsv' for command environment
[0.477s] DEBUG:colcon.colcon_core.event_handler.log_command:Invoking command in '/home/jun/git/Robotics-Studio-1/41068_ws/build/41068_ignition_bringup': CMAKE_PREFIX_PATH=${CMAKE_PREFIX_PATH}:/opt/ros/humble /usr/bin/cmake --build /home/jun/git/Robotics-Studio-1/41068_ws/build/41068_ignition_bringup -- -j22 -l22
[20.399s] DEBUG:colcon.colcon_core.event_handler.log_command:Invoked command in '/home/jun/git/Robotics-Studio-1/41068_ws/build/41068_ignition_bringup' returned '0': CMAKE_PREFIX_PATH=${CMAKE_PREFIX_PATH}:/opt/ros/humble /usr/bin/cmake --build /home/jun/git/Robotics-Studio-1/41068_ws/build/41068_ignition_bringup -- -j22 -l22
[20.417s] DEBUG:colcon.colcon_core.event_handler.log_command:Invoking command in '/home/jun/git/Robotics-Studio-1/41068_ws/build/41068_ignition_bringup': CMAKE_PREFIX_PATH=${CMAKE_PREFIX_PATH}:/opt/ros/humble /usr/bin/cmake --install /home/jun/git/Robotics-Studio-1/41068_ws/build/41068_ignition_bringup
[20.455s] Level 1:colcon.colcon_core.environment:create_environment_scripts_only(41068_ignition_bringup)
[20.456s] DEBUG:colcon.colcon_core.event_handler.log_command:Invoked command in '/home/jun/git/Robotics-Studio-1/41068_ws/build/41068_ignition_bringup' returned '0': CMAKE_PREFIX_PATH=${CMAKE_PREFIX_PATH}:/opt/ros/humble /usr/bin/cmake --install /home/jun/git/Robotics-Studio-1/41068_ws/build/41068_ignition_bringup
[20.460s] Level 1:colcon.colcon_core.environment:checking '/home/jun/git/Robotics-Studio-1/41068_ws/install/41068_ignition_bringup' for CMake module files
[20.461s] Level 1:colcon.colcon_core.environment:checking '/home/jun/git/Robotics-Studio-1/41068_ws/install/41068_ignition_bringup' for CMake config files
[20.462s] Level 1:colcon.colcon_core.shell:create_environment_hook('41068_ignition_bringup', 'cmake_prefix_path')
[20.462s] INFO:colcon.colcon_core.shell:Creating environment hook '/home/jun/git/Robotics-Studio-1/41068_ws/install/41068_ignition_bringup/share/41068_ignition_bringup/hook/cmake_prefix_path.ps1'
[20.463s] INFO:colcon.colcon_core.shell:Creating environment descriptor '/home/jun/git/Robotics-Studio-1/41068_ws/install/41068_ignition_bringup/share/41068_ignition_bringup/hook/cmake_prefix_path.dsv'
[20.464s] INFO:colcon.colcon_core.shell:Creating environment hook '/home/jun/git/Robotics-Studio-1/41068_ws/install/41068_ignition_bringup/share/41068_ignition_bringup/hook/cmake_prefix_path.sh'
[20.465s] Level 1:colcon.colcon_core.environment:checking '/home/jun/git/Robotics-Studio-1/41068_ws/install/41068_ignition_bringup/lib'
[20.466s] Level 1:colcon.colcon_core.environment:checking '/home/jun/git/Robotics-Studio-1/41068_ws/install/41068_ignition_bringup/bin'
[20.466s] Level 1:colcon.colcon_core.environment:checking '/home/jun/git/Robotics-Studio-1/41068_ws/install/41068_ignition_bringup/lib/pkgconfig/41068_ignition_bringup.pc'
[20.466s] Level 1:colcon.colcon_core.environment:checking '/home/jun/git/Robotics-Studio-1/41068_ws/install/41068_ignition_bringup/lib/python3.10/site-packages'
[20.466s] Level 1:colcon.colcon_core.environment:checking '/home/jun/git/Robotics-Studio-1/41068_ws/install/41068_ignition_bringup/bin'
[20.467s] INFO:colcon.colcon_core.shell:Creating package script '/home/jun/git/Robotics-Studio-1/41068_ws/install/41068_ignition_bringup/share/41068_ignition_bringup/package.ps1'
[20.468s] INFO:colcon.colcon_core.shell:Creating package descriptor '/home/jun/git/Robotics-Studio-1/41068_ws/install/41068_ignition_bringup/share/41068_ignition_bringup/package.dsv'
[20.468s] INFO:colcon.colcon_core.shell:Creating package script '/home/jun/git/Robotics-Studio-1/41068_ws/install/41068_ignition_bringup/share/41068_ignition_bringup/package.sh'
[20.469s] INFO:colcon.colcon_core.shell:Creating package script '/home/jun/git/Robotics-Studio-1/41068_ws/install/41068_ignition_bringup/share/41068_ignition_bringup/package.bash'
[20.471s] INFO:colcon.colcon_core.shell:Creating package script '/home/jun/git/Robotics-Studio-1/41068_ws/install/41068_ignition_bringup/share/41068_ignition_bringup/package.zsh'
[20.472s] Level 1:colcon.colcon_core.environment:create_file_with_runtime_dependencies(/home/jun/git/Robotics-Studio-1/41068_ws/install/41068_ignition_bringup/share/colcon-core/packages/41068_ignition_bringup)
[20.474s] Level 1:colcon.colcon_core.environment:create_environment_scripts_only(41068_ignition_bringup)
[20.474s] Level 1:colcon.colcon_core.environment:checking '/home/jun/git/Robotics-Studio-1/41068_ws/install/41068_ignition_bringup' for CMake module files
[20.475s] Level 1:colcon.colcon_core.environment:checking '/home/jun/git/Robotics-Studio-1/41068_ws/install/41068_ignition_bringup' for CMake config files
[20.477s] Level 1:colcon.colcon_core.shell:create_environment_hook('41068_ignition_bringup', 'cmake_prefix_path')
[20.477s] INFO:colcon.colcon_core.shell:Creating environment hook '/home/jun/git/Robotics-Studio-1/41068_ws/install/41068_ignition_bringup/share/41068_ignition_bringup/hook/cmake_prefix_path.ps1'
[20.478s] INFO:colcon.colcon_core.shell:Creating environment descriptor '/home/jun/git/Robotics-Studio-1/41068_ws/install/41068_ignition_bringup/share/41068_ignition_bringup/hook/cmake_prefix_path.dsv'
[20.478s] INFO:colcon.colcon_core.shell:Creating environment hook '/home/jun/git/Robotics-Studio-1/41068_ws/install/41068_ignition_bringup/share/41068_ignition_bringup/hook/cmake_prefix_path.sh'
[20.479s] Level 1:colcon.colcon_core.environment:checking '/home/jun/git/Robotics-Studio-1/41068_ws/install/41068_ignition_bringup/lib'
[20.479s] Level 1:colcon.colcon_core.environment:checking '/home/jun/git/Robotics-Studio-1/41068_ws/install/41068_ignition_bringup/bin'
[20.479s] Level 1:colcon.colcon_core.environment:checking '/home/jun/git/Robotics-Studio-1/41068_ws/install/41068_ignition_bringup/lib/pkgconfig/41068_ignition_bringup.pc'
[20.479s] Level 1:colcon.colcon_core.environment:checking '/home/jun/git/Robotics-Studio-1/41068_ws/install/41068_ignition_bringup/lib/python3.10/site-packages'
[20.479s] Level 1:colcon.colcon_core.environment:checking '/home/jun/git/Robotics-Studio-1/41068_ws/install/41068_ignition_bringup/bin'
[20.480s] INFO:colcon.colcon_core.shell:Creating package script '/home/jun/git/Robotics-Studio-1/41068_ws/install/41068_ignition_bringup/share/41068_ignition_bringup/package.ps1'
[20.480s] INFO:colcon.colcon_core.shell:Creating package descriptor '/home/jun/git/Robotics-Studio-1/41068_ws/install/41068_ignition_bringup/share/41068_ignition_bringup/package.dsv'
[20.481s] INFO:colcon.colcon_core.shell:Creating package script '/home/jun/git/Robotics-Studio-1/41068_ws/install/41068_ignition_bringup/share/41068_ignition_bringup/package.sh'
[20.482s] INFO:colcon.colcon_core.shell:Creating package script '/home/jun/git/Robotics-Studio-1/41068_ws/install/41068_ignition_bringup/share/41068_ignition_bringup/package.bash'
[20.482s] INFO:colcon.colcon_core.shell:Creating package script '/home/jun/git/Robotics-Studio-1/41068_ws/install/41068_ignition_bringup/share/41068_ignition_bringup/package.zsh'
[20.483s] Level 1:colcon.colcon_core.environment:create_file_with_runtime_dependencies(/home/jun/git/Robotics-Studio-1/41068_ws/install/41068_ignition_bringup/share/colcon-core/packages/41068_ignition_bringup)
[20.483s] DEBUG:colcon.colcon_parallel_executor.executor.parallel:closing loop
[20.484s] DEBUG:colcon.colcon_parallel_executor.executor.parallel:loop closed
[20.484s] DEBUG:colcon.colcon_parallel_executor.executor.parallel:run_until_complete finished with '0'
[20.484s] DEBUG:colcon.colcon_core.event_reactor:joining thread
[20.490s] INFO:colcon.colcon_core.plugin_system:Skipping extension 'colcon_notification.desktop_notification.terminal_notifier': Not used on non-Darwin systems
[20.490s] INFO:colcon.colcon_core.plugin_system:Skipping extension 'colcon_notification.desktop_notification.win32': Not used on non-Windows systems
[20.490s] INFO:colcon.colcon_notification.desktop_notification:Sending desktop notification using 'notify2'
[20.508s] DEBUG:colcon.colcon_core.event_reactor:joined thread
[20.509s] INFO:colcon.colcon_core.shell:Creating prefix script '/home/jun/git/Robotics-Studio-1/41068_ws/install/local_setup.ps1'
[20.510s] INFO:colcon.colcon_core.shell:Creating prefix util module '/home/jun/git/Robotics-Studio-1/41068_ws/install/_local_setup_util_ps1.py'
[20.512s] INFO:colcon.colcon_core.shell:Creating prefix chain script '/home/jun/git/Robotics-Studio-1/41068_ws/install/setup.ps1'
[20.515s] INFO:colcon.colcon_core.shell:Creating prefix script '/home/jun/git/Robotics-Studio-1/41068_ws/install/local_setup.sh'
[20.516s] INFO:colcon.colcon_core.shell:Creating prefix util module '/home/jun/git/Robotics-Studio-1/41068_ws/install/_local_setup_util_sh.py'
[20.516s] INFO:colcon.colcon_core.shell:Creating prefix chain script '/home/jun/git/Robotics-Studio-1/41068_ws/install/setup.sh'
[20.518s] INFO:colcon.colcon_core.shell:Creating prefix script '/home/jun/git/Robotics-Studio-1/41068_ws/install/local_setup.bash'
[20.519s] INFO:colcon.colcon_core.shell:Creating prefix chain script '/home/jun/git/Robotics-Studio-1/41068_ws/install/setup.bash'
[20.520s] INFO:colcon.colcon_core.shell:Creating prefix script '/home/jun/git/Robotics-Studio-1/41068_ws/install/local_setup.zsh'
[20.521s] INFO:colcon.colcon_core.shell:Creating prefix chain script '/home/jun/git/Robotics-Studio-1/41068_ws/install/setup.zsh'
