[0.009s] Invoking command in '/home/rian/git/RS1-Group5/41068_ws/src/41068_ignition_bringup/build/41068_ignition_bringup': CMAKE_PREFIX_PATH=${CMAKE_PREFIX_PATH}:/opt/ros/humble /usr/bin/cmake --build /home/rian/git/RS1-Group5/41068_ws/src/41068_ignition_bringup/build/41068_ignition_bringup -- -j8 -l8
[0.053s] [ 50%] [32mBuilding CXX object CMakeFiles/waypoint_follower.dir/src/main.cpp.o[0m
[0.054s] [ 50%] [32mBuilding CXX object CMakeFiles/waypoint_manager.dir/src/waypoint_manager.cpp.o[0m
[5.964s] [ 75%] [32m[1mLinking CXX executable waypoint_manager[0m
[6.271s] [ 75%] Built target waypoint_manager
[8.006s] [100%] [32m[1mLinking CXX executable waypoint_follower[0m
[8.401s] [100%] Built target waypoint_follower
[8.415s] Invoked command in '/home/rian/git/RS1-Group5/41068_ws/src/41068_ignition_bringup/build/41068_ignition_bringup' returned '0': CMAKE_PREFIX_PATH=${CMAKE_PREFIX_PATH}:/opt/ros/humble /usr/bin/cmake --build /home/rian/git/RS1-Group5/41068_ws/src/41068_ignition_bringup/build/41068_ignition_bringup -- -j8 -l8
[8.422s] Invoking command in '/home/rian/git/RS1-Group5/41068_ws/src/41068_ignition_bringup/build/41068_ignition_bringup': CMAKE_PREFIX_PATH=${CMAKE_PREFIX_PATH}:/opt/ros/humble /usr/bin/cmake --install /home/rian/git/RS1-Group5/41068_ws/src/41068_ignition_bringup/build/41068_ignition_bringup
[8.428s] -- Install configuration: ""
[8.430s] -- Installing: /home/rian/git/RS1-Group5/41068_ws/src/41068_ignition_bringup/install/41068_ignition_bringup/lib/41068_ignition_bringup/waypoint_follower
[8.433s] -- Set runtime path of "/home/rian/git/RS1-Group5/41068_ws/src/41068_ignition_bringup/install/41068_ignition_bringup/lib/41068_ignition_bringup/waypoint_follower" to ""
[8.434s] -- Installing: /home/rian/git/RS1-Group5/41068_ws/src/41068_ignition_bringup/install/41068_ignition_bringup/lib/41068_ignition_bringup/waypoint_manager
[8.437s] -- Set runtime path of "/home/rian/git/RS1-Group5/41068_ws/src/41068_ignition_bringup/install/41068_ignition_bringup/lib/41068_ignition_bringup/waypoint_manager" to ""
[8.437s] -- Up-to-date: /home/rian/git/RS1-Group5/41068_ws/src/41068_ignition_bringup/install/41068_ignition_bringup/share/41068_ignition_bringup/config
[8.437s] -- Up-to-date: /home/rian/git/RS1-Group5/41068_ws/src/41068_ignition_bringup/install/41068_ignition_bringup/share/41068_ignition_bringup/config/41068.rviz
[8.437s] -- Up-to-date: /home/rian/git/RS1-Group5/41068_ws/src/41068_ignition_bringup/install/41068_ignition_bringup/share/41068_ignition_bringup/config/robot_localization.yaml
[8.437s] -- Up-to-date: /home/rian/git/RS1-Group5/41068_ws/src/41068_ignition_bringup/install/41068_ignition_bringup/share/41068_ignition_bringup/config/gazebo_bridge.yaml
[8.437s] -- Up-to-date: /home/rian/git/RS1-Group5/41068_ws/src/41068_ignition_bringup/install/41068_ignition_bringup/share/41068_ignition_bringup/config/nav2_params.yaml
[8.437s] -- Up-to-date: /home/rian/git/RS1-Group5/41068_ws/src/41068_ignition_bringup/install/41068_ignition_bringup/share/41068_ignition_bringup/config/slam_params.yaml
[8.437s] -- Up-to-date: /home/rian/git/RS1-Group5/41068_ws/src/41068_ignition_bringup/install/41068_ignition_bringup/share/41068_ignition_bringup/launch
[8.437s] -- Up-to-date: /home/rian/git/RS1-Group5/41068_ws/src/41068_ignition_bringup/install/41068_ignition_bringup/share/41068_ignition_bringup/launch/41068_navigation.launch.py
[8.437s] -- Up-to-date: /home/rian/git/RS1-Group5/41068_ws/src/41068_ignition_bringup/install/41068_ignition_bringup/share/41068_ignition_bringup/launch/41068_ignition.launch.py
[8.437s] -- Up-to-date: /home/rian/git/RS1-Group5/41068_ws/src/41068_ignition_bringup/install/41068_ignition_bringup/share/41068_ignition_bringup/launch/41068_ignition_drone.launch.py
[8.438s] -- Up-to-date: /home/rian/git/RS1-Group5/41068_ws/src/41068_ignition_bringup/install/41068_ignition_bringup/share/41068_ignition_bringup/models
[8.438s] -- Up-to-date: /home/rian/git/RS1-Group5/41068_ws/src/41068_ignition_bringup/install/41068_ignition_bringup/share/41068_ignition_bringup/models/forest_plane
[8.438s] -- Up-to-date: /home/rian/git/RS1-Group5/41068_ws/src/41068_ignition_bringup/install/41068_ignition_bringup/share/41068_ignition_bringup/models/forest_plane/model.sdf
[8.438s] -- Up-to-date: /home/rian/git/RS1-Group5/41068_ws/src/41068_ignition_bringup/install/41068_ignition_bringup/share/41068_ignition_bringup/models/forest_plane/model.config
[8.438s] -- Up-to-date: /home/rian/git/RS1-Group5/41068_ws/src/41068_ignition_bringup/install/41068_ignition_bringup/share/41068_ignition_bringup/models/forest_plane/materials
[8.438s] -- Up-to-date: /home/rian/git/RS1-Group5/41068_ws/src/41068_ignition_bringup/install/41068_ignition_bringup/share/41068_ignition_bringup/models/forest_plane/materials/textures
[8.438s] -- Up-to-date: /home/rian/git/RS1-Group5/41068_ws/src/41068_ignition_bringup/install/41068_ignition_bringup/share/41068_ignition_bringup/models/forest_plane/materials/textures/leaf_litter.png
[8.438s] -- Up-to-date: /home/rian/git/RS1-Group5/41068_ws/src/41068_ignition_bringup/install/41068_ignition_bringup/share/41068_ignition_bringup/models/forest_plane/materials/textures/empty_grass.png
[8.438s] -- Up-to-date: /home/rian/git/RS1-Group5/41068_ws/src/41068_ignition_bringup/install/41068_ignition_bringup/share/41068_ignition_bringup/models/forest_plane/materials/textures/forest_overhead.png
[8.438s] -- Up-to-date: /home/rian/git/RS1-Group5/41068_ws/src/41068_ignition_bringup/install/41068_ignition_bringup/share/41068_ignition_bringup/models/forest_plane/materials/textures/Map.png
[8.438s] -- Up-to-date: /home/rian/git/RS1-Group5/41068_ws/src/41068_ignition_bringup/install/41068_ignition_bringup/share/41068_ignition_bringup/models/grass_plane
[8.438s] -- Up-to-date: /home/rian/git/RS1-Group5/41068_ws/src/41068_ignition_bringup/install/41068_ignition_bringup/share/41068_ignition_bringup/models/grass_plane/model.sdf
[8.438s] -- Up-to-date: /home/rian/git/RS1-Group5/41068_ws/src/41068_ignition_bringup/install/41068_ignition_bringup/share/41068_ignition_bringup/models/grass_plane/model.config
[8.438s] -- Up-to-date: /home/rian/git/RS1-Group5/41068_ws/src/41068_ignition_bringup/install/41068_ignition_bringup/share/41068_ignition_bringup/models/grass_plane/materials
[8.438s] -- Up-to-date: /home/rian/git/RS1-Group5/41068_ws/src/41068_ignition_bringup/install/41068_ignition_bringup/share/41068_ignition_bringup/models/grass_plane/materials/textures
[8.439s] -- Up-to-date: /home/rian/git/RS1-Group5/41068_ws/src/41068_ignition_bringup/install/41068_ignition_bringup/share/41068_ignition_bringup/models/grass_plane/materials/textures/empty_grass.png
[8.439s] -- Up-to-date: /home/rian/git/RS1-Group5/41068_ws/src/41068_ignition_bringup/install/41068_ignition_bringup/share/41068_ignition_bringup/models/forest_terrain
[8.439s] -- Up-to-date: /home/rian/git/RS1-Group5/41068_ws/src/41068_ignition_bringup/install/41068_ignition_bringup/share/41068_ignition_bringup/models/forest_terrain/model.sdf
[8.439s] -- Up-to-date: /home/rian/git/RS1-Group5/41068_ws/src/41068_ignition_bringup/install/41068_ignition_bringup/share/41068_ignition_bringup/models/forest_terrain/install
[8.439s] -- Up-to-date: /home/rian/git/RS1-Group5/41068_ws/src/41068_ignition_bringup/install/41068_ignition_bringup/share/41068_ignition_bringup/models/forest_terrain/install/setup.zsh
[8.439s] -- Up-to-date: /home/rian/git/RS1-Group5/41068_ws/src/41068_ignition_bringup/install/41068_ignition_bringup/share/41068_ignition_bringup/models/forest_terrain/install/local_setup.ps1
[8.439s] -- Up-to-date: /home/rian/git/RS1-Group5/41068_ws/src/41068_ignition_bringup/install/41068_ignition_bringup/share/41068_ignition_bringup/models/forest_terrain/install/_local_setup_util_ps1.py
[8.439s] -- Up-to-date: /home/rian/git/RS1-Group5/41068_ws/src/41068_ignition_bringup/install/41068_ignition_bringup/share/41068_ignition_bringup/models/forest_terrain/install/.colcon_install_layout
[8.439s] -- Up-to-date: /home/rian/git/RS1-Group5/41068_ws/src/41068_ignition_bringup/install/41068_ignition_bringup/share/41068_ignition_bringup/models/forest_terrain/install/local_setup.sh
[8.439s] -- Up-to-date: /home/rian/git/RS1-Group5/41068_ws/src/41068_ignition_bringup/install/41068_ignition_bringup/share/41068_ignition_bringup/models/forest_terrain/install/setup.ps1
[8.439s] -- Up-to-date: /home/rian/git/RS1-Group5/41068_ws/src/41068_ignition_bringup/install/41068_ignition_bringup/share/41068_ignition_bringup/models/forest_terrain/install/local_setup.zsh
[8.439s] -- Up-to-date: /home/rian/git/RS1-Group5/41068_ws/src/41068_ignition_bringup/install/41068_ignition_bringup/share/41068_ignition_bringup/models/forest_terrain/install/setup.sh
[8.439s] -- Up-to-date: /home/rian/git/RS1-Group5/41068_ws/src/41068_ignition_bringup/install/41068_ignition_bringup/share/41068_ignition_bringup/models/forest_terrain/install/setup.bash
[8.440s] -- Up-to-date: /home/rian/git/RS1-Group5/41068_ws/src/41068_ignition_bringup/install/41068_ignition_bringup/share/41068_ignition_bringup/models/forest_terrain/install/COLCON_IGNORE
[8.440s] -- Up-to-date: /home/rian/git/RS1-Group5/41068_ws/src/41068_ignition_bringup/install/41068_ignition_bringup/share/41068_ignition_bringup/models/forest_terrain/install/local_setup.bash
[8.440s] -- Up-to-date: /home/rian/git/RS1-Group5/41068_ws/src/41068_ignition_bringup/install/41068_ignition_bringup/share/41068_ignition_bringup/models/forest_terrain/install/_local_setup_util_sh.py
[8.440s] -- Up-to-date: /home/rian/git/RS1-Group5/41068_ws/src/41068_ignition_bringup/install/41068_ignition_bringup/share/41068_ignition_bringup/models/forest_terrain/log
[8.440s] -- Up-to-date: /home/rian/git/RS1-Group5/41068_ws/src/41068_ignition_bringup/install/41068_ignition_bringup/share/41068_ignition_bringup/models/forest_terrain/log/build_2025-08-27_19-31-27
[8.440s] -- Up-to-date: /home/rian/git/RS1-Group5/41068_ws/src/41068_ignition_bringup/install/41068_ignition_bringup/share/41068_ignition_bringup/models/forest_terrain/log/build_2025-08-27_19-31-27/logger_all.log
[8.440s] -- Up-to-date: /home/rian/git/RS1-Group5/41068_ws/src/41068_ignition_bringup/install/41068_ignition_bringup/share/41068_ignition_bringup/models/forest_terrain/log/build_2025-08-27_19-31-27/events.log
[8.440s] -- Up-to-date: /home/rian/git/RS1-Group5/41068_ws/src/41068_ignition_bringup/install/41068_ignition_bringup/share/41068_ignition_bringup/models/forest_terrain/log/COLCON_IGNORE
[8.440s] -- Up-to-date: /home/rian/git/RS1-Group5/41068_ws/src/41068_ignition_bringup/install/41068_ignition_bringup/share/41068_ignition_bringup/models/forest_terrain/log/build_2025-08-28_15-02-25
[8.440s] -- Up-to-date: /home/rian/git/RS1-Group5/41068_ws/src/41068_ignition_bringup/install/41068_ignition_bringup/share/41068_ignition_bringup/models/forest_terrain/log/build_2025-08-28_15-02-25/logger_all.log
[8.440s] -- Up-to-date: /home/rian/git/RS1-Group5/41068_ws/src/41068_ignition_bringup/install/41068_ignition_bringup/share/41068_ignition_bringup/models/forest_terrain/log/build_2025-08-28_15-02-25/events.log
[8.440s] -- Up-to-date: /home/rian/git/RS1-Group5/41068_ws/src/41068_ignition_bringup/install/41068_ignition_bringup/share/41068_ignition_bringup/models/forest_terrain/log/latest_build
[8.440s] -- Up-to-date: /home/rian/git/RS1-Group5/41068_ws/src/41068_ignition_bringup/install/41068_ignition_bringup/share/41068_ignition_bringup/models/forest_terrain/log/latest
[8.440s] -- Up-to-date: /home/rian/git/RS1-Group5/41068_ws/src/41068_ignition_bringup/install/41068_ignition_bringup/share/41068_ignition_bringup/models/forest_terrain/log/build_2025-08-28_14-08-20
[8.440s] -- Up-to-date: /home/rian/git/RS1-Group5/41068_ws/src/41068_ignition_bringup/install/41068_ignition_bringup/share/41068_ignition_bringup/models/forest_terrain/log/build_2025-08-28_14-08-20/logger_all.log
[8.440s] -- Up-to-date: /home/rian/git/RS1-Group5/41068_ws/src/41068_ignition_bringup/install/41068_ignition_bringup/share/41068_ignition_bringup/models/forest_terrain/log/build_2025-08-28_14-08-20/events.log
[8.441s] -- Up-to-date: /home/rian/git/RS1-Group5/41068_ws/src/41068_ignition_bringup/install/41068_ignition_bringup/share/41068_ignition_bringup/models/forest_terrain/model.config
[8.441s] -- Up-to-date: /home/rian/git/RS1-Group5/41068_ws/src/41068_ignition_bringup/install/41068_ignition_bringup/share/41068_ignition_bringup/models/forest_terrain/build
[8.441s] -- Up-to-date: /home/rian/git/RS1-Group5/41068_ws/src/41068_ignition_bringup/install/41068_ignition_bringup/share/41068_ignition_bringup/models/forest_terrain/build/.built_by
[8.441s] -- Up-to-date: /home/rian/git/RS1-Group5/41068_ws/src/41068_ignition_bringup/install/41068_ignition_bringup/share/41068_ignition_bringup/models/forest_terrain/build/COLCON_IGNORE
[8.441s] -- Up-to-date: /home/rian/git/RS1-Group5/41068_ws/src/41068_ignition_bringup/install/41068_ignition_bringup/share/41068_ignition_bringup/models/forest_terrain/materials
[8.441s] -- Up-to-date: /home/rian/git/RS1-Group5/41068_ws/src/41068_ignition_bringup/install/41068_ignition_bringup/share/41068_ignition_bringup/models/forest_terrain/materials/textures
[8.441s] -- Up-to-date: /home/rian/git/RS1-Group5/41068_ws/src/41068_ignition_bringup/install/41068_ignition_bringup/share/41068_ignition_bringup/models/forest_terrain/materials/textures/Elevated_Terrain_Test.dae
[8.441s] -- Up-to-date: /home/rian/git/RS1-Group5/41068_ws/src/41068_ignition_bringup/install/41068_ignition_bringup/share/41068_ignition_bringup/models/forest_terrain/materials/textures/model.sdf
[8.441s] -- Up-to-date: /home/rian/git/RS1-Group5/41068_ws/src/41068_ignition_bringup/install/41068_ignition_bringup/share/41068_ignition_bringup/models/forest_terrain/materials/textures/forest_overhead.png
[8.441s] -- Up-to-date: /home/rian/git/RS1-Group5/41068_ws/src/41068_ignition_bringup/install/41068_ignition_bringup/share/41068_ignition_bringup/models/forest_terrain/materials/textures/Elevated_Terrain_Test.fbm
[8.441s] -- Up-to-date: /home/rian/git/RS1-Group5/41068_ws/src/41068_ignition_bringup/install/41068_ignition_bringup/share/41068_ignition_bringup/models/forest_terrain/materials/textures/Elevated_Terrain_Test.fbm/forest_overhead.png
[8.441s] -- Up-to-date: /home/rian/git/RS1-Group5/41068_ws/src/41068_ignition_bringup/install/41068_ignition_bringup/share/41068_ignition_bringup/models/forest_terrain/materials/textures/model.config
[8.441s] -- Up-to-date: /home/rian/git/RS1-Group5/41068_ws/src/41068_ignition_bringup/install/41068_ignition_bringup/share/41068_ignition_bringup/models/forest_terrain/materials/textures/Elevated_Terrain_Test.fbx
[8.441s] -- Up-to-date: /home/rian/git/RS1-Group5/41068_ws/src/41068_ignition_bringup/install/41068_ignition_bringup/share/41068_ignition_bringup/models/forest_wall
[8.441s] -- Up-to-date: /home/rian/git/RS1-Group5/41068_ws/src/41068_ignition_bringup/install/41068_ignition_bringup/share/41068_ignition_bringup/models/forest_wall/model.sdf
[8.442s] -- Up-to-date: /home/rian/git/RS1-Group5/41068_ws/src/41068_ignition_bringup/install/41068_ignition_bringup/share/41068_ignition_bringup/models/forest_wall/model.config
[8.442s] -- Up-to-date: /home/rian/git/RS1-Group5/41068_ws/src/41068_ignition_bringup/install/41068_ignition_bringup/share/41068_ignition_bringup/models/forest_wall/materials
[8.442s] -- Up-to-date: /home/rian/git/RS1-Group5/41068_ws/src/41068_ignition_bringup/install/41068_ignition_bringup/share/41068_ignition_bringup/models/forest_wall/materials/textures
[8.442s] -- Up-to-date: /home/rian/git/RS1-Group5/41068_ws/src/41068_ignition_bringup/install/41068_ignition_bringup/share/41068_ignition_bringup/models/forest_wall/materials/textures/forest_wall.png
[8.442s] -- Up-to-date: /home/rian/git/RS1-Group5/41068_ws/src/41068_ignition_bringup/install/41068_ignition_bringup/share/41068_ignition_bringup/models/forest_wall/materials/textures/forest_wall_transparent_small.png
[8.442s] -- Up-to-date: /home/rian/git/RS1-Group5/41068_ws/src/41068_ignition_bringup/install/41068_ignition_bringup/share/41068_ignition_bringup/models/forest_wall/materials/textures/forest_wall_transparent.png
[8.442s] -- Up-to-date: /home/rian/git/RS1-Group5/41068_ws/src/41068_ignition_bringup/install/41068_ignition_bringup/share/41068_ignition_bringup/urdf
[8.442s] -- Up-to-date: /home/rian/git/RS1-Group5/41068_ws/src/41068_ignition_bringup/install/41068_ignition_bringup/share/41068_ignition_bringup/urdf/husky.urdf.xacro
[8.442s] -- Up-to-date: /home/rian/git/RS1-Group5/41068_ws/src/41068_ignition_bringup/install/41068_ignition_bringup/share/41068_ignition_bringup/urdf/wheel.urdf.xacro
[8.443s] -- Up-to-date: /home/rian/git/RS1-Group5/41068_ws/src/41068_ignition_bringup/install/41068_ignition_bringup/share/41068_ignition_bringup/urdf/meshes
[8.443s] -- Up-to-date: /home/rian/git/RS1-Group5/41068_ws/src/41068_ignition_bringup/install/41068_ignition_bringup/share/41068_ignition_bringup/urdf/meshes/top_plate.dae
[8.443s] -- Up-to-date: /home/rian/git/RS1-Group5/41068_ws/src/41068_ignition_bringup/install/41068_ignition_bringup/share/41068_ignition_bringup/urdf/meshes/bumper.dae
[8.443s] -- Up-to-date: /home/rian/git/RS1-Group5/41068_ws/src/41068_ignition_bringup/install/41068_ignition_bringup/share/41068_ignition_bringup/urdf/meshes/top_chassis.dae
[8.443s] -- Up-to-date: /home/rian/git/RS1-Group5/41068_ws/src/41068_ignition_bringup/install/41068_ignition_bringup/share/41068_ignition_bringup/urdf/meshes/jpl04_arch_nosensor.stl
[8.443s] -- Up-to-date: /home/rian/git/RS1-Group5/41068_ws/src/41068_ignition_bringup/install/41068_ignition_bringup/share/41068_ignition_bringup/urdf/meshes/wheel.dae
[8.443s] -- Up-to-date: /home/rian/git/RS1-Group5/41068_ws/src/41068_ignition_bringup/install/41068_ignition_bringup/share/41068_ignition_bringup/urdf/meshes/base_link.dae
[8.443s] -- Up-to-date: /home/rian/git/RS1-Group5/41068_ws/src/41068_ignition_bringup/install/41068_ignition_bringup/share/41068_ignition_bringup/urdf/husky.gazebo.xacro
[8.443s] -- Up-to-date: /home/rian/git/RS1-Group5/41068_ws/src/41068_ignition_bringup/install/41068_ignition_bringup/share/41068_ignition_bringup/urdf/common_properties.urdf.xacro
[8.443s] -- Up-to-date: /home/rian/git/RS1-Group5/41068_ws/src/41068_ignition_bringup/install/41068_ignition_bringup/share/41068_ignition_bringup/worlds
[8.443s] -- Up-to-date: /home/rian/git/RS1-Group5/41068_ws/src/41068_ignition_bringup/install/41068_ignition_bringup/share/41068_ignition_bringup/worlds/simple_trees.sdf
[8.443s] -- Up-to-date: /home/rian/git/RS1-Group5/41068_ws/src/41068_ignition_bringup/install/41068_ignition_bringup/share/41068_ignition_bringup/worlds/large_demo.sdf
[8.444s] -- Up-to-date: /home/rian/git/RS1-Group5/41068_ws/src/41068_ignition_bringup/install/41068_ignition_bringup/share/41068_ignition_bringup/urdf_drone
[8.444s] -- Up-to-date: /home/rian/git/RS1-Group5/41068_ws/src/41068_ignition_bringup/install/41068_ignition_bringup/share/41068_ignition_bringup/urdf_drone/meshes
[8.444s] -- Up-to-date: /home/rian/git/RS1-Group5/41068_ws/src/41068_ignition_bringup/install/41068_ignition_bringup/share/41068_ignition_bringup/urdf_drone/meshes/propeller_fr.dae
[8.444s] -- Up-to-date: /home/rian/git/RS1-Group5/41068_ws/src/41068_ignition_bringup/install/41068_ignition_bringup/share/41068_ignition_bringup/urdf_drone/meshes/hull.dae
[8.444s] -- Up-to-date: /home/rian/git/RS1-Group5/41068_ws/src/41068_ignition_bringup/install/41068_ignition_bringup/share/41068_ignition_bringup/urdf_drone/meshes/propeller_fl.dae
[8.444s] -- Up-to-date: /home/rian/git/RS1-Group5/41068_ws/src/41068_ignition_bringup/install/41068_ignition_bringup/share/41068_ignition_bringup/urdf_drone/meshes/propeller_rl.dae
[8.444s] -- Up-to-date: /home/rian/git/RS1-Group5/41068_ws/src/41068_ignition_bringup/install/41068_ignition_bringup/share/41068_ignition_bringup/urdf_drone/meshes/propeller_rr.dae
[8.444s] -- Up-to-date: /home/rian/git/RS1-Group5/41068_ws/src/41068_ignition_bringup/install/41068_ignition_bringup/share/41068_ignition_bringup/urdf_drone/thumbnails
[8.444s] -- Up-to-date: /home/rian/git/RS1-Group5/41068_ws/src/41068_ignition_bringup/install/41068_ignition_bringup/share/41068_ignition_bringup/urdf_drone/thumbnails/4.png
[8.444s] -- Up-to-date: /home/rian/git/RS1-Group5/41068_ws/src/41068_ignition_bringup/install/41068_ignition_bringup/share/41068_ignition_bringup/urdf_drone/thumbnails/3.png
[8.444s] -- Up-to-date: /home/rian/git/RS1-Group5/41068_ws/src/41068_ignition_bringup/install/41068_ignition_bringup/share/41068_ignition_bringup/urdf_drone/thumbnails/2.png
[8.444s] -- Up-to-date: /home/rian/git/RS1-Group5/41068_ws/src/41068_ignition_bringup/install/41068_ignition_bringup/share/41068_ignition_bringup/urdf_drone/thumbnails/5.png
[8.444s] -- Up-to-date: /home/rian/git/RS1-Group5/41068_ws/src/41068_ignition_bringup/install/41068_ignition_bringup/share/41068_ignition_bringup/urdf_drone/thumbnails/1.png
[8.444s] -- Up-to-date: /home/rian/git/RS1-Group5/41068_ws/src/41068_ignition_bringup/install/41068_ignition_bringup/share/41068_ignition_bringup/urdf_drone/model.sdf
[8.444s] -- Up-to-date: /home/rian/git/RS1-Group5/41068_ws/src/41068_ignition_bringup/install/41068_ignition_bringup/share/41068_ignition_bringup/urdf_drone/common_properties.urdf.xacro
[8.445s] -- Up-to-date: /home/rian/git/RS1-Group5/41068_ws/src/41068_ignition_bringup/install/41068_ignition_bringup/share/41068_ignition_bringup/urdf_drone/parrot.urdf.xacro
[8.445s] -- Up-to-date: /home/rian/git/RS1-Group5/41068_ws/src/41068_ignition_bringup/install/41068_ignition_bringup/share/41068_ignition_bringup/urdf_drone/model.config
[8.445s] -- Up-to-date: /home/rian/git/RS1-Group5/41068_ws/src/41068_ignition_bringup/install/41068_ignition_bringup/share/41068_ignition_bringup/urdf_drone/parrot.gazebo.xacro
[8.445s] -- Up-to-date: /home/rian/git/RS1-Group5/41068_ws/src/41068_ignition_bringup/install/41068_ignition_bringup/share/ament_index/resource_index/package_run_dependencies/41068_ignition_bringup
[8.445s] -- Up-to-date: /home/rian/git/RS1-Group5/41068_ws/src/41068_ignition_bringup/install/41068_ignition_bringup/share/ament_index/resource_index/parent_prefix_path/41068_ignition_bringup
[8.445s] -- Up-to-date: /home/rian/git/RS1-Group5/41068_ws/src/41068_ignition_bringup/install/41068_ignition_bringup/share/41068_ignition_bringup/environment/ament_prefix_path.sh
[8.445s] -- Up-to-date: /home/rian/git/RS1-Group5/41068_ws/src/41068_ignition_bringup/install/41068_ignition_bringup/share/41068_ignition_bringup/environment/ament_prefix_path.dsv
[8.445s] -- Up-to-date: /home/rian/git/RS1-Group5/41068_ws/src/41068_ignition_bringup/install/41068_ignition_bringup/share/41068_ignition_bringup/environment/path.sh
[8.445s] -- Up-to-date: /home/rian/git/RS1-Group5/41068_ws/src/41068_ignition_bringup/install/41068_ignition_bringup/share/41068_ignition_bringup/environment/path.dsv
[8.445s] -- Up-to-date: /home/rian/git/RS1-Group5/41068_ws/src/41068_ignition_bringup/install/41068_ignition_bringup/share/41068_ignition_bringup/local_setup.bash
[8.445s] -- Up-to-date: /home/rian/git/RS1-Group5/41068_ws/src/41068_ignition_bringup/install/41068_ignition_bringup/share/41068_ignition_bringup/local_setup.sh
[8.445s] -- Up-to-date: /home/rian/git/RS1-Group5/41068_ws/src/41068_ignition_bringup/install/41068_ignition_bringup/share/41068_ignition_bringup/local_setup.zsh
[8.446s] -- Up-to-date: /home/rian/git/RS1-Group5/41068_ws/src/41068_ignition_bringup/install/41068_ignition_bringup/share/41068_ignition_bringup/local_setup.dsv
[8.446s] -- Installing: /home/rian/git/RS1-Group5/41068_ws/src/41068_ignition_bringup/install/41068_ignition_bringup/share/41068_ignition_bringup/package.dsv
[8.446s] -- Up-to-date: /home/rian/git/RS1-Group5/41068_ws/src/41068_ignition_bringup/install/41068_ignition_bringup/share/ament_index/resource_index/packages/41068_ignition_bringup
[8.446s] -- Up-to-date: /home/rian/git/RS1-Group5/41068_ws/src/41068_ignition_bringup/install/41068_ignition_bringup/share/41068_ignition_bringup/cmake/41068_ignition_bringupConfig.cmake
[8.446s] -- Up-to-date: /home/rian/git/RS1-Group5/41068_ws/src/41068_ignition_bringup/install/41068_ignition_bringup/share/41068_ignition_bringup/cmake/41068_ignition_bringupConfig-version.cmake
[8.446s] -- Up-to-date: /home/rian/git/RS1-Group5/41068_ws/src/41068_ignition_bringup/install/41068_ignition_bringup/share/41068_ignition_bringup/package.xml
[8.446s] Invoked command in '/home/rian/git/RS1-Group5/41068_ws/src/41068_ignition_bringup/build/41068_ignition_bringup' returned '0': CMAKE_PREFIX_PATH=${CMAKE_PREFIX_PATH}:/opt/ros/humble /usr/bin/cmake --install /home/rian/git/RS1-Group5/41068_ws/src/41068_ignition_bringup/build/41068_ignition_bringup
