[1.360s] Invoking command in '/home/jun/git/Robotics-Studio-1/41068_ws/src/rs1_gui': PYTHONPATH=/home/jun/git/Robotics-Studio-1/41068_ws/build/rs1_gui/prefix_override:/usr/lib/python3/dist-packages/colcon_core/task/python/colcon_distutils_commands:/home/jun/git/Robotics-Studio-1/41068_ws/install/rs1_gui/lib/python3.10/site-packages:${PYTHONPATH} /usr/bin/python3 -W ignore:setup.py install is deprecated -W ignore:easy_install command is deprecated setup.py egg_info --egg-base ../../build/rs1_gui build --build-base /home/jun/git/Robotics-Studio-1/41068_ws/build/rs1_gui/build install --record /home/jun/git/Robotics-Studio-1/41068_ws/build/rs1_gui/install.log --single-version-externally-managed install_data
[1.897s] running egg_info
[1.899s] writing ../../build/rs1_gui/rs1_gui.egg-info/PKG-INFO
[1.900s] writing dependency_links to ../../build/rs1_gui/rs1_gui.egg-info/dependency_links.txt
[1.900s] writing entry points to ../../build/rs1_gui/rs1_gui.egg-info/entry_points.txt
[1.901s] writing requirements to ../../build/rs1_gui/rs1_gui.egg-info/requires.txt
[1.901s] writing top-level names to ../../build/rs1_gui/rs1_gui.egg-info/top_level.txt
[1.908s] reading manifest file '../../build/rs1_gui/rs1_gui.egg-info/SOURCES.txt'
[1.915s] writing manifest file '../../build/rs1_gui/rs1_gui.egg-info/SOURCES.txt'
[1.915s] running build
[1.915s] running build_py
[1.916s] copying rs1_gui/gui_node.py -> /home/jun/git/Robotics-Studio-1/41068_ws/build/rs1_gui/build/lib/rs1_gui
[1.916s] running install
[1.917s] running install_lib
[1.920s] copying /home/jun/git/Robotics-Studio-1/41068_ws/build/rs1_gui/build/lib/rs1_gui/gui_node.py -> /home/jun/git/Robotics-Studio-1/41068_ws/install/rs1_gui/lib/python3.10/site-packages/rs1_gui
[1.922s] byte-compiling /home/jun/git/Robotics-Studio-1/41068_ws/install/rs1_gui/lib/python3.10/site-packages/rs1_gui/gui_node.py to gui_node.cpython-310.pyc
[1.938s] running install_data
[1.939s] running install_egg_info
[1.942s] removing '/home/jun/git/Robotics-Studio-1/41068_ws/install/rs1_gui/lib/python3.10/site-packages/rs1_gui-0.0.0-py3.10.egg-info' (and everything under it)
[1.943s] Copying ../../build/rs1_gui/rs1_gui.egg-info to /home/jun/git/Robotics-Studio-1/41068_ws/install/rs1_gui/lib/python3.10/site-packages/rs1_gui-0.0.0-py3.10.egg-info
[1.944s] running install_scripts
[1.981s] Installing gui_node script to /home/jun/git/Robotics-Studio-1/41068_ws/install/rs1_gui/lib/rs1_gui
[1.982s] writing list of installed files to '/home/jun/git/Robotics-Studio-1/41068_ws/build/rs1_gui/install.log'
[2.019s] Invoked command in '/home/jun/git/Robotics-Studio-1/41068_ws/src/rs1_gui' returned '0': PYTHONPATH=/home/jun/git/Robotics-Studio-1/41068_ws/build/rs1_gui/prefix_override:/usr/lib/python3/dist-packages/colcon_core/task/python/colcon_distutils_commands:/home/jun/git/Robotics-Studio-1/41068_ws/install/rs1_gui/lib/python3.10/site-packages:${PYTHONPATH} /usr/bin/python3 -W ignore:setup.py install is deprecated -W ignore:easy_install command is deprecated setup.py egg_info --egg-base ../../build/rs1_gui build --build-base /home/jun/git/Robotics-Studio-1/41068_ws/build/rs1_gui/build install --record /home/jun/git/Robotics-Studio-1/41068_ws/build/rs1_gui/install.log --single-version-externally-managed install_data
