[0.363s] Invoking command in '/home/student/RS1-Group5/41068_ws/src/build/sensor_node_cpp': CMAKE_PREFIX_PATH=/opt/ros/humble /usr/bin/cmake /home/student/RS1-Group5/41068_ws/src/sensor_node_cpp -DCMAKE_INSTALL_PREFIX=/home/student/RS1-Group5/41068_ws/src/install/sensor_node_cpp
[0.964s] -- The C compiler identification is GNU 11.4.0
[1.465s] -- The CXX compiler identification is GNU 11.4.0
[1.603s] -- Detecting C compiler ABI info
[1.791s] -- Detecting C compiler ABI info - done
[1.800s] -- Check for working C compiler: /usr/bin/cc - skipped
[1.806s] -- Detecting C compile features
[1.816s] -- Detecting C compile features - done
[1.842s] -- Detecting CXX compiler ABI info
[2.000s] -- Detecting CXX compiler ABI info - done
[2.012s] -- Check for working CXX compiler: /usr/bin/c++ - skipped
[2.012s] -- Detecting CXX compile features
[2.013s] -- Detecting CXX compile features - done
[2.120s] -- Found ament_cmake: 1.3.12 (/opt/ros/humble/share/ament_cmake/cmake)
[2.421s] -- Found Python3: /usr/bin/python3 (found version "3.10.12") found components: Interpreter 
[2.836s] -- Found rclcpp: 16.0.14 (/opt/ros/humble/share/rclcpp/cmake)
[3.215s] -- Found rosidl_generator_c: 3.1.7 (/opt/ros/humble/share/rosidl_generator_c/cmake)
[3.260s] -- Found rosidl_adapter: 3.1.7 (/opt/ros/humble/share/rosidl_adapter/cmake)
[3.343s] -- Found rosidl_generator_cpp: 3.1.7 (/opt/ros/humble/share/rosidl_generator_cpp/cmake)
[3.492s] -- Using all available rosidl_typesupport_c: rosidl_typesupport_fastrtps_c;rosidl_typesupport_introspection_c
[3.605s] -- Using all available rosidl_typesupport_cpp: rosidl_typesupport_fastrtps_cpp;rosidl_typesupport_introspection_cpp
[3.969s] -- Found rmw_implementation_cmake: 6.1.2 (/opt/ros/humble/share/rmw_implementation_cmake/cmake)
[3.994s] -- Found rmw_fastrtps_cpp: 6.2.8 (/opt/ros/humble/share/rmw_fastrtps_cpp/cmake)
[4.356s] -- Found OpenSSL: /usr/lib/x86_64-linux-gnu/libcrypto.so (found version "3.0.2")  
[4.402s] -- Found FastRTPS: /opt/ros/humble/include  
[4.461s] -- Using RMW implementation 'rmw_fastrtps_cpp' as default
[4.539s] -- Looking for pthread.h
[4.832s] -- Looking for pthread.h - found
[4.832s] -- Performing Test CMAKE_HAVE_LIBC_PTHREAD
[4.956s] -- Performing Test CMAKE_HAVE_LIBC_PTHREAD - Success
[4.961s] -- Found Threads: TRUE  
[5.390s] -- Found sensor_msgs: 4.9.0 (/opt/ros/humble/share/sensor_msgs/cmake)
[5.606s] -- Found image_transport: 3.1.12 (/opt/ros/humble/share/image_transport/cmake)
[5.788s] -- Found cv_bridge: 3.2.1 (/opt/ros/humble/share/cv_bridge/cmake)
[5.865s] -- Found OpenCV: /usr (found version "4.5.4") 
[5.865s] -- Found ament_lint_auto: 0.12.14 (/opt/ros/humble/share/ament_lint_auto/cmake)
[6.021s] -- Added test 'cppcheck' to perform static code analysis on C / C++ code
[6.021s] -- Configured cppcheck include dirs: 
[6.021s] -- Configured cppcheck exclude dirs and/or files: 
[6.027s] -- Added test 'lint_cmake' to check CMake code style
[6.034s] -- Added test 'uncrustify' to check C / C++ code style
[6.034s] -- Configured uncrustify additional arguments: 
[6.038s] -- Added test 'xmllint' to check XML markup files
[6.051s] -- Configuring done
[6.057s] -- Generating done
[6.064s] -- Build files have been written to: /home/student/RS1-Group5/41068_ws/src/build/sensor_node_cpp
[6.081s] Invoked command in '/home/student/RS1-Group5/41068_ws/src/build/sensor_node_cpp' returned '0': CMAKE_PREFIX_PATH=/opt/ros/humble /usr/bin/cmake /home/student/RS1-Group5/41068_ws/src/sensor_node_cpp -DCMAKE_INSTALL_PREFIX=/home/student/RS1-Group5/41068_ws/src/install/sensor_node_cpp
[6.083s] Invoking command in '/home/student/RS1-Group5/41068_ws/src/build/sensor_node_cpp': CMAKE_PREFIX_PATH=/opt/ros/humble /usr/bin/cmake --build /home/student/RS1-Group5/41068_ws/src/build/sensor_node_cpp -- -j8 -l8
[6.132s] Invoked command in '/home/student/RS1-Group5/41068_ws/src/build/sensor_node_cpp' returned '0': CMAKE_PREFIX_PATH=/opt/ros/humble /usr/bin/cmake --build /home/student/RS1-Group5/41068_ws/src/build/sensor_node_cpp -- -j8 -l8
[6.145s] Invoking command in '/home/student/RS1-Group5/41068_ws/src/build/sensor_node_cpp': CMAKE_PREFIX_PATH=/opt/ros/humble /usr/bin/cmake --install /home/student/RS1-Group5/41068_ws/src/build/sensor_node_cpp
[6.159s] -- Install configuration: ""
[6.159s] -- Installing: /home/student/RS1-Group5/41068_ws/src/install/sensor_node_cpp/share/ament_index/resource_index/package_run_dependencies/sensor_node_cpp
[6.160s] -- Installing: /home/student/RS1-Group5/41068_ws/src/install/sensor_node_cpp/share/ament_index/resource_index/parent_prefix_path/sensor_node_cpp
[6.160s] -- Installing: /home/student/RS1-Group5/41068_ws/src/install/sensor_node_cpp/share/sensor_node_cpp/environment/ament_prefix_path.sh
[6.161s] -- Installing: /home/student/RS1-Group5/41068_ws/src/install/sensor_node_cpp/share/sensor_node_cpp/environment/ament_prefix_path.dsv
[6.161s] -- Installing: /home/student/RS1-Group5/41068_ws/src/install/sensor_node_cpp/share/sensor_node_cpp/environment/path.sh
[6.163s] -- Installing: /home/student/RS1-Group5/41068_ws/src/install/sensor_node_cpp/share/sensor_node_cpp/environment/path.dsv
[6.163s] -- Installing: /home/student/RS1-Group5/41068_ws/src/install/sensor_node_cpp/share/sensor_node_cpp/local_setup.bash
[6.163s] -- Installing: /home/student/RS1-Group5/41068_ws/src/install/sensor_node_cpp/share/sensor_node_cpp/local_setup.sh
[6.163s] -- Installing: /home/student/RS1-Group5/41068_ws/src/install/sensor_node_cpp/share/sensor_node_cpp/local_setup.zsh
[6.163s] -- Installing: /home/student/RS1-Group5/41068_ws/src/install/sensor_node_cpp/share/sensor_node_cpp/local_setup.dsv
[6.163s] -- Installing: /home/student/RS1-Group5/41068_ws/src/install/sensor_node_cpp/share/sensor_node_cpp/package.dsv
[6.163s] -- Installing: /home/student/RS1-Group5/41068_ws/src/install/sensor_node_cpp/share/ament_index/resource_index/packages/sensor_node_cpp
[6.163s] -- Installing: /home/student/RS1-Group5/41068_ws/src/install/sensor_node_cpp/share/sensor_node_cpp/cmake/sensor_node_cppConfig.cmake
[6.164s] -- Installing: /home/student/RS1-Group5/41068_ws/src/install/sensor_node_cpp/share/sensor_node_cpp/cmake/sensor_node_cppConfig-version.cmake
[6.164s] -- Installing: /home/student/RS1-Group5/41068_ws/src/install/sensor_node_cpp/share/sensor_node_cpp/package.xml
[6.179s] Invoked command in '/home/student/RS1-Group5/41068_ws/src/build/sensor_node_cpp' returned '0': CMAKE_PREFIX_PATH=/opt/ros/humble /usr/bin/cmake --install /home/student/RS1-Group5/41068_ws/src/build/sensor_node_cpp
