[0.029s] Invoking command in '/home/jarrel/git/RS1-Group5/41068_ws/src/41068_ignition_bringup/build/41068_ignition_bringup': CMAKE_PREFIX_PATH=${CMAKE_PREFIX_PATH}:/opt/ros/humble /usr/bin/cmake /home/jarrel/git/RS1-Group5/41068_ws/src/41068_ignition_bringup -DCMAKE_INSTALL_PREFIX=/home/jarrel/git/RS1-Group5/41068_ws/src/41068_ignition_bringup/install/41068_ignition_bringup
[0.047s] [0mCMake Error: Parse error in cache file /home/jarrel/git/RS1-Group5/41068_ws/src/41068_ignition_bringup/build/41068_ignition_bringup/CMakeCache.txt on line 757. Offending entry: j/gi[0m
[0.104s] -- Found ament_cmake: 1.3.12 (/opt/ros/humble/share/ament_cmake/cmake)
[0.385s] -- Found rclcpp: 16.0.14 (/opt/ros/humble/share/rclcpp/cmake)
[0.448s] -- Found rosidl_generator_c: 3.1.7 (/opt/ros/humble/share/rosidl_generator_c/cmake)
[0.454s] -- Found rosidl_adapter: 3.1.7 (/opt/ros/humble/share/rosidl_adapter/cmake)
[0.464s] -- Found rosidl_generator_cpp: 3.1.7 (/opt/ros/humble/share/rosidl_generator_cpp/cmake)
[0.475s] -- Using all available rosidl_typesupport_c: rosidl_typesupport_fastrtps_c;rosidl_typesupport_introspection_c
[0.490s] -- Using all available rosidl_typesupport_cpp: rosidl_typesupport_fastrtps_cpp;rosidl_typesupport_introspection_cpp
[0.533s] -- Found rmw_implementation_cmake: 6.1.2 (/opt/ros/humble/share/rmw_implementation_cmake/cmake)
[0.534s] -- Found rmw_fastrtps_cpp: 6.2.8 (/opt/ros/humble/share/rmw_fastrtps_cpp/cmake)
[0.721s] -- Using RMW implementation 'rmw_fastrtps_cpp' as default
[0.809s] -- Found geometry_msgs: 4.9.0 (/opt/ros/humble/share/geometry_msgs/cmake)
[0.828s] -- Found ros_ign_interfaces: 0.244.20 (/opt/ros/humble/share/ros_ign_interfaces/cmake)
[0.909s] -- Found ament_lint_auto: 0.12.14 (/opt/ros/humble/share/ament_lint_auto/cmake)
[0.988s] WARNING: Package name "41068_ignition_bringup" does not follow the naming conventions. It should start with a lower case letter and only contain lower case letters, digits, underscores, and dashes.
[1.009s] -- Added test 'copyright' to check source files copyright and LICENSE
[1.064s] -- Added test 'cppcheck' to perform static code analysis on C / C++ code
[1.064s] -- Configured cppcheck include dirs: 
[1.065s] -- Configured cppcheck exclude dirs and/or files: 
[1.110s] -- Added test 'cpplint' to check C / C++ code against the Google style
[1.110s] -- Configured cpplint exclude dirs and/or files: 
[1.116s] -- Added test 'flake8' to check Python code syntax and style conventions
[1.126s] -- Added test 'lint_cmake' to check CMake code style
[1.133s] -- Added test 'pep257' to check Python code against some of the docstring style conventions in PEP 257
[1.167s] -- Added test 'uncrustify' to check C / C++ code style
[1.168s] -- Configured uncrustify additional arguments: 
[1.176s] -- Added test 'xmllint' to check XML markup files
[1.183s] -- Configuring incomplete, errors occurred!
[1.183s] See also "/home/jarrel/git/RS1-Group5/41068_ws/src/41068_ignition_bringup/build/41068_ignition_bringup/CMakeFiles/CMakeOutput.log".
[1.197s] Invoked command in '/home/jarrel/git/RS1-Group5/41068_ws/src/41068_ignition_bringup/build/41068_ignition_bringup' returned '1': CMAKE_PREFIX_PATH=${CMAKE_PREFIX_PATH}:/opt/ros/humble /usr/bin/cmake /home/jarrel/git/RS1-Group5/41068_ws/src/41068_ignition_bringup -DCMAKE_INSTALL_PREFIX=/home/jarrel/git/RS1-Group5/41068_ws/src/41068_ignition_bringup/install/41068_ignition_bringup
