[0.010s] Invoking command in '/home/jarrel/git/RS1-Group5/41068_ws/build/41068_ignition_bringup': CMAKE_PREFIX_PATH=${CMAKE_PREFIX_PATH}:/opt/ros/humble /usr/bin/cmake --build /home/jarrel/git/RS1-Group5/41068_ws/build/41068_ignition_bringup -- -j32 -l32
[0.051s] [35m[1mConsolidate compiler generated dependencies of target autonomous_trail_follower[0m
[0.064s] [ 21%] Built target controller
[0.072s] [ 42%] Built target lidar_sensing_node
[0.072s] [ 57%] Built target manual_trail_inspector
[0.075s] [ 71%] Built target teleop_obstacle_avoid
[0.085s] [ 78%] [32mBuilding CXX object CMakeFiles/autonomous_trail_follower.dir/src/autonomous_trail_follower.cpp.o[0m
[0.095s] [ 92%] Built target move_bot
[12.358s] [100%] [32m[1mLinking CXX executable autonomous_trail_follower[0m
[13.190s] [100%] Built target autonomous_trail_follower
[13.201s] Invoked command in '/home/jarrel/git/RS1-Group5/41068_ws/build/41068_ignition_bringup' returned '0': CMAKE_PREFIX_PATH=${CMAKE_PREFIX_PATH}:/opt/ros/humble /usr/bin/cmake --build /home/jarrel/git/RS1-Group5/41068_ws/build/41068_ignition_bringup -- -j32 -l32
[13.211s] Invoking command in '/home/jarrel/git/RS1-Group5/41068_ws/build/41068_ignition_bringup': CMAKE_PREFIX_PATH=${CMAKE_PREFIX_PATH}:/opt/ros/humble /usr/bin/cmake --install /home/jarrel/git/RS1-Group5/41068_ws/build/41068_ignition_bringup
[13.217s] -- Install configuration: ""
[13.217s] -- Execute custom install script
[13.217s] -- Up-to-date symlink: /home/jarrel/git/RS1-Group5/41068_ws/install/41068_ignition_bringup/lib/41068_ignition_bringup/autonomous_trail_follower
[13.217s] -- Up-to-date symlink: /home/jarrel/git/RS1-Group5/41068_ws/install/41068_ignition_bringup/lib/41068_ignition_bringup/lidar_sensing_node
[13.217s] -- Up-to-date symlink: /home/jarrel/git/RS1-Group5/41068_ws/install/41068_ignition_bringup/lib/41068_ignition_bringup/move_bot
[13.218s] -- Up-to-date symlink: /home/jarrel/git/RS1-Group5/41068_ws/install/41068_ignition_bringup/lib/41068_ignition_bringup/teleop_obstacle_avoid
[13.218s] -- Up-to-date symlink: /home/jarrel/git/RS1-Group5/41068_ws/install/41068_ignition_bringup/lib/41068_ignition_bringup/autonomous_trail_follower
[13.218s] -- Up-to-date symlink: /home/jarrel/git/RS1-Group5/41068_ws/install/41068_ignition_bringup/lib/41068_ignition_bringup/manual_trail_inspector
[13.218s] -- Up-to-date symlink: /home/jarrel/git/RS1-Group5/41068_ws/install/41068_ignition_bringup/lib/41068_ignition_bringup/libcontroller.a
[13.218s] -- Up-to-date symlink: /home/jarrel/git/RS1-Group5/41068_ws/install/41068_ignition_bringup/share/41068_ignition_bringup/config/41068.rviz
[13.218s] -- Up-to-date symlink: /home/jarrel/git/RS1-Group5/41068_ws/install/41068_ignition_bringup/share/41068_ignition_bringup/config/gazebo_bridge.yaml
[13.218s] -- Up-to-date symlink: /home/jarrel/git/RS1-Group5/41068_ws/install/41068_ignition_bringup/share/41068_ignition_bringup/config/nav2_params.yaml
[13.218s] -- Up-to-date symlink: /home/jarrel/git/RS1-Group5/41068_ws/install/41068_ignition_bringup/share/41068_ignition_bringup/config/robot_localization.yaml
[13.218s] -- Up-to-date symlink: /home/jarrel/git/RS1-Group5/41068_ws/install/41068_ignition_bringup/share/41068_ignition_bringup/config/slam_params.yaml
[13.219s] -- Up-to-date symlink: /home/jarrel/git/RS1-Group5/41068_ws/install/41068_ignition_bringup/share/41068_ignition_bringup/launch/41068_ignition.launch.py
[13.219s] -- Up-to-date symlink: /home/jarrel/git/RS1-Group5/41068_ws/install/41068_ignition_bringup/share/41068_ignition_bringup/launch/41068_ignition_drone.launch.py
[13.219s] -- Up-to-date symlink: /home/jarrel/git/RS1-Group5/41068_ws/install/41068_ignition_bringup/share/41068_ignition_bringup/launch/41068_navigation.launch.py
[13.219s] -- Up-to-date symlink: /home/jarrel/git/RS1-Group5/41068_ws/install/41068_ignition_bringup/share/41068_ignition_bringup/models/forest_plane/materials/textures/Map.png
[13.220s] -- Up-to-date symlink: /home/jarrel/git/RS1-Group5/41068_ws/install/41068_ignition_bringup/share/41068_ignition_bringup/models/forest_plane/materials/textures/empty_grass.png
[13.220s] -- Up-to-date symlink: /home/jarrel/git/RS1-Group5/41068_ws/install/41068_ignition_bringup/share/41068_ignition_bringup/models/forest_plane/materials/textures/forest_overhead.png
[13.220s] -- Up-to-date symlink: /home/jarrel/git/RS1-Group5/41068_ws/install/41068_ignition_bringup/share/41068_ignition_bringup/models/forest_plane/materials/textures/leaf_litter.png
[13.220s] -- Up-to-date symlink: /home/jarrel/git/RS1-Group5/41068_ws/install/41068_ignition_bringup/share/41068_ignition_bringup/models/forest_plane/model.config
[13.220s] -- Up-to-date symlink: /home/jarrel/git/RS1-Group5/41068_ws/install/41068_ignition_bringup/share/41068_ignition_bringup/models/forest_plane/model.sdf
[13.220s] -- Up-to-date symlink: /home/jarrel/git/RS1-Group5/41068_ws/install/41068_ignition_bringup/share/41068_ignition_bringup/models/forest_terrain/materials/textures/Elevated_Terrain_Test.dae
[13.220s] -- Up-to-date symlink: /home/jarrel/git/RS1-Group5/41068_ws/install/41068_ignition_bringup/share/41068_ignition_bringup/models/forest_terrain/materials/textures/Elevated_Terrain_Test.fbm/forest_overhead.png
[13.221s] -- Up-to-date symlink: /home/jarrel/git/RS1-Group5/41068_ws/install/41068_ignition_bringup/share/41068_ignition_bringup/models/forest_terrain/materials/textures/Elevated_Terrain_Test.fbx
[13.221s] -- Up-to-date symlink: /home/jarrel/git/RS1-Group5/41068_ws/install/41068_ignition_bringup/share/41068_ignition_bringup/models/forest_terrain/materials/textures/forest_overhead.png
[13.221s] -- Up-to-date symlink: /home/jarrel/git/RS1-Group5/41068_ws/install/41068_ignition_bringup/share/41068_ignition_bringup/models/forest_terrain/materials/textures/model.config
[13.221s] -- Up-to-date symlink: /home/jarrel/git/RS1-Group5/41068_ws/install/41068_ignition_bringup/share/41068_ignition_bringup/models/forest_terrain/materials/textures/model.sdf
[13.221s] -- Up-to-date symlink: /home/jarrel/git/RS1-Group5/41068_ws/install/41068_ignition_bringup/share/41068_ignition_bringup/models/forest_terrain/model.config
[13.221s] -- Up-to-date symlink: /home/jarrel/git/RS1-Group5/41068_ws/install/41068_ignition_bringup/share/41068_ignition_bringup/models/forest_terrain/model.sdf
[13.222s] -- Up-to-date symlink: /home/jarrel/git/RS1-Group5/41068_ws/install/41068_ignition_bringup/share/41068_ignition_bringup/models/forest_wall/materials/textures/forest_wall.png
[13.222s] -- Up-to-date symlink: /home/jarrel/git/RS1-Group5/41068_ws/install/41068_ignition_bringup/share/41068_ignition_bringup/models/forest_wall/materials/textures/forest_wall_transparent.png
[13.222s] -- Up-to-date symlink: /home/jarrel/git/RS1-Group5/41068_ws/install/41068_ignition_bringup/share/41068_ignition_bringup/models/forest_wall/materials/textures/forest_wall_transparent_small.png
[13.222s] -- Up-to-date symlink: /home/jarrel/git/RS1-Group5/41068_ws/install/41068_ignition_bringup/share/41068_ignition_bringup/models/forest_wall/model.config
[13.222s] -- Up-to-date symlink: /home/jarrel/git/RS1-Group5/41068_ws/install/41068_ignition_bringup/share/41068_ignition_bringup/models/forest_wall/model.sdf
[13.222s] -- Up-to-date symlink: /home/jarrel/git/RS1-Group5/41068_ws/install/41068_ignition_bringup/share/41068_ignition_bringup/models/grass_plane/materials/textures/empty_grass.png
[13.222s] -- Up-to-date symlink: /home/jarrel/git/RS1-Group5/41068_ws/install/41068_ignition_bringup/share/41068_ignition_bringup/models/grass_plane/model.config
[13.222s] -- Up-to-date symlink: /home/jarrel/git/RS1-Group5/41068_ws/install/41068_ignition_bringup/share/41068_ignition_bringup/models/grass_plane/model.sdf
[13.223s] -- Up-to-date symlink: /home/jarrel/git/RS1-Group5/41068_ws/install/41068_ignition_bringup/share/41068_ignition_bringup/urdf/common_properties.urdf.xacro
[13.223s] -- Up-to-date symlink: /home/jarrel/git/RS1-Group5/41068_ws/install/41068_ignition_bringup/share/41068_ignition_bringup/urdf/husky.gazebo.xacro
[13.223s] -- Up-to-date symlink: /home/jarrel/git/RS1-Group5/41068_ws/install/41068_ignition_bringup/share/41068_ignition_bringup/urdf/husky.urdf.xacro
[13.224s] -- Up-to-date symlink: /home/jarrel/git/RS1-Group5/41068_ws/install/41068_ignition_bringup/share/41068_ignition_bringup/urdf/meshes/base_link.dae
[13.224s] -- Up-to-date symlink: /home/jarrel/git/RS1-Group5/41068_ws/install/41068_ignition_bringup/share/41068_ignition_bringup/urdf/meshes/bumper.dae
[13.224s] -- Up-to-date symlink: /home/jarrel/git/RS1-Group5/41068_ws/install/41068_ignition_bringup/share/41068_ignition_bringup/urdf/meshes/jpl04_arch_nosensor.stl
[13.224s] -- Up-to-date symlink: /home/jarrel/git/RS1-Group5/41068_ws/install/41068_ignition_bringup/share/41068_ignition_bringup/urdf/meshes/top_chassis.dae
[13.224s] -- Up-to-date symlink: /home/jarrel/git/RS1-Group5/41068_ws/install/41068_ignition_bringup/share/41068_ignition_bringup/urdf/meshes/top_plate.dae
[13.225s] -- Up-to-date symlink: /home/jarrel/git/RS1-Group5/41068_ws/install/41068_ignition_bringup/share/41068_ignition_bringup/urdf/meshes/wheel.dae
[13.225s] -- Up-to-date symlink: /home/jarrel/git/RS1-Group5/41068_ws/install/41068_ignition_bringup/share/41068_ignition_bringup/urdf/wheel.urdf.xacro
[13.225s] -- Up-to-date symlink: /home/jarrel/git/RS1-Group5/41068_ws/install/41068_ignition_bringup/share/41068_ignition_bringup/worlds/large_demo.sdf
[13.225s] -- Up-to-date symlink: /home/jarrel/git/RS1-Group5/41068_ws/install/41068_ignition_bringup/share/41068_ignition_bringup/worlds/simple_trees.sdf
[13.226s] -- Up-to-date symlink: /home/jarrel/git/RS1-Group5/41068_ws/install/41068_ignition_bringup/share/41068_ignition_bringup/urdf_drone/common_properties.urdf.xacro
[13.226s] -- Up-to-date symlink: /home/jarrel/git/RS1-Group5/41068_ws/install/41068_ignition_bringup/share/41068_ignition_bringup/urdf_drone/meshes/hull.dae
[13.226s] -- Up-to-date symlink: /home/jarrel/git/RS1-Group5/41068_ws/install/41068_ignition_bringup/share/41068_ignition_bringup/urdf_drone/meshes/propeller_fl.dae
[13.226s] -- Up-to-date symlink: /home/jarrel/git/RS1-Group5/41068_ws/install/41068_ignition_bringup/share/41068_ignition_bringup/urdf_drone/meshes/propeller_fr.dae
[13.226s] -- Up-to-date symlink: /home/jarrel/git/RS1-Group5/41068_ws/install/41068_ignition_bringup/share/41068_ignition_bringup/urdf_drone/meshes/propeller_rl.dae
[13.226s] -- Up-to-date symlink: /home/jarrel/git/RS1-Group5/41068_ws/install/41068_ignition_bringup/share/41068_ignition_bringup/urdf_drone/meshes/propeller_rr.dae
[13.226s] -- Up-to-date symlink: /home/jarrel/git/RS1-Group5/41068_ws/install/41068_ignition_bringup/share/41068_ignition_bringup/urdf_drone/model.config
[13.227s] -- Up-to-date symlink: /home/jarrel/git/RS1-Group5/41068_ws/install/41068_ignition_bringup/share/41068_ignition_bringup/urdf_drone/model.sdf
[13.227s] -- Up-to-date symlink: /home/jarrel/git/RS1-Group5/41068_ws/install/41068_ignition_bringup/share/41068_ignition_bringup/urdf_drone/parrot.gazebo.xacro
[13.227s] -- Up-to-date symlink: /home/jarrel/git/RS1-Group5/41068_ws/install/41068_ignition_bringup/share/41068_ignition_bringup/urdf_drone/parrot.urdf.xacro
[13.227s] -- Up-to-date symlink: /home/jarrel/git/RS1-Group5/41068_ws/install/41068_ignition_bringup/share/41068_ignition_bringup/urdf_drone/thumbnails/1.png
[13.227s] -- Up-to-date symlink: /home/jarrel/git/RS1-Group5/41068_ws/install/41068_ignition_bringup/share/41068_ignition_bringup/urdf_drone/thumbnails/2.png
[13.227s] -- Up-to-date symlink: /home/jarrel/git/RS1-Group5/41068_ws/install/41068_ignition_bringup/share/41068_ignition_bringup/urdf_drone/thumbnails/3.png
[13.227s] -- Up-to-date symlink: /home/jarrel/git/RS1-Group5/41068_ws/install/41068_ignition_bringup/share/41068_ignition_bringup/urdf_drone/thumbnails/4.png
[13.228s] -- Up-to-date symlink: /home/jarrel/git/RS1-Group5/41068_ws/install/41068_ignition_bringup/share/41068_ignition_bringup/urdf_drone/thumbnails/5.png
[13.228s] -- Up-to-date symlink: /home/jarrel/git/RS1-Group5/41068_ws/install/41068_ignition_bringup/share/ament_index/resource_index/package_run_dependencies/41068_ignition_bringup
[13.228s] -- Up-to-date symlink: /home/jarrel/git/RS1-Group5/41068_ws/install/41068_ignition_bringup/share/ament_index/resource_index/parent_prefix_path/41068_ignition_bringup
[13.228s] -- Up-to-date symlink: /home/jarrel/git/RS1-Group5/41068_ws/install/41068_ignition_bringup/share/41068_ignition_bringup/environment/ament_prefix_path.sh
[13.228s] -- Up-to-date symlink: /home/jarrel/git/RS1-Group5/41068_ws/install/41068_ignition_bringup/share/41068_ignition_bringup/environment/ament_prefix_path.dsv
[13.228s] -- Up-to-date symlink: /home/jarrel/git/RS1-Group5/41068_ws/install/41068_ignition_bringup/share/41068_ignition_bringup/environment/path.sh
[13.229s] -- Up-to-date symlink: /home/jarrel/git/RS1-Group5/41068_ws/install/41068_ignition_bringup/share/41068_ignition_bringup/environment/path.dsv
[13.229s] -- Up-to-date symlink: /home/jarrel/git/RS1-Group5/41068_ws/install/41068_ignition_bringup/share/41068_ignition_bringup/local_setup.bash
[13.229s] -- Up-to-date symlink: /home/jarrel/git/RS1-Group5/41068_ws/install/41068_ignition_bringup/share/41068_ignition_bringup/local_setup.sh
[13.229s] -- Up-to-date symlink: /home/jarrel/git/RS1-Group5/41068_ws/install/41068_ignition_bringup/share/41068_ignition_bringup/local_setup.zsh
[13.229s] -- Up-to-date symlink: /home/jarrel/git/RS1-Group5/41068_ws/install/41068_ignition_bringup/share/41068_ignition_bringup/local_setup.dsv
[13.229s] -- Symlinking: /home/jarrel/git/RS1-Group5/41068_ws/install/41068_ignition_bringup/share/41068_ignition_bringup/package.dsv
[13.237s] -- Up-to-date symlink: /home/jarrel/git/RS1-Group5/41068_ws/install/41068_ignition_bringup/share/ament_index/resource_index/packages/41068_ignition_bringup
[13.237s] -- Up-to-date symlink: /home/jarrel/git/RS1-Group5/41068_ws/install/41068_ignition_bringup/share/41068_ignition_bringup/cmake/41068_ignition_bringupConfig.cmake
[13.237s] -- Up-to-date symlink: /home/jarrel/git/RS1-Group5/41068_ws/install/41068_ignition_bringup/share/41068_ignition_bringup/cmake/41068_ignition_bringupConfig-version.cmake
[13.237s] -- Up-to-date symlink: /home/jarrel/git/RS1-Group5/41068_ws/install/41068_ignition_bringup/share/41068_ignition_bringup/package.xml
[13.239s] Invoked command in '/home/jarrel/git/RS1-Group5/41068_ws/build/41068_ignition_bringup' returned '0': CMAKE_PREFIX_PATH=${CMAKE_PREFIX_PATH}:/opt/ros/humble /usr/bin/cmake --install /home/jarrel/git/RS1-Group5/41068_ws/build/41068_ignition_bringup
