[0.010s] Invoking command in '/home/jun/git/Robotics-Studio-1/41068_ws/build/41068_ignition_bringup': CMAKE_PREFIX_PATH=${CMAKE_PREFIX_PATH}:/opt/ros/humble /usr/bin/cmake --build /home/jun/git/Robotics-Studio-1/41068_ws/build/41068_ignition_bringup -- -j22 -l22
[0.058s] [ 42%] Built target waypoint_follower
[0.058s] [ 42%] Built target lidar_sensing_node
[0.059s] [ 42%] Built target waypoint_manager
[0.060s] [ 57%] Built target map_waypoint_manager
[0.061s] [ 71%] Built target autonomous_trail_follower
[0.061s] [ 85%] Built target teleop_obstacle_avoid
[0.062s] [100%] Built target manual_trail_inspector
[0.069s] Invoked command in '/home/jun/git/Robotics-Studio-1/41068_ws/build/41068_ignition_bringup' returned '0': CMAKE_PREFIX_PATH=${CMAKE_PREFIX_PATH}:/opt/ros/humble /usr/bin/cmake --build /home/jun/git/Robotics-Studio-1/41068_ws/build/41068_ignition_bringup -- -j22 -l22
[0.076s] Invoking command in '/home/jun/git/Robotics-Studio-1/41068_ws/build/41068_ignition_bringup': CMAKE_PREFIX_PATH=${CMAKE_PREFIX_PATH}:/opt/ros/humble /usr/bin/cmake --install /home/jun/git/Robotics-Studio-1/41068_ws/build/41068_ignition_bringup
[0.080s] -- Install configuration: ""
[0.081s] -- Execute custom install script
[0.081s] -- Up-to-date symlink: /home/jun/git/Robotics-Studio-1/41068_ws/install/41068_ignition_bringup/lib/41068_ignition_bringup/autonomous_trail_follower
[0.081s] -- Up-to-date symlink: /home/jun/git/Robotics-Studio-1/41068_ws/install/41068_ignition_bringup/lib/41068_ignition_bringup/waypoint_follower
[0.081s] -- Up-to-date symlink: /home/jun/git/Robotics-Studio-1/41068_ws/install/41068_ignition_bringup/lib/41068_ignition_bringup/waypoint_manager
[0.081s] -- Up-to-date symlink: /home/jun/git/Robotics-Studio-1/41068_ws/install/41068_ignition_bringup/lib/41068_ignition_bringup/map_waypoint_manager
[0.081s] -- Up-to-date symlink: /home/jun/git/Robotics-Studio-1/41068_ws/install/41068_ignition_bringup/share/41068_ignition_bringup/config/41068.rviz
[0.082s] -- Up-to-date symlink: /home/jun/git/Robotics-Studio-1/41068_ws/install/41068_ignition_bringup/share/41068_ignition_bringup/config/gazebo_bridge.yaml
[0.082s] -- Up-to-date symlink: /home/jun/git/Robotics-Studio-1/41068_ws/install/41068_ignition_bringup/share/41068_ignition_bringup/config/nav2_params.yaml
[0.082s] -- Up-to-date symlink: /home/jun/git/Robotics-Studio-1/41068_ws/install/41068_ignition_bringup/share/41068_ignition_bringup/config/robot_localization.yaml
[0.082s] -- Up-to-date symlink: /home/jun/git/Robotics-Studio-1/41068_ws/install/41068_ignition_bringup/share/41068_ignition_bringup/config/slam_params.yaml
[0.082s] -- Up-to-date symlink: /home/jun/git/Robotics-Studio-1/41068_ws/install/41068_ignition_bringup/share/41068_ignition_bringup/launch/41068_ignition.launch.py
[0.082s] -- Up-to-date symlink: /home/jun/git/Robotics-Studio-1/41068_ws/install/41068_ignition_bringup/share/41068_ignition_bringup/launch/41068_navigation.launch.py
[0.082s] [33mCMake Warning (dev) at ament_cmake_symlink_install/ament_cmake_symlink_install.cmake:62 (file):
[0.083s]   Policy CMP0009 is not set: FILE GLOB_RECURSE calls should not follow
[0.083s]   symlinks by default.  Run "cmake --help-policy CMP0009" for policy details.
[0.083s]   Use the cmake_policy command to set the policy and suppress this warning.
[0.083s] Call Stack (most recent call first):
[0.083s]   ament_cmake_symlink_install/ament_cmake_symlink_install.cmake:320 (ament_cmake_symlink_install_directory)
[0.083s]   cmake_install.cmake:46 (include)
[0.083s] This warning is for project developers.  Use -Wno-dev to suppress it.
[0.083s] [0m
[0.083s] -- Up-to-date symlink: /home/jun/git/Robotics-Studio-1/41068_ws/install/41068_ignition_bringup/share/41068_ignition_bringup/models/forest_plane/materials/textures/Map.png
[0.083s] -- Up-to-date symlink: /home/jun/git/Robotics-Studio-1/41068_ws/install/41068_ignition_bringup/share/41068_ignition_bringup/models/forest_plane/materials/textures/empty_grass.png
[0.083s] -- Up-to-date symlink: /home/jun/git/Robotics-Studio-1/41068_ws/install/41068_ignition_bringup/share/41068_ignition_bringup/models/forest_plane/materials/textures/forest_overhead.png
[0.083s] -- Up-to-date symlink: /home/jun/git/Robotics-Studio-1/41068_ws/install/41068_ignition_bringup/share/41068_ignition_bringup/models/forest_plane/materials/textures/leaf_litter.png
[0.083s] -- Up-to-date symlink: /home/jun/git/Robotics-Studio-1/41068_ws/install/41068_ignition_bringup/share/41068_ignition_bringup/models/forest_plane/model.config
[0.083s] -- Up-to-date symlink: /home/jun/git/Robotics-Studio-1/41068_ws/install/41068_ignition_bringup/share/41068_ignition_bringup/models/forest_plane/model.sdf
[0.083s] -- Up-to-date symlink: /home/jun/git/Robotics-Studio-1/41068_ws/install/41068_ignition_bringup/share/41068_ignition_bringup/models/forest_terrain/build/.built_by
[0.083s] -- Up-to-date symlink: /home/jun/git/Robotics-Studio-1/41068_ws/install/41068_ignition_bringup/share/41068_ignition_bringup/models/forest_terrain/build/COLCON_IGNORE
[0.083s] -- Up-to-date symlink: /home/jun/git/Robotics-Studio-1/41068_ws/install/41068_ignition_bringup/share/41068_ignition_bringup/models/forest_terrain/install/.colcon_install_layout
[0.083s] -- Up-to-date symlink: /home/jun/git/Robotics-Studio-1/41068_ws/install/41068_ignition_bringup/share/41068_ignition_bringup/models/forest_terrain/install/COLCON_IGNORE
[0.083s] -- Up-to-date symlink: /home/jun/git/Robotics-Studio-1/41068_ws/install/41068_ignition_bringup/share/41068_ignition_bringup/models/forest_terrain/install/_local_setup_util_ps1.py
[0.083s] -- Up-to-date symlink: /home/jun/git/Robotics-Studio-1/41068_ws/install/41068_ignition_bringup/share/41068_ignition_bringup/models/forest_terrain/install/_local_setup_util_sh.py
[0.084s] -- Up-to-date symlink: /home/jun/git/Robotics-Studio-1/41068_ws/install/41068_ignition_bringup/share/41068_ignition_bringup/models/forest_terrain/install/local_setup.bash
[0.084s] -- Up-to-date symlink: /home/jun/git/Robotics-Studio-1/41068_ws/install/41068_ignition_bringup/share/41068_ignition_bringup/models/forest_terrain/install/local_setup.ps1
[0.084s] -- Up-to-date symlink: /home/jun/git/Robotics-Studio-1/41068_ws/install/41068_ignition_bringup/share/41068_ignition_bringup/models/forest_terrain/install/local_setup.sh
[0.084s] -- Up-to-date symlink: /home/jun/git/Robotics-Studio-1/41068_ws/install/41068_ignition_bringup/share/41068_ignition_bringup/models/forest_terrain/install/local_setup.zsh
[0.084s] -- Up-to-date symlink: /home/jun/git/Robotics-Studio-1/41068_ws/install/41068_ignition_bringup/share/41068_ignition_bringup/models/forest_terrain/install/setup.bash
[0.084s] -- Up-to-date symlink: /home/jun/git/Robotics-Studio-1/41068_ws/install/41068_ignition_bringup/share/41068_ignition_bringup/models/forest_terrain/install/setup.ps1
[0.084s] -- Up-to-date symlink: /home/jun/git/Robotics-Studio-1/41068_ws/install/41068_ignition_bringup/share/41068_ignition_bringup/models/forest_terrain/install/setup.sh
[0.084s] -- Up-to-date symlink: /home/jun/git/Robotics-Studio-1/41068_ws/install/41068_ignition_bringup/share/41068_ignition_bringup/models/forest_terrain/install/setup.zsh
[0.084s] -- Up-to-date symlink: /home/jun/git/Robotics-Studio-1/41068_ws/install/41068_ignition_bringup/share/41068_ignition_bringup/models/forest_terrain/log/COLCON_IGNORE
[0.084s] -- Up-to-date symlink: /home/jun/git/Robotics-Studio-1/41068_ws/install/41068_ignition_bringup/share/41068_ignition_bringup/models/forest_terrain/log/build_2025-08-27_19-31-27/events.log
[0.084s] -- Up-to-date symlink: /home/jun/git/Robotics-Studio-1/41068_ws/install/41068_ignition_bringup/share/41068_ignition_bringup/models/forest_terrain/log/build_2025-08-27_19-31-27/logger_all.log
[0.084s] -- Up-to-date symlink: /home/jun/git/Robotics-Studio-1/41068_ws/install/41068_ignition_bringup/share/41068_ignition_bringup/models/forest_terrain/log/build_2025-08-28_14-08-20/events.log
[0.084s] -- Up-to-date symlink: /home/jun/git/Robotics-Studio-1/41068_ws/install/41068_ignition_bringup/share/41068_ignition_bringup/models/forest_terrain/log/build_2025-08-28_14-08-20/logger_all.log
[0.085s] -- Up-to-date symlink: /home/jun/git/Robotics-Studio-1/41068_ws/install/41068_ignition_bringup/share/41068_ignition_bringup/models/forest_terrain/log/build_2025-08-28_15-02-25/events.log
[0.085s] -- Up-to-date symlink: /home/jun/git/Robotics-Studio-1/41068_ws/install/41068_ignition_bringup/share/41068_ignition_bringup/models/forest_terrain/log/build_2025-08-28_15-02-25/logger_all.log
[0.085s] -- Up-to-date symlink: /home/jun/git/Robotics-Studio-1/41068_ws/install/41068_ignition_bringup/share/41068_ignition_bringup/models/forest_terrain/log/latest/events.log
[0.085s] -- Up-to-date symlink: /home/jun/git/Robotics-Studio-1/41068_ws/install/41068_ignition_bringup/share/41068_ignition_bringup/models/forest_terrain/log/latest/logger_all.log
[0.085s] -- Up-to-date symlink: /home/jun/git/Robotics-Studio-1/41068_ws/install/41068_ignition_bringup/share/41068_ignition_bringup/models/forest_terrain/log/latest_build/events.log
[0.085s] -- Up-to-date symlink: /home/jun/git/Robotics-Studio-1/41068_ws/install/41068_ignition_bringup/share/41068_ignition_bringup/models/forest_terrain/log/latest_build/logger_all.log
[0.085s] -- Up-to-date symlink: /home/jun/git/Robotics-Studio-1/41068_ws/install/41068_ignition_bringup/share/41068_ignition_bringup/models/forest_terrain/materials/textures/Elevated_Terrain_Test.dae
[0.085s] -- Up-to-date symlink: /home/jun/git/Robotics-Studio-1/41068_ws/install/41068_ignition_bringup/share/41068_ignition_bringup/models/forest_terrain/materials/textures/Elevated_Terrain_Test.fbm/forest_overhead.png
[0.085s] -- Up-to-date symlink: /home/jun/git/Robotics-Studio-1/41068_ws/install/41068_ignition_bringup/share/41068_ignition_bringup/models/forest_terrain/materials/textures/Elevated_Terrain_Test.fbx
[0.085s] -- Up-to-date symlink: /home/jun/git/Robotics-Studio-1/41068_ws/install/41068_ignition_bringup/share/41068_ignition_bringup/models/forest_terrain/materials/textures/forest_overhead.png
[0.085s] -- Up-to-date symlink: /home/jun/git/Robotics-Studio-1/41068_ws/install/41068_ignition_bringup/share/41068_ignition_bringup/models/forest_terrain/materials/textures/model.config
[0.085s] -- Up-to-date symlink: /home/jun/git/Robotics-Studio-1/41068_ws/install/41068_ignition_bringup/share/41068_ignition_bringup/models/forest_terrain/materials/textures/model.sdf
[0.086s] -- Up-to-date symlink: /home/jun/git/Robotics-Studio-1/41068_ws/install/41068_ignition_bringup/share/41068_ignition_bringup/models/forest_terrain/model.config
[0.086s] -- Up-to-date symlink: /home/jun/git/Robotics-Studio-1/41068_ws/install/41068_ignition_bringup/share/41068_ignition_bringup/models/forest_terrain/model.sdf
[0.086s] -- Up-to-date symlink: /home/jun/git/Robotics-Studio-1/41068_ws/install/41068_ignition_bringup/share/41068_ignition_bringup/models/forest_wall/materials/textures/forest_wall.png
[0.086s] -- Up-to-date symlink: /home/jun/git/Robotics-Studio-1/41068_ws/install/41068_ignition_bringup/share/41068_ignition_bringup/models/forest_wall/materials/textures/forest_wall_transparent.png
[0.086s] -- Up-to-date symlink: /home/jun/git/Robotics-Studio-1/41068_ws/install/41068_ignition_bringup/share/41068_ignition_bringup/models/forest_wall/materials/textures/forest_wall_transparent_small.png
[0.086s] -- Up-to-date symlink: /home/jun/git/Robotics-Studio-1/41068_ws/install/41068_ignition_bringup/share/41068_ignition_bringup/models/forest_wall/model.config
[0.086s] -- Up-to-date symlink: /home/jun/git/Robotics-Studio-1/41068_ws/install/41068_ignition_bringup/share/41068_ignition_bringup/models/forest_wall/model.sdf
[0.086s] -- Up-to-date symlink: /home/jun/git/Robotics-Studio-1/41068_ws/install/41068_ignition_bringup/share/41068_ignition_bringup/models/grass_plane/materials/textures/empty_grass.png
[0.086s] -- Up-to-date symlink: /home/jun/git/Robotics-Studio-1/41068_ws/install/41068_ignition_bringup/share/41068_ignition_bringup/models/grass_plane/model.config
[0.086s] -- Up-to-date symlink: /home/jun/git/Robotics-Studio-1/41068_ws/install/41068_ignition_bringup/share/41068_ignition_bringup/models/grass_plane/model.sdf
[0.086s] -- Up-to-date symlink: /home/jun/git/Robotics-Studio-1/41068_ws/install/41068_ignition_bringup/share/41068_ignition_bringup/urdf/common_properties.urdf.xacro
[0.086s] -- Up-to-date symlink: /home/jun/git/Robotics-Studio-1/41068_ws/install/41068_ignition_bringup/share/41068_ignition_bringup/urdf/husky.gazebo.xacro
[0.087s] -- Up-to-date symlink: /home/jun/git/Robotics-Studio-1/41068_ws/install/41068_ignition_bringup/share/41068_ignition_bringup/urdf/husky.urdf.xacro
[0.087s] -- Up-to-date symlink: /home/jun/git/Robotics-Studio-1/41068_ws/install/41068_ignition_bringup/share/41068_ignition_bringup/urdf/meshes/base_link.dae
[0.087s] -- Up-to-date symlink: /home/jun/git/Robotics-Studio-1/41068_ws/install/41068_ignition_bringup/share/41068_ignition_bringup/urdf/meshes/bumper.dae
[0.087s] -- Up-to-date symlink: /home/jun/git/Robotics-Studio-1/41068_ws/install/41068_ignition_bringup/share/41068_ignition_bringup/urdf/meshes/jpl04_arch_nosensor.stl
[0.087s] -- Up-to-date symlink: /home/jun/git/Robotics-Studio-1/41068_ws/install/41068_ignition_bringup/share/41068_ignition_bringup/urdf/meshes/top_chassis.dae
[0.087s] -- Up-to-date symlink: /home/jun/git/Robotics-Studio-1/41068_ws/install/41068_ignition_bringup/share/41068_ignition_bringup/urdf/meshes/top_plate.dae
[0.087s] -- Up-to-date symlink: /home/jun/git/Robotics-Studio-1/41068_ws/install/41068_ignition_bringup/share/41068_ignition_bringup/urdf/meshes/wheel.dae
[0.087s] -- Up-to-date symlink: /home/jun/git/Robotics-Studio-1/41068_ws/install/41068_ignition_bringup/share/41068_ignition_bringup/urdf/wheel.urdf.xacro
[0.087s] -- Up-to-date symlink: /home/jun/git/Robotics-Studio-1/41068_ws/install/41068_ignition_bringup/share/41068_ignition_bringup/worlds/large_demo.sdf
[0.087s] -- Up-to-date symlink: /home/jun/git/Robotics-Studio-1/41068_ws/install/41068_ignition_bringup/share/41068_ignition_bringup/worlds/simple_trees.sdf
[0.087s] -- Up-to-date symlink: /home/jun/git/Robotics-Studio-1/41068_ws/install/41068_ignition_bringup/lib/41068_ignition_bringup/waypoint_setter.py
[0.087s] -- Up-to-date symlink: /home/jun/git/Robotics-Studio-1/41068_ws/install/41068_ignition_bringup/lib/41068_ignition_bringup/click_to_yaml.py
[0.088s] -- Up-to-date symlink: /home/jun/git/Robotics-Studio-1/41068_ws/install/41068_ignition_bringup/share/ament_index/resource_index/package_run_dependencies/41068_ignition_bringup
[0.088s] -- Up-to-date symlink: /home/jun/git/Robotics-Studio-1/41068_ws/install/41068_ignition_bringup/share/ament_index/resource_index/parent_prefix_path/41068_ignition_bringup
[0.088s] -- Up-to-date symlink: /home/jun/git/Robotics-Studio-1/41068_ws/install/41068_ignition_bringup/share/41068_ignition_bringup/environment/ament_prefix_path.sh
[0.088s] -- Up-to-date symlink: /home/jun/git/Robotics-Studio-1/41068_ws/install/41068_ignition_bringup/share/41068_ignition_bringup/environment/ament_prefix_path.dsv
[0.088s] -- Up-to-date symlink: /home/jun/git/Robotics-Studio-1/41068_ws/install/41068_ignition_bringup/share/41068_ignition_bringup/environment/path.sh
[0.088s] -- Up-to-date symlink: /home/jun/git/Robotics-Studio-1/41068_ws/install/41068_ignition_bringup/share/41068_ignition_bringup/environment/path.dsv
[0.088s] -- Up-to-date symlink: /home/jun/git/Robotics-Studio-1/41068_ws/install/41068_ignition_bringup/share/41068_ignition_bringup/local_setup.bash
[0.088s] -- Up-to-date symlink: /home/jun/git/Robotics-Studio-1/41068_ws/install/41068_ignition_bringup/share/41068_ignition_bringup/local_setup.sh
[0.088s] -- Up-to-date symlink: /home/jun/git/Robotics-Studio-1/41068_ws/install/41068_ignition_bringup/share/41068_ignition_bringup/local_setup.zsh
[0.089s] -- Up-to-date symlink: /home/jun/git/Robotics-Studio-1/41068_ws/install/41068_ignition_bringup/share/41068_ignition_bringup/local_setup.dsv
[0.089s] -- Symlinking: /home/jun/git/Robotics-Studio-1/41068_ws/install/41068_ignition_bringup/share/41068_ignition_bringup/package.dsv
[0.096s] -- Up-to-date symlink: /home/jun/git/Robotics-Studio-1/41068_ws/install/41068_ignition_bringup/share/ament_index/resource_index/packages/41068_ignition_bringup
[0.096s] -- Up-to-date symlink: /home/jun/git/Robotics-Studio-1/41068_ws/install/41068_ignition_bringup/share/41068_ignition_bringup/cmake/41068_ignition_bringupConfig.cmake
[0.096s] -- Up-to-date symlink: /home/jun/git/Robotics-Studio-1/41068_ws/install/41068_ignition_bringup/share/41068_ignition_bringup/cmake/41068_ignition_bringupConfig-version.cmake
[0.096s] -- Up-to-date symlink: /home/jun/git/Robotics-Studio-1/41068_ws/install/41068_ignition_bringup/share/41068_ignition_bringup/package.xml
[0.098s] Invoked command in '/home/jun/git/Robotics-Studio-1/41068_ws/build/41068_ignition_bringup' returned '0': CMAKE_PREFIX_PATH=${CMAKE_PREFIX_PATH}:/opt/ros/humble /usr/bin/cmake --install /home/jun/git/Robotics-Studio-1/41068_ws/build/41068_ignition_bringup
