[3.266s] Invoking command in '/home/student/RS1-Group5/build/rs1_gui': PYTHONPATH=/home/student/RS1-Group5/build/rs1_gui/prefix_override:/usr/lib/python3/dist-packages/colcon_core/task/python/colcon_distutils_commands:/home/student/RS1-Group5/install/rs1_gui/lib/python3.10/site-packages:${PYTHONPATH} /usr/bin/python3 -W ignore:setup.py install is deprecated -W ignore:easy_install command is deprecated setup.py develop --editable --build-directory /home/student/RS1-Group5/build/rs1_gui/build --no-deps symlink_data
[3.582s] running develop
[3.830s] running egg_info
[3.830s] creating rs1_gui.egg-info
[3.831s] writing rs1_gui.egg-info/PKG-INFO
[3.832s] writing dependency_links to rs1_gui.egg-info/dependency_links.txt
[3.832s] writing entry points to rs1_gui.egg-info/entry_points.txt
[3.833s] writing requirements to rs1_gui.egg-info/requires.txt
[3.833s] writing top-level names to rs1_gui.egg-info/top_level.txt
[3.834s] writing manifest file 'rs1_gui.egg-info/SOURCES.txt'
[3.837s] reading manifest file 'rs1_gui.egg-info/SOURCES.txt'
[3.837s] writing manifest file 'rs1_gui.egg-info/SOURCES.txt'
[3.839s] running build_ext
[3.840s] Creating /home/student/RS1-Group5/install/rs1_gui/lib/python3.10/site-packages/rs1-gui.egg-link (link to .)
[3.841s] Installing gui_node script to /home/student/RS1-Group5/install/rs1_gui/lib/rs1_gui
[3.841s] 
[3.841s] Installed /home/student/RS1-Group5/build/rs1_gui
[3.842s] running symlink_data
[3.842s] creating /home/student/RS1-Group5/install/rs1_gui/share/ament_index
[3.842s] creating /home/student/RS1-Group5/install/rs1_gui/share/ament_index/resource_index
[3.842s] creating /home/student/RS1-Group5/install/rs1_gui/share/ament_index/resource_index/packages
[3.842s] symbolically linking /home/student/RS1-Group5/build/rs1_gui/resource/rs1_gui -> /home/student/RS1-Group5/install/rs1_gui/share/ament_index/resource_index/packages
[3.842s] symbolically linking /home/student/RS1-Group5/build/rs1_gui/package.xml -> /home/student/RS1-Group5/install/rs1_gui/share/rs1_gui
[3.842s] creating /home/student/RS1-Group5/install/rs1_gui/share/rs1_gui/launch
[3.842s] symbolically linking /home/student/RS1-Group5/build/rs1_gui/launch/gui_launch.py -> /home/student/RS1-Group5/install/rs1_gui/share/rs1_gui/launch
[3.900s] Invoked command in '/home/student/RS1-Group5/build/rs1_gui' returned '0': PYTHONPATH=/home/student/RS1-Group5/build/rs1_gui/prefix_override:/usr/lib/python3/dist-packages/colcon_core/task/python/colcon_distutils_commands:/home/student/RS1-Group5/install/rs1_gui/lib/python3.10/site-packages:${PYTHONPATH} /usr/bin/python3 -W ignore:setup.py install is deprecated -W ignore:easy_install command is deprecated setup.py develop --editable --build-directory /home/student/RS1-Group5/build/rs1_gui/build --no-deps symlink_data
