[0.011s] Invoking command in '/home/jun/git/Robotics-Studio-1/41068_ws/build/41068_ignition_bringup': CMAKE_PREFIX_PATH=${CMAKE_PREFIX_PATH}:/opt/ros/humble /usr/bin/cmake --build /home/jun/git/Robotics-Studio-1/41068_ws/build/41068_ignition_bringup -- -j22 -l22
[0.033s] -- Found ament_cmake: 1.3.12 (/opt/ros/humble/share/ament_cmake/cmake)
[0.146s] -- Override CMake install command with custom implementation using symlinks instead of copying resources
[0.155s] -- Found rclcpp: 16.0.14 (/opt/ros/humble/share/rclcpp/cmake)
[0.183s] -- Found rosidl_generator_c: 3.1.7 (/opt/ros/humble/share/rosidl_generator_c/cmake)
[0.185s] -- Found rosidl_adapter: 3.1.7 (/opt/ros/humble/share/rosidl_adapter/cmake)
[0.190s] -- Found rosidl_generator_cpp: 3.1.7 (/opt/ros/humble/share/rosidl_generator_cpp/cmake)
[0.199s] -- Using all available rosidl_typesupport_c: rosidl_typesupport_fastrtps_c;rosidl_typesupport_introspection_c
[0.209s] -- Using all available rosidl_typesupport_cpp: rosidl_typesupport_fastrtps_cpp;rosidl_typesupport_introspection_cpp
[0.237s] -- Found rmw_implementation_cmake: 6.1.2 (/opt/ros/humble/share/rmw_implementation_cmake/cmake)
[0.239s] -- Found rmw_cyclonedds_cpp: 1.3.4 (/opt/ros/humble/share/rmw_cyclonedds_cpp/cmake)
[0.255s] -- Using RMW implementation 'rmw_cyclonedds_cpp' as default
[0.301s] -- Found geometry_msgs: 4.9.0 (/opt/ros/humble/share/geometry_msgs/cmake)
[0.314s] -- Found nav_msgs: 4.9.0 (/opt/ros/humble/share/nav_msgs/cmake)
[0.331s] -- Found visualization_msgs: 4.9.0 (/opt/ros/humble/share/visualization_msgs/cmake)
[0.381s] -- Found tf2: 0.25.15 (/opt/ros/humble/share/tf2/cmake)
[0.395s] -- Found tf2_ros: 0.25.15 (/opt/ros/humble/share/tf2_ros/cmake)
[0.512s] -- Found tf2_geometry_msgs: 0.25.15 (/opt/ros/humble/share/tf2_geometry_msgs/cmake)
[0.532s] -- Found eigen3_cmake_module: 0.1.1 (/opt/ros/humble/share/eigen3_cmake_module/cmake)
[0.534s] -- Found Eigen3: TRUE (found version "3.4.0") 
[0.534s] -- Ensuring Eigen3 include directory is part of orocos-kdl CMake target
[0.542s] -- Found ament_lint_auto: 0.12.14 (/opt/ros/humble/share/ament_lint_auto/cmake)
[0.597s] WARNING: Package name "41068_ignition_bringup" does not follow the naming conventions. It should start with a lower case letter and only contain lower case letters, digits, underscores, and dashes.
[0.617s] -- Added test 'copyright' to check source files copyright and LICENSE
[0.638s] -- Added test 'cppcheck' to perform static code analysis on C / C++ code
[0.638s] -- Configured cppcheck include dirs: 
[0.638s] -- Configured cppcheck exclude dirs and/or files: 
[0.658s] -- Added test 'cpplint' to check C / C++ code against the Google style
[0.658s] -- Configured cpplint exclude dirs and/or files: 
[0.661s] -- Added test 'flake8' to check Python code syntax and style conventions
[0.666s] -- Added test 'lint_cmake' to check CMake code style
[0.668s] -- Added test 'pep257' to check Python code against some of the docstring style conventions in PEP 257
[0.688s] -- Added test 'uncrustify' to check C / C++ code style
[0.688s] -- Configured uncrustify additional arguments: 
[0.690s] -- Added test 'xmllint' to check XML markup files
[0.691s] -- Configuring done
[0.710s] -- Generating done
[0.717s] -- Build files have been written to: /home/jun/git/Robotics-Studio-1/41068_ws/build/41068_ignition_bringup
[0.745s] [35m[1mConsolidate compiler generated dependencies of target waypoint_manager[0m
[0.746s] [35m[1mConsolidate compiler generated dependencies of target waypoint_follower[0m
[0.746s] [35m[1mConsolidate compiler generated dependencies of target map_waypoint_manager[0m
[0.765s] [ 33%] [32mBuilding CXX object CMakeFiles/map_waypoint_manager.dir/src/map_waypoint_manager.cpp.o[0m
[0.765s] [ 50%] Built target waypoint_manager
[0.765s] [ 83%] Built target waypoint_follower
[16.650s] [100%] [32m[1mLinking CXX executable map_waypoint_manager[0m
[17.443s] [100%] Built target map_waypoint_manager
[17.456s] Invoked command in '/home/jun/git/Robotics-Studio-1/41068_ws/build/41068_ignition_bringup' returned '0': CMAKE_PREFIX_PATH=${CMAKE_PREFIX_PATH}:/opt/ros/humble /usr/bin/cmake --build /home/jun/git/Robotics-Studio-1/41068_ws/build/41068_ignition_bringup -- -j22 -l22
[17.471s] Invoking command in '/home/jun/git/Robotics-Studio-1/41068_ws/build/41068_ignition_bringup': CMAKE_PREFIX_PATH=${CMAKE_PREFIX_PATH}:/opt/ros/humble /usr/bin/cmake --install /home/jun/git/Robotics-Studio-1/41068_ws/build/41068_ignition_bringup
[17.480s] -- Install configuration: ""
[17.481s] -- Execute custom install script
[17.481s] -- Up-to-date symlink: /home/jun/git/Robotics-Studio-1/41068_ws/install/41068_ignition_bringup/lib/41068_ignition_bringup/waypoint_follower
[17.481s] -- Up-to-date symlink: /home/jun/git/Robotics-Studio-1/41068_ws/install/41068_ignition_bringup/lib/41068_ignition_bringup/waypoint_manager
[17.481s] -- Up-to-date symlink: /home/jun/git/Robotics-Studio-1/41068_ws/install/41068_ignition_bringup/lib/41068_ignition_bringup/map_waypoint_manager
[17.482s] -- Up-to-date symlink: /home/jun/git/Robotics-Studio-1/41068_ws/install/41068_ignition_bringup/share/41068_ignition_bringup/config/41068.rviz
[17.482s] -- Up-to-date symlink: /home/jun/git/Robotics-Studio-1/41068_ws/install/41068_ignition_bringup/share/41068_ignition_bringup/config/gazebo_bridge.yaml
[17.483s] -- Up-to-date symlink: /home/jun/git/Robotics-Studio-1/41068_ws/install/41068_ignition_bringup/share/41068_ignition_bringup/config/nav2_params.yaml
[17.483s] -- Up-to-date symlink: /home/jun/git/Robotics-Studio-1/41068_ws/install/41068_ignition_bringup/share/41068_ignition_bringup/config/robot_localization.yaml
[17.483s] -- Up-to-date symlink: /home/jun/git/Robotics-Studio-1/41068_ws/install/41068_ignition_bringup/share/41068_ignition_bringup/config/slam_params.yaml
[17.483s] -- Up-to-date symlink: /home/jun/git/Robotics-Studio-1/41068_ws/install/41068_ignition_bringup/share/41068_ignition_bringup/launch/41068_ignition.launch.py
[17.483s] -- Up-to-date symlink: /home/jun/git/Robotics-Studio-1/41068_ws/install/41068_ignition_bringup/share/41068_ignition_bringup/launch/41068_navigation.launch.py
[17.484s] [33mCMake Warning (dev) at ament_cmake_symlink_install/ament_cmake_symlink_install.cmake:62 (file):
[17.484s]   Policy CMP0009 is not set: FILE GLOB_RECURSE calls should not follow
[17.484s]   symlinks by default.  Run "cmake --help-policy CMP0009" for policy details.
[17.484s]   Use the cmake_policy command to set the policy and suppress this warning.
[17.484s] Call Stack (most recent call first):
[17.484s]   ament_cmake_symlink_install/ament_cmake_symlink_install.cmake:317 (ament_cmake_symlink_install_directory)
[17.485s]   cmake_install.cmake:46 (include)
[17.485s] This warning is for project developers.  Use -Wno-dev to suppress it.
[17.485s] [0m
[17.485s] -- Up-to-date symlink: /home/jun/git/Robotics-Studio-1/41068_ws/install/41068_ignition_bringup/share/41068_ignition_bringup/models/forest_plane/materials/textures/Map.png
[17.485s] -- Up-to-date symlink: /home/jun/git/Robotics-Studio-1/41068_ws/install/41068_ignition_bringup/share/41068_ignition_bringup/models/forest_plane/materials/textures/empty_grass.png
[17.485s] -- Up-to-date symlink: /home/jun/git/Robotics-Studio-1/41068_ws/install/41068_ignition_bringup/share/41068_ignition_bringup/models/forest_plane/materials/textures/forest_overhead.png
[17.485s] -- Up-to-date symlink: /home/jun/git/Robotics-Studio-1/41068_ws/install/41068_ignition_bringup/share/41068_ignition_bringup/models/forest_plane/materials/textures/leaf_litter.png
[17.485s] -- Up-to-date symlink: /home/jun/git/Robotics-Studio-1/41068_ws/install/41068_ignition_bringup/share/41068_ignition_bringup/models/forest_plane/model.config
[17.485s] -- Up-to-date symlink: /home/jun/git/Robotics-Studio-1/41068_ws/install/41068_ignition_bringup/share/41068_ignition_bringup/models/forest_plane/model.sdf
[17.485s] -- Up-to-date symlink: /home/jun/git/Robotics-Studio-1/41068_ws/install/41068_ignition_bringup/share/41068_ignition_bringup/models/forest_terrain/build/.built_by
[17.485s] -- Up-to-date symlink: /home/jun/git/Robotics-Studio-1/41068_ws/install/41068_ignition_bringup/share/41068_ignition_bringup/models/forest_terrain/build/COLCON_IGNORE
[17.485s] -- Up-to-date symlink: /home/jun/git/Robotics-Studio-1/41068_ws/install/41068_ignition_bringup/share/41068_ignition_bringup/models/forest_terrain/install/.colcon_install_layout
[17.486s] -- Up-to-date symlink: /home/jun/git/Robotics-Studio-1/41068_ws/install/41068_ignition_bringup/share/41068_ignition_bringup/models/forest_terrain/install/COLCON_IGNORE
[17.486s] -- Up-to-date symlink: /home/jun/git/Robotics-Studio-1/41068_ws/install/41068_ignition_bringup/share/41068_ignition_bringup/models/forest_terrain/install/_local_setup_util_ps1.py
[17.486s] -- Up-to-date symlink: /home/jun/git/Robotics-Studio-1/41068_ws/install/41068_ignition_bringup/share/41068_ignition_bringup/models/forest_terrain/install/_local_setup_util_sh.py
[17.486s] -- Up-to-date symlink: /home/jun/git/Robotics-Studio-1/41068_ws/install/41068_ignition_bringup/share/41068_ignition_bringup/models/forest_terrain/install/local_setup.bash
[17.486s] -- Up-to-date symlink: /home/jun/git/Robotics-Studio-1/41068_ws/install/41068_ignition_bringup/share/41068_ignition_bringup/models/forest_terrain/install/local_setup.ps1
[17.486s] -- Up-to-date symlink: /home/jun/git/Robotics-Studio-1/41068_ws/install/41068_ignition_bringup/share/41068_ignition_bringup/models/forest_terrain/install/local_setup.sh
[17.486s] -- Up-to-date symlink: /home/jun/git/Robotics-Studio-1/41068_ws/install/41068_ignition_bringup/share/41068_ignition_bringup/models/forest_terrain/install/local_setup.zsh
[17.486s] -- Up-to-date symlink: /home/jun/git/Robotics-Studio-1/41068_ws/install/41068_ignition_bringup/share/41068_ignition_bringup/models/forest_terrain/install/setup.bash
[17.486s] -- Up-to-date symlink: /home/jun/git/Robotics-Studio-1/41068_ws/install/41068_ignition_bringup/share/41068_ignition_bringup/models/forest_terrain/install/setup.ps1
[17.486s] -- Up-to-date symlink: /home/jun/git/Robotics-Studio-1/41068_ws/install/41068_ignition_bringup/share/41068_ignition_bringup/models/forest_terrain/install/setup.sh
[17.486s] -- Up-to-date symlink: /home/jun/git/Robotics-Studio-1/41068_ws/install/41068_ignition_bringup/share/41068_ignition_bringup/models/forest_terrain/install/setup.zsh
[17.487s] -- Up-to-date symlink: /home/jun/git/Robotics-Studio-1/41068_ws/install/41068_ignition_bringup/share/41068_ignition_bringup/models/forest_terrain/log/COLCON_IGNORE
[17.487s] -- Up-to-date symlink: /home/jun/git/Robotics-Studio-1/41068_ws/install/41068_ignition_bringup/share/41068_ignition_bringup/models/forest_terrain/log/build_2025-08-27_19-31-27/events.log
[17.487s] -- Up-to-date symlink: /home/jun/git/Robotics-Studio-1/41068_ws/install/41068_ignition_bringup/share/41068_ignition_bringup/models/forest_terrain/log/build_2025-08-27_19-31-27/logger_all.log
[17.487s] -- Up-to-date symlink: /home/jun/git/Robotics-Studio-1/41068_ws/install/41068_ignition_bringup/share/41068_ignition_bringup/models/forest_terrain/log/build_2025-08-28_14-08-20/events.log
[17.487s] -- Up-to-date symlink: /home/jun/git/Robotics-Studio-1/41068_ws/install/41068_ignition_bringup/share/41068_ignition_bringup/models/forest_terrain/log/build_2025-08-28_14-08-20/logger_all.log
[17.487s] -- Up-to-date symlink: /home/jun/git/Robotics-Studio-1/41068_ws/install/41068_ignition_bringup/share/41068_ignition_bringup/models/forest_terrain/log/build_2025-08-28_15-02-25/events.log
[17.487s] -- Up-to-date symlink: /home/jun/git/Robotics-Studio-1/41068_ws/install/41068_ignition_bringup/share/41068_ignition_bringup/models/forest_terrain/log/build_2025-08-28_15-02-25/logger_all.log
[17.487s] -- Up-to-date symlink: /home/jun/git/Robotics-Studio-1/41068_ws/install/41068_ignition_bringup/share/41068_ignition_bringup/models/forest_terrain/log/latest/events.log
[17.488s] -- Up-to-date symlink: /home/jun/git/Robotics-Studio-1/41068_ws/install/41068_ignition_bringup/share/41068_ignition_bringup/models/forest_terrain/log/latest/logger_all.log
[17.488s] -- Up-to-date symlink: /home/jun/git/Robotics-Studio-1/41068_ws/install/41068_ignition_bringup/share/41068_ignition_bringup/models/forest_terrain/log/latest_build/events.log
[17.488s] -- Up-to-date symlink: /home/jun/git/Robotics-Studio-1/41068_ws/install/41068_ignition_bringup/share/41068_ignition_bringup/models/forest_terrain/log/latest_build/logger_all.log
[17.488s] -- Up-to-date symlink: /home/jun/git/Robotics-Studio-1/41068_ws/install/41068_ignition_bringup/share/41068_ignition_bringup/models/forest_terrain/materials/textures/Elevated_Terrain_Test.dae
[17.488s] -- Up-to-date symlink: /home/jun/git/Robotics-Studio-1/41068_ws/install/41068_ignition_bringup/share/41068_ignition_bringup/models/forest_terrain/materials/textures/Elevated_Terrain_Test.fbm/forest_overhead.png
[17.488s] -- Up-to-date symlink: /home/jun/git/Robotics-Studio-1/41068_ws/install/41068_ignition_bringup/share/41068_ignition_bringup/models/forest_terrain/materials/textures/Elevated_Terrain_Test.fbx
[17.488s] -- Up-to-date symlink: /home/jun/git/Robotics-Studio-1/41068_ws/install/41068_ignition_bringup/share/41068_ignition_bringup/models/forest_terrain/materials/textures/forest_overhead.png
[17.488s] -- Up-to-date symlink: /home/jun/git/Robotics-Studio-1/41068_ws/install/41068_ignition_bringup/share/41068_ignition_bringup/models/forest_terrain/materials/textures/model.config
[17.489s] -- Up-to-date symlink: /home/jun/git/Robotics-Studio-1/41068_ws/install/41068_ignition_bringup/share/41068_ignition_bringup/models/forest_terrain/materials/textures/model.sdf
[17.489s] -- Up-to-date symlink: /home/jun/git/Robotics-Studio-1/41068_ws/install/41068_ignition_bringup/share/41068_ignition_bringup/models/forest_terrain/model.config
[17.489s] -- Up-to-date symlink: /home/jun/git/Robotics-Studio-1/41068_ws/install/41068_ignition_bringup/share/41068_ignition_bringup/models/forest_terrain/model.sdf
[17.489s] -- Up-to-date symlink: /home/jun/git/Robotics-Studio-1/41068_ws/install/41068_ignition_bringup/share/41068_ignition_bringup/models/forest_wall/materials/textures/forest_wall.png
[17.489s] -- Up-to-date symlink: /home/jun/git/Robotics-Studio-1/41068_ws/install/41068_ignition_bringup/share/41068_ignition_bringup/models/forest_wall/materials/textures/forest_wall_transparent.png
[17.489s] -- Up-to-date symlink: /home/jun/git/Robotics-Studio-1/41068_ws/install/41068_ignition_bringup/share/41068_ignition_bringup/models/forest_wall/materials/textures/forest_wall_transparent_small.png
[17.489s] -- Up-to-date symlink: /home/jun/git/Robotics-Studio-1/41068_ws/install/41068_ignition_bringup/share/41068_ignition_bringup/models/forest_wall/model.config
[17.489s] -- Up-to-date symlink: /home/jun/git/Robotics-Studio-1/41068_ws/install/41068_ignition_bringup/share/41068_ignition_bringup/models/forest_wall/model.sdf
[17.489s] -- Up-to-date symlink: /home/jun/git/Robotics-Studio-1/41068_ws/install/41068_ignition_bringup/share/41068_ignition_bringup/models/grass_plane/materials/textures/empty_grass.png
[17.490s] -- Up-to-date symlink: /home/jun/git/Robotics-Studio-1/41068_ws/install/41068_ignition_bringup/share/41068_ignition_bringup/models/grass_plane/model.config
[17.490s] -- Up-to-date symlink: /home/jun/git/Robotics-Studio-1/41068_ws/install/41068_ignition_bringup/share/41068_ignition_bringup/models/grass_plane/model.sdf
[17.490s] -- Up-to-date symlink: /home/jun/git/Robotics-Studio-1/41068_ws/install/41068_ignition_bringup/share/41068_ignition_bringup/urdf/common_properties.urdf.xacro
[17.490s] -- Up-to-date symlink: /home/jun/git/Robotics-Studio-1/41068_ws/install/41068_ignition_bringup/share/41068_ignition_bringup/urdf/husky.gazebo.xacro
[17.490s] -- Up-to-date symlink: /home/jun/git/Robotics-Studio-1/41068_ws/install/41068_ignition_bringup/share/41068_ignition_bringup/urdf/husky.urdf.xacro
[17.491s] -- Up-to-date symlink: /home/jun/git/Robotics-Studio-1/41068_ws/install/41068_ignition_bringup/share/41068_ignition_bringup/urdf/meshes/base_link.dae
[17.491s] -- Up-to-date symlink: /home/jun/git/Robotics-Studio-1/41068_ws/install/41068_ignition_bringup/share/41068_ignition_bringup/urdf/meshes/bumper.dae
[17.491s] -- Up-to-date symlink: /home/jun/git/Robotics-Studio-1/41068_ws/install/41068_ignition_bringup/share/41068_ignition_bringup/urdf/meshes/jpl04_arch_nosensor.stl
[17.491s] -- Up-to-date symlink: /home/jun/git/Robotics-Studio-1/41068_ws/install/41068_ignition_bringup/share/41068_ignition_bringup/urdf/meshes/top_chassis.dae
[17.491s] -- Up-to-date symlink: /home/jun/git/Robotics-Studio-1/41068_ws/install/41068_ignition_bringup/share/41068_ignition_bringup/urdf/meshes/top_plate.dae
[17.491s] -- Up-to-date symlink: /home/jun/git/Robotics-Studio-1/41068_ws/install/41068_ignition_bringup/share/41068_ignition_bringup/urdf/meshes/wheel.dae
[17.491s] -- Up-to-date symlink: /home/jun/git/Robotics-Studio-1/41068_ws/install/41068_ignition_bringup/share/41068_ignition_bringup/urdf/wheel.urdf.xacro
[17.492s] -- Up-to-date symlink: /home/jun/git/Robotics-Studio-1/41068_ws/install/41068_ignition_bringup/share/41068_ignition_bringup/worlds/large_demo.sdf
[17.492s] -- Up-to-date symlink: /home/jun/git/Robotics-Studio-1/41068_ws/install/41068_ignition_bringup/share/41068_ignition_bringup/worlds/simple_trees.sdf
[17.492s] -- Up-to-date symlink: /home/jun/git/Robotics-Studio-1/41068_ws/install/41068_ignition_bringup/lib/41068_ignition_bringup/click_to_yaml.py
[17.492s] -- Up-to-date symlink: /home/jun/git/Robotics-Studio-1/41068_ws/install/41068_ignition_bringup/share/ament_index/resource_index/package_run_dependencies/41068_ignition_bringup
[17.492s] -- Up-to-date symlink: /home/jun/git/Robotics-Studio-1/41068_ws/install/41068_ignition_bringup/share/ament_index/resource_index/parent_prefix_path/41068_ignition_bringup
[17.492s] -- Up-to-date symlink: /home/jun/git/Robotics-Studio-1/41068_ws/install/41068_ignition_bringup/share/41068_ignition_bringup/environment/ament_prefix_path.sh
[17.492s] -- Up-to-date symlink: /home/jun/git/Robotics-Studio-1/41068_ws/install/41068_ignition_bringup/share/41068_ignition_bringup/environment/ament_prefix_path.dsv
[17.493s] -- Up-to-date symlink: /home/jun/git/Robotics-Studio-1/41068_ws/install/41068_ignition_bringup/share/41068_ignition_bringup/environment/path.sh
[17.493s] -- Up-to-date symlink: /home/jun/git/Robotics-Studio-1/41068_ws/install/41068_ignition_bringup/share/41068_ignition_bringup/environment/path.dsv
[17.493s] -- Up-to-date symlink: /home/jun/git/Robotics-Studio-1/41068_ws/install/41068_ignition_bringup/share/41068_ignition_bringup/local_setup.bash
[17.493s] -- Up-to-date symlink: /home/jun/git/Robotics-Studio-1/41068_ws/install/41068_ignition_bringup/share/41068_ignition_bringup/local_setup.sh
[17.493s] -- Up-to-date symlink: /home/jun/git/Robotics-Studio-1/41068_ws/install/41068_ignition_bringup/share/41068_ignition_bringup/local_setup.zsh
[17.493s] -- Up-to-date symlink: /home/jun/git/Robotics-Studio-1/41068_ws/install/41068_ignition_bringup/share/41068_ignition_bringup/local_setup.dsv
[17.494s] -- Symlinking: /home/jun/git/Robotics-Studio-1/41068_ws/install/41068_ignition_bringup/share/41068_ignition_bringup/package.dsv
[17.507s] -- Up-to-date symlink: /home/jun/git/Robotics-Studio-1/41068_ws/install/41068_ignition_bringup/share/ament_index/resource_index/packages/41068_ignition_bringup
[17.507s] -- Up-to-date symlink: /home/jun/git/Robotics-Studio-1/41068_ws/install/41068_ignition_bringup/share/41068_ignition_bringup/cmake/41068_ignition_bringupConfig.cmake
[17.507s] -- Up-to-date symlink: /home/jun/git/Robotics-Studio-1/41068_ws/install/41068_ignition_bringup/share/41068_ignition_bringup/cmake/41068_ignition_bringupConfig-version.cmake
[17.507s] -- Up-to-date symlink: /home/jun/git/Robotics-Studio-1/41068_ws/install/41068_ignition_bringup/share/41068_ignition_bringup/package.xml
[17.511s] Invoked command in '/home/jun/git/Robotics-Studio-1/41068_ws/build/41068_ignition_bringup' returned '0': CMAKE_PREFIX_PATH=${CMAKE_PREFIX_PATH}:/opt/ros/humble /usr/bin/cmake --install /home/jun/git/Robotics-Studio-1/41068_ws/build/41068_ignition_bringup
