[0.007s] Invoking command in '/home/jarrel/git/RS1-Group5/41068_ws/build/41068_ignition_bringup': CMAKE_PREFIX_PATH=${CMAKE_PREFIX_PATH}:/opt/ros/humble /usr/bin/cmake /home/jarrel/git/RS1-Group5/41068_ws/src/41068_ignition_bringup -DCMAKE_INSTALL_PREFIX=/home/jarrel/git/RS1-Group5/41068_ws/install/41068_ignition_bringup
[0.018s] -- Found ament_cmake: 1.3.12 (/opt/ros/humble/share/ament_cmake/cmake)
[0.104s] -- Override CMake install command with custom implementation using symlinks instead of copying resources
[0.109s] -- Found rclcpp: 16.0.14 (/opt/ros/humble/share/rclcpp/cmake)
[0.129s] -- Found rosidl_generator_c: 3.1.7 (/opt/ros/humble/share/rosidl_generator_c/cmake)
[0.130s] -- Found rosidl_adapter: 3.1.7 (/opt/ros/humble/share/rosidl_adapter/cmake)
[0.134s] -- Found rosidl_generator_cpp: 3.1.7 (/opt/ros/humble/share/rosidl_generator_cpp/cmake)
[0.143s] -- Using all available rosidl_typesupport_c: rosidl_typesupport_fastrtps_c;rosidl_typesupport_introspection_c
[0.151s] -- Using all available rosidl_typesupport_cpp: rosidl_typesupport_fastrtps_cpp;rosidl_typesupport_introspection_cpp
[0.173s] -- Found rmw_implementation_cmake: 6.1.2 (/opt/ros/humble/share/rmw_implementation_cmake/cmake)
[0.174s] -- Found rmw_fastrtps_cpp: 6.2.8 (/opt/ros/humble/share/rmw_fastrtps_cpp/cmake)
[0.255s] -- Using RMW implementation 'rmw_fastrtps_cpp' as default
[0.291s] -- Found geometry_msgs: 4.9.0 (/opt/ros/humble/share/geometry_msgs/cmake)
[0.299s] -- Found ros_ign_interfaces: 0.244.20 (/opt/ros/humble/share/ros_ign_interfaces/cmake)
[0.327s] -- Found sensor_msgs: 4.9.0 (/opt/ros/humble/share/sensor_msgs/cmake)
[0.338s] -- Found cv_bridge: 3.2.1 (/opt/ros/humble/share/cv_bridge/cmake)
[0.351s] -- Found ament_lint_auto: 0.12.14 (/opt/ros/humble/share/ament_lint_auto/cmake)
[0.389s] WARNING: Package name "41068_ignition_bringup" does not follow the naming conventions. It should start with a lower case letter and only contain lower case letters, digits, underscores, and dashes.
[0.400s] -- Added test 'copyright' to check source files copyright and LICENSE
[0.402s] -- Added test 'cppcheck' to perform static code analysis on C / C++ code
[0.402s] -- Configured cppcheck include dirs: $<BUILD_INTERFACE:/home/jarrel/git/RS1-Group5/41068_ws/src/41068_ignition_bringup/include>
[0.402s] -- Configured cppcheck exclude dirs and/or files: 
[0.404s] -- Added test 'cpplint' to check C / C++ code against the Google style
[0.405s] -- Configured cpplint exclude dirs and/or files: 
[0.405s] -- Added test 'flake8' to check Python code syntax and style conventions
[0.406s] -- Added test 'lint_cmake' to check CMake code style
[0.406s] -- Added test 'pep257' to check Python code against some of the docstring style conventions in PEP 257
[0.408s] -- Added test 'uncrustify' to check C / C++ code style
[0.408s] -- Configured uncrustify additional arguments: 
[0.409s] -- Added test 'xmllint' to check XML markup files
[0.410s] -- Configuring done
[0.427s] -- Generating done
[0.434s] -- Build files have been written to: /home/jarrel/git/RS1-Group5/41068_ws/build/41068_ignition_bringup
[0.440s] Invoked command in '/home/jarrel/git/RS1-Group5/41068_ws/build/41068_ignition_bringup' returned '0': CMAKE_PREFIX_PATH=${CMAKE_PREFIX_PATH}:/opt/ros/humble /usr/bin/cmake /home/jarrel/git/RS1-Group5/41068_ws/src/41068_ignition_bringup -DCMAKE_INSTALL_PREFIX=/home/jarrel/git/RS1-Group5/41068_ws/install/41068_ignition_bringup
[0.441s] Invoking command in '/home/jarrel/git/RS1-Group5/41068_ws/build/41068_ignition_bringup': CMAKE_PREFIX_PATH=${CMAKE_PREFIX_PATH}:/opt/ros/humble /usr/bin/cmake --build /home/jarrel/git/RS1-Group5/41068_ws/build/41068_ignition_bringup -- -j32 -l32
[0.472s] [35m[1mConsolidate compiler generated dependencies of target autonomous_trail_follower[0m
[0.472s] [35m[1mConsolidate compiler generated dependencies of target controller[0m
[0.472s] [35m[1mConsolidate compiler generated dependencies of target teleop_obstacle_avoid[0m
[0.473s] [35m[1mConsolidate compiler generated dependencies of target lidar_sensing_node[0m
[0.474s] [35m[1mConsolidate compiler generated dependencies of target manual_trail_inspector[0m
[0.482s] [ 21%] Built target controller
[0.485s] [ 28%] [32mBuilding CXX object CMakeFiles/teleop_obstacle_avoid.dir/src/teleop_with_obstacle_avoidance.cpp.o[0m
[0.487s] [ 35%] [32mBuilding CXX object CMakeFiles/autonomous_trail_follower.dir/src/autonomous_trail_follower.cpp.o[0m
[0.491s] [35m[1mConsolidate compiler generated dependencies of target move_bot[0m
[0.491s] [ 50%] [32m[1mLinking CXX executable manual_trail_inspector[0m
[0.491s] [ 50%] [32mBuilding CXX object CMakeFiles/lidar_sensing_node.dir/src/lidar_sensing_node.cpp.o[0m
[0.491s] [ 57%] [32mBuilding CXX object CMakeFiles/lidar_sensing_node.dir/src/main.cpp.o[0m
[0.505s] [ 64%] [32m[1mLinking CXX executable move_bot[0m
[0.699s] [ 71%] Built target move_bot
[1.102s] [ 78%] Built target manual_trail_inspector
[2.455s] [ 85%] [32m[1mLinking CXX executable teleop_obstacle_avoid[0m
[2.531s] [ 85%] Built target teleop_obstacle_avoid
[6.469s] [ 92%] [32m[1mLinking CXX executable lidar_sensing_node[0m
[6.807s] [ 92%] Built target lidar_sensing_node
[9.354s] [100%] [32m[1mLinking CXX executable autonomous_trail_follower[0m
[10.025s] [100%] Built target autonomous_trail_follower
[10.036s] Invoked command in '/home/jarrel/git/RS1-Group5/41068_ws/build/41068_ignition_bringup' returned '0': CMAKE_PREFIX_PATH=${CMAKE_PREFIX_PATH}:/opt/ros/humble /usr/bin/cmake --build /home/jarrel/git/RS1-Group5/41068_ws/build/41068_ignition_bringup -- -j32 -l32
[10.044s] Invoking command in '/home/jarrel/git/RS1-Group5/41068_ws/build/41068_ignition_bringup': CMAKE_PREFIX_PATH=${CMAKE_PREFIX_PATH}:/opt/ros/humble /usr/bin/cmake --install /home/jarrel/git/RS1-Group5/41068_ws/build/41068_ignition_bringup
[10.049s] -- Install configuration: ""
[10.049s] -- Execute custom install script
[10.050s] -- Up-to-date symlink: /home/jarrel/git/RS1-Group5/41068_ws/install/41068_ignition_bringup/lib/41068_ignition_bringup/autonomous_trail_follower
[10.050s] -- Up-to-date symlink: /home/jarrel/git/RS1-Group5/41068_ws/install/41068_ignition_bringup/lib/41068_ignition_bringup/lidar_sensing_node
[10.050s] -- Up-to-date symlink: /home/jarrel/git/RS1-Group5/41068_ws/install/41068_ignition_bringup/lib/41068_ignition_bringup/move_bot
[10.050s] -- Up-to-date symlink: /home/jarrel/git/RS1-Group5/41068_ws/install/41068_ignition_bringup/lib/41068_ignition_bringup/teleop_obstacle_avoid
[10.050s] -- Up-to-date symlink: /home/jarrel/git/RS1-Group5/41068_ws/install/41068_ignition_bringup/lib/41068_ignition_bringup/autonomous_trail_follower
[10.051s] -- Up-to-date symlink: /home/jarrel/git/RS1-Group5/41068_ws/install/41068_ignition_bringup/lib/41068_ignition_bringup/manual_trail_inspector
[10.051s] -- Up-to-date symlink: /home/jarrel/git/RS1-Group5/41068_ws/install/41068_ignition_bringup/lib/41068_ignition_bringup/libcontroller.a
[10.051s] -- Up-to-date symlink: /home/jarrel/git/RS1-Group5/41068_ws/install/41068_ignition_bringup/share/41068_ignition_bringup/config/41068.rviz
[10.051s] -- Up-to-date symlink: /home/jarrel/git/RS1-Group5/41068_ws/install/41068_ignition_bringup/share/41068_ignition_bringup/config/gazebo_bridge.yaml
[10.051s] -- Up-to-date symlink: /home/jarrel/git/RS1-Group5/41068_ws/install/41068_ignition_bringup/share/41068_ignition_bringup/config/nav2_params.yaml
[10.051s] -- Up-to-date symlink: /home/jarrel/git/RS1-Group5/41068_ws/install/41068_ignition_bringup/share/41068_ignition_bringup/config/robot_localization.yaml
[10.051s] -- Up-to-date symlink: /home/jarrel/git/RS1-Group5/41068_ws/install/41068_ignition_bringup/share/41068_ignition_bringup/config/slam_params.yaml
[10.052s] -- Up-to-date symlink: /home/jarrel/git/RS1-Group5/41068_ws/install/41068_ignition_bringup/share/41068_ignition_bringup/launch/41068_ignition.launch.py
[10.052s] -- Up-to-date symlink: /home/jarrel/git/RS1-Group5/41068_ws/install/41068_ignition_bringup/share/41068_ignition_bringup/launch/41068_ignition_drone.launch.py
[10.052s] -- Up-to-date symlink: /home/jarrel/git/RS1-Group5/41068_ws/install/41068_ignition_bringup/share/41068_ignition_bringup/launch/41068_navigation.launch.py
[10.052s] -- Up-to-date symlink: /home/jarrel/git/RS1-Group5/41068_ws/install/41068_ignition_bringup/share/41068_ignition_bringup/models/forest_plane/materials/textures/Map.png
[10.052s] -- Up-to-date symlink: /home/jarrel/git/RS1-Group5/41068_ws/install/41068_ignition_bringup/share/41068_ignition_bringup/models/forest_plane/materials/textures/empty_grass.png
[10.053s] -- Up-to-date symlink: /home/jarrel/git/RS1-Group5/41068_ws/install/41068_ignition_bringup/share/41068_ignition_bringup/models/forest_plane/materials/textures/forest_overhead.png
[10.053s] -- Up-to-date symlink: /home/jarrel/git/RS1-Group5/41068_ws/install/41068_ignition_bringup/share/41068_ignition_bringup/models/forest_plane/materials/textures/leaf_litter.png
[10.053s] -- Up-to-date symlink: /home/jarrel/git/RS1-Group5/41068_ws/install/41068_ignition_bringup/share/41068_ignition_bringup/models/forest_plane/model.config
[10.053s] -- Up-to-date symlink: /home/jarrel/git/RS1-Group5/41068_ws/install/41068_ignition_bringup/share/41068_ignition_bringup/models/forest_plane/model.sdf
[10.053s] -- Up-to-date symlink: /home/jarrel/git/RS1-Group5/41068_ws/install/41068_ignition_bringup/share/41068_ignition_bringup/models/forest_terrain/materials/textures/Elevated_Terrain_Test.dae
[10.053s] -- Up-to-date symlink: /home/jarrel/git/RS1-Group5/41068_ws/install/41068_ignition_bringup/share/41068_ignition_bringup/models/forest_terrain/materials/textures/Elevated_Terrain_Test.fbm/forest_overhead.png
[10.053s] -- Up-to-date symlink: /home/jarrel/git/RS1-Group5/41068_ws/install/41068_ignition_bringup/share/41068_ignition_bringup/models/forest_terrain/materials/textures/Elevated_Terrain_Test.fbx
[10.053s] -- Up-to-date symlink: /home/jarrel/git/RS1-Group5/41068_ws/install/41068_ignition_bringup/share/41068_ignition_bringup/models/forest_terrain/materials/textures/forest_overhead.png
[10.053s] -- Up-to-date symlink: /home/jarrel/git/RS1-Group5/41068_ws/install/41068_ignition_bringup/share/41068_ignition_bringup/models/forest_terrain/materials/textures/model.config
[10.054s] -- Up-to-date symlink: /home/jarrel/git/RS1-Group5/41068_ws/install/41068_ignition_bringup/share/41068_ignition_bringup/models/forest_terrain/materials/textures/model.sdf
[10.054s] -- Up-to-date symlink: /home/jarrel/git/RS1-Group5/41068_ws/install/41068_ignition_bringup/share/41068_ignition_bringup/models/forest_terrain/model.config
[10.054s] -- Up-to-date symlink: /home/jarrel/git/RS1-Group5/41068_ws/install/41068_ignition_bringup/share/41068_ignition_bringup/models/forest_terrain/model.sdf
[10.054s] -- Up-to-date symlink: /home/jarrel/git/RS1-Group5/41068_ws/install/41068_ignition_bringup/share/41068_ignition_bringup/models/forest_wall/materials/textures/forest_wall.png
[10.054s] -- Up-to-date symlink: /home/jarrel/git/RS1-Group5/41068_ws/install/41068_ignition_bringup/share/41068_ignition_bringup/models/forest_wall/materials/textures/forest_wall_transparent.png
[10.054s] -- Up-to-date symlink: /home/jarrel/git/RS1-Group5/41068_ws/install/41068_ignition_bringup/share/41068_ignition_bringup/models/forest_wall/materials/textures/forest_wall_transparent_small.png
[10.054s] -- Up-to-date symlink: /home/jarrel/git/RS1-Group5/41068_ws/install/41068_ignition_bringup/share/41068_ignition_bringup/models/forest_wall/model.config
[10.054s] -- Up-to-date symlink: /home/jarrel/git/RS1-Group5/41068_ws/install/41068_ignition_bringup/share/41068_ignition_bringup/models/forest_wall/model.sdf
[10.054s] -- Up-to-date symlink: /home/jarrel/git/RS1-Group5/41068_ws/install/41068_ignition_bringup/share/41068_ignition_bringup/models/grass_plane/materials/textures/empty_grass.png
[10.054s] -- Up-to-date symlink: /home/jarrel/git/RS1-Group5/41068_ws/install/41068_ignition_bringup/share/41068_ignition_bringup/models/grass_plane/model.config
[10.054s] -- Up-to-date symlink: /home/jarrel/git/RS1-Group5/41068_ws/install/41068_ignition_bringup/share/41068_ignition_bringup/models/grass_plane/model.sdf
[10.054s] -- Up-to-date symlink: /home/jarrel/git/RS1-Group5/41068_ws/install/41068_ignition_bringup/share/41068_ignition_bringup/urdf/common_properties.urdf.xacro
[10.054s] -- Up-to-date symlink: /home/jarrel/git/RS1-Group5/41068_ws/install/41068_ignition_bringup/share/41068_ignition_bringup/urdf/husky.gazebo.xacro
[10.054s] -- Up-to-date symlink: /home/jarrel/git/RS1-Group5/41068_ws/install/41068_ignition_bringup/share/41068_ignition_bringup/urdf/husky.urdf.xacro
[10.054s] -- Up-to-date symlink: /home/jarrel/git/RS1-Group5/41068_ws/install/41068_ignition_bringup/share/41068_ignition_bringup/urdf/meshes/base_link.dae
[10.054s] -- Up-to-date symlink: /home/jarrel/git/RS1-Group5/41068_ws/install/41068_ignition_bringup/share/41068_ignition_bringup/urdf/meshes/bumper.dae
[10.054s] -- Up-to-date symlink: /home/jarrel/git/RS1-Group5/41068_ws/install/41068_ignition_bringup/share/41068_ignition_bringup/urdf/meshes/jpl04_arch_nosensor.stl
[10.054s] -- Up-to-date symlink: /home/jarrel/git/RS1-Group5/41068_ws/install/41068_ignition_bringup/share/41068_ignition_bringup/urdf/meshes/top_chassis.dae
[10.054s] -- Up-to-date symlink: /home/jarrel/git/RS1-Group5/41068_ws/install/41068_ignition_bringup/share/41068_ignition_bringup/urdf/meshes/top_plate.dae
[10.055s] -- Up-to-date symlink: /home/jarrel/git/RS1-Group5/41068_ws/install/41068_ignition_bringup/share/41068_ignition_bringup/urdf/meshes/wheel.dae
[10.055s] -- Up-to-date symlink: /home/jarrel/git/RS1-Group5/41068_ws/install/41068_ignition_bringup/share/41068_ignition_bringup/urdf/wheel.urdf.xacro
[10.055s] -- Up-to-date symlink: /home/jarrel/git/RS1-Group5/41068_ws/install/41068_ignition_bringup/share/41068_ignition_bringup/worlds/large_demo.sdf
[10.055s] -- Up-to-date symlink: /home/jarrel/git/RS1-Group5/41068_ws/install/41068_ignition_bringup/share/41068_ignition_bringup/worlds/simple_trees.sdf
[10.055s] -- Up-to-date symlink: /home/jarrel/git/RS1-Group5/41068_ws/install/41068_ignition_bringup/share/41068_ignition_bringup/urdf_drone/common_properties.urdf.xacro
[10.055s] -- Up-to-date symlink: /home/jarrel/git/RS1-Group5/41068_ws/install/41068_ignition_bringup/share/41068_ignition_bringup/urdf_drone/meshes/hull.dae
[10.055s] -- Up-to-date symlink: /home/jarrel/git/RS1-Group5/41068_ws/install/41068_ignition_bringup/share/41068_ignition_bringup/urdf_drone/meshes/propeller_fl.dae
[10.055s] -- Up-to-date symlink: /home/jarrel/git/RS1-Group5/41068_ws/install/41068_ignition_bringup/share/41068_ignition_bringup/urdf_drone/meshes/propeller_fr.dae
[10.055s] -- Up-to-date symlink: /home/jarrel/git/RS1-Group5/41068_ws/install/41068_ignition_bringup/share/41068_ignition_bringup/urdf_drone/meshes/propeller_rl.dae
[10.055s] -- Up-to-date symlink: /home/jarrel/git/RS1-Group5/41068_ws/install/41068_ignition_bringup/share/41068_ignition_bringup/urdf_drone/meshes/propeller_rr.dae
[10.055s] -- Up-to-date symlink: /home/jarrel/git/RS1-Group5/41068_ws/install/41068_ignition_bringup/share/41068_ignition_bringup/urdf_drone/model.config
[10.055s] -- Up-to-date symlink: /home/jarrel/git/RS1-Group5/41068_ws/install/41068_ignition_bringup/share/41068_ignition_bringup/urdf_drone/model.sdf
[10.055s] -- Up-to-date symlink: /home/jarrel/git/RS1-Group5/41068_ws/install/41068_ignition_bringup/share/41068_ignition_bringup/urdf_drone/parrot.gazebo.xacro
[10.055s] -- Up-to-date symlink: /home/jarrel/git/RS1-Group5/41068_ws/install/41068_ignition_bringup/share/41068_ignition_bringup/urdf_drone/parrot.urdf.xacro
[10.055s] -- Up-to-date symlink: /home/jarrel/git/RS1-Group5/41068_ws/install/41068_ignition_bringup/share/41068_ignition_bringup/urdf_drone/thumbnails/1.png
[10.055s] -- Up-to-date symlink: /home/jarrel/git/RS1-Group5/41068_ws/install/41068_ignition_bringup/share/41068_ignition_bringup/urdf_drone/thumbnails/2.png
[10.056s] -- Up-to-date symlink: /home/jarrel/git/RS1-Group5/41068_ws/install/41068_ignition_bringup/share/41068_ignition_bringup/urdf_drone/thumbnails/3.png
[10.056s] -- Up-to-date symlink: /home/jarrel/git/RS1-Group5/41068_ws/install/41068_ignition_bringup/share/41068_ignition_bringup/urdf_drone/thumbnails/4.png
[10.056s] -- Up-to-date symlink: /home/jarrel/git/RS1-Group5/41068_ws/install/41068_ignition_bringup/share/41068_ignition_bringup/urdf_drone/thumbnails/5.png
[10.056s] -- Up-to-date symlink: /home/jarrel/git/RS1-Group5/41068_ws/install/41068_ignition_bringup/share/ament_index/resource_index/package_run_dependencies/41068_ignition_bringup
[10.056s] -- Up-to-date symlink: /home/jarrel/git/RS1-Group5/41068_ws/install/41068_ignition_bringup/share/ament_index/resource_index/parent_prefix_path/41068_ignition_bringup
[10.056s] -- Up-to-date symlink: /home/jarrel/git/RS1-Group5/41068_ws/install/41068_ignition_bringup/share/41068_ignition_bringup/environment/ament_prefix_path.sh
[10.056s] -- Up-to-date symlink: /home/jarrel/git/RS1-Group5/41068_ws/install/41068_ignition_bringup/share/41068_ignition_bringup/environment/ament_prefix_path.dsv
[10.056s] -- Up-to-date symlink: /home/jarrel/git/RS1-Group5/41068_ws/install/41068_ignition_bringup/share/41068_ignition_bringup/environment/path.sh
[10.056s] -- Up-to-date symlink: /home/jarrel/git/RS1-Group5/41068_ws/install/41068_ignition_bringup/share/41068_ignition_bringup/environment/path.dsv
[10.056s] -- Up-to-date symlink: /home/jarrel/git/RS1-Group5/41068_ws/install/41068_ignition_bringup/share/41068_ignition_bringup/local_setup.bash
[10.056s] -- Up-to-date symlink: /home/jarrel/git/RS1-Group5/41068_ws/install/41068_ignition_bringup/share/41068_ignition_bringup/local_setup.sh
[10.056s] -- Up-to-date symlink: /home/jarrel/git/RS1-Group5/41068_ws/install/41068_ignition_bringup/share/41068_ignition_bringup/local_setup.zsh
[10.056s] -- Up-to-date symlink: /home/jarrel/git/RS1-Group5/41068_ws/install/41068_ignition_bringup/share/41068_ignition_bringup/local_setup.dsv
[10.057s] -- Symlinking: /home/jarrel/git/RS1-Group5/41068_ws/install/41068_ignition_bringup/share/41068_ignition_bringup/package.dsv
[10.065s] -- Up-to-date symlink: /home/jarrel/git/RS1-Group5/41068_ws/install/41068_ignition_bringup/share/ament_index/resource_index/packages/41068_ignition_bringup
[10.066s] -- Up-to-date symlink: /home/jarrel/git/RS1-Group5/41068_ws/install/41068_ignition_bringup/share/41068_ignition_bringup/cmake/41068_ignition_bringupConfig.cmake
[10.066s] -- Up-to-date symlink: /home/jarrel/git/RS1-Group5/41068_ws/install/41068_ignition_bringup/share/41068_ignition_bringup/cmake/41068_ignition_bringupConfig-version.cmake
[10.066s] -- Up-to-date symlink: /home/jarrel/git/RS1-Group5/41068_ws/install/41068_ignition_bringup/share/41068_ignition_bringup/package.xml
[10.067s] Invoked command in '/home/jarrel/git/RS1-Group5/41068_ws/build/41068_ignition_bringup' returned '0': CMAKE_PREFIX_PATH=${CMAKE_PREFIX_PATH}:/opt/ros/humble /usr/bin/cmake --install /home/jarrel/git/RS1-Group5/41068_ws/build/41068_ignition_bringup
