[0.113s] DEBUG:colcon:Command line arguments: ['/usr/bin/colcon', 'build', '--symlink-install']
[0.113s] DEBUG:colcon:Parsed command line arguments: Namespace(log_base=None, log_level=None, verb_name='build', build_base='build', install_base='install', merge_install=False, symlink_install=True, test_result_base=None, continue_on_error=False, executor='parallel', parallel_workers=8, event_handlers=None, ignore_user_meta=False, metas=['./colcon.meta'], base_paths=['.'], packages_ignore=None, packages_ignore_regex=None, paths=None, packages_up_to=None, packages_up_to_regex=None, packages_above=None, packages_above_and_dependencies=None, packages_above_depth=None, packages_select_by_dep=None, packages_skip_by_dep=None, packages_skip_up_to=None, packages_select_build_failed=False, packages_skip_build_finished=False, packages_select_test_failures=False, packages_skip_test_passed=False, packages_select=None, packages_skip=None, packages_select_regex=None, packages_skip_regex=None, packages_start=None, packages_end=None, allow_overriding=[], cmake_args=None, cmake_target=None, cmake_target_skip_unavailable=False, cmake_clean_cache=False, cmake_clean_first=False, cmake_force_configure=False, ament_cmake_args=None, catkin_cmake_args=None, catkin_skip_building_tests=False, mixin_files=None, mixin=None, verb_parser=<colcon_mixin.mixin.mixin_argument.MixinArgumentDecorator object at 0x7093ff272980>, verb_extension=<colcon_core.verb.build.BuildVerb object at 0x7093ff271f60>, main=<bound method BuildVerb.main of <colcon_core.verb.build.BuildVerb object at 0x7093ff271f60>>, mixin_verb=('build',))
[0.298s] Level 1:colcon.colcon_core.package_discovery:discover_packages(colcon_meta) check parameters
[0.298s] Level 1:colcon.colcon_core.package_discovery:discover_packages(recursive) check parameters
[0.298s] Level 1:colcon.colcon_core.package_discovery:discover_packages(ignore) check parameters
[0.298s] Level 1:colcon.colcon_core.package_discovery:discover_packages(path) check parameters
[0.298s] Level 1:colcon.colcon_core.package_discovery:discover_packages(colcon_meta) discover
[0.298s] Level 1:colcon.colcon_core.package_discovery:discover_packages(recursive) discover
[0.298s] INFO:colcon.colcon_core.package_discovery:Crawling recursively for packages in '/home/student/RS1-Group5/41068_ws'
[0.298s] Level 1:colcon.colcon_core.package_identification:_identify(.) by extensions ['ignore', 'ignore_ament_install']
[0.298s] Level 1:colcon.colcon_core.package_identification:_identify(.) by extension 'ignore'
[0.299s] Level 1:colcon.colcon_core.package_identification:_identify(.) by extension 'ignore_ament_install'
[0.299s] Level 1:colcon.colcon_core.package_identification:_identify(.) by extensions ['colcon_pkg']
[0.299s] Level 1:colcon.colcon_core.package_identification:_identify(.) by extension 'colcon_pkg'
[0.299s] Level 1:colcon.colcon_core.package_identification:_identify(.) by extensions ['colcon_meta']
[0.299s] Level 1:colcon.colcon_core.package_identification:_identify(.) by extension 'colcon_meta'
[0.299s] Level 1:colcon.colcon_core.package_identification:_identify(.) by extensions ['ros']
[0.299s] Level 1:colcon.colcon_core.package_identification:_identify(.) by extension 'ros'
[0.310s] Level 1:colcon.colcon_core.package_identification:_identify(.) by extensions ['cmake', 'python']
[0.310s] Level 1:colcon.colcon_core.package_identification:_identify(.) by extension 'cmake'
[0.310s] Level 1:colcon.colcon_core.package_identification:_identify(.) by extension 'python'
[0.311s] Level 1:colcon.colcon_core.package_identification:_identify(.) by extensions ['python_setup_py']
[0.311s] Level 1:colcon.colcon_core.package_identification:_identify(.) by extension 'python_setup_py'
[0.311s] Level 1:colcon.colcon_core.package_identification:_identify(build) by extensions ['ignore', 'ignore_ament_install']
[0.311s] Level 1:colcon.colcon_core.package_identification:_identify(build) by extension 'ignore'
[0.311s] Level 1:colcon.colcon_core.package_identification:_identify(build) ignored
[0.311s] Level 1:colcon.colcon_core.package_identification:_identify(install) by extensions ['ignore', 'ignore_ament_install']
[0.311s] Level 1:colcon.colcon_core.package_identification:_identify(install) by extension 'ignore'
[0.311s] Level 1:colcon.colcon_core.package_identification:_identify(install) ignored
[0.312s] Level 1:colcon.colcon_core.package_identification:_identify(log) by extensions ['ignore', 'ignore_ament_install']
[0.312s] Level 1:colcon.colcon_core.package_identification:_identify(log) by extension 'ignore'
[0.312s] Level 1:colcon.colcon_core.package_identification:_identify(log) ignored
[0.312s] Level 1:colcon.colcon_core.package_identification:_identify(src) by extensions ['ignore', 'ignore_ament_install']
[0.312s] Level 1:colcon.colcon_core.package_identification:_identify(src) by extension 'ignore'
[0.312s] Level 1:colcon.colcon_core.package_identification:_identify(src) by extension 'ignore_ament_install'
[0.312s] Level 1:colcon.colcon_core.package_identification:_identify(src) by extensions ['colcon_pkg']
[0.312s] Level 1:colcon.colcon_core.package_identification:_identify(src) by extension 'colcon_pkg'
[0.312s] Level 1:colcon.colcon_core.package_identification:_identify(src) by extensions ['colcon_meta']
[0.312s] Level 1:colcon.colcon_core.package_identification:_identify(src) by extension 'colcon_meta'
[0.312s] Level 1:colcon.colcon_core.package_identification:_identify(src) by extensions ['ros']
[0.313s] Level 1:colcon.colcon_core.package_identification:_identify(src) by extension 'ros'
[0.313s] Level 1:colcon.colcon_core.package_identification:_identify(src) by extensions ['cmake', 'python']
[0.313s] Level 1:colcon.colcon_core.package_identification:_identify(src) by extension 'cmake'
[0.313s] Level 1:colcon.colcon_core.package_identification:_identify(src) by extension 'python'
[0.313s] Level 1:colcon.colcon_core.package_identification:_identify(src) by extensions ['python_setup_py']
[0.313s] Level 1:colcon.colcon_core.package_identification:_identify(src) by extension 'python_setup_py'
[0.313s] Level 1:colcon.colcon_core.package_identification:_identify(src/41068_ignition_bringup) by extensions ['ignore', 'ignore_ament_install']
[0.313s] Level 1:colcon.colcon_core.package_identification:_identify(src/41068_ignition_bringup) by extension 'ignore'
[0.313s] Level 1:colcon.colcon_core.package_identification:_identify(src/41068_ignition_bringup) by extension 'ignore_ament_install'
[0.313s] Level 1:colcon.colcon_core.package_identification:_identify(src/41068_ignition_bringup) by extensions ['colcon_pkg']
[0.313s] Level 1:colcon.colcon_core.package_identification:_identify(src/41068_ignition_bringup) by extension 'colcon_pkg'
[0.313s] Level 1:colcon.colcon_core.package_identification:_identify(src/41068_ignition_bringup) by extensions ['colcon_meta']
[0.314s] Level 1:colcon.colcon_core.package_identification:_identify(src/41068_ignition_bringup) by extension 'colcon_meta'
[0.314s] Level 1:colcon.colcon_core.package_identification:_identify(src/41068_ignition_bringup) by extensions ['ros']
[0.314s] Level 1:colcon.colcon_core.package_identification:_identify(src/41068_ignition_bringup) by extension 'ros'
[0.317s] DEBUG:colcon.colcon_core.package_identification:Package 'src/41068_ignition_bringup' with type 'ros.ament_cmake' and name '41068_ignition_bringup'
[0.317s] Level 1:colcon.colcon_core.package_identification:_identify(src/rs1_gui) by extensions ['ignore', 'ignore_ament_install']
[0.317s] Level 1:colcon.colcon_core.package_identification:_identify(src/rs1_gui) by extension 'ignore'
[0.317s] Level 1:colcon.colcon_core.package_identification:_identify(src/rs1_gui) by extension 'ignore_ament_install'
[0.317s] Level 1:colcon.colcon_core.package_identification:_identify(src/rs1_gui) by extensions ['colcon_pkg']
[0.317s] Level 1:colcon.colcon_core.package_identification:_identify(src/rs1_gui) by extension 'colcon_pkg'
[0.317s] Level 1:colcon.colcon_core.package_identification:_identify(src/rs1_gui) by extensions ['colcon_meta']
[0.317s] Level 1:colcon.colcon_core.package_identification:_identify(src/rs1_gui) by extension 'colcon_meta'
[0.318s] Level 1:colcon.colcon_core.package_identification:_identify(src/rs1_gui) by extensions ['ros']
[0.318s] Level 1:colcon.colcon_core.package_identification:_identify(src/rs1_gui) by extension 'ros'
[0.318s] DEBUG:colcon.colcon_core.package_identification:Package 'src/rs1_gui' with type 'ros.ament_python' and name 'rs1_gui'
[0.319s] Level 1:colcon.colcon_core.package_identification:_identify(src/sensor_node_cpp) by extensions ['ignore', 'ignore_ament_install']
[0.319s] Level 1:colcon.colcon_core.package_identification:_identify(src/sensor_node_cpp) by extension 'ignore'
[0.319s] Level 1:colcon.colcon_core.package_identification:_identify(src/sensor_node_cpp) by extension 'ignore_ament_install'
[0.319s] Level 1:colcon.colcon_core.package_identification:_identify(src/sensor_node_cpp) by extensions ['colcon_pkg']
[0.319s] Level 1:colcon.colcon_core.package_identification:_identify(src/sensor_node_cpp) by extension 'colcon_pkg'
[0.319s] Level 1:colcon.colcon_core.package_identification:_identify(src/sensor_node_cpp) by extensions ['colcon_meta']
[0.319s] Level 1:colcon.colcon_core.package_identification:_identify(src/sensor_node_cpp) by extension 'colcon_meta'
[0.319s] Level 1:colcon.colcon_core.package_identification:_identify(src/sensor_node_cpp) by extensions ['ros']
[0.319s] Level 1:colcon.colcon_core.package_identification:_identify(src/sensor_node_cpp) by extension 'ros'
[0.321s] DEBUG:colcon.colcon_core.package_identification:Package 'src/sensor_node_cpp' with type 'ros.ament_cmake' and name 'sensor_node_cpp'
[0.321s] Level 1:colcon.colcon_core.package_discovery:discover_packages(recursive) using defaults
[0.321s] Level 1:colcon.colcon_core.package_discovery:discover_packages(ignore) discover
[0.321s] Level 1:colcon.colcon_core.package_discovery:discover_packages(ignore) using defaults
[0.321s] Level 1:colcon.colcon_core.package_discovery:discover_packages(path) discover
[0.321s] Level 1:colcon.colcon_core.package_discovery:discover_packages(path) using defaults
[0.354s] Level 1:colcon.colcon_core.package_discovery:discover_packages(prefix_path) check parameters
[0.355s] Level 1:colcon.colcon_core.package_discovery:discover_packages(prefix_path) discover
[0.357s] DEBUG:colcon.colcon_installed_package_information.package_discovery:Found 0 installed packages in /home/student/ros2_ws/install
[0.360s] DEBUG:colcon.colcon_installed_package_information.package_discovery:Found 424 installed packages in /opt/ros/humble
[0.362s] Level 1:colcon.colcon_core.package_discovery:discover_packages(prefix_path) using defaults
[0.414s] Level 5:colcon.colcon_core.verb:set package '41068_ignition_bringup' build argument 'cmake_args' from command line to 'None'
[0.414s] Level 5:colcon.colcon_core.verb:set package '41068_ignition_bringup' build argument 'cmake_target' from command line to 'None'
[0.414s] Level 5:colcon.colcon_core.verb:set package '41068_ignition_bringup' build argument 'cmake_target_skip_unavailable' from command line to 'False'
[0.415s] Level 5:colcon.colcon_core.verb:set package '41068_ignition_bringup' build argument 'cmake_clean_cache' from command line to 'False'
[0.415s] Level 5:colcon.colcon_core.verb:set package '41068_ignition_bringup' build argument 'cmake_clean_first' from command line to 'False'
[0.415s] Level 5:colcon.colcon_core.verb:set package '41068_ignition_bringup' build argument 'cmake_force_configure' from command line to 'False'
[0.415s] Level 5:colcon.colcon_core.verb:set package '41068_ignition_bringup' build argument 'ament_cmake_args' from command line to 'None'
[0.415s] Level 5:colcon.colcon_core.verb:set package '41068_ignition_bringup' build argument 'catkin_cmake_args' from command line to 'None'
[0.415s] Level 5:colcon.colcon_core.verb:set package '41068_ignition_bringup' build argument 'catkin_skip_building_tests' from command line to 'False'
[0.415s] DEBUG:colcon.colcon_core.verb:Building package '41068_ignition_bringup' with the following arguments: {'ament_cmake_args': None, 'build_base': '/home/student/RS1-Group5/41068_ws/build/41068_ignition_bringup', 'catkin_cmake_args': None, 'catkin_skip_building_tests': False, 'cmake_args': None, 'cmake_clean_cache': False, 'cmake_clean_first': False, 'cmake_force_configure': False, 'cmake_target': None, 'cmake_target_skip_unavailable': False, 'install_base': '/home/student/RS1-Group5/41068_ws/install/41068_ignition_bringup', 'merge_install': False, 'path': '/home/student/RS1-Group5/41068_ws/src/41068_ignition_bringup', 'symlink_install': True, 'test_result_base': None}
[0.415s] Level 5:colcon.colcon_core.verb:set package 'rs1_gui' build argument 'cmake_args' from command line to 'None'
[0.415s] Level 5:colcon.colcon_core.verb:set package 'rs1_gui' build argument 'cmake_target' from command line to 'None'
[0.415s] Level 5:colcon.colcon_core.verb:set package 'rs1_gui' build argument 'cmake_target_skip_unavailable' from command line to 'False'
[0.415s] Level 5:colcon.colcon_core.verb:set package 'rs1_gui' build argument 'cmake_clean_cache' from command line to 'False'
[0.415s] Level 5:colcon.colcon_core.verb:set package 'rs1_gui' build argument 'cmake_clean_first' from command line to 'False'
[0.416s] Level 5:colcon.colcon_core.verb:set package 'rs1_gui' build argument 'cmake_force_configure' from command line to 'False'
[0.416s] Level 5:colcon.colcon_core.verb:set package 'rs1_gui' build argument 'ament_cmake_args' from command line to 'None'
[0.416s] Level 5:colcon.colcon_core.verb:set package 'rs1_gui' build argument 'catkin_cmake_args' from command line to 'None'
[0.416s] Level 5:colcon.colcon_core.verb:set package 'rs1_gui' build argument 'catkin_skip_building_tests' from command line to 'False'
[0.416s] DEBUG:colcon.colcon_core.verb:Building package 'rs1_gui' with the following arguments: {'ament_cmake_args': None, 'build_base': '/home/student/RS1-Group5/41068_ws/build/rs1_gui', 'catkin_cmake_args': None, 'catkin_skip_building_tests': False, 'cmake_args': None, 'cmake_clean_cache': False, 'cmake_clean_first': False, 'cmake_force_configure': False, 'cmake_target': None, 'cmake_target_skip_unavailable': False, 'install_base': '/home/student/RS1-Group5/41068_ws/install/rs1_gui', 'merge_install': False, 'path': '/home/student/RS1-Group5/41068_ws/src/rs1_gui', 'symlink_install': True, 'test_result_base': None}
[0.416s] Level 5:colcon.colcon_core.verb:set package 'sensor_node_cpp' build argument 'cmake_args' from command line to 'None'
[0.416s] Level 5:colcon.colcon_core.verb:set package 'sensor_node_cpp' build argument 'cmake_target' from command line to 'None'
[0.416s] Level 5:colcon.colcon_core.verb:set package 'sensor_node_cpp' build argument 'cmake_target_skip_unavailable' from command line to 'False'
[0.416s] Level 5:colcon.colcon_core.verb:set package 'sensor_node_cpp' build argument 'cmake_clean_cache' from command line to 'False'
[0.416s] Level 5:colcon.colcon_core.verb:set package 'sensor_node_cpp' build argument 'cmake_clean_first' from command line to 'False'
[0.416s] Level 5:colcon.colcon_core.verb:set package 'sensor_node_cpp' build argument 'cmake_force_configure' from command line to 'False'
[0.416s] Level 5:colcon.colcon_core.verb:set package 'sensor_node_cpp' build argument 'ament_cmake_args' from command line to 'None'
[0.417s] Level 5:colcon.colcon_core.verb:set package 'sensor_node_cpp' build argument 'catkin_cmake_args' from command line to 'None'
[0.417s] Level 5:colcon.colcon_core.verb:set package 'sensor_node_cpp' build argument 'catkin_skip_building_tests' from command line to 'False'
[0.417s] DEBUG:colcon.colcon_core.verb:Building package 'sensor_node_cpp' with the following arguments: {'ament_cmake_args': None, 'build_base': '/home/student/RS1-Group5/41068_ws/build/sensor_node_cpp', 'catkin_cmake_args': None, 'catkin_skip_building_tests': False, 'cmake_args': None, 'cmake_clean_cache': False, 'cmake_clean_first': False, 'cmake_force_configure': False, 'cmake_target': None, 'cmake_target_skip_unavailable': False, 'install_base': '/home/student/RS1-Group5/41068_ws/install/sensor_node_cpp', 'merge_install': False, 'path': '/home/student/RS1-Group5/41068_ws/src/sensor_node_cpp', 'symlink_install': True, 'test_result_base': None}
[0.417s] INFO:colcon.colcon_core.executor:Executing jobs using 'parallel' executor
[0.418s] DEBUG:colcon.colcon_parallel_executor.executor.parallel:run_until_complete
[0.419s] INFO:colcon.colcon_ros.task.ament_cmake.build:Building ROS package in '/home/student/RS1-Group5/41068_ws/src/41068_ignition_bringup' with build type 'ament_cmake'
[0.419s] INFO:colcon.colcon_cmake.task.cmake.build:Building CMake package in '/home/student/RS1-Group5/41068_ws/src/41068_ignition_bringup'
[0.421s] INFO:colcon.colcon_core.plugin_system:Skipping extension 'colcon_core.shell.bat': Not used on non-Windows systems
[0.421s] INFO:colcon.colcon_core.shell:Skip shell extension 'powershell' for command environment: Not usable outside of PowerShell
[0.421s] DEBUG:colcon.colcon_core.shell:Skip shell extension 'dsv' for command environment
[0.425s] INFO:colcon.colcon_ros.task.ament_python.build:Building ROS package in '/home/student/RS1-Group5/41068_ws/src/rs1_gui' with build type 'ament_python'
[0.426s] Level 1:colcon.colcon_core.shell:create_environment_hook('rs1_gui', 'ament_prefix_path')
[0.426s] INFO:colcon.colcon_core.shell:Creating environment hook '/home/student/RS1-Group5/41068_ws/install/rs1_gui/share/rs1_gui/hook/ament_prefix_path.ps1'
[0.427s] INFO:colcon.colcon_core.shell:Creating environment descriptor '/home/student/RS1-Group5/41068_ws/install/rs1_gui/share/rs1_gui/hook/ament_prefix_path.dsv'
[0.427s] INFO:colcon.colcon_core.shell:Creating environment hook '/home/student/RS1-Group5/41068_ws/install/rs1_gui/share/rs1_gui/hook/ament_prefix_path.sh'
[0.428s] INFO:colcon.colcon_core.shell:Skip shell extension 'powershell' for command environment: Not usable outside of PowerShell
[0.428s] DEBUG:colcon.colcon_core.shell:Skip shell extension 'dsv' for command environment
[0.432s] INFO:colcon.colcon_ros.task.ament_cmake.build:Building ROS package in '/home/student/RS1-Group5/41068_ws/src/sensor_node_cpp' with build type 'ament_cmake'
[0.432s] INFO:colcon.colcon_cmake.task.cmake.build:Building CMake package in '/home/student/RS1-Group5/41068_ws/src/sensor_node_cpp'
[0.433s] INFO:colcon.colcon_core.shell:Skip shell extension 'powershell' for command environment: Not usable outside of PowerShell
[0.433s] DEBUG:colcon.colcon_core.shell:Skip shell extension 'dsv' for command environment
[0.444s] DEBUG:colcon.colcon_core.event_handler.log_command:Invoking command in '/home/student/RS1-Group5/41068_ws/build/41068_ignition_bringup': CMAKE_PREFIX_PATH=/opt/ros/humble /usr/bin/cmake --build /home/student/RS1-Group5/41068_ws/build/41068_ignition_bringup -- -j8 -l8
[0.797s] INFO:colcon.colcon_core.task.python.build:Building Python package in '/home/student/RS1-Group5/41068_ws/src/rs1_gui'
[0.798s] INFO:colcon.colcon_core.shell:Skip shell extension 'powershell' for command environment: Not usable outside of PowerShell
[0.798s] DEBUG:colcon.colcon_core.shell:Skip shell extension 'dsv' for command environment
[0.810s] DEBUG:colcon.colcon_core.event_handler.log_command:Invoking command in '/home/student/RS1-Group5/41068_ws/build/sensor_node_cpp': CMAKE_PREFIX_PATH=/opt/ros/humble /usr/bin/cmake /home/student/RS1-Group5/41068_ws/src/sensor_node_cpp -DAMENT_CMAKE_SYMLINK_INSTALL=1 -DCMAKE_INSTALL_PREFIX=/home/student/RS1-Group5/41068_ws/install/sensor_node_cpp
[0.810s] DEBUG:colcon.colcon_core.event_handler.log_command:Invoked command in '/home/student/RS1-Group5/41068_ws/build/41068_ignition_bringup' returned '0': CMAKE_PREFIX_PATH=/opt/ros/humble /usr/bin/cmake --build /home/student/RS1-Group5/41068_ws/build/41068_ignition_bringup -- -j8 -l8
[0.820s] DEBUG:colcon.colcon_core.event_handler.log_command:Invoking command in '/home/student/RS1-Group5/41068_ws/build/41068_ignition_bringup': CMAKE_PREFIX_PATH=/opt/ros/humble /usr/bin/cmake --install /home/student/RS1-Group5/41068_ws/build/41068_ignition_bringup
[0.856s] Level 1:colcon.colcon_core.environment:create_environment_scripts_only(41068_ignition_bringup)
[0.857s] DEBUG:colcon.colcon_core.event_handler.log_command:Invoked command in '/home/student/RS1-Group5/41068_ws/build/41068_ignition_bringup' returned '0': CMAKE_PREFIX_PATH=/opt/ros/humble /usr/bin/cmake --install /home/student/RS1-Group5/41068_ws/build/41068_ignition_bringup
[0.868s] Level 1:colcon.colcon_core.environment:checking '/home/student/RS1-Group5/41068_ws/install/41068_ignition_bringup' for CMake module files
[0.869s] Level 1:colcon.colcon_core.environment:checking '/home/student/RS1-Group5/41068_ws/install/41068_ignition_bringup' for CMake config files
[0.869s] Level 1:colcon.colcon_core.shell:create_environment_hook('41068_ignition_bringup', 'cmake_prefix_path')
[0.870s] INFO:colcon.colcon_core.shell:Creating environment hook '/home/student/RS1-Group5/41068_ws/install/41068_ignition_bringup/share/41068_ignition_bringup/hook/cmake_prefix_path.ps1'
[0.871s] INFO:colcon.colcon_core.shell:Creating environment descriptor '/home/student/RS1-Group5/41068_ws/install/41068_ignition_bringup/share/41068_ignition_bringup/hook/cmake_prefix_path.dsv'
[0.871s] INFO:colcon.colcon_core.shell:Creating environment hook '/home/student/RS1-Group5/41068_ws/install/41068_ignition_bringup/share/41068_ignition_bringup/hook/cmake_prefix_path.sh'
[0.872s] Level 1:colcon.colcon_core.environment:checking '/home/student/RS1-Group5/41068_ws/install/41068_ignition_bringup/lib'
[0.873s] Level 1:colcon.colcon_core.environment:checking '/home/student/RS1-Group5/41068_ws/install/41068_ignition_bringup/bin'
[0.873s] Level 1:colcon.colcon_core.environment:checking '/home/student/RS1-Group5/41068_ws/install/41068_ignition_bringup/lib/pkgconfig/41068_ignition_bringup.pc'
[0.873s] Level 1:colcon.colcon_core.environment:checking '/home/student/RS1-Group5/41068_ws/install/41068_ignition_bringup/lib/python3.10/site-packages'
[0.874s] Level 1:colcon.colcon_core.environment:checking '/home/student/RS1-Group5/41068_ws/install/41068_ignition_bringup/bin'
[0.874s] INFO:colcon.colcon_core.shell:Creating package script '/home/student/RS1-Group5/41068_ws/install/41068_ignition_bringup/share/41068_ignition_bringup/package.ps1'
[0.876s] INFO:colcon.colcon_core.shell:Creating package descriptor '/home/student/RS1-Group5/41068_ws/install/41068_ignition_bringup/share/41068_ignition_bringup/package.dsv'
[0.877s] INFO:colcon.colcon_core.shell:Creating package script '/home/student/RS1-Group5/41068_ws/install/41068_ignition_bringup/share/41068_ignition_bringup/package.sh'
[0.878s] INFO:colcon.colcon_core.shell:Creating package script '/home/student/RS1-Group5/41068_ws/install/41068_ignition_bringup/share/41068_ignition_bringup/package.bash'
[0.879s] INFO:colcon.colcon_core.shell:Creating package script '/home/student/RS1-Group5/41068_ws/install/41068_ignition_bringup/share/41068_ignition_bringup/package.zsh'
[0.880s] Level 1:colcon.colcon_core.environment:create_file_with_runtime_dependencies(/home/student/RS1-Group5/41068_ws/install/41068_ignition_bringup/share/colcon-core/packages/41068_ignition_bringup)
[0.880s] Level 1:colcon.colcon_core.environment:create_environment_scripts_only(41068_ignition_bringup)
[0.881s] Level 1:colcon.colcon_core.environment:checking '/home/student/RS1-Group5/41068_ws/install/41068_ignition_bringup' for CMake module files
[0.881s] Level 1:colcon.colcon_core.environment:checking '/home/student/RS1-Group5/41068_ws/install/41068_ignition_bringup' for CMake config files
[0.881s] Level 1:colcon.colcon_core.shell:create_environment_hook('41068_ignition_bringup', 'cmake_prefix_path')
[0.882s] INFO:colcon.colcon_core.shell:Creating environment hook '/home/student/RS1-Group5/41068_ws/install/41068_ignition_bringup/share/41068_ignition_bringup/hook/cmake_prefix_path.ps1'
[0.883s] INFO:colcon.colcon_core.shell:Creating environment descriptor '/home/student/RS1-Group5/41068_ws/install/41068_ignition_bringup/share/41068_ignition_bringup/hook/cmake_prefix_path.dsv'
[0.883s] INFO:colcon.colcon_core.shell:Creating environment hook '/home/student/RS1-Group5/41068_ws/install/41068_ignition_bringup/share/41068_ignition_bringup/hook/cmake_prefix_path.sh'
[0.884s] Level 1:colcon.colcon_core.environment:checking '/home/student/RS1-Group5/41068_ws/install/41068_ignition_bringup/lib'
[0.884s] Level 1:colcon.colcon_core.environment:checking '/home/student/RS1-Group5/41068_ws/install/41068_ignition_bringup/bin'
[0.884s] Level 1:colcon.colcon_core.environment:checking '/home/student/RS1-Group5/41068_ws/install/41068_ignition_bringup/lib/pkgconfig/41068_ignition_bringup.pc'
[0.884s] Level 1:colcon.colcon_core.environment:checking '/home/student/RS1-Group5/41068_ws/install/41068_ignition_bringup/lib/python3.10/site-packages'
[0.885s] Level 1:colcon.colcon_core.environment:checking '/home/student/RS1-Group5/41068_ws/install/41068_ignition_bringup/bin'
[0.885s] INFO:colcon.colcon_core.shell:Creating package script '/home/student/RS1-Group5/41068_ws/install/41068_ignition_bringup/share/41068_ignition_bringup/package.ps1'
[0.886s] INFO:colcon.colcon_core.shell:Creating package descriptor '/home/student/RS1-Group5/41068_ws/install/41068_ignition_bringup/share/41068_ignition_bringup/package.dsv'
[0.886s] INFO:colcon.colcon_core.shell:Creating package script '/home/student/RS1-Group5/41068_ws/install/41068_ignition_bringup/share/41068_ignition_bringup/package.sh'
[0.887s] INFO:colcon.colcon_core.shell:Creating package script '/home/student/RS1-Group5/41068_ws/install/41068_ignition_bringup/share/41068_ignition_bringup/package.bash'
[0.888s] INFO:colcon.colcon_core.shell:Creating package script '/home/student/RS1-Group5/41068_ws/install/41068_ignition_bringup/share/41068_ignition_bringup/package.zsh'
[0.888s] Level 1:colcon.colcon_core.environment:create_file_with_runtime_dependencies(/home/student/RS1-Group5/41068_ws/install/41068_ignition_bringup/share/colcon-core/packages/41068_ignition_bringup)
[1.257s] DEBUG:colcon.colcon_core.task.python.build:While undoing a previous installation files outside the Python library path are being ignored: /home/student/RS1-Group5/41068_ws/install/rs1_gui/share/ament_index/resource_index/packages/rs1_gui
[1.257s] DEBUG:colcon.colcon_core.task.python.build:While undoing a previous installation files outside the Python library path are being ignored: /home/student/RS1-Group5/41068_ws/install/rs1_gui/share/rs1_gui/package.xml
[1.257s] DEBUG:colcon.colcon_core.task.python.build:While undoing a previous installation files outside the Python library path are being ignored: /home/student/RS1-Group5/41068_ws/install/rs1_gui/share/rs1_gui/launch/gui_launch.py
[1.258s] DEBUG:colcon.colcon_core.task.python.build:While undoing a previous installation files outside the Python library path are being ignored: /home/student/RS1-Group5/41068_ws/install/rs1_gui/lib/rs1_gui/gui_node
[1.265s] DEBUG:colcon.colcon_core.event_handler.log_command:Invoking command in '/home/student/RS1-Group5/41068_ws/build/rs1_gui': PYTHONPATH=/home/student/RS1-Group5/41068_ws/build/rs1_gui/prefix_override:/usr/lib/python3/dist-packages/colcon_core/task/python/colcon_distutils_commands:/home/student/RS1-Group5/41068_ws/install/rs1_gui/lib/python3.10/site-packages:${PYTHONPATH} /usr/bin/python3 -W ignore:setup.py install is deprecated -W ignore:easy_install command is deprecated setup.py develop --editable --build-directory /home/student/RS1-Group5/41068_ws/build/rs1_gui/build --no-deps symlink_data --force
[1.809s] Level 1:colcon.colcon_core.shell:create_environment_hook('rs1_gui', 'pythonpath_develop')
[1.810s] INFO:colcon.colcon_core.shell:Creating environment hook '/home/student/RS1-Group5/41068_ws/build/rs1_gui/share/rs1_gui/hook/pythonpath_develop.ps1'
[1.811s] DEBUG:colcon.colcon_core.event_handler.log_command:Invoked command in '/home/student/RS1-Group5/41068_ws/build/rs1_gui' returned '0': PYTHONPATH=/home/student/RS1-Group5/41068_ws/build/rs1_gui/prefix_override:/usr/lib/python3/dist-packages/colcon_core/task/python/colcon_distutils_commands:/home/student/RS1-Group5/41068_ws/install/rs1_gui/lib/python3.10/site-packages:${PYTHONPATH} /usr/bin/python3 -W ignore:setup.py install is deprecated -W ignore:easy_install command is deprecated setup.py develop --editable --build-directory /home/student/RS1-Group5/41068_ws/build/rs1_gui/build --no-deps symlink_data --force
[1.811s] INFO:colcon.colcon_core.shell:Creating environment descriptor '/home/student/RS1-Group5/41068_ws/build/rs1_gui/share/rs1_gui/hook/pythonpath_develop.dsv'
[1.812s] INFO:colcon.colcon_core.shell:Creating environment hook '/home/student/RS1-Group5/41068_ws/build/rs1_gui/share/rs1_gui/hook/pythonpath_develop.sh'
[1.813s] Level 1:colcon.colcon_core.environment:checking '/home/student/RS1-Group5/41068_ws/install/rs1_gui' for CMake module files
[1.814s] Level 1:colcon.colcon_core.environment:checking '/home/student/RS1-Group5/41068_ws/install/rs1_gui' for CMake config files
[1.814s] Level 1:colcon.colcon_core.environment:checking '/home/student/RS1-Group5/41068_ws/install/rs1_gui/lib'
[1.814s] Level 1:colcon.colcon_core.environment:checking '/home/student/RS1-Group5/41068_ws/install/rs1_gui/bin'
[1.815s] Level 1:colcon.colcon_core.environment:checking '/home/student/RS1-Group5/41068_ws/install/rs1_gui/lib/pkgconfig/rs1_gui.pc'
[1.815s] Level 1:colcon.colcon_core.environment:checking '/home/student/RS1-Group5/41068_ws/install/rs1_gui/lib/python3.10/site-packages'
[1.815s] Level 1:colcon.colcon_core.shell:create_environment_hook('rs1_gui', 'pythonpath')
[1.815s] INFO:colcon.colcon_core.shell:Creating environment hook '/home/student/RS1-Group5/41068_ws/install/rs1_gui/share/rs1_gui/hook/pythonpath.ps1'
[1.816s] INFO:colcon.colcon_core.shell:Creating environment descriptor '/home/student/RS1-Group5/41068_ws/install/rs1_gui/share/rs1_gui/hook/pythonpath.dsv'
[1.816s] INFO:colcon.colcon_core.shell:Creating environment hook '/home/student/RS1-Group5/41068_ws/install/rs1_gui/share/rs1_gui/hook/pythonpath.sh'
[1.817s] Level 1:colcon.colcon_core.environment:checking '/home/student/RS1-Group5/41068_ws/install/rs1_gui/bin'
[1.817s] Level 1:colcon.colcon_core.environment:create_environment_scripts_only(rs1_gui)
[1.818s] INFO:colcon.colcon_core.shell:Creating package script '/home/student/RS1-Group5/41068_ws/install/rs1_gui/share/rs1_gui/package.ps1'
[1.819s] INFO:colcon.colcon_core.shell:Creating package descriptor '/home/student/RS1-Group5/41068_ws/install/rs1_gui/share/rs1_gui/package.dsv'
[1.820s] INFO:colcon.colcon_core.shell:Creating package script '/home/student/RS1-Group5/41068_ws/install/rs1_gui/share/rs1_gui/package.sh'
[1.820s] INFO:colcon.colcon_core.shell:Creating package script '/home/student/RS1-Group5/41068_ws/install/rs1_gui/share/rs1_gui/package.bash'
[1.821s] INFO:colcon.colcon_core.shell:Creating package script '/home/student/RS1-Group5/41068_ws/install/rs1_gui/share/rs1_gui/package.zsh'
[1.821s] Level 1:colcon.colcon_core.environment:create_file_with_runtime_dependencies(/home/student/RS1-Group5/41068_ws/install/rs1_gui/share/colcon-core/packages/rs1_gui)
[2.174s] DEBUG:colcon.colcon_core.event_handler.log_command:Invoked command in '/home/student/RS1-Group5/41068_ws/build/sensor_node_cpp' returned '0': CMAKE_PREFIX_PATH=/opt/ros/humble /usr/bin/cmake /home/student/RS1-Group5/41068_ws/src/sensor_node_cpp -DAMENT_CMAKE_SYMLINK_INSTALL=1 -DCMAKE_INSTALL_PREFIX=/home/student/RS1-Group5/41068_ws/install/sensor_node_cpp
[2.176s] DEBUG:colcon.colcon_core.event_handler.log_command:Invoking command in '/home/student/RS1-Group5/41068_ws/build/sensor_node_cpp': CMAKE_PREFIX_PATH=/opt/ros/humble /usr/bin/cmake --build /home/student/RS1-Group5/41068_ws/build/sensor_node_cpp -- -j8 -l8
[2.222s] DEBUG:colcon.colcon_core.event_handler.log_command:Invoked command in '/home/student/RS1-Group5/41068_ws/build/sensor_node_cpp' returned '0': CMAKE_PREFIX_PATH=/opt/ros/humble /usr/bin/cmake --build /home/student/RS1-Group5/41068_ws/build/sensor_node_cpp -- -j8 -l8
[2.224s] DEBUG:colcon.colcon_core.event_handler.log_command:Invoking command in '/home/student/RS1-Group5/41068_ws/build/sensor_node_cpp': CMAKE_PREFIX_PATH=/opt/ros/humble /usr/bin/cmake --install /home/student/RS1-Group5/41068_ws/build/sensor_node_cpp
[2.384s] Level 1:colcon.colcon_core.environment:create_environment_scripts_only(sensor_node_cpp)
[2.385s] Level 1:colcon.colcon_core.environment:checking '/home/student/RS1-Group5/41068_ws/install/sensor_node_cpp' for CMake module files
[2.386s] DEBUG:colcon.colcon_core.event_handler.log_command:Invoked command in '/home/student/RS1-Group5/41068_ws/build/sensor_node_cpp' returned '0': CMAKE_PREFIX_PATH=/opt/ros/humble /usr/bin/cmake --install /home/student/RS1-Group5/41068_ws/build/sensor_node_cpp
[2.386s] Level 1:colcon.colcon_core.environment:checking '/home/student/RS1-Group5/41068_ws/install/sensor_node_cpp' for CMake config files
[2.387s] Level 1:colcon.colcon_core.shell:create_environment_hook('sensor_node_cpp', 'cmake_prefix_path')
[2.387s] INFO:colcon.colcon_core.shell:Creating environment hook '/home/student/RS1-Group5/41068_ws/install/sensor_node_cpp/share/sensor_node_cpp/hook/cmake_prefix_path.ps1'
[2.387s] INFO:colcon.colcon_core.shell:Creating environment descriptor '/home/student/RS1-Group5/41068_ws/install/sensor_node_cpp/share/sensor_node_cpp/hook/cmake_prefix_path.dsv'
[2.388s] INFO:colcon.colcon_core.shell:Creating environment hook '/home/student/RS1-Group5/41068_ws/install/sensor_node_cpp/share/sensor_node_cpp/hook/cmake_prefix_path.sh'
[2.389s] Level 1:colcon.colcon_core.environment:checking '/home/student/RS1-Group5/41068_ws/install/sensor_node_cpp/bin'
[2.389s] Level 1:colcon.colcon_core.environment:checking '/home/student/RS1-Group5/41068_ws/install/sensor_node_cpp/lib/pkgconfig/sensor_node_cpp.pc'
[2.389s] Level 1:colcon.colcon_core.environment:checking '/home/student/RS1-Group5/41068_ws/install/sensor_node_cpp/lib/python3.10/site-packages'
[2.389s] Level 1:colcon.colcon_core.environment:checking '/home/student/RS1-Group5/41068_ws/install/sensor_node_cpp/bin'
[2.390s] INFO:colcon.colcon_core.shell:Creating package script '/home/student/RS1-Group5/41068_ws/install/sensor_node_cpp/share/sensor_node_cpp/package.ps1'
[2.390s] INFO:colcon.colcon_core.shell:Creating package descriptor '/home/student/RS1-Group5/41068_ws/install/sensor_node_cpp/share/sensor_node_cpp/package.dsv'
[2.391s] INFO:colcon.colcon_core.shell:Creating package script '/home/student/RS1-Group5/41068_ws/install/sensor_node_cpp/share/sensor_node_cpp/package.sh'
[2.391s] INFO:colcon.colcon_core.shell:Creating package script '/home/student/RS1-Group5/41068_ws/install/sensor_node_cpp/share/sensor_node_cpp/package.bash'
[2.392s] INFO:colcon.colcon_core.shell:Creating package script '/home/student/RS1-Group5/41068_ws/install/sensor_node_cpp/share/sensor_node_cpp/package.zsh'
[2.392s] Level 1:colcon.colcon_core.environment:create_file_with_runtime_dependencies(/home/student/RS1-Group5/41068_ws/install/sensor_node_cpp/share/colcon-core/packages/sensor_node_cpp)
[2.393s] Level 1:colcon.colcon_core.environment:create_environment_scripts_only(sensor_node_cpp)
[2.393s] Level 1:colcon.colcon_core.environment:checking '/home/student/RS1-Group5/41068_ws/install/sensor_node_cpp' for CMake module files
[2.393s] Level 1:colcon.colcon_core.environment:checking '/home/student/RS1-Group5/41068_ws/install/sensor_node_cpp' for CMake config files
[2.394s] Level 1:colcon.colcon_core.shell:create_environment_hook('sensor_node_cpp', 'cmake_prefix_path')
[2.394s] INFO:colcon.colcon_core.shell:Creating environment hook '/home/student/RS1-Group5/41068_ws/install/sensor_node_cpp/share/sensor_node_cpp/hook/cmake_prefix_path.ps1'
[2.394s] INFO:colcon.colcon_core.shell:Creating environment descriptor '/home/student/RS1-Group5/41068_ws/install/sensor_node_cpp/share/sensor_node_cpp/hook/cmake_prefix_path.dsv'
[2.395s] INFO:colcon.colcon_core.shell:Creating environment hook '/home/student/RS1-Group5/41068_ws/install/sensor_node_cpp/share/sensor_node_cpp/hook/cmake_prefix_path.sh'
[2.396s] Level 1:colcon.colcon_core.environment:checking '/home/student/RS1-Group5/41068_ws/install/sensor_node_cpp/bin'
[2.396s] Level 1:colcon.colcon_core.environment:checking '/home/student/RS1-Group5/41068_ws/install/sensor_node_cpp/lib/pkgconfig/sensor_node_cpp.pc'
[2.396s] Level 1:colcon.colcon_core.environment:checking '/home/student/RS1-Group5/41068_ws/install/sensor_node_cpp/lib/python3.10/site-packages'
[2.396s] Level 1:colcon.colcon_core.environment:checking '/home/student/RS1-Group5/41068_ws/install/sensor_node_cpp/bin'
[2.397s] INFO:colcon.colcon_core.shell:Creating package script '/home/student/RS1-Group5/41068_ws/install/sensor_node_cpp/share/sensor_node_cpp/package.ps1'
[2.397s] INFO:colcon.colcon_core.shell:Creating package descriptor '/home/student/RS1-Group5/41068_ws/install/sensor_node_cpp/share/sensor_node_cpp/package.dsv'
[2.398s] INFO:colcon.colcon_core.shell:Creating package script '/home/student/RS1-Group5/41068_ws/install/sensor_node_cpp/share/sensor_node_cpp/package.sh'
[2.398s] INFO:colcon.colcon_core.shell:Creating package script '/home/student/RS1-Group5/41068_ws/install/sensor_node_cpp/share/sensor_node_cpp/package.bash'
[2.399s] INFO:colcon.colcon_core.shell:Creating package script '/home/student/RS1-Group5/41068_ws/install/sensor_node_cpp/share/sensor_node_cpp/package.zsh'
[2.399s] Level 1:colcon.colcon_core.environment:create_file_with_runtime_dependencies(/home/student/RS1-Group5/41068_ws/install/sensor_node_cpp/share/colcon-core/packages/sensor_node_cpp)
[2.400s] DEBUG:colcon.colcon_parallel_executor.executor.parallel:closing loop
[2.400s] DEBUG:colcon.colcon_parallel_executor.executor.parallel:loop closed
[2.401s] DEBUG:colcon.colcon_parallel_executor.executor.parallel:run_until_complete finished with '0'
[2.401s] DEBUG:colcon.colcon_core.event_reactor:joining thread
[2.408s] INFO:colcon.colcon_core.plugin_system:Skipping extension 'colcon_notification.desktop_notification.terminal_notifier': Not used on non-Darwin systems
[2.409s] INFO:colcon.colcon_core.plugin_system:Skipping extension 'colcon_notification.desktop_notification.win32': Not used on non-Windows systems
[2.409s] INFO:colcon.colcon_notification.desktop_notification:Sending desktop notification using 'notify2'
[2.425s] DEBUG:colcon.colcon_core.event_reactor:joined thread
[2.425s] INFO:colcon.colcon_core.shell:Creating prefix script '/home/student/RS1-Group5/41068_ws/install/local_setup.ps1'
[2.427s] INFO:colcon.colcon_core.shell:Creating prefix util module '/home/student/RS1-Group5/41068_ws/install/_local_setup_util_ps1.py'
[2.428s] INFO:colcon.colcon_core.shell:Creating prefix chain script '/home/student/RS1-Group5/41068_ws/install/setup.ps1'
[2.429s] INFO:colcon.colcon_core.shell:Creating prefix script '/home/student/RS1-Group5/41068_ws/install/local_setup.sh'
[2.430s] INFO:colcon.colcon_core.shell:Creating prefix util module '/home/student/RS1-Group5/41068_ws/install/_local_setup_util_sh.py'
[2.431s] INFO:colcon.colcon_core.shell:Creating prefix chain script '/home/student/RS1-Group5/41068_ws/install/setup.sh'
[2.433s] INFO:colcon.colcon_core.shell:Creating prefix script '/home/student/RS1-Group5/41068_ws/install/local_setup.bash'
[2.433s] INFO:colcon.colcon_core.shell:Creating prefix chain script '/home/student/RS1-Group5/41068_ws/install/setup.bash'
[2.435s] INFO:colcon.colcon_core.shell:Creating prefix script '/home/student/RS1-Group5/41068_ws/install/local_setup.zsh'
[2.436s] INFO:colcon.colcon_core.shell:Creating prefix chain script '/home/student/RS1-Group5/41068_ws/install/setup.zsh'
