[0.010s] Invoking command in '/home/jun/git/Robotics-Studio-1/41068_ws/build/41068_ignition_bringup': CMAKE_PREFIX_PATH=${CMAKE_PREFIX_PATH}:/opt/ros/humble /usr/bin/cmake --build /home/jun/git/Robotics-Studio-1/41068_ws/build/41068_ignition_bringup -- -j22 -l22
[0.050s] [35m[1mConsolidate compiler generated dependencies of target waypoint_manager[0m
[0.057s] [ 50%] Built target waypoint_follower
[0.063s] [ 75%] [32mBuilding CXX object CMakeFiles/waypoint_manager.dir/src/waypoint_manager.cpp.o[0m
[1.345s] [01m[K/home/jun/git/Robotics-Studio-1/41068_ws/src/41068_ignition_bringup/src/waypoint_manager.cpp:105:2:[m[K [01;31m[Kerror: [m[Kexpected ‘[01m[K}[m[K’ at end of input
[1.345s]   105 | }
[1.345s]       |  [01;31m[K^[m[K
[1.345s] [01m[K/home/jun/git/Robotics-Studio-1/41068_ws/src/41068_ignition_bringup/src/waypoint_manager.cpp:32:1:[m[K [01;36m[Knote: [m[Kto match this ‘[01m[K{[m[K’
[1.345s]    32 | [01;36m[K{[m[K
[1.345s]       | [01;36m[K^[m[K
[1.349s] [01m[K/home/jun/git/Robotics-Studio-1/41068_ws/src/41068_ignition_bringup/src/waypoint_manager.cpp:[m[K In constructor ‘[01m[KWaypointManager::WaypointManager()[m[K’:
[1.349s] [01m[K/home/jun/git/Robotics-Studio-1/41068_ws/src/41068_ignition_bringup/src/waypoint_manager.cpp:36:5:[m[K [01;31m[Kerror: [m[K‘[01m[Kframe_id_[m[K’ was not declared in this scope
[1.349s]    36 |     [01;31m[Kframe_id_[m[K          = declare_parameter<std::string>("frame_id", "odom");
[1.349s]       |     [01;31m[K^~~~~~~~~[m[K
[1.355s] [01m[K/home/jun/git/Robotics-Studio-1/41068_ws/src/41068_ignition_bringup/src/waypoint_manager.cpp:37:5:[m[K [01;31m[Kerror: [m[K‘[01m[Krepublish_rate_hz_[m[K’ was not declared in this scope
[1.355s]    37 |     [01;31m[Krepublish_rate_hz_[m[K = declare_parameter<double>("republish_rate_hz", 1.0);
[1.355s]       |     [01;31m[K^~~~~~~~~~~~~~~~~~[m[K
[1.360s] [01m[K/home/jun/git/Robotics-Studio-1/41068_ws/src/41068_ignition_bringup/src/waypoint_manager.cpp:41:5:[m[K [01;31m[Kerror: [m[K‘[01m[Kwaypoints_[m[K’ was not declared in this scope
[1.360s]    41 |     [01;31m[Kwaypoints_[m[K = {
[1.360s]       |     [01;31m[K^~~~~~~~~~[m[K
[1.360s] [01m[K/home/jun/git/Robotics-Studio-1/41068_ws/src/41068_ignition_bringup/src/waypoint_manager.cpp:47:6:[m[K [01;31m[Kerror: [m[Kexpected ‘[01m[K}[m[K’ before ‘[01m[K;[m[K’ token
[1.360s]    47 |     }[01;31m[K;[m[K
[1.360s]       |      [01;31m[K^[m[K
[1.360s] [01m[K/home/jun/git/Robotics-Studio-1/41068_ws/src/41068_ignition_bringup/src/waypoint_manager.cpp:41:18:[m[K [01;36m[Knote: [m[Kto match this ‘[01m[K{[m[K’
[1.360s]    41 |     waypoints_ = [01;36m[K{[m[K
[1.360s]       |                  [01;36m[K^[m[K
[1.362s] [01m[K/home/jun/git/Robotics-Studio-1/41068_ws/src/41068_ignition_bringup/src/waypoint_manager.cpp:50:5:[m[K [01;31m[Kerror: [m[K‘[01m[Kpub_[m[K’ was not declared in this scope
[1.362s]    50 |     [01;31m[Kpub_[m[K = create_publisher<geometry_msgs::msg::PoseStamped>("next_waypoint", 10);
[1.362s]       |     [01;31m[K^~~~[m[K
[1.367s] [01m[K/home/jun/git/Robotics-Studio-1/41068_ws/src/41068_ignition_bringup/src/waypoint_manager.cpp:51:5:[m[K [01;31m[Kerror: [m[K‘[01m[Ksub_[m[K’ was not declared in this scope
[1.367s]    51 |     [01;31m[Ksub_[m[K = create_subscription<std_msgs::msg::Bool>(
[1.367s]       |     [01;31m[K^~~~[m[K
[1.367s] [01m[K/home/jun/git/Robotics-Studio-1/41068_ws/src/41068_ignition_bringup/src/waypoint_manager.cpp:53:35:[m[K [01;31m[Kerror: [m[K‘[01m[KreachedCb[m[K’ is not a member of ‘[01m[KWaypointManager[m[K’
[1.368s]    53 |       std::bind(&WaypointManager::[01;31m[KreachedCb[m[K, this, std::placeholders::_1));
[1.368s]       |                                   [01;31m[K^~~~~~~~~[m[K
[1.370s] [01m[K/home/jun/git/Robotics-Studio-1/41068_ws/src/41068_ignition_bringup/src/waypoint_manager.cpp:57:5:[m[K [01;31m[Kerror: [m[K‘[01m[Ktimer_[m[K’ was not declared in this scope; did you mean ‘[01m[Ktimer_t[m[K’?
[1.370s]    57 |     [01;31m[Ktimer_[m[K = create_wall_timer(
[1.370s]       |     [01;31m[K^~~~~~[m[K
[1.370s]       |     [32m[Ktimer_t[m[K
[1.370s] [01m[K/home/jun/git/Robotics-Studio-1/41068_ws/src/41068_ignition_bringup/src/waypoint_manager.cpp:59:35:[m[K [01;31m[Kerror: [m[K‘[01m[KpublishCurrent[m[K’ is not a member of ‘[01m[KWaypointManager[m[K’
[1.370s]    59 |       std::bind(&WaypointManager::[01;31m[KpublishCurrent[m[K, this));
[1.370s]       |                                   [01;31m[K^~~~~~~~~~~~~~[m[K
[1.374s] [01m[K/home/jun/git/Robotics-Studio-1/41068_ws/src/41068_ignition_bringup/src/waypoint_manager.cpp:61:5:[m[K [01;31m[Kerror: [m[K‘[01m[KpublishCurrent[m[K’ was not declared in this scope
[1.374s]    61 |     [01;31m[KpublishCurrent[m[K();  // publish the first goal immediately
[1.374s]       |     [01;31m[K^~~~~~~~~~~~~~[m[K
[1.377s] [01m[K/home/jun/git/Robotics-Studio-1/41068_ws/src/41068_ignition_bringup/src/waypoint_manager.cpp:[m[K At global scope:
[1.377s] [01m[K/home/jun/git/Robotics-Studio-1/41068_ws/src/41068_ignition_bringup/src/waypoint_manager.cpp:105:2:[m[K [01;31m[Kerror: [m[Kexpected unqualified-id at end of input
[1.377s]   105 | }
[1.377s]       |  [01;31m[K^[m[K
[1.742s] [01m[K/home/jun/git/Robotics-Studio-1/41068_ws/src/41068_ignition_bringup/src/waypoint_manager.cpp:11:40:[m[K [01;35m[Kwarning: [m[K‘[01m[Kgeometry_msgs::msg::PoseStamped makePoseQuat(double, double, double, double, const string&, const rclcpp::Time&)[m[K’ defined but not used [[01;35m[K]8;;https://gcc.gnu.org/onlinedocs/gcc/Warning-Options.html#index-Wunused-function-Wunused-function]8;;[m[K]
[1.742s]    11 | static geometry_msgs::msg::PoseStamped [01;35m[KmakePoseQuat[m[K(
[1.742s]       |                                        [01;35m[K^~~~~~~~~~~~[m[K
[1.764s] gmake[2]: *** [CMakeFiles/waypoint_manager.dir/build.make:76: CMakeFiles/waypoint_manager.dir/src/waypoint_manager.cpp.o] Error 1
[1.764s] gmake[1]: *** [CMakeFiles/Makefile2:165: CMakeFiles/waypoint_manager.dir/all] Error 2
[1.764s] gmake: *** [Makefile:146: all] Error 2
[1.768s] Invoked command in '/home/jun/git/Robotics-Studio-1/41068_ws/build/41068_ignition_bringup' returned '2': CMAKE_PREFIX_PATH=${CMAKE_PREFIX_PATH}:/opt/ros/humble /usr/bin/cmake --build /home/jun/git/Robotics-Studio-1/41068_ws/build/41068_ignition_bringup -- -j22 -l22
