[0.823s] Invoking command in '/home/student/RS1-Group5/41068_ws/src/build/rs1_gui': PYTHONPATH=/home/student/RS1-Group5/41068_ws/src/build/rs1_gui/prefix_override:/usr/lib/python3/dist-packages/colcon_core/task/python/colcon_distutils_commands:/home/student/RS1-Group5/41068_ws/src/install/rs1_gui/lib/python3.10/site-packages:${PYTHONPATH} /usr/bin/python3 -W ignore:setup.py install is deprecated -W ignore:easy_install command is deprecated setup.py develop --uninstall --editable --build-directory /home/student/RS1-Group5/41068_ws/src/build/rs1_gui/build
[1.138s] running develop
[1.361s] Removing /home/student/RS1-Group5/41068_ws/src/install/rs1_gui/lib/python3.10/site-packages/rs1-gui.egg-link (link to .)
[1.394s] Invoked command in '/home/student/RS1-Group5/41068_ws/src/build/rs1_gui' returned '0': PYTHONPATH=/home/student/RS1-Group5/41068_ws/src/build/rs1_gui/prefix_override:/usr/lib/python3/dist-packages/colcon_core/task/python/colcon_distutils_commands:/home/student/RS1-Group5/41068_ws/src/install/rs1_gui/lib/python3.10/site-packages:${PYTHONPATH} /usr/bin/python3 -W ignore:setup.py install is deprecated -W ignore:easy_install command is deprecated setup.py develop --uninstall --editable --build-directory /home/student/RS1-Group5/41068_ws/src/build/rs1_gui/build
[1.396s] Invoking command in '/home/student/RS1-Group5/41068_ws/src/rs1_gui': PYTHONPATH=/home/student/RS1-Group5/41068_ws/src/build/rs1_gui/prefix_override:/usr/lib/python3/dist-packages/colcon_core/task/python/colcon_distutils_commands:/home/student/RS1-Group5/41068_ws/src/install/rs1_gui/lib/python3.10/site-packages:${PYTHONPATH} /usr/bin/python3 -W ignore:setup.py install is deprecated -W ignore:easy_install command is deprecated setup.py egg_info --egg-base ../build/rs1_gui build --build-base /home/student/RS1-Group5/41068_ws/src/build/rs1_gui/build install --record /home/student/RS1-Group5/41068_ws/src/build/rs1_gui/install.log --single-version-externally-managed install_data --force
[1.693s] running egg_info
[1.694s] writing ../build/rs1_gui/rs1_gui.egg-info/PKG-INFO
[1.694s] writing dependency_links to ../build/rs1_gui/rs1_gui.egg-info/dependency_links.txt
[1.694s] writing entry points to ../build/rs1_gui/rs1_gui.egg-info/entry_points.txt
[1.695s] writing requirements to ../build/rs1_gui/rs1_gui.egg-info/requires.txt
[1.695s] writing top-level names to ../build/rs1_gui/rs1_gui.egg-info/top_level.txt
[1.697s] reading manifest file '../build/rs1_gui/rs1_gui.egg-info/SOURCES.txt'
[1.698s] writing manifest file '../build/rs1_gui/rs1_gui.egg-info/SOURCES.txt'
[1.698s] running build
[1.698s] running build_py
[1.699s] running install
[1.699s] running install_lib
[1.700s] creating /home/student/RS1-Group5/41068_ws/src/install/rs1_gui/lib/python3.10/site-packages/rs1_gui
[1.700s] copying /home/student/RS1-Group5/41068_ws/src/build/rs1_gui/build/lib/rs1_gui/__init__.py -> /home/student/RS1-Group5/41068_ws/src/install/rs1_gui/lib/python3.10/site-packages/rs1_gui
[1.700s] copying /home/student/RS1-Group5/41068_ws/src/build/rs1_gui/build/lib/rs1_gui/gui_node.py -> /home/student/RS1-Group5/41068_ws/src/install/rs1_gui/lib/python3.10/site-packages/rs1_gui
[1.701s] byte-compiling /home/student/RS1-Group5/41068_ws/src/install/rs1_gui/lib/python3.10/site-packages/rs1_gui/__init__.py to __init__.cpython-310.pyc
[1.701s] byte-compiling /home/student/RS1-Group5/41068_ws/src/install/rs1_gui/lib/python3.10/site-packages/rs1_gui/gui_node.py to gui_node.cpython-310.pyc
[1.706s] running install_data
[1.706s] copying resource/rs1_gui -> /home/student/RS1-Group5/41068_ws/src/install/rs1_gui/share/ament_index/resource_index/packages
[1.706s] copying package.xml -> /home/student/RS1-Group5/41068_ws/src/install/rs1_gui/share/rs1_gui
[1.706s] copying launch/gui_launch.py -> /home/student/RS1-Group5/41068_ws/src/install/rs1_gui/share/rs1_gui/launch
[1.706s] running install_egg_info
[1.708s] Copying ../build/rs1_gui/rs1_gui.egg-info to /home/student/RS1-Group5/41068_ws/src/install/rs1_gui/lib/python3.10/site-packages/rs1_gui-0.0.0-py3.10.egg-info
[1.709s] running install_scripts
[1.738s] Installing gui_node script to /home/student/RS1-Group5/41068_ws/src/install/rs1_gui/lib/rs1_gui
[1.738s] writing list of installed files to '/home/student/RS1-Group5/41068_ws/src/build/rs1_gui/install.log'
[1.780s] Invoked command in '/home/student/RS1-Group5/41068_ws/src/rs1_gui' returned '0': PYTHONPATH=/home/student/RS1-Group5/41068_ws/src/build/rs1_gui/prefix_override:/usr/lib/python3/dist-packages/colcon_core/task/python/colcon_distutils_commands:/home/student/RS1-Group5/41068_ws/src/install/rs1_gui/lib/python3.10/site-packages:${PYTHONPATH} /usr/bin/python3 -W ignore:setup.py install is deprecated -W ignore:easy_install command is deprecated setup.py egg_info --egg-base ../build/rs1_gui build --build-base /home/student/RS1-Group5/41068_ws/src/build/rs1_gui/build install --record /home/student/RS1-Group5/41068_ws/src/build/rs1_gui/install.log --single-version-externally-managed install_data --force
