[0.794s] Invoking command in '/home/student/RS1-Group5/41068_ws/src/joy_teleop': PYTHONPATH=/home/student/RS1-Group5/41068_ws/build/joy_teleop/prefix_override:/usr/lib/python3/dist-packages/colcon_core/task/python/colcon_distutils_commands:/home/student/RS1-Group5/41068_ws/install/joy_teleop/lib/python3.10/site-packages:${PYTHONPATH} /usr/bin/python3 -W ignore:setup.py install is deprecated -W ignore:easy_install command is deprecated setup.py egg_info --egg-base ../../build/joy_teleop build --build-base /home/student/RS1-Group5/41068_ws/build/joy_teleop/build install --record /home/student/RS1-Group5/41068_ws/build/joy_teleop/install.log --single-version-externally-managed install_data
[1.085s] running egg_info
[1.086s] writing ../../build/joy_teleop/joy_teleop.egg-info/PKG-INFO
[1.086s] writing dependency_links to ../../build/joy_teleop/joy_teleop.egg-info/dependency_links.txt
[1.086s] writing entry points to ../../build/joy_teleop/joy_teleop.egg-info/entry_points.txt
[1.086s] writing requirements to ../../build/joy_teleop/joy_teleop.egg-info/requires.txt
[1.087s] writing top-level names to ../../build/joy_teleop/joy_teleop.egg-info/top_level.txt
[1.088s] reading manifest file '../../build/joy_teleop/joy_teleop.egg-info/SOURCES.txt'
[1.089s] writing manifest file '../../build/joy_teleop/joy_teleop.egg-info/SOURCES.txt'
[1.090s] running build
[1.090s] running build_py
[1.090s] running install
[1.090s] running install_lib
[1.091s] running install_data
[1.092s] running install_egg_info
[1.094s] removing '/home/student/RS1-Group5/41068_ws/install/joy_teleop/lib/python3.10/site-packages/joy_teleop-0.0.0-py3.10.egg-info' (and everything under it)
[1.094s] Copying ../../build/joy_teleop/joy_teleop.egg-info to /home/student/RS1-Group5/41068_ws/install/joy_teleop/lib/python3.10/site-packages/joy_teleop-0.0.0-py3.10.egg-info
[1.095s] running install_scripts
[1.118s] writing list of installed files to '/home/student/RS1-Group5/41068_ws/build/joy_teleop/install.log'
[1.159s] Invoked command in '/home/student/RS1-Group5/41068_ws/src/joy_teleop' returned '0': PYTHONPATH=/home/student/RS1-Group5/41068_ws/build/joy_teleop/prefix_override:/usr/lib/python3/dist-packages/colcon_core/task/python/colcon_distutils_commands:/home/student/RS1-Group5/41068_ws/install/joy_teleop/lib/python3.10/site-packages:${PYTHONPATH} /usr/bin/python3 -W ignore:setup.py install is deprecated -W ignore:easy_install command is deprecated setup.py egg_info --egg-base ../../build/joy_teleop build --build-base /home/student/RS1-Group5/41068_ws/build/joy_teleop/build install --record /home/student/RS1-Group5/41068_ws/build/joy_teleop/install.log --single-version-externally-managed install_data
