-- Found ament_cmake: 1.3.12 (/opt/ros/humble/share/ament_cmake/cmake)
-- Override CMake install command with custom implementation using symlinks instead of copying resources
-- Found rclcpp: 16.0.14 (/opt/ros/humble/share/rclcpp/cmake)
-- Found rosidl_generator_c: 3.1.7 (/opt/ros/humble/share/rosidl_generator_c/cmake)
-- Found rosidl_adapter: 3.1.7 (/opt/ros/humble/share/rosidl_adapter/cmake)
-- Found rosidl_generator_cpp: 3.1.7 (/opt/ros/humble/share/rosidl_generator_cpp/cmake)
-- Using all available rosidl_typesupport_c: rosidl_typesupport_fastrtps_c;rosidl_typesupport_introspection_c
-- Using all available rosidl_typesupport_cpp: rosidl_typesupport_fastrtps_cpp;rosidl_typesupport_introspection_cpp
-- Found rmw_implementation_cmake: 6.1.2 (/opt/ros/humble/share/rmw_implementation_cmake/cmake)
-- Found rmw_fastrtps_cpp: 6.2.8 (/opt/ros/humble/share/rmw_fastrtps_cpp/cmake)
-- Using RMW implementation 'rmw_fastrtps_cpp' as default
-- Found geometry_msgs: 4.9.0 (/opt/ros/humble/share/geometry_msgs/cmake)
-- Found ros_ign_interfaces: 0.244.20 (/opt/ros/humble/share/ros_ign_interfaces/cmake)
-- Found sensor_msgs: 4.9.0 (/opt/ros/humble/share/sensor_msgs/cmake)
-- Found cv_bridge: 3.2.1 (/opt/ros/humble/share/cv_bridge/cmake)
-- Found ament_lint_auto: 0.12.14 (/opt/ros/humble/share/ament_lint_auto/cmake)
-- Added test 'copyright' to check source files copyright and LICENSE
-- Added test 'cppcheck' to perform static code analysis on C / C++ code
-- Configured cppcheck include dirs: $<BUILD_INTERFACE:/home/jarrel/git/RS1-Group5/41068_ws/src/41068_ignition_bringup/include>
-- Configured cppcheck exclude dirs and/or files: 
-- Added test 'cpplint' to check C / C++ code against the Google style
-- Configured cpplint exclude dirs and/or files: 
-- Added test 'flake8' to check Python code syntax and style conventions
-- Added test 'lint_cmake' to check CMake code style
-- Added test 'pep257' to check Python code against some of the docstring style conventions in PEP 257
-- Added test 'uncrustify' to check C / C++ code style
-- Configured uncrustify additional arguments: 
-- Added test 'xmllint' to check XML markup files
-- Configuring done
-- Generating done
-- Build files have been written to: /home/jarrel/git/RS1-Group5/41068_ws/build/41068_ignition_bringup
[35m[1mConsolidate compiler generated dependencies of target controller[0m
[35m[1mConsolidate compiler generated dependencies of target lidar_sensing_node[0m
[35m[1mConsolidate compiler generated dependencies of target teleop_obstacle_avoid[0m
[35m[1mConsolidate compiler generated dependencies of target autonomous_trail_follower[0m
[  7%] [32mBuilding CXX object CMakeFiles/manual_trail_inspector.dir/src/manual_trail_inspector.cpp.o[0m
[ 28%] Built target controller
[ 50%] Built target lidar_sensing_node
[35m[1mConsolidate compiler generated dependencies of target move_bot[0m
[ 64%] Built target teleop_obstacle_avoid
[ 78%] Built target autonomous_trail_follower
[ 92%] Built target move_bot
[100%] [32m[1mLinking CXX executable manual_trail_inspector[0m
[100%] Built target manual_trail_inspector
-- Install configuration: ""
-- Execute custom install script
-- Up-to-date symlink: /home/jarrel/git/RS1-Group5/41068_ws/install/41068_ignition_bringup/lib/41068_ignition_bringup/autonomous_trail_follower
-- Up-to-date symlink: /home/jarrel/git/RS1-Group5/41068_ws/install/41068_ignition_bringup/lib/41068_ignition_bringup/lidar_sensing_node
-- Up-to-date symlink: /home/jarrel/git/RS1-Group5/41068_ws/install/41068_ignition_bringup/lib/41068_ignition_bringup/move_bot
-- Up-to-date symlink: /home/jarrel/git/RS1-Group5/41068_ws/install/41068_ignition_bringup/lib/41068_ignition_bringup/teleop_obstacle_avoid
-- Up-to-date symlink: /home/jarrel/git/RS1-Group5/41068_ws/install/41068_ignition_bringup/lib/41068_ignition_bringup/autonomous_trail_follower
-- Symlinking: /home/jarrel/git/RS1-Group5/41068_ws/install/41068_ignition_bringup/lib/41068_ignition_bringup/manual_trail_inspector
-- Up-to-date symlink: /home/jarrel/git/RS1-Group5/41068_ws/install/41068_ignition_bringup/lib/41068_ignition_bringup/libcontroller.a
-- Up-to-date symlink: /home/jarrel/git/RS1-Group5/41068_ws/install/41068_ignition_bringup/share/41068_ignition_bringup/config/41068.rviz
-- Up-to-date symlink: /home/jarrel/git/RS1-Group5/41068_ws/install/41068_ignition_bringup/share/41068_ignition_bringup/config/gazebo_bridge.yaml
-- Up-to-date symlink: /home/jarrel/git/RS1-Group5/41068_ws/install/41068_ignition_bringup/share/41068_ignition_bringup/config/nav2_params.yaml
-- Up-to-date symlink: /home/jarrel/git/RS1-Group5/41068_ws/install/41068_ignition_bringup/share/41068_ignition_bringup/config/robot_localization.yaml
-- Up-to-date symlink: /home/jarrel/git/RS1-Group5/41068_ws/install/41068_ignition_bringup/share/41068_ignition_bringup/config/slam_params.yaml
-- Up-to-date symlink: /home/jarrel/git/RS1-Group5/41068_ws/install/41068_ignition_bringup/share/41068_ignition_bringup/launch/41068_ignition.launch.py
-- Up-to-date symlink: /home/jarrel/git/RS1-Group5/41068_ws/install/41068_ignition_bringup/share/41068_ignition_bringup/launch/41068_ignition_drone.launch.py
-- Up-to-date symlink: /home/jarrel/git/RS1-Group5/41068_ws/install/41068_ignition_bringup/share/41068_ignition_bringup/launch/41068_navigation.launch.py
-- Up-to-date symlink: /home/jarrel/git/RS1-Group5/41068_ws/install/41068_ignition_bringup/share/41068_ignition_bringup/models/forest_plane/materials/textures/Map.png
-- Up-to-date symlink: /home/jarrel/git/RS1-Group5/41068_ws/install/41068_ignition_bringup/share/41068_ignition_bringup/models/forest_plane/materials/textures/empty_grass.png
-- Up-to-date symlink: /home/jarrel/git/RS1-Group5/41068_ws/install/41068_ignition_bringup/share/41068_ignition_bringup/models/forest_plane/materials/textures/forest_overhead.png
-- Up-to-date symlink: /home/jarrel/git/RS1-Group5/41068_ws/install/41068_ignition_bringup/share/41068_ignition_bringup/models/forest_plane/materials/textures/leaf_litter.png
-- Up-to-date symlink: /home/jarrel/git/RS1-Group5/41068_ws/install/41068_ignition_bringup/share/41068_ignition_bringup/models/forest_plane/model.config
-- Up-to-date symlink: /home/jarrel/git/RS1-Group5/41068_ws/install/41068_ignition_bringup/share/41068_ignition_bringup/models/forest_plane/model.sdf
-- Up-to-date symlink: /home/jarrel/git/RS1-Group5/41068_ws/install/41068_ignition_bringup/share/41068_ignition_bringup/models/forest_terrain/materials/textures/Elevated_Terrain_Test.dae
-- Up-to-date symlink: /home/jarrel/git/RS1-Group5/41068_ws/install/41068_ignition_bringup/share/41068_ignition_bringup/models/forest_terrain/materials/textures/Elevated_Terrain_Test.fbm/forest_overhead.png
-- Up-to-date symlink: /home/jarrel/git/RS1-Group5/41068_ws/install/41068_ignition_bringup/share/41068_ignition_bringup/models/forest_terrain/materials/textures/Elevated_Terrain_Test.fbx
-- Up-to-date symlink: /home/jarrel/git/RS1-Group5/41068_ws/install/41068_ignition_bringup/share/41068_ignition_bringup/models/forest_terrain/materials/textures/forest_overhead.png
-- Up-to-date symlink: /home/jarrel/git/RS1-Group5/41068_ws/install/41068_ignition_bringup/share/41068_ignition_bringup/models/forest_terrain/materials/textures/model.config
-- Up-to-date symlink: /home/jarrel/git/RS1-Group5/41068_ws/install/41068_ignition_bringup/share/41068_ignition_bringup/models/forest_terrain/materials/textures/model.sdf
-- Up-to-date symlink: /home/jarrel/git/RS1-Group5/41068_ws/install/41068_ignition_bringup/share/41068_ignition_bringup/models/forest_terrain/model.config
-- Up-to-date symlink: /home/jarrel/git/RS1-Group5/41068_ws/install/41068_ignition_bringup/share/41068_ignition_bringup/models/forest_terrain/model.sdf
-- Up-to-date symlink: /home/jarrel/git/RS1-Group5/41068_ws/install/41068_ignition_bringup/share/41068_ignition_bringup/models/forest_wall/materials/textures/forest_wall.png
-- Up-to-date symlink: /home/jarrel/git/RS1-Group5/41068_ws/install/41068_ignition_bringup/share/41068_ignition_bringup/models/forest_wall/materials/textures/forest_wall_transparent.png
-- Up-to-date symlink: /home/jarrel/git/RS1-Group5/41068_ws/install/41068_ignition_bringup/share/41068_ignition_bringup/models/forest_wall/materials/textures/forest_wall_transparent_small.png
-- Up-to-date symlink: /home/jarrel/git/RS1-Group5/41068_ws/install/41068_ignition_bringup/share/41068_ignition_bringup/models/forest_wall/model.config
-- Up-to-date symlink: /home/jarrel/git/RS1-Group5/41068_ws/install/41068_ignition_bringup/share/41068_ignition_bringup/models/forest_wall/model.sdf
-- Up-to-date symlink: /home/jarrel/git/RS1-Group5/41068_ws/install/41068_ignition_bringup/share/41068_ignition_bringup/models/grass_plane/materials/textures/empty_grass.png
-- Up-to-date symlink: /home/jarrel/git/RS1-Group5/41068_ws/install/41068_ignition_bringup/share/41068_ignition_bringup/models/grass_plane/model.config
-- Up-to-date symlink: /home/jarrel/git/RS1-Group5/41068_ws/install/41068_ignition_bringup/share/41068_ignition_bringup/models/grass_plane/model.sdf
-- Up-to-date symlink: /home/jarrel/git/RS1-Group5/41068_ws/install/41068_ignition_bringup/share/41068_ignition_bringup/urdf/common_properties.urdf.xacro
-- Up-to-date symlink: /home/jarrel/git/RS1-Group5/41068_ws/install/41068_ignition_bringup/share/41068_ignition_bringup/urdf/husky.gazebo.xacro
-- Up-to-date symlink: /home/jarrel/git/RS1-Group5/41068_ws/install/41068_ignition_bringup/share/41068_ignition_bringup/urdf/husky.urdf.xacro
-- Up-to-date symlink: /home/jarrel/git/RS1-Group5/41068_ws/install/41068_ignition_bringup/share/41068_ignition_bringup/urdf/meshes/base_link.dae
-- Up-to-date symlink: /home/jarrel/git/RS1-Group5/41068_ws/install/41068_ignition_bringup/share/41068_ignition_bringup/urdf/meshes/bumper.dae
-- Up-to-date symlink: /home/jarrel/git/RS1-Group5/41068_ws/install/41068_ignition_bringup/share/41068_ignition_bringup/urdf/meshes/jpl04_arch_nosensor.stl
-- Up-to-date symlink: /home/jarrel/git/RS1-Group5/41068_ws/install/41068_ignition_bringup/share/41068_ignition_bringup/urdf/meshes/top_chassis.dae
-- Up-to-date symlink: /home/jarrel/git/RS1-Group5/41068_ws/install/41068_ignition_bringup/share/41068_ignition_bringup/urdf/meshes/top_plate.dae
-- Up-to-date symlink: /home/jarrel/git/RS1-Group5/41068_ws/install/41068_ignition_bringup/share/41068_ignition_bringup/urdf/meshes/wheel.dae
-- Up-to-date symlink: /home/jarrel/git/RS1-Group5/41068_ws/install/41068_ignition_bringup/share/41068_ignition_bringup/urdf/wheel.urdf.xacro
-- Up-to-date symlink: /home/jarrel/git/RS1-Group5/41068_ws/install/41068_ignition_bringup/share/41068_ignition_bringup/worlds/large_demo.sdf
-- Up-to-date symlink: /home/jarrel/git/RS1-Group5/41068_ws/install/41068_ignition_bringup/share/41068_ignition_bringup/worlds/simple_trees.sdf
-- Up-to-date symlink: /home/jarrel/git/RS1-Group5/41068_ws/install/41068_ignition_bringup/share/41068_ignition_bringup/urdf_drone/common_properties.urdf.xacro
-- Up-to-date symlink: /home/jarrel/git/RS1-Group5/41068_ws/install/41068_ignition_bringup/share/41068_ignition_bringup/urdf_drone/meshes/hull.dae
-- Up-to-date symlink: /home/jarrel/git/RS1-Group5/41068_ws/install/41068_ignition_bringup/share/41068_ignition_bringup/urdf_drone/meshes/propeller_fl.dae
-- Up-to-date symlink: /home/jarrel/git/RS1-Group5/41068_ws/install/41068_ignition_bringup/share/41068_ignition_bringup/urdf_drone/meshes/propeller_fr.dae
-- Up-to-date symlink: /home/jarrel/git/RS1-Group5/41068_ws/install/41068_ignition_bringup/share/41068_ignition_bringup/urdf_drone/meshes/propeller_rl.dae
-- Up-to-date symlink: /home/jarrel/git/RS1-Group5/41068_ws/install/41068_ignition_bringup/share/41068_ignition_bringup/urdf_drone/meshes/propeller_rr.dae
-- Up-to-date symlink: /home/jarrel/git/RS1-Group5/41068_ws/install/41068_ignition_bringup/share/41068_ignition_bringup/urdf_drone/model.config
-- Up-to-date symlink: /home/jarrel/git/RS1-Group5/41068_ws/install/41068_ignition_bringup/share/41068_ignition_bringup/urdf_drone/model.sdf
-- Up-to-date symlink: /home/jarrel/git/RS1-Group5/41068_ws/install/41068_ignition_bringup/share/41068_ignition_bringup/urdf_drone/parrot.gazebo.xacro
-- Up-to-date symlink: /home/jarrel/git/RS1-Group5/41068_ws/install/41068_ignition_bringup/share/41068_ignition_bringup/urdf_drone/parrot.urdf.xacro
-- Up-to-date symlink: /home/jarrel/git/RS1-Group5/41068_ws/install/41068_ignition_bringup/share/41068_ignition_bringup/urdf_drone/thumbnails/1.png
-- Up-to-date symlink: /home/jarrel/git/RS1-Group5/41068_ws/install/41068_ignition_bringup/share/41068_ignition_bringup/urdf_drone/thumbnails/2.png
-- Up-to-date symlink: /home/jarrel/git/RS1-Group5/41068_ws/install/41068_ignition_bringup/share/41068_ignition_bringup/urdf_drone/thumbnails/3.png
-- Up-to-date symlink: /home/jarrel/git/RS1-Group5/41068_ws/install/41068_ignition_bringup/share/41068_ignition_bringup/urdf_drone/thumbnails/4.png
-- Up-to-date symlink: /home/jarrel/git/RS1-Group5/41068_ws/install/41068_ignition_bringup/share/41068_ignition_bringup/urdf_drone/thumbnails/5.png
-- Up-to-date symlink: /home/jarrel/git/RS1-Group5/41068_ws/install/41068_ignition_bringup/share/ament_index/resource_index/package_run_dependencies/41068_ignition_bringup
-- Up-to-date symlink: /home/jarrel/git/RS1-Group5/41068_ws/install/41068_ignition_bringup/share/ament_index/resource_index/parent_prefix_path/41068_ignition_bringup
-- Up-to-date symlink: /home/jarrel/git/RS1-Group5/41068_ws/install/41068_ignition_bringup/share/41068_ignition_bringup/environment/ament_prefix_path.sh
-- Up-to-date symlink: /home/jarrel/git/RS1-Group5/41068_ws/install/41068_ignition_bringup/share/41068_ignition_bringup/environment/ament_prefix_path.dsv
-- Up-to-date symlink: /home/jarrel/git/RS1-Group5/41068_ws/install/41068_ignition_bringup/share/41068_ignition_bringup/environment/path.sh
-- Up-to-date symlink: /home/jarrel/git/RS1-Group5/41068_ws/install/41068_ignition_bringup/share/41068_ignition_bringup/environment/path.dsv
-- Up-to-date symlink: /home/jarrel/git/RS1-Group5/41068_ws/install/41068_ignition_bringup/share/41068_ignition_bringup/local_setup.bash
-- Up-to-date symlink: /home/jarrel/git/RS1-Group5/41068_ws/install/41068_ignition_bringup/share/41068_ignition_bringup/local_setup.sh
-- Up-to-date symlink: /home/jarrel/git/RS1-Group5/41068_ws/install/41068_ignition_bringup/share/41068_ignition_bringup/local_setup.zsh
-- Up-to-date symlink: /home/jarrel/git/RS1-Group5/41068_ws/install/41068_ignition_bringup/share/41068_ignition_bringup/local_setup.dsv
-- Symlinking: /home/jarrel/git/RS1-Group5/41068_ws/install/41068_ignition_bringup/share/41068_ignition_bringup/package.dsv
-- Up-to-date symlink: /home/jarrel/git/RS1-Group5/41068_ws/install/41068_ignition_bringup/share/ament_index/resource_index/packages/41068_ignition_bringup
-- Up-to-date symlink: /home/jarrel/git/RS1-Group5/41068_ws/install/41068_ignition_bringup/share/41068_ignition_bringup/cmake/41068_ignition_bringupConfig.cmake
-- Up-to-date symlink: /home/jarrel/git/RS1-Group5/41068_ws/install/41068_ignition_bringup/share/41068_ignition_bringup/cmake/41068_ignition_bringupConfig-version.cmake
-- Up-to-date symlink: /home/jarrel/git/RS1-Group5/41068_ws/install/41068_ignition_bringup/share/41068_ignition_bringup/package.xml
