[0.039s] Invoking command in '/home/student/RS1-Group5/41068_ws/build/41068_ignition_bringup': CMAKE_PREFIX_PATH=/opt/ros/humble /usr/bin/cmake --build /home/student/RS1-Group5/41068_ws/build/41068_ignition_bringup -- -j8 -l8
[0.079s] -- Found ament_cmake: 1.3.12 (/opt/ros/humble/share/ament_cmake/cmake)
[0.333s] -- Override CMake install command with custom implementation using symlinks instead of copying resources
[0.348s] -- Found rclcpp: 16.0.14 (/opt/ros/humble/share/rclcpp/cmake)
[0.411s] -- Found rosidl_generator_c: 3.1.7 (/opt/ros/humble/share/rosidl_generator_c/cmake)
[0.420s] -- Found rosidl_adapter: 3.1.7 (/opt/ros/humble/share/rosidl_adapter/cmake)
[0.440s] -- Found rosidl_generator_cpp: 3.1.7 (/opt/ros/humble/share/rosidl_generator_cpp/cmake)
[0.467s] -- Using all available rosidl_typesupport_c: rosidl_typesupport_fastrtps_c;rosidl_typesupport_introspection_c
[0.501s] -- Using all available rosidl_typesupport_cpp: rosidl_typesupport_fastrtps_cpp;rosidl_typesupport_introspection_cpp
[0.573s] -- Found rmw_implementation_cmake: 6.1.2 (/opt/ros/humble/share/rmw_implementation_cmake/cmake)
[0.576s] -- Found rmw_fastrtps_cpp: 6.2.8 (/opt/ros/humble/share/rmw_fastrtps_cpp/cmake)
[0.790s] -- Using RMW implementation 'rmw_fastrtps_cpp' as default
[0.942s] -- Found geometry_msgs: 4.9.0 (/opt/ros/humble/share/geometry_msgs/cmake)
[0.965s] -- Found ros_ign_interfaces: 0.244.20 (/opt/ros/humble/share/ros_ign_interfaces/cmake)
[1.039s] -- Found sensor_msgs: 4.9.0 (/opt/ros/humble/share/sensor_msgs/cmake)
[1.074s] -- Found ament_lint_auto: 0.12.14 (/opt/ros/humble/share/ament_lint_auto/cmake)
[1.166s] WARNING: Package name "41068_ignition_bringup" does not follow the naming conventions. It should start with a lower case letter and only contain lower case letters, digits, underscores, and dashes.
[1.213s] -- Added test 'copyright' to check source files copyright and LICENSE
[1.276s] -- Added test 'cppcheck' to perform static code analysis on C / C++ code
[1.276s] -- Configured cppcheck include dirs: $<BUILD_INTERFACE:/home/student/RS1-Group5/41068_ws/src/41068_ignition_bringup/include>
[1.276s] -- Configured cppcheck exclude dirs and/or files: 
[1.356s] -- Added test 'cpplint' to check C / C++ code against the Google style
[1.357s] -- Configured cpplint exclude dirs and/or files: 
[1.367s] -- Added test 'flake8' to check Python code syntax and style conventions
[1.382s] -- Added test 'lint_cmake' to check CMake code style
[1.390s] -- Added test 'pep257' to check Python code against some of the docstring style conventions in PEP 257
[1.453s] -- Added test 'uncrustify' to check C / C++ code style
[1.453s] -- Configured uncrustify additional arguments: 
[1.463s] -- Added test 'xmllint' to check XML markup files
[1.469s] -- Configuring done
[1.494s] -- Generating done
[1.504s] -- Build files have been written to: /home/student/RS1-Group5/41068_ws/build/41068_ignition_bringup
[1.576s] [35m[1mConsolidate compiler generated dependencies of target controller[0m
[1.615s] [ 37%] Built target controller
[1.652s] [35m[1mConsolidate compiler generated dependencies of target move_bot[0m
[1.733s] [ 50%] [32mBuilding CXX object CMakeFiles/move_bot.dir/src/main_move_bot.cpp.o[0m
[1.750s] [01m[K/home/student/RS1-Group5/41068_ws/src/41068_ignition_bringup/src/main_move_bot.cpp:1:10:[m[K [01;31m[Kfatal error: [m[Krclcpp/rclcpp.hpp: No such file or directory
[1.750s]     1 | #include [01;31m[K"rclcpp/rclcpp.hpp"[m[K
[1.750s]       |          [01;31m[K^~~~~~~~~~~~~~~~~~~[m[K
[1.751s] compilation terminated.
[1.752s] gmake[2]: *** [CMakeFiles/move_bot.dir/build.make:76: CMakeFiles/move_bot.dir/src/main_move_bot.cpp.o] Error 1
[1.753s] gmake[1]: *** [CMakeFiles/Makefile2:193: CMakeFiles/move_bot.dir/all] Error 2
[1.754s] gmake: *** [Makefile:146: all] Error 2
[1.763s] Invoked command in '/home/student/RS1-Group5/41068_ws/build/41068_ignition_bringup' returned '2': CMAKE_PREFIX_PATH=/opt/ros/humble /usr/bin/cmake --build /home/student/RS1-Group5/41068_ws/build/41068_ignition_bringup -- -j8 -l8
