[0.027s] Invoking command in '/home/jun/git/Robotics-Studio-1/41068_ws/src/41068_ignition_bringup/build/41068_ignition_bringup': CMAKE_PREFIX_PATH=${CMAKE_PREFIX_PATH}:/opt/ros/humble /usr/bin/cmake --build /home/jun/git/Robotics-Studio-1/41068_ws/src/41068_ignition_bringup/build/41068_ignition_bringup -- -j22 -l22
[0.139s] [ 14%] Built target waypoint_follower
[0.145s] [ 28%] Built target waypoint_manager
[0.146s] [ 42%] Built target teleop_obstacle_avoid
[0.149s] [ 57%] Built target lidar_sensing_node
[0.152s] [ 71%] Built target autonomous_trail_follower
[0.154s] [ 85%] Built target map_waypoint_manager
[0.164s] [100%] Built target manual_trail_inspector
[0.188s] Invoked command in '/home/jun/git/Robotics-Studio-1/41068_ws/src/41068_ignition_bringup/build/41068_ignition_bringup' returned '0': CMAKE_PREFIX_PATH=${CMAKE_PREFIX_PATH}:/opt/ros/humble /usr/bin/cmake --build /home/jun/git/Robotics-Studio-1/41068_ws/src/41068_ignition_bringup/build/41068_ignition_bringup -- -j22 -l22
[0.207s] Invoking command in '/home/jun/git/Robotics-Studio-1/41068_ws/src/41068_ignition_bringup/build/41068_ignition_bringup': CMAKE_PREFIX_PATH=${CMAKE_PREFIX_PATH}:/opt/ros/humble /usr/bin/cmake --install /home/jun/git/Robotics-Studio-1/41068_ws/src/41068_ignition_bringup/build/41068_ignition_bringup
[0.228s] -- Install configuration: ""
[0.230s] -- Execute custom install script
[0.231s] -- Up-to-date symlink: /home/jun/git/Robotics-Studio-1/41068_ws/src/41068_ignition_bringup/install/41068_ignition_bringup/lib/41068_ignition_bringup/autonomous_trail_follower
[0.232s] -- Up-to-date symlink: /home/jun/git/Robotics-Studio-1/41068_ws/src/41068_ignition_bringup/install/41068_ignition_bringup/lib/41068_ignition_bringup/waypoint_follower
[0.233s] -- Up-to-date symlink: /home/jun/git/Robotics-Studio-1/41068_ws/src/41068_ignition_bringup/install/41068_ignition_bringup/lib/41068_ignition_bringup/waypoint_manager
[0.233s] -- Up-to-date symlink: /home/jun/git/Robotics-Studio-1/41068_ws/src/41068_ignition_bringup/install/41068_ignition_bringup/lib/41068_ignition_bringup/map_waypoint_manager
[0.234s] -- Up-to-date symlink: /home/jun/git/Robotics-Studio-1/41068_ws/src/41068_ignition_bringup/install/41068_ignition_bringup/lib/41068_ignition_bringup/lidar_sensing_node
[0.234s] -- Up-to-date symlink: /home/jun/git/Robotics-Studio-1/41068_ws/src/41068_ignition_bringup/install/41068_ignition_bringup/lib/41068_ignition_bringup/manual_trail_inspector
[0.235s] -- Up-to-date symlink: /home/jun/git/Robotics-Studio-1/41068_ws/src/41068_ignition_bringup/install/41068_ignition_bringup/lib/41068_ignition_bringup/teleop_obstacle_avoid
[0.236s] -- Up-to-date symlink: /home/jun/git/Robotics-Studio-1/41068_ws/src/41068_ignition_bringup/install/41068_ignition_bringup/share/41068_ignition_bringup/config/41068.rviz
[0.236s] -- Up-to-date symlink: /home/jun/git/Robotics-Studio-1/41068_ws/src/41068_ignition_bringup/install/41068_ignition_bringup/share/41068_ignition_bringup/config/gazebo_bridge.yaml
[0.236s] -- Up-to-date symlink: /home/jun/git/Robotics-Studio-1/41068_ws/src/41068_ignition_bringup/install/41068_ignition_bringup/share/41068_ignition_bringup/config/nav2_params.yaml
[0.237s] -- Up-to-date symlink: /home/jun/git/Robotics-Studio-1/41068_ws/src/41068_ignition_bringup/install/41068_ignition_bringup/share/41068_ignition_bringup/config/robot_localization.yaml
[0.237s] -- Up-to-date symlink: /home/jun/git/Robotics-Studio-1/41068_ws/src/41068_ignition_bringup/install/41068_ignition_bringup/share/41068_ignition_bringup/config/slam_params.yaml
[0.238s] -- Up-to-date symlink: /home/jun/git/Robotics-Studio-1/41068_ws/src/41068_ignition_bringup/install/41068_ignition_bringup/share/41068_ignition_bringup/launch/41068_ignition.launch.py
[0.238s] -- Up-to-date symlink: /home/jun/git/Robotics-Studio-1/41068_ws/src/41068_ignition_bringup/install/41068_ignition_bringup/share/41068_ignition_bringup/launch/41068_ignition_drone.launch.py
[0.239s] -- Up-to-date symlink: /home/jun/git/Robotics-Studio-1/41068_ws/src/41068_ignition_bringup/install/41068_ignition_bringup/share/41068_ignition_bringup/launch/41068_navigation.launch.py
[0.241s] [33mCMake Warning (dev) at ament_cmake_symlink_install/ament_cmake_symlink_install.cmake:62 (file):
[0.242s]   Policy CMP0009 is not set: FILE GLOB_RECURSE calls should not follow
[0.242s]   symlinks by default.  Run "cmake --help-policy CMP0009" for policy details.
[0.243s]   Use the cmake_policy command to set the policy and suppress this warning.
[0.243s] Call Stack (most recent call first):
[0.243s]   ament_cmake_symlink_install/ament_cmake_symlink_install.cmake:320 (ament_cmake_symlink_install_directory)
[0.243s]   cmake_install.cmake:46 (include)
[0.244s] This warning is for project developers.  Use -Wno-dev to suppress it.
[0.244s] [0m
[0.244s] -- Up-to-date symlink: /home/jun/git/Robotics-Studio-1/41068_ws/src/41068_ignition_bringup/install/41068_ignition_bringup/share/41068_ignition_bringup/models/forest_plane/materials/textures/Map.png
[0.244s] -- Up-to-date symlink: /home/jun/git/Robotics-Studio-1/41068_ws/src/41068_ignition_bringup/install/41068_ignition_bringup/share/41068_ignition_bringup/models/forest_plane/materials/textures/empty_grass.png
[0.245s] -- Up-to-date symlink: /home/jun/git/Robotics-Studio-1/41068_ws/src/41068_ignition_bringup/install/41068_ignition_bringup/share/41068_ignition_bringup/models/forest_plane/materials/textures/forest_overhead.png
[0.245s] -- Up-to-date symlink: /home/jun/git/Robotics-Studio-1/41068_ws/src/41068_ignition_bringup/install/41068_ignition_bringup/share/41068_ignition_bringup/models/forest_plane/materials/textures/leaf_litter.png
[0.245s] -- Up-to-date symlink: /home/jun/git/Robotics-Studio-1/41068_ws/src/41068_ignition_bringup/install/41068_ignition_bringup/share/41068_ignition_bringup/models/forest_plane/model.config
[0.246s] -- Up-to-date symlink: /home/jun/git/Robotics-Studio-1/41068_ws/src/41068_ignition_bringup/install/41068_ignition_bringup/share/41068_ignition_bringup/models/forest_plane/model.sdf
[0.246s] -- Up-to-date symlink: /home/jun/git/Robotics-Studio-1/41068_ws/src/41068_ignition_bringup/install/41068_ignition_bringup/share/41068_ignition_bringup/models/forest_terrain/build/.built_by
[0.246s] -- Up-to-date symlink: /home/jun/git/Robotics-Studio-1/41068_ws/src/41068_ignition_bringup/install/41068_ignition_bringup/share/41068_ignition_bringup/models/forest_terrain/build/COLCON_IGNORE
[0.246s] -- Up-to-date symlink: /home/jun/git/Robotics-Studio-1/41068_ws/src/41068_ignition_bringup/install/41068_ignition_bringup/share/41068_ignition_bringup/models/forest_terrain/install/.colcon_install_layout
[0.247s] -- Up-to-date symlink: /home/jun/git/Robotics-Studio-1/41068_ws/src/41068_ignition_bringup/install/41068_ignition_bringup/share/41068_ignition_bringup/models/forest_terrain/install/COLCON_IGNORE
[0.247s] -- Up-to-date symlink: /home/jun/git/Robotics-Studio-1/41068_ws/src/41068_ignition_bringup/install/41068_ignition_bringup/share/41068_ignition_bringup/models/forest_terrain/install/_local_setup_util_ps1.py
[0.248s] -- Up-to-date symlink: /home/jun/git/Robotics-Studio-1/41068_ws/src/41068_ignition_bringup/install/41068_ignition_bringup/share/41068_ignition_bringup/models/forest_terrain/install/_local_setup_util_sh.py
[0.248s] -- Up-to-date symlink: /home/jun/git/Robotics-Studio-1/41068_ws/src/41068_ignition_bringup/install/41068_ignition_bringup/share/41068_ignition_bringup/models/forest_terrain/install/local_setup.bash
[0.248s] -- Up-to-date symlink: /home/jun/git/Robotics-Studio-1/41068_ws/src/41068_ignition_bringup/install/41068_ignition_bringup/share/41068_ignition_bringup/models/forest_terrain/install/local_setup.ps1
[0.248s] -- Up-to-date symlink: /home/jun/git/Robotics-Studio-1/41068_ws/src/41068_ignition_bringup/install/41068_ignition_bringup/share/41068_ignition_bringup/models/forest_terrain/install/local_setup.sh
[0.248s] -- Up-to-date symlink: /home/jun/git/Robotics-Studio-1/41068_ws/src/41068_ignition_bringup/install/41068_ignition_bringup/share/41068_ignition_bringup/models/forest_terrain/install/local_setup.zsh
[0.248s] -- Up-to-date symlink: /home/jun/git/Robotics-Studio-1/41068_ws/src/41068_ignition_bringup/install/41068_ignition_bringup/share/41068_ignition_bringup/models/forest_terrain/install/setup.bash
[0.248s] -- Up-to-date symlink: /home/jun/git/Robotics-Studio-1/41068_ws/src/41068_ignition_bringup/install/41068_ignition_bringup/share/41068_ignition_bringup/models/forest_terrain/install/setup.ps1
[0.248s] -- Up-to-date symlink: /home/jun/git/Robotics-Studio-1/41068_ws/src/41068_ignition_bringup/install/41068_ignition_bringup/share/41068_ignition_bringup/models/forest_terrain/install/setup.sh
[0.249s] -- Up-to-date symlink: /home/jun/git/Robotics-Studio-1/41068_ws/src/41068_ignition_bringup/install/41068_ignition_bringup/share/41068_ignition_bringup/models/forest_terrain/install/setup.zsh
[0.249s] -- Up-to-date symlink: /home/jun/git/Robotics-Studio-1/41068_ws/src/41068_ignition_bringup/install/41068_ignition_bringup/share/41068_ignition_bringup/models/forest_terrain/log/COLCON_IGNORE
[0.249s] -- Up-to-date symlink: /home/jun/git/Robotics-Studio-1/41068_ws/src/41068_ignition_bringup/install/41068_ignition_bringup/share/41068_ignition_bringup/models/forest_terrain/log/build_2025-08-27_19-31-27/events.log
[0.249s] -- Up-to-date symlink: /home/jun/git/Robotics-Studio-1/41068_ws/src/41068_ignition_bringup/install/41068_ignition_bringup/share/41068_ignition_bringup/models/forest_terrain/log/build_2025-08-27_19-31-27/logger_all.log
[0.249s] -- Up-to-date symlink: /home/jun/git/Robotics-Studio-1/41068_ws/src/41068_ignition_bringup/install/41068_ignition_bringup/share/41068_ignition_bringup/models/forest_terrain/log/build_2025-08-28_14-08-20/events.log
[0.249s] -- Up-to-date symlink: /home/jun/git/Robotics-Studio-1/41068_ws/src/41068_ignition_bringup/install/41068_ignition_bringup/share/41068_ignition_bringup/models/forest_terrain/log/build_2025-08-28_14-08-20/logger_all.log
[0.249s] -- Up-to-date symlink: /home/jun/git/Robotics-Studio-1/41068_ws/src/41068_ignition_bringup/install/41068_ignition_bringup/share/41068_ignition_bringup/models/forest_terrain/log/build_2025-08-28_15-02-25/events.log
[0.250s] -- Up-to-date symlink: /home/jun/git/Robotics-Studio-1/41068_ws/src/41068_ignition_bringup/install/41068_ignition_bringup/share/41068_ignition_bringup/models/forest_terrain/log/build_2025-08-28_15-02-25/logger_all.log
[0.250s] -- Up-to-date symlink: /home/jun/git/Robotics-Studio-1/41068_ws/src/41068_ignition_bringup/install/41068_ignition_bringup/share/41068_ignition_bringup/models/forest_terrain/log/latest/events.log
[0.250s] -- Up-to-date symlink: /home/jun/git/Robotics-Studio-1/41068_ws/src/41068_ignition_bringup/install/41068_ignition_bringup/share/41068_ignition_bringup/models/forest_terrain/log/latest/logger_all.log
[0.250s] -- Up-to-date symlink: /home/jun/git/Robotics-Studio-1/41068_ws/src/41068_ignition_bringup/install/41068_ignition_bringup/share/41068_ignition_bringup/models/forest_terrain/log/latest_build/events.log
[0.250s] -- Up-to-date symlink: /home/jun/git/Robotics-Studio-1/41068_ws/src/41068_ignition_bringup/install/41068_ignition_bringup/share/41068_ignition_bringup/models/forest_terrain/log/latest_build/logger_all.log
[0.251s] -- Up-to-date symlink: /home/jun/git/Robotics-Studio-1/41068_ws/src/41068_ignition_bringup/install/41068_ignition_bringup/share/41068_ignition_bringup/models/forest_terrain/materials/textures/Elevated_Terrain_Test.dae
[0.251s] -- Up-to-date symlink: /home/jun/git/Robotics-Studio-1/41068_ws/src/41068_ignition_bringup/install/41068_ignition_bringup/share/41068_ignition_bringup/models/forest_terrain/materials/textures/Elevated_Terrain_Test.fbm/forest_overhead.png
[0.251s] -- Up-to-date symlink: /home/jun/git/Robotics-Studio-1/41068_ws/src/41068_ignition_bringup/install/41068_ignition_bringup/share/41068_ignition_bringup/models/forest_terrain/materials/textures/Elevated_Terrain_Test.fbx
[0.251s] -- Up-to-date symlink: /home/jun/git/Robotics-Studio-1/41068_ws/src/41068_ignition_bringup/install/41068_ignition_bringup/share/41068_ignition_bringup/models/forest_terrain/materials/textures/forest_overhead.png
[0.251s] -- Up-to-date symlink: /home/jun/git/Robotics-Studio-1/41068_ws/src/41068_ignition_bringup/install/41068_ignition_bringup/share/41068_ignition_bringup/models/forest_terrain/materials/textures/model.config
[0.251s] -- Up-to-date symlink: /home/jun/git/Robotics-Studio-1/41068_ws/src/41068_ignition_bringup/install/41068_ignition_bringup/share/41068_ignition_bringup/models/forest_terrain/materials/textures/model.sdf
[0.252s] -- Up-to-date symlink: /home/jun/git/Robotics-Studio-1/41068_ws/src/41068_ignition_bringup/install/41068_ignition_bringup/share/41068_ignition_bringup/models/forest_terrain/model.config
[0.253s] -- Up-to-date symlink: /home/jun/git/Robotics-Studio-1/41068_ws/src/41068_ignition_bringup/install/41068_ignition_bringup/share/41068_ignition_bringup/models/forest_terrain/model.sdf
[0.253s] -- Up-to-date symlink: /home/jun/git/Robotics-Studio-1/41068_ws/src/41068_ignition_bringup/install/41068_ignition_bringup/share/41068_ignition_bringup/models/forest_wall/materials/textures/forest_wall.png
[0.253s] -- Up-to-date symlink: /home/jun/git/Robotics-Studio-1/41068_ws/src/41068_ignition_bringup/install/41068_ignition_bringup/share/41068_ignition_bringup/models/forest_wall/materials/textures/forest_wall_transparent.png
[0.253s] -- Up-to-date symlink: /home/jun/git/Robotics-Studio-1/41068_ws/src/41068_ignition_bringup/install/41068_ignition_bringup/share/41068_ignition_bringup/models/forest_wall/materials/textures/forest_wall_transparent_small.png
[0.253s] -- Up-to-date symlink: /home/jun/git/Robotics-Studio-1/41068_ws/src/41068_ignition_bringup/install/41068_ignition_bringup/share/41068_ignition_bringup/models/forest_wall/model.config
[0.254s] -- Up-to-date symlink: /home/jun/git/Robotics-Studio-1/41068_ws/src/41068_ignition_bringup/install/41068_ignition_bringup/share/41068_ignition_bringup/models/forest_wall/model.sdf
[0.255s] -- Up-to-date symlink: /home/jun/git/Robotics-Studio-1/41068_ws/src/41068_ignition_bringup/install/41068_ignition_bringup/share/41068_ignition_bringup/models/grass_plane/materials/textures/empty_grass.png
[0.255s] -- Up-to-date symlink: /home/jun/git/Robotics-Studio-1/41068_ws/src/41068_ignition_bringup/install/41068_ignition_bringup/share/41068_ignition_bringup/models/grass_plane/model.config
[0.256s] -- Up-to-date symlink: /home/jun/git/Robotics-Studio-1/41068_ws/src/41068_ignition_bringup/install/41068_ignition_bringup/share/41068_ignition_bringup/models/grass_plane/model.sdf
[0.256s] -- Up-to-date symlink: /home/jun/git/Robotics-Studio-1/41068_ws/src/41068_ignition_bringup/install/41068_ignition_bringup/share/41068_ignition_bringup/urdf/common_properties.urdf.xacro
[0.257s] -- Up-to-date symlink: /home/jun/git/Robotics-Studio-1/41068_ws/src/41068_ignition_bringup/install/41068_ignition_bringup/share/41068_ignition_bringup/urdf/husky.gazebo.xacro
[0.257s] -- Up-to-date symlink: /home/jun/git/Robotics-Studio-1/41068_ws/src/41068_ignition_bringup/install/41068_ignition_bringup/share/41068_ignition_bringup/urdf/husky.urdf.xacro
[0.257s] -- Up-to-date symlink: /home/jun/git/Robotics-Studio-1/41068_ws/src/41068_ignition_bringup/install/41068_ignition_bringup/share/41068_ignition_bringup/urdf/meshes/base_link.dae
[0.258s] -- Up-to-date symlink: /home/jun/git/Robotics-Studio-1/41068_ws/src/41068_ignition_bringup/install/41068_ignition_bringup/share/41068_ignition_bringup/urdf/meshes/bumper.dae
[0.258s] -- Up-to-date symlink: /home/jun/git/Robotics-Studio-1/41068_ws/src/41068_ignition_bringup/install/41068_ignition_bringup/share/41068_ignition_bringup/urdf/meshes/jpl04_arch_nosensor.stl
[0.258s] -- Up-to-date symlink: /home/jun/git/Robotics-Studio-1/41068_ws/src/41068_ignition_bringup/install/41068_ignition_bringup/share/41068_ignition_bringup/urdf/meshes/top_chassis.dae
[0.258s] -- Up-to-date symlink: /home/jun/git/Robotics-Studio-1/41068_ws/src/41068_ignition_bringup/install/41068_ignition_bringup/share/41068_ignition_bringup/urdf/meshes/top_plate.dae
[0.259s] -- Up-to-date symlink: /home/jun/git/Robotics-Studio-1/41068_ws/src/41068_ignition_bringup/install/41068_ignition_bringup/share/41068_ignition_bringup/urdf/meshes/wheel.dae
[0.260s] -- Up-to-date symlink: /home/jun/git/Robotics-Studio-1/41068_ws/src/41068_ignition_bringup/install/41068_ignition_bringup/share/41068_ignition_bringup/urdf/wheel.urdf.xacro
[0.260s] -- Up-to-date symlink: /home/jun/git/Robotics-Studio-1/41068_ws/src/41068_ignition_bringup/install/41068_ignition_bringup/share/41068_ignition_bringup/worlds/large_demo.sdf
[0.261s] -- Up-to-date symlink: /home/jun/git/Robotics-Studio-1/41068_ws/src/41068_ignition_bringup/install/41068_ignition_bringup/share/41068_ignition_bringup/worlds/simple_trees.sdf
[0.261s] -- Up-to-date symlink: /home/jun/git/Robotics-Studio-1/41068_ws/src/41068_ignition_bringup/install/41068_ignition_bringup/share/41068_ignition_bringup/urdf_drone/common_properties.urdf.xacro
[0.261s] -- Up-to-date symlink: /home/jun/git/Robotics-Studio-1/41068_ws/src/41068_ignition_bringup/install/41068_ignition_bringup/share/41068_ignition_bringup/urdf_drone/meshes/hull.dae
[0.262s] -- Up-to-date symlink: /home/jun/git/Robotics-Studio-1/41068_ws/src/41068_ignition_bringup/install/41068_ignition_bringup/share/41068_ignition_bringup/urdf_drone/meshes/propeller_fl.dae
[0.262s] -- Up-to-date symlink: /home/jun/git/Robotics-Studio-1/41068_ws/src/41068_ignition_bringup/install/41068_ignition_bringup/share/41068_ignition_bringup/urdf_drone/meshes/propeller_fr.dae
[0.262s] -- Up-to-date symlink: /home/jun/git/Robotics-Studio-1/41068_ws/src/41068_ignition_bringup/install/41068_ignition_bringup/share/41068_ignition_bringup/urdf_drone/meshes/propeller_rl.dae
[0.262s] -- Up-to-date symlink: /home/jun/git/Robotics-Studio-1/41068_ws/src/41068_ignition_bringup/install/41068_ignition_bringup/share/41068_ignition_bringup/urdf_drone/meshes/propeller_rr.dae
[0.263s] -- Up-to-date symlink: /home/jun/git/Robotics-Studio-1/41068_ws/src/41068_ignition_bringup/install/41068_ignition_bringup/share/41068_ignition_bringup/urdf_drone/model.config
[0.263s] -- Up-to-date symlink: /home/jun/git/Robotics-Studio-1/41068_ws/src/41068_ignition_bringup/install/41068_ignition_bringup/share/41068_ignition_bringup/urdf_drone/model.sdf
[0.263s] -- Up-to-date symlink: /home/jun/git/Robotics-Studio-1/41068_ws/src/41068_ignition_bringup/install/41068_ignition_bringup/share/41068_ignition_bringup/urdf_drone/parrot.gazebo.xacro
[0.263s] -- Up-to-date symlink: /home/jun/git/Robotics-Studio-1/41068_ws/src/41068_ignition_bringup/install/41068_ignition_bringup/share/41068_ignition_bringup/urdf_drone/parrot.urdf.xacro
[0.264s] -- Up-to-date symlink: /home/jun/git/Robotics-Studio-1/41068_ws/src/41068_ignition_bringup/install/41068_ignition_bringup/share/41068_ignition_bringup/urdf_drone/thumbnails/1.png
[0.264s] -- Up-to-date symlink: /home/jun/git/Robotics-Studio-1/41068_ws/src/41068_ignition_bringup/install/41068_ignition_bringup/share/41068_ignition_bringup/urdf_drone/thumbnails/2.png
[0.264s] -- Up-to-date symlink: /home/jun/git/Robotics-Studio-1/41068_ws/src/41068_ignition_bringup/install/41068_ignition_bringup/share/41068_ignition_bringup/urdf_drone/thumbnails/3.png
[0.264s] -- Up-to-date symlink: /home/jun/git/Robotics-Studio-1/41068_ws/src/41068_ignition_bringup/install/41068_ignition_bringup/share/41068_ignition_bringup/urdf_drone/thumbnails/4.png
[0.264s] -- Up-to-date symlink: /home/jun/git/Robotics-Studio-1/41068_ws/src/41068_ignition_bringup/install/41068_ignition_bringup/share/41068_ignition_bringup/urdf_drone/thumbnails/5.png
[0.264s] -- Up-to-date symlink: /home/jun/git/Robotics-Studio-1/41068_ws/src/41068_ignition_bringup/install/41068_ignition_bringup/lib/41068_ignition_bringup/waypoint_setter.py
[0.265s] -- Up-to-date symlink: /home/jun/git/Robotics-Studio-1/41068_ws/src/41068_ignition_bringup/install/41068_ignition_bringup/lib/41068_ignition_bringup/click_to_yaml.py
[0.265s] -- Up-to-date symlink: /home/jun/git/Robotics-Studio-1/41068_ws/src/41068_ignition_bringup/install/41068_ignition_bringup/share/ament_index/resource_index/package_run_dependencies/41068_ignition_bringup
[0.265s] -- Up-to-date symlink: /home/jun/git/Robotics-Studio-1/41068_ws/src/41068_ignition_bringup/install/41068_ignition_bringup/share/ament_index/resource_index/parent_prefix_path/41068_ignition_bringup
[0.265s] -- Up-to-date symlink: /home/jun/git/Robotics-Studio-1/41068_ws/src/41068_ignition_bringup/install/41068_ignition_bringup/share/41068_ignition_bringup/environment/ament_prefix_path.sh
[0.265s] -- Up-to-date symlink: /home/jun/git/Robotics-Studio-1/41068_ws/src/41068_ignition_bringup/install/41068_ignition_bringup/share/41068_ignition_bringup/environment/ament_prefix_path.dsv
[0.266s] -- Up-to-date symlink: /home/jun/git/Robotics-Studio-1/41068_ws/src/41068_ignition_bringup/install/41068_ignition_bringup/share/41068_ignition_bringup/environment/path.sh
[0.267s] -- Up-to-date symlink: /home/jun/git/Robotics-Studio-1/41068_ws/src/41068_ignition_bringup/install/41068_ignition_bringup/share/41068_ignition_bringup/environment/path.dsv
[0.267s] -- Up-to-date symlink: /home/jun/git/Robotics-Studio-1/41068_ws/src/41068_ignition_bringup/install/41068_ignition_bringup/share/41068_ignition_bringup/local_setup.bash
[0.268s] -- Up-to-date symlink: /home/jun/git/Robotics-Studio-1/41068_ws/src/41068_ignition_bringup/install/41068_ignition_bringup/share/41068_ignition_bringup/local_setup.sh
[0.268s] -- Up-to-date symlink: /home/jun/git/Robotics-Studio-1/41068_ws/src/41068_ignition_bringup/install/41068_ignition_bringup/share/41068_ignition_bringup/local_setup.zsh
[0.268s] -- Up-to-date symlink: /home/jun/git/Robotics-Studio-1/41068_ws/src/41068_ignition_bringup/install/41068_ignition_bringup/share/41068_ignition_bringup/local_setup.dsv
[0.269s] -- Symlinking: /home/jun/git/Robotics-Studio-1/41068_ws/src/41068_ignition_bringup/install/41068_ignition_bringup/share/41068_ignition_bringup/package.dsv
[0.290s] -- Up-to-date symlink: /home/jun/git/Robotics-Studio-1/41068_ws/src/41068_ignition_bringup/install/41068_ignition_bringup/share/ament_index/resource_index/packages/41068_ignition_bringup
[0.290s] -- Up-to-date symlink: /home/jun/git/Robotics-Studio-1/41068_ws/src/41068_ignition_bringup/install/41068_ignition_bringup/share/41068_ignition_bringup/cmake/41068_ignition_bringupConfig.cmake
[0.291s] -- Up-to-date symlink: /home/jun/git/Robotics-Studio-1/41068_ws/src/41068_ignition_bringup/install/41068_ignition_bringup/share/41068_ignition_bringup/cmake/41068_ignition_bringupConfig-version.cmake
[0.291s] -- Up-to-date symlink: /home/jun/git/Robotics-Studio-1/41068_ws/src/41068_ignition_bringup/install/41068_ignition_bringup/share/41068_ignition_bringup/package.xml
[0.296s] Invoked command in '/home/jun/git/Robotics-Studio-1/41068_ws/src/41068_ignition_bringup/build/41068_ignition_bringup' returned '0': CMAKE_PREFIX_PATH=${CMAKE_PREFIX_PATH}:/opt/ros/humble /usr/bin/cmake --install /home/jun/git/Robotics-Studio-1/41068_ws/src/41068_ignition_bringup/build/41068_ignition_bringup
