[0.007s] Invoking command in '/home/jarrel/git/RS1-Group5/41068_ws/src/41068_ignition_bringup/build/41068_ignition_bringup': CMAKE_PREFIX_PATH=/opt/ros/humble /usr/bin/cmake --build /home/jarrel/git/RS1-Group5/41068_ws/src/41068_ignition_bringup/build/41068_ignition_bringup -- -j32 -l32
[0.025s] /usr/bin/cmake -S/home/jarrel/git/RS1-Group5/41068_ws/src/41068_ignition_bringup -B/home/jarrel/git/RS1-Group5/41068_ws/src/41068_ignition_bringup/build/41068_ignition_bringup --check-build-system CMakeFiles/Makefile.cmake 0
[0.034s] Re-run cmake file: Makefile older than: ../../CMakeLists.txt
[0.037s] -- Found ament_cmake: 1.3.12 (/opt/ros/humble/share/ament_cmake/cmake)
[0.129s] -- Override CMake install command with custom implementation using symlinks instead of copying resources
[0.133s] -- Found rclcpp: 16.0.14 (/opt/ros/humble/share/rclcpp/cmake)
[0.153s] -- Found rosidl_generator_c: 3.1.7 (/opt/ros/humble/share/rosidl_generator_c/cmake)
[0.155s] -- Found rosidl_adapter: 3.1.7 (/opt/ros/humble/share/rosidl_adapter/cmake)
[0.159s] -- Found rosidl_generator_cpp: 3.1.7 (/opt/ros/humble/share/rosidl_generator_cpp/cmake)
[0.165s] -- Using all available rosidl_typesupport_c: rosidl_typesupport_fastrtps_c;rosidl_typesupport_introspection_c
[0.173s] -- Using all available rosidl_typesupport_cpp: rosidl_typesupport_fastrtps_cpp;rosidl_typesupport_introspection_cpp
[0.194s] -- Found rmw_implementation_cmake: 6.1.2 (/opt/ros/humble/share/rmw_implementation_cmake/cmake)
[0.194s] -- Found rmw_fastrtps_cpp: 6.2.8 (/opt/ros/humble/share/rmw_fastrtps_cpp/cmake)
[0.271s] -- Using RMW implementation 'rmw_fastrtps_cpp' as default
[0.304s] -- Found geometry_msgs: 4.9.0 (/opt/ros/humble/share/geometry_msgs/cmake)
[0.316s] -- Found ros_ign_interfaces: 0.244.20 (/opt/ros/humble/share/ros_ign_interfaces/cmake)
[0.343s] -- Found sensor_msgs: 4.9.0 (/opt/ros/humble/share/sensor_msgs/cmake)
[0.358s] -- Found PkgConfig: /usr/bin/pkg-config (found version "0.29.2") 
[0.359s] -- Checking for module 'opencv4'
[0.375s] --   Found opencv4, version 4.5.4
[0.415s] -- Found ament_lint_auto: 0.12.14 (/opt/ros/humble/share/ament_lint_auto/cmake)
[0.451s] WARNING: Package name "41068_ignition_bringup" does not follow the naming conventions. It should start with a lower case letter and only contain lower case letters, digits, underscores, and dashes.
[0.462s] -- Added test 'copyright' to check source files copyright and LICENSE
[0.486s] -- Added test 'cppcheck' to perform static code analysis on C / C++ code
[0.486s] -- Configured cppcheck include dirs: $<BUILD_INTERFACE:/home/jarrel/git/RS1-Group5/41068_ws/src/41068_ignition_bringup/include>
[0.486s] -- Configured cppcheck exclude dirs and/or files: 
[0.506s] -- Added test 'cpplint' to check C / C++ code against the Google style
[0.506s] -- Configured cpplint exclude dirs and/or files: 
[0.509s] -- Added test 'flake8' to check Python code syntax and style conventions
[0.515s] -- Added test 'lint_cmake' to check CMake code style
[0.518s] -- Added test 'pep257' to check Python code against some of the docstring style conventions in PEP 257
[0.539s] -- Added test 'uncrustify' to check C / C++ code style
[0.539s] -- Configured uncrustify additional arguments: 
[0.542s] -- Added test 'xmllint' to check XML markup files
[0.543s] -- Configuring done
[0.555s] -- Generating done
[0.559s] -- Build files have been written to: /home/jarrel/git/RS1-Group5/41068_ws/src/41068_ignition_bringup/build/41068_ignition_bringup
[0.564s] /usr/bin/cmake -E cmake_progress_start /home/jarrel/git/RS1-Group5/41068_ws/src/41068_ignition_bringup/build/41068_ignition_bringup/CMakeFiles /home/jarrel/git/RS1-Group5/41068_ws/src/41068_ignition_bringup/build/41068_ignition_bringup//CMakeFiles/progress.marks
[0.570s] /usr/bin/gmake  -f CMakeFiles/Makefile2 all
[0.571s] gmake[1]: Entering directory '/home/jarrel/git/RS1-Group5/41068_ws/src/41068_ignition_bringup/build/41068_ignition_bringup'
[0.571s] /usr/bin/gmake  -f CMakeFiles/controller.dir/build.make CMakeFiles/controller.dir/depend
[0.571s] /usr/bin/gmake  -f CMakeFiles/lidar_sensing_node.dir/build.make CMakeFiles/lidar_sensing_node.dir/depend
[0.572s] gmake[2]: Entering directory '/home/jarrel/git/RS1-Group5/41068_ws/src/41068_ignition_bringup/build/41068_ignition_bringup'
[0.572s] cd /home/jarrel/git/RS1-Group5/41068_ws/src/41068_ignition_bringup/build/41068_ignition_bringup && /usr/bin/cmake -E cmake_depends "Unix Makefiles" /home/jarrel/git/RS1-Group5/41068_ws/src/41068_ignition_bringup /home/jarrel/git/RS1-Group5/41068_ws/src/41068_ignition_bringup /home/jarrel/git/RS1-Group5/41068_ws/src/41068_ignition_bringup/build/41068_ignition_bringup /home/jarrel/git/RS1-Group5/41068_ws/src/41068_ignition_bringup/build/41068_ignition_bringup /home/jarrel/git/RS1-Group5/41068_ws/src/41068_ignition_bringup/build/41068_ignition_bringup/CMakeFiles/controller.dir/DependInfo.cmake --color=
[0.573s] gmake[2]: Entering directory '/home/jarrel/git/RS1-Group5/41068_ws/src/41068_ignition_bringup/build/41068_ignition_bringup'
[0.573s] cd /home/jarrel/git/RS1-Group5/41068_ws/src/41068_ignition_bringup/build/41068_ignition_bringup && /usr/bin/cmake -E cmake_depends "Unix Makefiles" /home/jarrel/git/RS1-Group5/41068_ws/src/41068_ignition_bringup /home/jarrel/git/RS1-Group5/41068_ws/src/41068_ignition_bringup /home/jarrel/git/RS1-Group5/41068_ws/src/41068_ignition_bringup/build/41068_ignition_bringup /home/jarrel/git/RS1-Group5/41068_ws/src/41068_ignition_bringup/build/41068_ignition_bringup /home/jarrel/git/RS1-Group5/41068_ws/src/41068_ignition_bringup/build/41068_ignition_bringup/CMakeFiles/lidar_sensing_node.dir/DependInfo.cmake --color=
[0.579s] Dependencies file "CMakeFiles/controller.dir/src/controller.cpp.o.d" is newer than depends file "/home/jarrel/git/RS1-Group5/41068_ws/src/41068_ignition_bringup/build/41068_ignition_bringup/CMakeFiles/controller.dir/compiler_depend.internal".
[0.579s] Dependencies file "CMakeFiles/controller.dir/src/skidsteer.cpp.o.d" is newer than depends file "/home/jarrel/git/RS1-Group5/41068_ws/src/41068_ignition_bringup/build/41068_ignition_bringup/CMakeFiles/controller.dir/compiler_depend.internal".
[0.579s] Dependencies file "CMakeFiles/lidar_sensing_node.dir/src/lidar_sensing_node.cpp.o.d" is newer than depends file "/home/jarrel/git/RS1-Group5/41068_ws/src/41068_ignition_bringup/build/41068_ignition_bringup/CMakeFiles/lidar_sensing_node.dir/compiler_depend.internal".
[0.579s] [35m[1mConsolidate compiler generated dependencies of target controller[0m
[0.580s] Dependencies file "CMakeFiles/lidar_sensing_node.dir/src/main.cpp.o.d" is newer than depends file "/home/jarrel/git/RS1-Group5/41068_ws/src/41068_ignition_bringup/build/41068_ignition_bringup/CMakeFiles/lidar_sensing_node.dir/compiler_depend.internal".
[0.581s] [35m[1mConsolidate compiler generated dependencies of target lidar_sensing_node[0m
[0.581s] gmake[2]: Leaving directory '/home/jarrel/git/RS1-Group5/41068_ws/src/41068_ignition_bringup/build/41068_ignition_bringup'
[0.581s] /usr/bin/gmake  -f CMakeFiles/controller.dir/build.make CMakeFiles/controller.dir/build
[0.583s] gmake[2]: Entering directory '/home/jarrel/git/RS1-Group5/41068_ws/src/41068_ignition_bringup/build/41068_ignition_bringup'
[0.583s] gmake[2]: Nothing to be done for 'CMakeFiles/controller.dir/build'.
[0.583s] gmake[2]: Leaving directory '/home/jarrel/git/RS1-Group5/41068_ws/src/41068_ignition_bringup/build/41068_ignition_bringup'
[0.587s] gmake[2]: Leaving directory '/home/jarrel/git/RS1-Group5/41068_ws/src/41068_ignition_bringup/build/41068_ignition_bringup'
[0.587s] /usr/bin/gmake  -f CMakeFiles/lidar_sensing_node.dir/build.make CMakeFiles/lidar_sensing_node.dir/build
[0.590s] [ 37%] Built target controller
[0.590s] /usr/bin/gmake  -f CMakeFiles/move_bot.dir/build.make CMakeFiles/move_bot.dir/depend
[0.591s] gmake[2]: Entering directory '/home/jarrel/git/RS1-Group5/41068_ws/src/41068_ignition_bringup/build/41068_ignition_bringup'
[0.592s] cd /home/jarrel/git/RS1-Group5/41068_ws/src/41068_ignition_bringup/build/41068_ignition_bringup && /usr/bin/cmake -E cmake_depends "Unix Makefiles" /home/jarrel/git/RS1-Group5/41068_ws/src/41068_ignition_bringup /home/jarrel/git/RS1-Group5/41068_ws/src/41068_ignition_bringup /home/jarrel/git/RS1-Group5/41068_ws/src/41068_ignition_bringup/build/41068_ignition_bringup /home/jarrel/git/RS1-Group5/41068_ws/src/41068_ignition_bringup/build/41068_ignition_bringup /home/jarrel/git/RS1-Group5/41068_ws/src/41068_ignition_bringup/build/41068_ignition_bringup/CMakeFiles/move_bot.dir/DependInfo.cmake --color=
[0.592s] gmake[2]: Entering directory '/home/jarrel/git/RS1-Group5/41068_ws/src/41068_ignition_bringup/build/41068_ignition_bringup'
[0.598s] Dependencies file "CMakeFiles/move_bot.dir/src/main_move_bot.cpp.o.d" is newer than depends file "/home/jarrel/git/RS1-Group5/41068_ws/src/41068_ignition_bringup/build/41068_ignition_bringup/CMakeFiles/move_bot.dir/compiler_depend.internal".
[0.598s] [ 50%] [32m[1mLinking CXX executable lidar_sensing_node[0m
[0.598s] [35m[1mConsolidate compiler generated dependencies of target move_bot[0m
[0.599s] /usr/bin/cmake -E cmake_link_script CMakeFiles/lidar_sensing_node.dir/link.txt --verbose=1
[0.602s] gmake[2]: Leaving directory '/home/jarrel/git/RS1-Group5/41068_ws/src/41068_ignition_bringup/build/41068_ignition_bringup'
[0.602s] /usr/bin/gmake  -f CMakeFiles/move_bot.dir/build.make CMakeFiles/move_bot.dir/build
[0.604s] /usr/bin/c++ CMakeFiles/lidar_sensing_node.dir/src/lidar_sensing_node.cpp.o CMakeFiles/lidar_sensing_node.dir/src/main.cpp.o -o lidar_sensing_node  -Wl,-rpath,/opt/ros/humble/lib /opt/ros/humble/lib/librclcpp.so /opt/ros/humble/lib/libsensor_msgs__rosidl_typesupport_fastrtps_c.so /opt/ros/humble/lib/libsensor_msgs__rosidl_typesupport_fastrtps_cpp.so /opt/ros/humble/lib/libsensor_msgs__rosidl_typesupport_introspection_c.so /opt/ros/humble/lib/libsensor_msgs__rosidl_typesupport_introspection_cpp.so /opt/ros/humble/lib/libsensor_msgs__rosidl_generator_py.so -lopencv_stitching -lopencv_alphamat -lopencv_aruco -lopencv_barcode -lopencv_bgsegm -lopencv_bioinspired -lopencv_ccalib -lopencv_dnn_objdetect -lopencv_dnn_superres -lopencv_dpm -lopencv_face -lopencv_freetype -lopencv_fuzzy -lopencv_hdf -lopencv_hfs -lopencv_img_hash -lopencv_intensity_transform -lopencv_line_descriptor -lopencv_mcc -lopencv_quality -lopencv_rapid -lopencv_reg -lopencv_rgbd -lopencv_saliency -lopencv_shape -lopencv_stereo -lopencv_structured_light -lopencv_phase_unwrapping -lopencv_superres -lopencv_optflow -lopencv_surface_matching -lopencv_tracking -lopencv_highgui -lopencv_datasets -lopencv_text -lopencv_plot -lopencv_ml -lopencv_videostab -lopencv_videoio -lopencv_viz -lopencv_wechat_qrcode -lopencv_ximgproc -lopencv_video -lopencv_xobjdetect -lopencv_objdetect -lopencv_calib3d -lopencv_imgcodecs -lopencv_features2d -lopencv_dnn -lopencv_flann -lopencv_xphoto -lopencv_photo -lopencv_imgproc -lopencv_core -lopencv_core -lopencv_imgproc /opt/ros/humble/lib/liblibstatistics_collector.so /opt/ros/humble/lib/librcl.so /opt/ros/humble/lib/librmw_implementation.so /opt/ros/humble/lib/libament_index_cpp.so /opt/ros/humble/lib/librcl_logging_spdlog.so /opt/ros/humble/lib/librcl_logging_interface.so /opt/ros/humble/lib/librcl_interfaces__rosidl_typesupport_fastrtps_c.so /opt/ros/humble/lib/librcl_interfaces__rosidl_typesupport_introspection_c.so /opt/ros/humble/lib/librcl_interfaces__rosidl_typesupport_fastrtps_cpp.so /opt/ros/humble/lib/librcl_interfaces__rosidl_typesupport_introspection_cpp.so /opt/ros/humble/lib/librcl_interfaces__rosidl_typesupport_cpp.so /opt/ros/humble/lib/librcl_interfaces__rosidl_generator_py.so /opt/ros/humble/lib/librcl_interfaces__rosidl_typesupport_c.so /opt/ros/humble/lib/librcl_interfaces__rosidl_generator_c.so /opt/ros/humble/lib/librcl_yaml_param_parser.so /opt/ros/humble/lib/libyaml.so /opt/ros/humble/lib/librosgraph_msgs__rosidl_typesupport_fastrtps_c.so /opt/ros/humble/lib/librosgraph_msgs__rosidl_typesupport_fastrtps_cpp.so /opt/ros/humble/lib/librosgraph_msgs__rosidl_typesupport_introspection_c.so /opt/ros/humble/lib/librosgraph_msgs__rosidl_typesupport_introspection_cpp.so /opt/ros/humble/lib/librosgraph_msgs__rosidl_typesupport_cpp.so /opt/ros/humble/lib/librosgraph_msgs__rosidl_generator_py.so /opt/ros/humble/lib/librosgraph_msgs__rosidl_typesupport_c.so /opt/ros/humble/lib/librosgraph_msgs__rosidl_generator_c.so /opt/ros/humble/lib/libstatistics_msgs__rosidl_typesupport_fastrtps_c.so /opt/ros/humble/lib/libstatistics_msgs__rosidl_typesupport_fastrtps_cpp.so /opt/ros/humble/lib/libstatistics_msgs__rosidl_typesupport_introspection_c.so /opt/ros/humble/lib/libstatistics_msgs__rosidl_typesupport_introspection_cpp.so /opt/ros/humble/lib/libstatistics_msgs__rosidl_typesupport_cpp.so /opt/ros/humble/lib/libstatistics_msgs__rosidl_generator_py.so /opt/ros/humble/lib/libstatistics_msgs__rosidl_typesupport_c.so /opt/ros/humble/lib/libstatistics_msgs__rosidl_generator_c.so /opt/ros/humble/lib/libtracetools.so /opt/ros/humble/lib/libgeometry_msgs__rosidl_typesupport_fastrtps_c.so /opt/ros/humble/lib/libstd_msgs__rosidl_typesupport_fastrtps_c.so /opt/ros/humble/lib/libbuiltin_interfaces__rosidl_typesupport_fastrtps_c.so /opt/ros/humble/lib/librosidl_typesupport_fastrtps_c.so /opt/ros/humble/lib/libgeometry_msgs__rosidl_typesupport_fastrtps_cpp.so /opt/ros/humble/lib/libstd_msgs__rosidl_typesupport_fastrtps_cpp.so /opt/ros/humble/lib/libbuiltin_interfaces__rosidl_typesupport_fastrtps_cpp.so /opt/ros/humble/lib/librosidl_typesupport_fastrtps_cpp.so /opt/ros/humble/lib/libfastcdr.so.1.0.24 /opt/ros/humble/lib/librmw.so /opt/ros/humble/lib/libgeometry_msgs__rosidl_typesupport_introspection_c.so /opt/ros/humble/lib/libstd_msgs__rosidl_typesupport_introspection_c.so /opt/ros/humble/lib/libbuiltin_interfaces__rosidl_typesupport_introspection_c.so /opt/ros/humble/lib/libgeometry_msgs__rosidl_typesupport_introspection_cpp.so /opt/ros/humble/lib/libstd_msgs__rosidl_typesupport_introspection_cpp.so /opt/ros/humble/lib/libbuiltin_interfaces__rosidl_typesupport_introspection_cpp.so /opt/ros/humble/lib/librosidl_typesupport_introspection_cpp.so /opt/ros/humble/lib/librosidl_typesupport_introspection_c.so /opt/ros/humble/lib/libsensor_msgs__rosidl_typesupport_c.so /opt/ros/humble/lib/libsensor_msgs__rosidl_generator_c.so /opt/ros/humble/lib/libgeometry_msgs__rosidl_generator_py.so /opt/ros/humble/lib/libstd_msgs__rosidl_generator_py.so /opt/ros/humble/lib/libbuiltin_interfaces__rosidl_generator_py.so /opt/ros/humble/lib/libgeometry_msgs__rosidl_typesupport_c.so /opt/ros/humble/lib/libstd_msgs__rosidl_typesupport_c.so /opt/ros/humble/lib/libbuiltin_interfaces__rosidl_typesupport_c.so /opt/ros/humble/lib/libgeometry_msgs__rosidl_generator_c.so /opt/ros/humble/lib/libstd_msgs__rosidl_generator_c.so /opt/ros/humble/lib/libbuiltin_interfaces__rosidl_generator_c.so /usr/lib/x86_64-linux-gnu/libpython3.10.so /opt/ros/humble/lib/libsensor_msgs__rosidl_typesupport_cpp.so /opt/ros/humble/lib/libgeometry_msgs__rosidl_typesupport_cpp.so /opt/ros/humble/lib/libstd_msgs__rosidl_typesupport_cpp.so /opt/ros/humble/lib/libbuiltin_interfaces__rosidl_typesupport_cpp.so /opt/ros/humble/lib/librosidl_typesupport_cpp.so /opt/ros/humble/lib/librosidl_typesupport_c.so /opt/ros/humble/lib/librcpputils.so /opt/ros/humble/lib/librosidl_runtime_c.so /opt/ros/humble/lib/librcutils.so -ldl 
[0.606s] gmake[2]: Entering directory '/home/jarrel/git/RS1-Group5/41068_ws/src/41068_ignition_bringup/build/41068_ignition_bringup'
[0.606s] gmake[2]: Nothing to be done for 'CMakeFiles/move_bot.dir/build'.
[0.606s] gmake[2]: Leaving directory '/home/jarrel/git/RS1-Group5/41068_ws/src/41068_ignition_bringup/build/41068_ignition_bringup'
[0.613s] [ 75%] Built target move_bot
[0.907s] gmake[2]: Leaving directory '/home/jarrel/git/RS1-Group5/41068_ws/src/41068_ignition_bringup/build/41068_ignition_bringup'
[0.915s] [100%] Built target lidar_sensing_node
[0.915s] gmake[1]: Leaving directory '/home/jarrel/git/RS1-Group5/41068_ws/src/41068_ignition_bringup/build/41068_ignition_bringup'
[0.916s] /usr/bin/cmake -E cmake_progress_start /home/jarrel/git/RS1-Group5/41068_ws/src/41068_ignition_bringup/build/41068_ignition_bringup/CMakeFiles 0
[0.925s] Invoked command in '/home/jarrel/git/RS1-Group5/41068_ws/src/41068_ignition_bringup/build/41068_ignition_bringup' returned '0': CMAKE_PREFIX_PATH=/opt/ros/humble /usr/bin/cmake --build /home/jarrel/git/RS1-Group5/41068_ws/src/41068_ignition_bringup/build/41068_ignition_bringup -- -j32 -l32
[0.934s] Invoking command in '/home/jarrel/git/RS1-Group5/41068_ws/src/41068_ignition_bringup/build/41068_ignition_bringup': CMAKE_PREFIX_PATH=/opt/ros/humble /usr/bin/cmake --install /home/jarrel/git/RS1-Group5/41068_ws/src/41068_ignition_bringup/build/41068_ignition_bringup
[0.941s] -- Install configuration: ""
[0.941s] -- Execute custom install script
[0.941s] -- Up-to-date symlink: /home/jarrel/git/RS1-Group5/41068_ws/src/41068_ignition_bringup/install/41068_ignition_bringup/lib/41068_ignition_bringup/move_bot
[0.942s] -- Up-to-date symlink: /home/jarrel/git/RS1-Group5/41068_ws/src/41068_ignition_bringup/install/41068_ignition_bringup/lib/41068_ignition_bringup/lidar_sensing_node
[0.942s] -- Up-to-date symlink: /home/jarrel/git/RS1-Group5/41068_ws/src/41068_ignition_bringup/install/41068_ignition_bringup/share/41068_ignition_bringup/config/41068.rviz
[0.942s] -- Up-to-date symlink: /home/jarrel/git/RS1-Group5/41068_ws/src/41068_ignition_bringup/install/41068_ignition_bringup/share/41068_ignition_bringup/config/gazebo_bridge.yaml
[0.942s] -- Up-to-date symlink: /home/jarrel/git/RS1-Group5/41068_ws/src/41068_ignition_bringup/install/41068_ignition_bringup/share/41068_ignition_bringup/config/nav2_params.yaml
[0.942s] -- Up-to-date symlink: /home/jarrel/git/RS1-Group5/41068_ws/src/41068_ignition_bringup/install/41068_ignition_bringup/share/41068_ignition_bringup/config/robot_localization.yaml
[0.942s] -- Up-to-date symlink: /home/jarrel/git/RS1-Group5/41068_ws/src/41068_ignition_bringup/install/41068_ignition_bringup/share/41068_ignition_bringup/config/slam_params.yaml
[0.942s] -- Up-to-date symlink: /home/jarrel/git/RS1-Group5/41068_ws/src/41068_ignition_bringup/install/41068_ignition_bringup/share/41068_ignition_bringup/launch/41068_ignition.launch.py
[0.943s] -- Up-to-date symlink: /home/jarrel/git/RS1-Group5/41068_ws/src/41068_ignition_bringup/install/41068_ignition_bringup/share/41068_ignition_bringup/launch/41068_ignition_drone.launch.py
[0.943s] -- Up-to-date symlink: /home/jarrel/git/RS1-Group5/41068_ws/src/41068_ignition_bringup/install/41068_ignition_bringup/share/41068_ignition_bringup/launch/41068_navigation.launch.py
[0.943s] [33mCMake Warning (dev) at ament_cmake_symlink_install/ament_cmake_symlink_install.cmake:62 (file):
[0.943s]   Policy CMP0009 is not set: FILE GLOB_RECURSE calls should not follow
[0.943s]   symlinks by default.  Run "cmake --help-policy CMP0009" for policy details.
[0.944s]   Use the cmake_policy command to set the policy and suppress this warning.
[0.944s] Call Stack (most recent call first):
[0.944s]   ament_cmake_symlink_install/ament_cmake_symlink_install.cmake:317 (ament_cmake_symlink_install_directory)
[0.944s]   cmake_install.cmake:46 (include)
[0.944s] This warning is for project developers.  Use -Wno-dev to suppress it.
[0.944s] [0m
[0.944s] -- Up-to-date symlink: /home/jarrel/git/RS1-Group5/41068_ws/src/41068_ignition_bringup/install/41068_ignition_bringup/share/41068_ignition_bringup/models/forest_plane/materials/textures/Map.png
[0.944s] -- Up-to-date symlink: /home/jarrel/git/RS1-Group5/41068_ws/src/41068_ignition_bringup/install/41068_ignition_bringup/share/41068_ignition_bringup/models/forest_plane/materials/textures/empty_grass.png
[0.944s] -- Up-to-date symlink: /home/jarrel/git/RS1-Group5/41068_ws/src/41068_ignition_bringup/install/41068_ignition_bringup/share/41068_ignition_bringup/models/forest_plane/materials/textures/forest_overhead.png
[0.944s] -- Up-to-date symlink: /home/jarrel/git/RS1-Group5/41068_ws/src/41068_ignition_bringup/install/41068_ignition_bringup/share/41068_ignition_bringup/models/forest_plane/materials/textures/leaf_litter.png
[0.944s] -- Up-to-date symlink: /home/jarrel/git/RS1-Group5/41068_ws/src/41068_ignition_bringup/install/41068_ignition_bringup/share/41068_ignition_bringup/models/forest_plane/model.config
[0.945s] -- Up-to-date symlink: /home/jarrel/git/RS1-Group5/41068_ws/src/41068_ignition_bringup/install/41068_ignition_bringup/share/41068_ignition_bringup/models/forest_plane/model.sdf
[0.945s] -- Up-to-date symlink: /home/jarrel/git/RS1-Group5/41068_ws/src/41068_ignition_bringup/install/41068_ignition_bringup/share/41068_ignition_bringup/models/forest_terrain/build/.built_by
[0.945s] -- Up-to-date symlink: /home/jarrel/git/RS1-Group5/41068_ws/src/41068_ignition_bringup/install/41068_ignition_bringup/share/41068_ignition_bringup/models/forest_terrain/build/COLCON_IGNORE
[0.945s] -- Up-to-date symlink: /home/jarrel/git/RS1-Group5/41068_ws/src/41068_ignition_bringup/install/41068_ignition_bringup/share/41068_ignition_bringup/models/forest_terrain/install/.colcon_install_layout
[0.945s] -- Up-to-date symlink: /home/jarrel/git/RS1-Group5/41068_ws/src/41068_ignition_bringup/install/41068_ignition_bringup/share/41068_ignition_bringup/models/forest_terrain/install/COLCON_IGNORE
[0.945s] -- Up-to-date symlink: /home/jarrel/git/RS1-Group5/41068_ws/src/41068_ignition_bringup/install/41068_ignition_bringup/share/41068_ignition_bringup/models/forest_terrain/install/_local_setup_util_ps1.py
[0.945s] -- Up-to-date symlink: /home/jarrel/git/RS1-Group5/41068_ws/src/41068_ignition_bringup/install/41068_ignition_bringup/share/41068_ignition_bringup/models/forest_terrain/install/_local_setup_util_sh.py
[0.945s] -- Up-to-date symlink: /home/jarrel/git/RS1-Group5/41068_ws/src/41068_ignition_bringup/install/41068_ignition_bringup/share/41068_ignition_bringup/models/forest_terrain/install/local_setup.bash
[0.945s] -- Up-to-date symlink: /home/jarrel/git/RS1-Group5/41068_ws/src/41068_ignition_bringup/install/41068_ignition_bringup/share/41068_ignition_bringup/models/forest_terrain/install/local_setup.ps1
[0.946s] -- Up-to-date symlink: /home/jarrel/git/RS1-Group5/41068_ws/src/41068_ignition_bringup/install/41068_ignition_bringup/share/41068_ignition_bringup/models/forest_terrain/install/local_setup.sh
[0.946s] -- Up-to-date symlink: /home/jarrel/git/RS1-Group5/41068_ws/src/41068_ignition_bringup/install/41068_ignition_bringup/share/41068_ignition_bringup/models/forest_terrain/install/local_setup.zsh
[0.946s] -- Up-to-date symlink: /home/jarrel/git/RS1-Group5/41068_ws/src/41068_ignition_bringup/install/41068_ignition_bringup/share/41068_ignition_bringup/models/forest_terrain/install/setup.bash
[0.946s] -- Up-to-date symlink: /home/jarrel/git/RS1-Group5/41068_ws/src/41068_ignition_bringup/install/41068_ignition_bringup/share/41068_ignition_bringup/models/forest_terrain/install/setup.ps1
[0.946s] -- Up-to-date symlink: /home/jarrel/git/RS1-Group5/41068_ws/src/41068_ignition_bringup/install/41068_ignition_bringup/share/41068_ignition_bringup/models/forest_terrain/install/setup.sh
[0.947s] -- Up-to-date symlink: /home/jarrel/git/RS1-Group5/41068_ws/src/41068_ignition_bringup/install/41068_ignition_bringup/share/41068_ignition_bringup/models/forest_terrain/install/setup.zsh
[0.947s] -- Up-to-date symlink: /home/jarrel/git/RS1-Group5/41068_ws/src/41068_ignition_bringup/install/41068_ignition_bringup/share/41068_ignition_bringup/models/forest_terrain/log/COLCON_IGNORE
[0.947s] -- Up-to-date symlink: /home/jarrel/git/RS1-Group5/41068_ws/src/41068_ignition_bringup/install/41068_ignition_bringup/share/41068_ignition_bringup/models/forest_terrain/log/build_2025-08-27_19-31-27/events.log
[0.947s] -- Up-to-date symlink: /home/jarrel/git/RS1-Group5/41068_ws/src/41068_ignition_bringup/install/41068_ignition_bringup/share/41068_ignition_bringup/models/forest_terrain/log/build_2025-08-27_19-31-27/logger_all.log
[0.947s] -- Up-to-date symlink: /home/jarrel/git/RS1-Group5/41068_ws/src/41068_ignition_bringup/install/41068_ignition_bringup/share/41068_ignition_bringup/models/forest_terrain/log/build_2025-08-28_14-08-20/events.log
[0.947s] -- Up-to-date symlink: /home/jarrel/git/RS1-Group5/41068_ws/src/41068_ignition_bringup/install/41068_ignition_bringup/share/41068_ignition_bringup/models/forest_terrain/log/build_2025-08-28_14-08-20/logger_all.log
[0.947s] -- Up-to-date symlink: /home/jarrel/git/RS1-Group5/41068_ws/src/41068_ignition_bringup/install/41068_ignition_bringup/share/41068_ignition_bringup/models/forest_terrain/log/build_2025-08-28_15-02-25/events.log
[0.947s] -- Up-to-date symlink: /home/jarrel/git/RS1-Group5/41068_ws/src/41068_ignition_bringup/install/41068_ignition_bringup/share/41068_ignition_bringup/models/forest_terrain/log/build_2025-08-28_15-02-25/logger_all.log
[0.947s] -- Up-to-date symlink: /home/jarrel/git/RS1-Group5/41068_ws/src/41068_ignition_bringup/install/41068_ignition_bringup/share/41068_ignition_bringup/models/forest_terrain/log/latest/events.log
[0.947s] -- Up-to-date symlink: /home/jarrel/git/RS1-Group5/41068_ws/src/41068_ignition_bringup/install/41068_ignition_bringup/share/41068_ignition_bringup/models/forest_terrain/log/latest/logger_all.log
[0.947s] -- Up-to-date symlink: /home/jarrel/git/RS1-Group5/41068_ws/src/41068_ignition_bringup/install/41068_ignition_bringup/share/41068_ignition_bringup/models/forest_terrain/log/latest_build/events.log
[0.947s] -- Up-to-date symlink: /home/jarrel/git/RS1-Group5/41068_ws/src/41068_ignition_bringup/install/41068_ignition_bringup/share/41068_ignition_bringup/models/forest_terrain/log/latest_build/logger_all.log
[0.948s] -- Up-to-date symlink: /home/jarrel/git/RS1-Group5/41068_ws/src/41068_ignition_bringup/install/41068_ignition_bringup/share/41068_ignition_bringup/models/forest_terrain/materials/textures/Elevated_Terrain_Test.dae
[0.948s] -- Up-to-date symlink: /home/jarrel/git/RS1-Group5/41068_ws/src/41068_ignition_bringup/install/41068_ignition_bringup/share/41068_ignition_bringup/models/forest_terrain/materials/textures/Elevated_Terrain_Test.fbm/forest_overhead.png
[0.948s] -- Up-to-date symlink: /home/jarrel/git/RS1-Group5/41068_ws/src/41068_ignition_bringup/install/41068_ignition_bringup/share/41068_ignition_bringup/models/forest_terrain/materials/textures/Elevated_Terrain_Test.fbx
[0.948s] -- Up-to-date symlink: /home/jarrel/git/RS1-Group5/41068_ws/src/41068_ignition_bringup/install/41068_ignition_bringup/share/41068_ignition_bringup/models/forest_terrain/materials/textures/forest_overhead.png
[0.948s] -- Up-to-date symlink: /home/jarrel/git/RS1-Group5/41068_ws/src/41068_ignition_bringup/install/41068_ignition_bringup/share/41068_ignition_bringup/models/forest_terrain/materials/textures/model.config
[0.948s] -- Up-to-date symlink: /home/jarrel/git/RS1-Group5/41068_ws/src/41068_ignition_bringup/install/41068_ignition_bringup/share/41068_ignition_bringup/models/forest_terrain/materials/textures/model.sdf
[0.948s] -- Up-to-date symlink: /home/jarrel/git/RS1-Group5/41068_ws/src/41068_ignition_bringup/install/41068_ignition_bringup/share/41068_ignition_bringup/models/forest_terrain/model.config
[0.948s] -- Up-to-date symlink: /home/jarrel/git/RS1-Group5/41068_ws/src/41068_ignition_bringup/install/41068_ignition_bringup/share/41068_ignition_bringup/models/forest_terrain/model.sdf
[0.948s] -- Up-to-date symlink: /home/jarrel/git/RS1-Group5/41068_ws/src/41068_ignition_bringup/install/41068_ignition_bringup/share/41068_ignition_bringup/models/forest_wall/materials/textures/forest_wall.png
[0.948s] -- Up-to-date symlink: /home/jarrel/git/RS1-Group5/41068_ws/src/41068_ignition_bringup/install/41068_ignition_bringup/share/41068_ignition_bringup/models/forest_wall/materials/textures/forest_wall_transparent.png
[0.948s] -- Up-to-date symlink: /home/jarrel/git/RS1-Group5/41068_ws/src/41068_ignition_bringup/install/41068_ignition_bringup/share/41068_ignition_bringup/models/forest_wall/materials/textures/forest_wall_transparent_small.png
[0.948s] -- Up-to-date symlink: /home/jarrel/git/RS1-Group5/41068_ws/src/41068_ignition_bringup/install/41068_ignition_bringup/share/41068_ignition_bringup/models/forest_wall/model.config
[0.948s] -- Up-to-date symlink: /home/jarrel/git/RS1-Group5/41068_ws/src/41068_ignition_bringup/install/41068_ignition_bringup/share/41068_ignition_bringup/models/forest_wall/model.sdf
[0.949s] -- Up-to-date symlink: /home/jarrel/git/RS1-Group5/41068_ws/src/41068_ignition_bringup/install/41068_ignition_bringup/share/41068_ignition_bringup/models/grass_plane/materials/textures/empty_grass.png
[0.949s] -- Up-to-date symlink: /home/jarrel/git/RS1-Group5/41068_ws/src/41068_ignition_bringup/install/41068_ignition_bringup/share/41068_ignition_bringup/models/grass_plane/model.config
[0.949s] -- Up-to-date symlink: /home/jarrel/git/RS1-Group5/41068_ws/src/41068_ignition_bringup/install/41068_ignition_bringup/share/41068_ignition_bringup/models/grass_plane/model.sdf
[0.949s] -- Up-to-date symlink: /home/jarrel/git/RS1-Group5/41068_ws/src/41068_ignition_bringup/install/41068_ignition_bringup/share/41068_ignition_bringup/urdf/common_properties.urdf.xacro
[0.949s] -- Up-to-date symlink: /home/jarrel/git/RS1-Group5/41068_ws/src/41068_ignition_bringup/install/41068_ignition_bringup/share/41068_ignition_bringup/urdf/husky.gazebo.xacro
[0.949s] -- Up-to-date symlink: /home/jarrel/git/RS1-Group5/41068_ws/src/41068_ignition_bringup/install/41068_ignition_bringup/share/41068_ignition_bringup/urdf/husky.urdf.xacro
[0.949s] -- Up-to-date symlink: /home/jarrel/git/RS1-Group5/41068_ws/src/41068_ignition_bringup/install/41068_ignition_bringup/share/41068_ignition_bringup/urdf/meshes/base_link.dae
[0.949s] -- Up-to-date symlink: /home/jarrel/git/RS1-Group5/41068_ws/src/41068_ignition_bringup/install/41068_ignition_bringup/share/41068_ignition_bringup/urdf/meshes/bumper.dae
[0.949s] -- Up-to-date symlink: /home/jarrel/git/RS1-Group5/41068_ws/src/41068_ignition_bringup/install/41068_ignition_bringup/share/41068_ignition_bringup/urdf/meshes/jpl04_arch_nosensor.stl
[0.949s] -- Up-to-date symlink: /home/jarrel/git/RS1-Group5/41068_ws/src/41068_ignition_bringup/install/41068_ignition_bringup/share/41068_ignition_bringup/urdf/meshes/top_chassis.dae
[0.949s] -- Up-to-date symlink: /home/jarrel/git/RS1-Group5/41068_ws/src/41068_ignition_bringup/install/41068_ignition_bringup/share/41068_ignition_bringup/urdf/meshes/top_plate.dae
[0.949s] -- Up-to-date symlink: /home/jarrel/git/RS1-Group5/41068_ws/src/41068_ignition_bringup/install/41068_ignition_bringup/share/41068_ignition_bringup/urdf/meshes/wheel.dae
[0.949s] -- Up-to-date symlink: /home/jarrel/git/RS1-Group5/41068_ws/src/41068_ignition_bringup/install/41068_ignition_bringup/share/41068_ignition_bringup/urdf/wheel.urdf.xacro
[0.949s] -- Up-to-date symlink: /home/jarrel/git/RS1-Group5/41068_ws/src/41068_ignition_bringup/install/41068_ignition_bringup/share/41068_ignition_bringup/worlds/large_demo.sdf
[0.950s] -- Up-to-date symlink: /home/jarrel/git/RS1-Group5/41068_ws/src/41068_ignition_bringup/install/41068_ignition_bringup/share/41068_ignition_bringup/worlds/simple_trees.sdf
[0.950s] -- Up-to-date symlink: /home/jarrel/git/RS1-Group5/41068_ws/src/41068_ignition_bringup/install/41068_ignition_bringup/share/41068_ignition_bringup/urdf_drone/common_properties.urdf.xacro
[0.950s] -- Up-to-date symlink: /home/jarrel/git/RS1-Group5/41068_ws/src/41068_ignition_bringup/install/41068_ignition_bringup/share/41068_ignition_bringup/urdf_drone/meshes/hull.dae
[0.950s] -- Up-to-date symlink: /home/jarrel/git/RS1-Group5/41068_ws/src/41068_ignition_bringup/install/41068_ignition_bringup/share/41068_ignition_bringup/urdf_drone/meshes/propeller_fl.dae
[0.950s] -- Up-to-date symlink: /home/jarrel/git/RS1-Group5/41068_ws/src/41068_ignition_bringup/install/41068_ignition_bringup/share/41068_ignition_bringup/urdf_drone/meshes/propeller_fr.dae
[0.950s] -- Up-to-date symlink: /home/jarrel/git/RS1-Group5/41068_ws/src/41068_ignition_bringup/install/41068_ignition_bringup/share/41068_ignition_bringup/urdf_drone/meshes/propeller_rl.dae
[0.950s] -- Up-to-date symlink: /home/jarrel/git/RS1-Group5/41068_ws/src/41068_ignition_bringup/install/41068_ignition_bringup/share/41068_ignition_bringup/urdf_drone/meshes/propeller_rr.dae
[0.950s] -- Up-to-date symlink: /home/jarrel/git/RS1-Group5/41068_ws/src/41068_ignition_bringup/install/41068_ignition_bringup/share/41068_ignition_bringup/urdf_drone/model.config
[0.950s] -- Up-to-date symlink: /home/jarrel/git/RS1-Group5/41068_ws/src/41068_ignition_bringup/install/41068_ignition_bringup/share/41068_ignition_bringup/urdf_drone/model.sdf
[0.950s] -- Up-to-date symlink: /home/jarrel/git/RS1-Group5/41068_ws/src/41068_ignition_bringup/install/41068_ignition_bringup/share/41068_ignition_bringup/urdf_drone/parrot.gazebo.xacro
[0.950s] -- Up-to-date symlink: /home/jarrel/git/RS1-Group5/41068_ws/src/41068_ignition_bringup/install/41068_ignition_bringup/share/41068_ignition_bringup/urdf_drone/parrot.urdf.xacro
[0.950s] -- Up-to-date symlink: /home/jarrel/git/RS1-Group5/41068_ws/src/41068_ignition_bringup/install/41068_ignition_bringup/share/41068_ignition_bringup/urdf_drone/thumbnails/1.png
[0.950s] -- Up-to-date symlink: /home/jarrel/git/RS1-Group5/41068_ws/src/41068_ignition_bringup/install/41068_ignition_bringup/share/41068_ignition_bringup/urdf_drone/thumbnails/2.png
[0.950s] -- Up-to-date symlink: /home/jarrel/git/RS1-Group5/41068_ws/src/41068_ignition_bringup/install/41068_ignition_bringup/share/41068_ignition_bringup/urdf_drone/thumbnails/3.png
[0.950s] -- Up-to-date symlink: /home/jarrel/git/RS1-Group5/41068_ws/src/41068_ignition_bringup/install/41068_ignition_bringup/share/41068_ignition_bringup/urdf_drone/thumbnails/4.png
[0.951s] -- Up-to-date symlink: /home/jarrel/git/RS1-Group5/41068_ws/src/41068_ignition_bringup/install/41068_ignition_bringup/share/41068_ignition_bringup/urdf_drone/thumbnails/5.png
[0.951s] -- Up-to-date symlink: /home/jarrel/git/RS1-Group5/41068_ws/src/41068_ignition_bringup/install/41068_ignition_bringup/share/ament_index/resource_index/package_run_dependencies/41068_ignition_bringup
[0.951s] -- Up-to-date symlink: /home/jarrel/git/RS1-Group5/41068_ws/src/41068_ignition_bringup/install/41068_ignition_bringup/share/ament_index/resource_index/parent_prefix_path/41068_ignition_bringup
[0.951s] -- Up-to-date symlink: /home/jarrel/git/RS1-Group5/41068_ws/src/41068_ignition_bringup/install/41068_ignition_bringup/share/41068_ignition_bringup/environment/ament_prefix_path.sh
[0.951s] -- Up-to-date symlink: /home/jarrel/git/RS1-Group5/41068_ws/src/41068_ignition_bringup/install/41068_ignition_bringup/share/41068_ignition_bringup/environment/ament_prefix_path.dsv
[0.951s] -- Up-to-date symlink: /home/jarrel/git/RS1-Group5/41068_ws/src/41068_ignition_bringup/install/41068_ignition_bringup/share/41068_ignition_bringup/environment/path.sh
[0.951s] -- Up-to-date symlink: /home/jarrel/git/RS1-Group5/41068_ws/src/41068_ignition_bringup/install/41068_ignition_bringup/share/41068_ignition_bringup/environment/path.dsv
[0.951s] -- Up-to-date symlink: /home/jarrel/git/RS1-Group5/41068_ws/src/41068_ignition_bringup/install/41068_ignition_bringup/share/41068_ignition_bringup/local_setup.bash
[0.951s] -- Up-to-date symlink: /home/jarrel/git/RS1-Group5/41068_ws/src/41068_ignition_bringup/install/41068_ignition_bringup/share/41068_ignition_bringup/local_setup.sh
[0.951s] -- Up-to-date symlink: /home/jarrel/git/RS1-Group5/41068_ws/src/41068_ignition_bringup/install/41068_ignition_bringup/share/41068_ignition_bringup/local_setup.zsh
[0.951s] -- Up-to-date symlink: /home/jarrel/git/RS1-Group5/41068_ws/src/41068_ignition_bringup/install/41068_ignition_bringup/share/41068_ignition_bringup/local_setup.dsv
[0.951s] -- Symlinking: /home/jarrel/git/RS1-Group5/41068_ws/src/41068_ignition_bringup/install/41068_ignition_bringup/share/41068_ignition_bringup/package.dsv
[0.957s] -- Up-to-date symlink: /home/jarrel/git/RS1-Group5/41068_ws/src/41068_ignition_bringup/install/41068_ignition_bringup/share/ament_index/resource_index/packages/41068_ignition_bringup
[0.957s] -- Up-to-date symlink: /home/jarrel/git/RS1-Group5/41068_ws/src/41068_ignition_bringup/install/41068_ignition_bringup/share/41068_ignition_bringup/cmake/41068_ignition_bringupConfig.cmake
[0.957s] -- Up-to-date symlink: /home/jarrel/git/RS1-Group5/41068_ws/src/41068_ignition_bringup/install/41068_ignition_bringup/share/41068_ignition_bringup/cmake/41068_ignition_bringupConfig-version.cmake
[0.957s] -- Up-to-date symlink: /home/jarrel/git/RS1-Group5/41068_ws/src/41068_ignition_bringup/install/41068_ignition_bringup/share/41068_ignition_bringup/package.xml
[0.959s] Invoked command in '/home/jarrel/git/RS1-Group5/41068_ws/src/41068_ignition_bringup/build/41068_ignition_bringup' returned '0': CMAKE_PREFIX_PATH=/opt/ros/humble /usr/bin/cmake --install /home/jarrel/git/RS1-Group5/41068_ws/src/41068_ignition_bringup/build/41068_ignition_bringup
