running egg_info
creating ../build/rs1_gui/rs1_gui.egg-info
writing ../build/rs1_gui/rs1_gui.egg-info/PKG-INFO
writing dependency_links to ../build/rs1_gui/rs1_gui.egg-info/dependency_links.txt
writing entry points to ../build/rs1_gui/rs1_gui.egg-info/entry_points.txt
writing requirements to ../build/rs1_gui/rs1_gui.egg-info/requires.txt
writing top-level names to ../build/rs1_gui/rs1_gui.egg-info/top_level.txt
writing manifest file '../build/rs1_gui/rs1_gui.egg-info/SOURCES.txt'
reading manifest file '../build/rs1_gui/rs1_gui.egg-info/SOURCES.txt'
writing manifest file '../build/rs1_gui/rs1_gui.egg-info/SOURCES.txt'
running build
running build_py
creating /home/student/RS1-Group5/41068_ws/src/build/rs1_gui/build
creating /home/student/RS1-Group5/41068_ws/src/build/rs1_gui/build/lib
creating /home/student/RS1-Group5/41068_ws/src/build/rs1_gui/build/lib/rs1_gui
copying rs1_gui/__init__.py -> /home/student/RS1-Group5/41068_ws/src/build/rs1_gui/build/lib/rs1_gui
copying rs1_gui/gui_node.py -> /home/student/RS1-Group5/41068_ws/src/build/rs1_gui/build/lib/rs1_gui
running install
running install_lib
creating /home/student/RS1-Group5/41068_ws/src/install/rs1_gui/lib/python3.10/site-packages/rs1_gui
copying /home/student/RS1-Group5/41068_ws/src/build/rs1_gui/build/lib/rs1_gui/__init__.py -> /home/student/RS1-Group5/41068_ws/src/install/rs1_gui/lib/python3.10/site-packages/rs1_gui
copying /home/student/RS1-Group5/41068_ws/src/build/rs1_gui/build/lib/rs1_gui/gui_node.py -> /home/student/RS1-Group5/41068_ws/src/install/rs1_gui/lib/python3.10/site-packages/rs1_gui
byte-compiling /home/student/RS1-Group5/41068_ws/src/install/rs1_gui/lib/python3.10/site-packages/rs1_gui/__init__.py to __init__.cpython-310.pyc
byte-compiling /home/student/RS1-Group5/41068_ws/src/install/rs1_gui/lib/python3.10/site-packages/rs1_gui/gui_node.py to gui_node.cpython-310.pyc
running install_data
creating /home/student/RS1-Group5/41068_ws/src/install/rs1_gui/share/ament_index
creating /home/student/RS1-Group5/41068_ws/src/install/rs1_gui/share/ament_index/resource_index
creating /home/student/RS1-Group5/41068_ws/src/install/rs1_gui/share/ament_index/resource_index/packages
copying resource/rs1_gui -> /home/student/RS1-Group5/41068_ws/src/install/rs1_gui/share/ament_index/resource_index/packages
copying package.xml -> /home/student/RS1-Group5/41068_ws/src/install/rs1_gui/share/rs1_gui
creating /home/student/RS1-Group5/41068_ws/src/install/rs1_gui/share/rs1_gui/launch
copying launch/gui_launch.py -> /home/student/RS1-Group5/41068_ws/src/install/rs1_gui/share/rs1_gui/launch
running install_egg_info
Copying ../build/rs1_gui/rs1_gui.egg-info to /home/student/RS1-Group5/41068_ws/src/install/rs1_gui/lib/python3.10/site-packages/rs1_gui-0.0.0-py3.10.egg-info
running install_scripts
Installing gui_node script to /home/student/RS1-Group5/41068_ws/src/install/rs1_gui/lib/rs1_gui
writing list of installed files to '/home/student/RS1-Group5/41068_ws/src/build/rs1_gui/install.log'
