[1.403s] Invoking command in '/home/student/RS1-Group5/41068_ws/src/rs1_gui': PYTHONPATH=/home/student/RS1-Group5/41068_ws/src/build/rs1_gui/prefix_override:/usr/lib/python3/dist-packages/colcon_core/task/python/colcon_distutils_commands:/home/student/RS1-Group5/41068_ws/src/install/rs1_gui/lib/python3.10/site-packages:${PYTHONPATH} /usr/bin/python3 -W ignore:setup.py install is deprecated -W ignore:easy_install command is deprecated setup.py egg_info --egg-base ../build/rs1_gui build --build-base /home/student/RS1-Group5/41068_ws/src/build/rs1_gui/build install --record /home/student/RS1-Group5/41068_ws/src/build/rs1_gui/install.log --single-version-externally-managed install_data
[2.232s] running egg_info
[2.235s] creating ../build/rs1_gui/rs1_gui.egg-info
[2.235s] writing ../build/rs1_gui/rs1_gui.egg-info/PKG-INFO
[2.235s] writing dependency_links to ../build/rs1_gui/rs1_gui.egg-info/dependency_links.txt
[2.235s] writing entry points to ../build/rs1_gui/rs1_gui.egg-info/entry_points.txt
[2.236s] writing requirements to ../build/rs1_gui/rs1_gui.egg-info/requires.txt
[2.237s] writing top-level names to ../build/rs1_gui/rs1_gui.egg-info/top_level.txt
[2.237s] writing manifest file '../build/rs1_gui/rs1_gui.egg-info/SOURCES.txt'
[2.237s] reading manifest file '../build/rs1_gui/rs1_gui.egg-info/SOURCES.txt'
[2.237s] writing manifest file '../build/rs1_gui/rs1_gui.egg-info/SOURCES.txt'
[2.238s] running build
[2.238s] running build_py
[2.238s] creating /home/student/RS1-Group5/41068_ws/src/build/rs1_gui/build
[2.238s] creating /home/student/RS1-Group5/41068_ws/src/build/rs1_gui/build/lib
[2.239s] creating /home/student/RS1-Group5/41068_ws/src/build/rs1_gui/build/lib/rs1_gui
[2.239s] copying rs1_gui/__init__.py -> /home/student/RS1-Group5/41068_ws/src/build/rs1_gui/build/lib/rs1_gui
[2.239s] copying rs1_gui/gui_node.py -> /home/student/RS1-Group5/41068_ws/src/build/rs1_gui/build/lib/rs1_gui
[2.239s] running install
[2.239s] running install_lib
[2.239s] creating /home/student/RS1-Group5/41068_ws/src/install/rs1_gui/lib/python3.10/site-packages/rs1_gui
[2.239s] copying /home/student/RS1-Group5/41068_ws/src/build/rs1_gui/build/lib/rs1_gui/__init__.py -> /home/student/RS1-Group5/41068_ws/src/install/rs1_gui/lib/python3.10/site-packages/rs1_gui
[2.239s] copying /home/student/RS1-Group5/41068_ws/src/build/rs1_gui/build/lib/rs1_gui/gui_node.py -> /home/student/RS1-Group5/41068_ws/src/install/rs1_gui/lib/python3.10/site-packages/rs1_gui
[2.239s] byte-compiling /home/student/RS1-Group5/41068_ws/src/install/rs1_gui/lib/python3.10/site-packages/rs1_gui/__init__.py to __init__.cpython-310.pyc
[2.240s] byte-compiling /home/student/RS1-Group5/41068_ws/src/install/rs1_gui/lib/python3.10/site-packages/rs1_gui/gui_node.py to gui_node.cpython-310.pyc
[2.248s] running install_data
[2.248s] creating /home/student/RS1-Group5/41068_ws/src/install/rs1_gui/share/ament_index
[2.248s] creating /home/student/RS1-Group5/41068_ws/src/install/rs1_gui/share/ament_index/resource_index
[2.248s] creating /home/student/RS1-Group5/41068_ws/src/install/rs1_gui/share/ament_index/resource_index/packages
[2.248s] copying resource/rs1_gui -> /home/student/RS1-Group5/41068_ws/src/install/rs1_gui/share/ament_index/resource_index/packages
[2.249s] copying package.xml -> /home/student/RS1-Group5/41068_ws/src/install/rs1_gui/share/rs1_gui
[2.249s] creating /home/student/RS1-Group5/41068_ws/src/install/rs1_gui/share/rs1_gui/launch
[2.249s] copying launch/gui_launch.py -> /home/student/RS1-Group5/41068_ws/src/install/rs1_gui/share/rs1_gui/launch
[2.249s] running install_egg_info
[2.251s] Copying ../build/rs1_gui/rs1_gui.egg-info to /home/student/RS1-Group5/41068_ws/src/install/rs1_gui/lib/python3.10/site-packages/rs1_gui-0.0.0-py3.10.egg-info
[2.252s] running install_scripts
[2.305s] Installing gui_node script to /home/student/RS1-Group5/41068_ws/src/install/rs1_gui/lib/rs1_gui
[2.305s] writing list of installed files to '/home/student/RS1-Group5/41068_ws/src/build/rs1_gui/install.log'
[2.390s] Invoked command in '/home/student/RS1-Group5/41068_ws/src/rs1_gui' returned '0': PYTHONPATH=/home/student/RS1-Group5/41068_ws/src/build/rs1_gui/prefix_override:/usr/lib/python3/dist-packages/colcon_core/task/python/colcon_distutils_commands:/home/student/RS1-Group5/41068_ws/src/install/rs1_gui/lib/python3.10/site-packages:${PYTHONPATH} /usr/bin/python3 -W ignore:setup.py install is deprecated -W ignore:easy_install command is deprecated setup.py egg_info --egg-base ../build/rs1_gui build --build-base /home/student/RS1-Group5/41068_ws/src/build/rs1_gui/build install --record /home/student/RS1-Group5/41068_ws/src/build/rs1_gui/install.log --single-version-externally-managed install_data
