[0.010s] Invoking command in '/home/jun/git/Robotics-Studio-1/41068_ws/src/build/41068_ignition_bringup': CMAKE_PREFIX_PATH=${CMAKE_PREFIX_PATH}:/opt/ros/humble /usr/bin/cmake --build /home/jun/git/Robotics-Studio-1/41068_ws/src/build/41068_ignition_bringup -- -j22 -l22
[0.039s] [35m[1mConsolidate compiler generated dependencies of target waypoint_manager[0m
[0.040s] [35m[1mConsolidate compiler generated dependencies of target waypoint_follower[0m
[0.055s] [100%] Built target waypoint_follower
[0.055s] [100%] Built target waypoint_manager
[0.064s] Invoked command in '/home/jun/git/Robotics-Studio-1/41068_ws/src/build/41068_ignition_bringup' returned '0': CMAKE_PREFIX_PATH=${CMAKE_PREFIX_PATH}:/opt/ros/humble /usr/bin/cmake --build /home/jun/git/Robotics-Studio-1/41068_ws/src/build/41068_ignition_bringup -- -j22 -l22
[0.071s] Invoking command in '/home/jun/git/Robotics-Studio-1/41068_ws/src/build/41068_ignition_bringup': CMAKE_PREFIX_PATH=${CMAKE_PREFIX_PATH}:/opt/ros/humble /usr/bin/cmake --install /home/jun/git/Robotics-Studio-1/41068_ws/src/build/41068_ignition_bringup
[0.075s] -- Install configuration: ""
[0.075s] -- Up-to-date: /home/jun/git/Robotics-Studio-1/41068_ws/src/install/41068_ignition_bringup/lib/41068_ignition_bringup/waypoint_follower
[0.075s] -- Up-to-date: /home/jun/git/Robotics-Studio-1/41068_ws/src/install/41068_ignition_bringup/lib/41068_ignition_bringup/waypoint_manager
[0.076s] -- Up-to-date: /home/jun/git/Robotics-Studio-1/41068_ws/src/install/41068_ignition_bringup/share/41068_ignition_bringup/config
[0.076s] -- Up-to-date: /home/jun/git/Robotics-Studio-1/41068_ws/src/install/41068_ignition_bringup/share/41068_ignition_bringup/config/41068.rviz
[0.076s] -- Up-to-date: /home/jun/git/Robotics-Studio-1/41068_ws/src/install/41068_ignition_bringup/share/41068_ignition_bringup/config/nav2_params.yaml
[0.076s] -- Up-to-date: /home/jun/git/Robotics-Studio-1/41068_ws/src/install/41068_ignition_bringup/share/41068_ignition_bringup/config/slam_params.yaml
[0.076s] -- Up-to-date: /home/jun/git/Robotics-Studio-1/41068_ws/src/install/41068_ignition_bringup/share/41068_ignition_bringup/config/robot_localization.yaml
[0.076s] -- Up-to-date: /home/jun/git/Robotics-Studio-1/41068_ws/src/install/41068_ignition_bringup/share/41068_ignition_bringup/config/gazebo_bridge.yaml
[0.076s] -- Up-to-date: /home/jun/git/Robotics-Studio-1/41068_ws/src/install/41068_ignition_bringup/share/41068_ignition_bringup/launch
[0.076s] -- Up-to-date: /home/jun/git/Robotics-Studio-1/41068_ws/src/install/41068_ignition_bringup/share/41068_ignition_bringup/launch/41068_ignition.launch.py
[0.076s] -- Up-to-date: /home/jun/git/Robotics-Studio-1/41068_ws/src/install/41068_ignition_bringup/share/41068_ignition_bringup/launch/41068_navigation.launch.py
[0.076s] -- Up-to-date: /home/jun/git/Robotics-Studio-1/41068_ws/src/install/41068_ignition_bringup/share/41068_ignition_bringup/models
[0.076s] -- Up-to-date: /home/jun/git/Robotics-Studio-1/41068_ws/src/install/41068_ignition_bringup/share/41068_ignition_bringup/models/forest_terrain
[0.076s] -- Up-to-date: /home/jun/git/Robotics-Studio-1/41068_ws/src/install/41068_ignition_bringup/share/41068_ignition_bringup/models/forest_terrain/model.sdf
[0.076s] -- Up-to-date: /home/jun/git/Robotics-Studio-1/41068_ws/src/install/41068_ignition_bringup/share/41068_ignition_bringup/models/forest_terrain/log
[0.076s] -- Up-to-date: /home/jun/git/Robotics-Studio-1/41068_ws/src/install/41068_ignition_bringup/share/41068_ignition_bringup/models/forest_terrain/log/build_2025-08-28_14-08-20
[0.076s] -- Up-to-date: /home/jun/git/Robotics-Studio-1/41068_ws/src/install/41068_ignition_bringup/share/41068_ignition_bringup/models/forest_terrain/log/build_2025-08-28_14-08-20/logger_all.log
[0.077s] -- Up-to-date: /home/jun/git/Robotics-Studio-1/41068_ws/src/install/41068_ignition_bringup/share/41068_ignition_bringup/models/forest_terrain/log/build_2025-08-28_14-08-20/events.log
[0.077s] -- Up-to-date: /home/jun/git/Robotics-Studio-1/41068_ws/src/install/41068_ignition_bringup/share/41068_ignition_bringup/models/forest_terrain/log/latest_build
[0.077s] -- Up-to-date: /home/jun/git/Robotics-Studio-1/41068_ws/src/install/41068_ignition_bringup/share/41068_ignition_bringup/models/forest_terrain/log/build_2025-08-28_15-02-25
[0.077s] -- Up-to-date: /home/jun/git/Robotics-Studio-1/41068_ws/src/install/41068_ignition_bringup/share/41068_ignition_bringup/models/forest_terrain/log/build_2025-08-28_15-02-25/logger_all.log
[0.077s] -- Up-to-date: /home/jun/git/Robotics-Studio-1/41068_ws/src/install/41068_ignition_bringup/share/41068_ignition_bringup/models/forest_terrain/log/build_2025-08-28_15-02-25/events.log
[0.077s] -- Up-to-date: /home/jun/git/Robotics-Studio-1/41068_ws/src/install/41068_ignition_bringup/share/41068_ignition_bringup/models/forest_terrain/log/COLCON_IGNORE
[0.077s] -- Up-to-date: /home/jun/git/Robotics-Studio-1/41068_ws/src/install/41068_ignition_bringup/share/41068_ignition_bringup/models/forest_terrain/log/latest
[0.077s] -- Up-to-date: /home/jun/git/Robotics-Studio-1/41068_ws/src/install/41068_ignition_bringup/share/41068_ignition_bringup/models/forest_terrain/log/build_2025-08-27_19-31-27
[0.077s] -- Up-to-date: /home/jun/git/Robotics-Studio-1/41068_ws/src/install/41068_ignition_bringup/share/41068_ignition_bringup/models/forest_terrain/log/build_2025-08-27_19-31-27/logger_all.log
[0.077s] -- Up-to-date: /home/jun/git/Robotics-Studio-1/41068_ws/src/install/41068_ignition_bringup/share/41068_ignition_bringup/models/forest_terrain/log/build_2025-08-27_19-31-27/events.log
[0.077s] -- Up-to-date: /home/jun/git/Robotics-Studio-1/41068_ws/src/install/41068_ignition_bringup/share/41068_ignition_bringup/models/forest_terrain/build
[0.077s] -- Up-to-date: /home/jun/git/Robotics-Studio-1/41068_ws/src/install/41068_ignition_bringup/share/41068_ignition_bringup/models/forest_terrain/build/COLCON_IGNORE
[0.077s] -- Up-to-date: /home/jun/git/Robotics-Studio-1/41068_ws/src/install/41068_ignition_bringup/share/41068_ignition_bringup/models/forest_terrain/build/.built_by
[0.077s] -- Up-to-date: /home/jun/git/Robotics-Studio-1/41068_ws/src/install/41068_ignition_bringup/share/41068_ignition_bringup/models/forest_terrain/materials
[0.077s] -- Up-to-date: /home/jun/git/Robotics-Studio-1/41068_ws/src/install/41068_ignition_bringup/share/41068_ignition_bringup/models/forest_terrain/materials/textures
[0.077s] -- Up-to-date: /home/jun/git/Robotics-Studio-1/41068_ws/src/install/41068_ignition_bringup/share/41068_ignition_bringup/models/forest_terrain/materials/textures/Elevated_Terrain_Test.fbx
[0.077s] -- Up-to-date: /home/jun/git/Robotics-Studio-1/41068_ws/src/install/41068_ignition_bringup/share/41068_ignition_bringup/models/forest_terrain/materials/textures/model.sdf
[0.077s] -- Up-to-date: /home/jun/git/Robotics-Studio-1/41068_ws/src/install/41068_ignition_bringup/share/41068_ignition_bringup/models/forest_terrain/materials/textures/Elevated_Terrain_Test.fbm
[0.077s] -- Up-to-date: /home/jun/git/Robotics-Studio-1/41068_ws/src/install/41068_ignition_bringup/share/41068_ignition_bringup/models/forest_terrain/materials/textures/Elevated_Terrain_Test.fbm/forest_overhead.png
[0.078s] -- Up-to-date: /home/jun/git/Robotics-Studio-1/41068_ws/src/install/41068_ignition_bringup/share/41068_ignition_bringup/models/forest_terrain/materials/textures/model.config
[0.078s] -- Up-to-date: /home/jun/git/Robotics-Studio-1/41068_ws/src/install/41068_ignition_bringup/share/41068_ignition_bringup/models/forest_terrain/materials/textures/forest_overhead.png
[0.078s] -- Up-to-date: /home/jun/git/Robotics-Studio-1/41068_ws/src/install/41068_ignition_bringup/share/41068_ignition_bringup/models/forest_terrain/materials/textures/Elevated_Terrain_Test.dae
[0.078s] -- Up-to-date: /home/jun/git/Robotics-Studio-1/41068_ws/src/install/41068_ignition_bringup/share/41068_ignition_bringup/models/forest_terrain/model.config
[0.078s] -- Up-to-date: /home/jun/git/Robotics-Studio-1/41068_ws/src/install/41068_ignition_bringup/share/41068_ignition_bringup/models/forest_terrain/install
[0.078s] -- Up-to-date: /home/jun/git/Robotics-Studio-1/41068_ws/src/install/41068_ignition_bringup/share/41068_ignition_bringup/models/forest_terrain/install/_local_setup_util_sh.py
[0.078s] -- Up-to-date: /home/jun/git/Robotics-Studio-1/41068_ws/src/install/41068_ignition_bringup/share/41068_ignition_bringup/models/forest_terrain/install/.colcon_install_layout
[0.078s] -- Up-to-date: /home/jun/git/Robotics-Studio-1/41068_ws/src/install/41068_ignition_bringup/share/41068_ignition_bringup/models/forest_terrain/install/setup.bash
[0.078s] -- Up-to-date: /home/jun/git/Robotics-Studio-1/41068_ws/src/install/41068_ignition_bringup/share/41068_ignition_bringup/models/forest_terrain/install/local_setup.zsh
[0.078s] -- Up-to-date: /home/jun/git/Robotics-Studio-1/41068_ws/src/install/41068_ignition_bringup/share/41068_ignition_bringup/models/forest_terrain/install/_local_setup_util_ps1.py
[0.078s] -- Up-to-date: /home/jun/git/Robotics-Studio-1/41068_ws/src/install/41068_ignition_bringup/share/41068_ignition_bringup/models/forest_terrain/install/setup.sh
[0.078s] -- Up-to-date: /home/jun/git/Robotics-Studio-1/41068_ws/src/install/41068_ignition_bringup/share/41068_ignition_bringup/models/forest_terrain/install/local_setup.ps1
[0.078s] -- Up-to-date: /home/jun/git/Robotics-Studio-1/41068_ws/src/install/41068_ignition_bringup/share/41068_ignition_bringup/models/forest_terrain/install/local_setup.bash
[0.078s] -- Up-to-date: /home/jun/git/Robotics-Studio-1/41068_ws/src/install/41068_ignition_bringup/share/41068_ignition_bringup/models/forest_terrain/install/COLCON_IGNORE
[0.078s] -- Up-to-date: /home/jun/git/Robotics-Studio-1/41068_ws/src/install/41068_ignition_bringup/share/41068_ignition_bringup/models/forest_terrain/install/local_setup.sh
[0.078s] -- Up-to-date: /home/jun/git/Robotics-Studio-1/41068_ws/src/install/41068_ignition_bringup/share/41068_ignition_bringup/models/forest_terrain/install/setup.zsh
[0.078s] -- Up-to-date: /home/jun/git/Robotics-Studio-1/41068_ws/src/install/41068_ignition_bringup/share/41068_ignition_bringup/models/forest_terrain/install/setup.ps1
[0.078s] -- Up-to-date: /home/jun/git/Robotics-Studio-1/41068_ws/src/install/41068_ignition_bringup/share/41068_ignition_bringup/models/grass_plane
[0.078s] -- Up-to-date: /home/jun/git/Robotics-Studio-1/41068_ws/src/install/41068_ignition_bringup/share/41068_ignition_bringup/models/grass_plane/model.sdf
[0.078s] -- Up-to-date: /home/jun/git/Robotics-Studio-1/41068_ws/src/install/41068_ignition_bringup/share/41068_ignition_bringup/models/grass_plane/materials
[0.078s] -- Up-to-date: /home/jun/git/Robotics-Studio-1/41068_ws/src/install/41068_ignition_bringup/share/41068_ignition_bringup/models/grass_plane/materials/textures
[0.078s] -- Up-to-date: /home/jun/git/Robotics-Studio-1/41068_ws/src/install/41068_ignition_bringup/share/41068_ignition_bringup/models/grass_plane/materials/textures/empty_grass.png
[0.079s] -- Up-to-date: /home/jun/git/Robotics-Studio-1/41068_ws/src/install/41068_ignition_bringup/share/41068_ignition_bringup/models/grass_plane/model.config
[0.079s] -- Up-to-date: /home/jun/git/Robotics-Studio-1/41068_ws/src/install/41068_ignition_bringup/share/41068_ignition_bringup/models/forest_plane
[0.080s] -- Up-to-date: /home/jun/git/Robotics-Studio-1/41068_ws/src/install/41068_ignition_bringup/share/41068_ignition_bringup/models/forest_plane/model.sdf
[0.080s] -- Up-to-date: /home/jun/git/Robotics-Studio-1/41068_ws/src/install/41068_ignition_bringup/share/41068_ignition_bringup/models/forest_plane/materials
[0.080s] -- Up-to-date: /home/jun/git/Robotics-Studio-1/41068_ws/src/install/41068_ignition_bringup/share/41068_ignition_bringup/models/forest_plane/materials/textures
[0.080s] -- Up-to-date: /home/jun/git/Robotics-Studio-1/41068_ws/src/install/41068_ignition_bringup/share/41068_ignition_bringup/models/forest_plane/materials/textures/Map.png
[0.080s] -- Up-to-date: /home/jun/git/Robotics-Studio-1/41068_ws/src/install/41068_ignition_bringup/share/41068_ignition_bringup/models/forest_plane/materials/textures/empty_grass.png
[0.080s] -- Up-to-date: /home/jun/git/Robotics-Studio-1/41068_ws/src/install/41068_ignition_bringup/share/41068_ignition_bringup/models/forest_plane/materials/textures/leaf_litter.png
[0.081s] -- Up-to-date: /home/jun/git/Robotics-Studio-1/41068_ws/src/install/41068_ignition_bringup/share/41068_ignition_bringup/models/forest_plane/materials/textures/forest_overhead.png
[0.081s] -- Up-to-date: /home/jun/git/Robotics-Studio-1/41068_ws/src/install/41068_ignition_bringup/share/41068_ignition_bringup/models/forest_plane/model.config
[0.081s] -- Up-to-date: /home/jun/git/Robotics-Studio-1/41068_ws/src/install/41068_ignition_bringup/share/41068_ignition_bringup/models/forest_wall
[0.081s] -- Up-to-date: /home/jun/git/Robotics-Studio-1/41068_ws/src/install/41068_ignition_bringup/share/41068_ignition_bringup/models/forest_wall/model.sdf
[0.081s] -- Up-to-date: /home/jun/git/Robotics-Studio-1/41068_ws/src/install/41068_ignition_bringup/share/41068_ignition_bringup/models/forest_wall/materials
[0.082s] -- Up-to-date: /home/jun/git/Robotics-Studio-1/41068_ws/src/install/41068_ignition_bringup/share/41068_ignition_bringup/models/forest_wall/materials/textures
[0.082s] -- Up-to-date: /home/jun/git/Robotics-Studio-1/41068_ws/src/install/41068_ignition_bringup/share/41068_ignition_bringup/models/forest_wall/materials/textures/forest_wall_transparent.png
[0.082s] -- Up-to-date: /home/jun/git/Robotics-Studio-1/41068_ws/src/install/41068_ignition_bringup/share/41068_ignition_bringup/models/forest_wall/materials/textures/forest_wall_transparent_small.png
[0.082s] -- Up-to-date: /home/jun/git/Robotics-Studio-1/41068_ws/src/install/41068_ignition_bringup/share/41068_ignition_bringup/models/forest_wall/materials/textures/forest_wall.png
[0.082s] -- Up-to-date: /home/jun/git/Robotics-Studio-1/41068_ws/src/install/41068_ignition_bringup/share/41068_ignition_bringup/models/forest_wall/model.config
[0.082s] -- Up-to-date: /home/jun/git/Robotics-Studio-1/41068_ws/src/install/41068_ignition_bringup/share/41068_ignition_bringup/urdf
[0.083s] -- Up-to-date: /home/jun/git/Robotics-Studio-1/41068_ws/src/install/41068_ignition_bringup/share/41068_ignition_bringup/urdf/wheel.urdf.xacro
[0.083s] -- Up-to-date: /home/jun/git/Robotics-Studio-1/41068_ws/src/install/41068_ignition_bringup/share/41068_ignition_bringup/urdf/husky.urdf.xacro
[0.083s] -- Up-to-date: /home/jun/git/Robotics-Studio-1/41068_ws/src/install/41068_ignition_bringup/share/41068_ignition_bringup/urdf/common_properties.urdf.xacro
[0.083s] -- Up-to-date: /home/jun/git/Robotics-Studio-1/41068_ws/src/install/41068_ignition_bringup/share/41068_ignition_bringup/urdf/meshes
[0.083s] -- Up-to-date: /home/jun/git/Robotics-Studio-1/41068_ws/src/install/41068_ignition_bringup/share/41068_ignition_bringup/urdf/meshes/top_plate.dae
[0.083s] -- Up-to-date: /home/jun/git/Robotics-Studio-1/41068_ws/src/install/41068_ignition_bringup/share/41068_ignition_bringup/urdf/meshes/base_link.dae
[0.083s] -- Up-to-date: /home/jun/git/Robotics-Studio-1/41068_ws/src/install/41068_ignition_bringup/share/41068_ignition_bringup/urdf/meshes/bumper.dae
[0.083s] -- Up-to-date: /home/jun/git/Robotics-Studio-1/41068_ws/src/install/41068_ignition_bringup/share/41068_ignition_bringup/urdf/meshes/wheel.dae
[0.083s] -- Up-to-date: /home/jun/git/Robotics-Studio-1/41068_ws/src/install/41068_ignition_bringup/share/41068_ignition_bringup/urdf/meshes/top_chassis.dae
[0.083s] -- Up-to-date: /home/jun/git/Robotics-Studio-1/41068_ws/src/install/41068_ignition_bringup/share/41068_ignition_bringup/urdf/meshes/jpl04_arch_nosensor.stl
[0.083s] -- Up-to-date: /home/jun/git/Robotics-Studio-1/41068_ws/src/install/41068_ignition_bringup/share/41068_ignition_bringup/urdf/husky.gazebo.xacro
[0.083s] -- Up-to-date: /home/jun/git/Robotics-Studio-1/41068_ws/src/install/41068_ignition_bringup/share/41068_ignition_bringup/worlds
[0.084s] -- Up-to-date: /home/jun/git/Robotics-Studio-1/41068_ws/src/install/41068_ignition_bringup/share/41068_ignition_bringup/worlds/large_demo.sdf
[0.084s] -- Up-to-date: /home/jun/git/Robotics-Studio-1/41068_ws/src/install/41068_ignition_bringup/share/41068_ignition_bringup/worlds/simple_trees.sdf
[0.084s] [31mCMake Error at cmake_install.cmake:86 (file):
[0.084s]   file INSTALL cannot find
[0.084s]   "/home/jun/git/Robotics-Studio-1/41068_ws/src/41068_ignition_bringup/urdf_drone":
[0.084s]   No such file or directory.
[0.084s] 
[0.084s] [0m
[0.084s] Invoked command in '/home/jun/git/Robotics-Studio-1/41068_ws/src/build/41068_ignition_bringup' returned '1': CMAKE_PREFIX_PATH=${CMAKE_PREFIX_PATH}:/opt/ros/humble /usr/bin/cmake --install /home/jun/git/Robotics-Studio-1/41068_ws/src/build/41068_ignition_bringup
