[0.011s] Invoking command in '/home/rian/git/RS1-Group5/41068_ws/src/41068_ignition_bringup/build/41068_ignition_bringup': CMAKE_PREFIX_PATH=${CMAKE_PREFIX_PATH}:/opt/ros/humble /usr/bin/cmake --build /home/rian/git/RS1-Group5/41068_ws/src/41068_ignition_bringup/build/41068_ignition_bringup -- -j8 -l8
[0.094s] -- Found ament_cmake: 1.3.12 (/opt/ros/humble/share/ament_cmake/cmake)
[0.200s] -- Found rclcpp: 16.0.14 (/opt/ros/humble/share/rclcpp/cmake)
[0.235s] -- Found rosidl_generator_c: 3.1.7 (/opt/ros/humble/share/rosidl_generator_c/cmake)
[0.238s] -- Found rosidl_adapter: 3.1.7 (/opt/ros/humble/share/rosidl_adapter/cmake)
[0.247s] -- Found rosidl_generator_cpp: 3.1.7 (/opt/ros/humble/share/rosidl_generator_cpp/cmake)
[0.259s] -- Using all available rosidl_typesupport_c: rosidl_typesupport_fastrtps_c;rosidl_typesupport_introspection_c
[0.272s] -- Using all available rosidl_typesupport_cpp: rosidl_typesupport_fastrtps_cpp;rosidl_typesupport_introspection_cpp
[0.313s] -- Found rmw_implementation_cmake: 6.1.2 (/opt/ros/humble/share/rmw_implementation_cmake/cmake)
[0.315s] -- Found rmw_fastrtps_cpp: 6.2.8 (/opt/ros/humble/share/rmw_fastrtps_cpp/cmake)
[0.393s] -- Using RMW implementation 'rmw_fastrtps_cpp' as default
[0.441s] -- Found geometry_msgs: 4.9.0 (/opt/ros/humble/share/geometry_msgs/cmake)
[0.456s] -- Found nav_msgs: 4.9.0 (/opt/ros/humble/share/nav_msgs/cmake)
[0.477s] -- Found tf2: 0.25.16 (/opt/ros/humble/share/tf2/cmake)
[0.488s] -- Found ament_lint_auto: 0.12.14 (/opt/ros/humble/share/ament_lint_auto/cmake)
[0.521s] WARNING: Package name "41068_ignition_bringup" does not follow the naming conventions. It should start with a lower case letter and only contain lower case letters, digits, underscores, and dashes.
[0.538s] -- Added test 'copyright' to check source files copyright and LICENSE
[0.563s] -- Added test 'cppcheck' to perform static code analysis on C / C++ code
[0.563s] -- Configured cppcheck include dirs: 
[0.563s] -- Configured cppcheck exclude dirs and/or files: 
[0.587s] -- Added test 'cpplint' to check C / C++ code against the Google style
[0.587s] -- Configured cpplint exclude dirs and/or files: 
[0.591s] -- Added test 'flake8' to check Python code syntax and style conventions
[0.597s] -- Added test 'lint_cmake' to check CMake code style
[0.600s] -- Added test 'pep257' to check Python code against some of the docstring style conventions in PEP 257
[0.623s] -- Added test 'uncrustify' to check C / C++ code style
[0.624s] -- Configured uncrustify additional arguments: 
[0.627s] -- Added test 'xmllint' to check XML markup files
[0.628s] -- Configuring done
[0.652s] -- Generating done
[0.660s] -- Build files have been written to: /home/rian/git/RS1-Group5/41068_ws/src/41068_ignition_bringup/build/41068_ignition_bringup
[0.679s] [35m[1mConsolidate compiler generated dependencies of target cmd_mux[0m
[0.683s] [35m[1mConsolidate compiler generated dependencies of target waypoint_manager[0m
[0.683s] [35m[1mConsolidate compiler generated dependencies of target manual_driver[0m
[0.683s] [35m[1mConsolidate compiler generated dependencies of target waypoint_follower[0m
[0.688s] [  7%] [32mBuilding CXX object CMakeFiles/command_adapter_mavros.dir/src/command_adapter_mavros.cpp.o[0m
[0.688s] [ 14%] [32mBuilding CXX object CMakeFiles/waypoint_follower_3d.dir/src/waypoint_follower_3d.cpp.o[0m
[0.690s] [ 21%] [32mBuilding CXX object CMakeFiles/mode_manager.dir/src/mode_manager.cpp.o[0m
[0.725s] [ 35%] Built target manual_driver
[0.726s] [ 64%] Built target cmd_mux
[0.726s] [ 64%] Built target waypoint_manager
[0.726s] [ 71%] [32mBuilding CXX object CMakeFiles/waypoint_follower.dir/src/main.cpp.o[0m
[7.350s] [ 78%] [32m[1mLinking CXX executable command_adapter_mavros[0m
[7.351s] [ 85%] [32m[1mLinking CXX executable mode_manager[0m
[7.711s] [ 85%] Built target mode_manager
[7.716s] [ 85%] Built target command_adapter_mavros
[9.896s] [ 92%] [32m[1mLinking CXX executable waypoint_follower[0m
[10.327s] [ 92%] Built target waypoint_follower
[11.329s] [100%] [32m[1mLinking CXX executable waypoint_follower_3d[0m
[11.818s] [100%] Built target waypoint_follower_3d
[11.826s] Invoked command in '/home/rian/git/RS1-Group5/41068_ws/src/41068_ignition_bringup/build/41068_ignition_bringup' returned '0': CMAKE_PREFIX_PATH=${CMAKE_PREFIX_PATH}:/opt/ros/humble /usr/bin/cmake --build /home/rian/git/RS1-Group5/41068_ws/src/41068_ignition_bringup/build/41068_ignition_bringup -- -j8 -l8
[11.832s] Invoking command in '/home/rian/git/RS1-Group5/41068_ws/src/41068_ignition_bringup/build/41068_ignition_bringup': CMAKE_PREFIX_PATH=${CMAKE_PREFIX_PATH}:/opt/ros/humble /usr/bin/cmake --install /home/rian/git/RS1-Group5/41068_ws/src/41068_ignition_bringup/build/41068_ignition_bringup
[11.837s] -- Install configuration: ""
[11.837s] -- Installing: /home/rian/git/RS1-Group5/41068_ws/src/41068_ignition_bringup/install/41068_ignition_bringup/lib/41068_ignition_bringup/waypoint_follower
[11.840s] -- Set runtime path of "/home/rian/git/RS1-Group5/41068_ws/src/41068_ignition_bringup/install/41068_ignition_bringup/lib/41068_ignition_bringup/waypoint_follower" to ""
[11.841s] -- Up-to-date: /home/rian/git/RS1-Group5/41068_ws/src/41068_ignition_bringup/install/41068_ignition_bringup/lib/41068_ignition_bringup/waypoint_manager
[11.841s] -- Up-to-date: /home/rian/git/RS1-Group5/41068_ws/src/41068_ignition_bringup/install/41068_ignition_bringup/lib/41068_ignition_bringup/cmd_mux
[11.841s] -- Up-to-date: /home/rian/git/RS1-Group5/41068_ws/src/41068_ignition_bringup/install/41068_ignition_bringup/lib/41068_ignition_bringup/manual_driver
[11.841s] -- Installing: /home/rian/git/RS1-Group5/41068_ws/src/41068_ignition_bringup/install/41068_ignition_bringup/lib/41068_ignition_bringup/mode_manager
[11.843s] -- Set runtime path of "/home/rian/git/RS1-Group5/41068_ws/src/41068_ignition_bringup/install/41068_ignition_bringup/lib/41068_ignition_bringup/mode_manager" to ""
[11.843s] -- Installing: /home/rian/git/RS1-Group5/41068_ws/src/41068_ignition_bringup/install/41068_ignition_bringup/lib/41068_ignition_bringup/waypoint_follower_3d
[11.847s] -- Set runtime path of "/home/rian/git/RS1-Group5/41068_ws/src/41068_ignition_bringup/install/41068_ignition_bringup/lib/41068_ignition_bringup/waypoint_follower_3d" to ""
[11.847s] -- Installing: /home/rian/git/RS1-Group5/41068_ws/src/41068_ignition_bringup/install/41068_ignition_bringup/lib/41068_ignition_bringup/command_adapter_mavros
[11.849s] -- Set runtime path of "/home/rian/git/RS1-Group5/41068_ws/src/41068_ignition_bringup/install/41068_ignition_bringup/lib/41068_ignition_bringup/command_adapter_mavros" to ""
[11.849s] -- Up-to-date: /home/rian/git/RS1-Group5/41068_ws/src/41068_ignition_bringup/install/41068_ignition_bringup/share/41068_ignition_bringup/config
[11.849s] -- Up-to-date: /home/rian/git/RS1-Group5/41068_ws/src/41068_ignition_bringup/install/41068_ignition_bringup/share/41068_ignition_bringup/config/41068.rviz
[11.849s] -- Up-to-date: /home/rian/git/RS1-Group5/41068_ws/src/41068_ignition_bringup/install/41068_ignition_bringup/share/41068_ignition_bringup/config/robot_localization.yaml
[11.849s] -- Up-to-date: /home/rian/git/RS1-Group5/41068_ws/src/41068_ignition_bringup/install/41068_ignition_bringup/share/41068_ignition_bringup/config/gazebo_bridge.yaml
[11.849s] -- Installing: /home/rian/git/RS1-Group5/41068_ws/src/41068_ignition_bringup/install/41068_ignition_bringup/share/41068_ignition_bringup/config/twist_mux.yaml
[11.849s] -- Up-to-date: /home/rian/git/RS1-Group5/41068_ws/src/41068_ignition_bringup/install/41068_ignition_bringup/share/41068_ignition_bringup/config/nav2_params.yaml
[11.849s] -- Up-to-date: /home/rian/git/RS1-Group5/41068_ws/src/41068_ignition_bringup/install/41068_ignition_bringup/share/41068_ignition_bringup/config/slam_params.yaml
[11.849s] -- Up-to-date: /home/rian/git/RS1-Group5/41068_ws/src/41068_ignition_bringup/install/41068_ignition_bringup/share/41068_ignition_bringup/launch
[11.849s] -- Up-to-date: /home/rian/git/RS1-Group5/41068_ws/src/41068_ignition_bringup/install/41068_ignition_bringup/share/41068_ignition_bringup/launch/41068_navigation.launch.py
[11.850s] -- Up-to-date: /home/rian/git/RS1-Group5/41068_ws/src/41068_ignition_bringup/install/41068_ignition_bringup/share/41068_ignition_bringup/launch/41068_ignition.launch.py
[11.850s] -- Installing: /home/rian/git/RS1-Group5/41068_ws/src/41068_ignition_bringup/install/41068_ignition_bringup/share/41068_ignition_bringup/launch/41068_ignition_drone.launch.py
[11.850s] -- Up-to-date: /home/rian/git/RS1-Group5/41068_ws/src/41068_ignition_bringup/install/41068_ignition_bringup/share/41068_ignition_bringup/models
[11.850s] -- Up-to-date: /home/rian/git/RS1-Group5/41068_ws/src/41068_ignition_bringup/install/41068_ignition_bringup/share/41068_ignition_bringup/models/forest_plane
[11.850s] -- Up-to-date: /home/rian/git/RS1-Group5/41068_ws/src/41068_ignition_bringup/install/41068_ignition_bringup/share/41068_ignition_bringup/models/forest_plane/model.sdf
[11.850s] -- Up-to-date: /home/rian/git/RS1-Group5/41068_ws/src/41068_ignition_bringup/install/41068_ignition_bringup/share/41068_ignition_bringup/models/forest_plane/model.config
[11.850s] -- Up-to-date: /home/rian/git/RS1-Group5/41068_ws/src/41068_ignition_bringup/install/41068_ignition_bringup/share/41068_ignition_bringup/models/forest_plane/materials
[11.850s] -- Up-to-date: /home/rian/git/RS1-Group5/41068_ws/src/41068_ignition_bringup/install/41068_ignition_bringup/share/41068_ignition_bringup/models/forest_plane/materials/textures
[11.850s] -- Up-to-date: /home/rian/git/RS1-Group5/41068_ws/src/41068_ignition_bringup/install/41068_ignition_bringup/share/41068_ignition_bringup/models/forest_plane/materials/textures/leaf_litter.png
[11.850s] -- Up-to-date: /home/rian/git/RS1-Group5/41068_ws/src/41068_ignition_bringup/install/41068_ignition_bringup/share/41068_ignition_bringup/models/forest_plane/materials/textures/empty_grass.png
[11.850s] -- Up-to-date: /home/rian/git/RS1-Group5/41068_ws/src/41068_ignition_bringup/install/41068_ignition_bringup/share/41068_ignition_bringup/models/forest_plane/materials/textures/forest_overhead.png
[11.850s] -- Up-to-date: /home/rian/git/RS1-Group5/41068_ws/src/41068_ignition_bringup/install/41068_ignition_bringup/share/41068_ignition_bringup/models/forest_plane/materials/textures/Map.png
[11.850s] -- Up-to-date: /home/rian/git/RS1-Group5/41068_ws/src/41068_ignition_bringup/install/41068_ignition_bringup/share/41068_ignition_bringup/models/grass_plane
[11.850s] -- Up-to-date: /home/rian/git/RS1-Group5/41068_ws/src/41068_ignition_bringup/install/41068_ignition_bringup/share/41068_ignition_bringup/models/grass_plane/model.sdf
[11.850s] -- Up-to-date: /home/rian/git/RS1-Group5/41068_ws/src/41068_ignition_bringup/install/41068_ignition_bringup/share/41068_ignition_bringup/models/grass_plane/model.config
[11.850s] -- Up-to-date: /home/rian/git/RS1-Group5/41068_ws/src/41068_ignition_bringup/install/41068_ignition_bringup/share/41068_ignition_bringup/models/grass_plane/materials
[11.850s] -- Up-to-date: /home/rian/git/RS1-Group5/41068_ws/src/41068_ignition_bringup/install/41068_ignition_bringup/share/41068_ignition_bringup/models/grass_plane/materials/textures
[11.850s] -- Up-to-date: /home/rian/git/RS1-Group5/41068_ws/src/41068_ignition_bringup/install/41068_ignition_bringup/share/41068_ignition_bringup/models/grass_plane/materials/textures/empty_grass.png
[11.850s] -- Up-to-date: /home/rian/git/RS1-Group5/41068_ws/src/41068_ignition_bringup/install/41068_ignition_bringup/share/41068_ignition_bringup/models/forest_terrain
[11.851s] -- Up-to-date: /home/rian/git/RS1-Group5/41068_ws/src/41068_ignition_bringup/install/41068_ignition_bringup/share/41068_ignition_bringup/models/forest_terrain/model.sdf
[11.851s] -- Up-to-date: /home/rian/git/RS1-Group5/41068_ws/src/41068_ignition_bringup/install/41068_ignition_bringup/share/41068_ignition_bringup/models/forest_terrain/install
[11.851s] -- Up-to-date: /home/rian/git/RS1-Group5/41068_ws/src/41068_ignition_bringup/install/41068_ignition_bringup/share/41068_ignition_bringup/models/forest_terrain/install/setup.zsh
[11.851s] -- Up-to-date: /home/rian/git/RS1-Group5/41068_ws/src/41068_ignition_bringup/install/41068_ignition_bringup/share/41068_ignition_bringup/models/forest_terrain/install/local_setup.ps1
[11.851s] -- Up-to-date: /home/rian/git/RS1-Group5/41068_ws/src/41068_ignition_bringup/install/41068_ignition_bringup/share/41068_ignition_bringup/models/forest_terrain/install/_local_setup_util_ps1.py
[11.851s] -- Up-to-date: /home/rian/git/RS1-Group5/41068_ws/src/41068_ignition_bringup/install/41068_ignition_bringup/share/41068_ignition_bringup/models/forest_terrain/install/.colcon_install_layout
[11.851s] -- Up-to-date: /home/rian/git/RS1-Group5/41068_ws/src/41068_ignition_bringup/install/41068_ignition_bringup/share/41068_ignition_bringup/models/forest_terrain/install/local_setup.sh
[11.851s] -- Up-to-date: /home/rian/git/RS1-Group5/41068_ws/src/41068_ignition_bringup/install/41068_ignition_bringup/share/41068_ignition_bringup/models/forest_terrain/install/setup.ps1
[11.851s] -- Up-to-date: /home/rian/git/RS1-Group5/41068_ws/src/41068_ignition_bringup/install/41068_ignition_bringup/share/41068_ignition_bringup/models/forest_terrain/install/local_setup.zsh
[11.851s] -- Up-to-date: /home/rian/git/RS1-Group5/41068_ws/src/41068_ignition_bringup/install/41068_ignition_bringup/share/41068_ignition_bringup/models/forest_terrain/install/setup.sh
[11.851s] -- Up-to-date: /home/rian/git/RS1-Group5/41068_ws/src/41068_ignition_bringup/install/41068_ignition_bringup/share/41068_ignition_bringup/models/forest_terrain/install/setup.bash
[11.851s] -- Up-to-date: /home/rian/git/RS1-Group5/41068_ws/src/41068_ignition_bringup/install/41068_ignition_bringup/share/41068_ignition_bringup/models/forest_terrain/install/COLCON_IGNORE
[11.851s] -- Up-to-date: /home/rian/git/RS1-Group5/41068_ws/src/41068_ignition_bringup/install/41068_ignition_bringup/share/41068_ignition_bringup/models/forest_terrain/install/local_setup.bash
[11.851s] -- Up-to-date: /home/rian/git/RS1-Group5/41068_ws/src/41068_ignition_bringup/install/41068_ignition_bringup/share/41068_ignition_bringup/models/forest_terrain/install/_local_setup_util_sh.py
[11.851s] -- Up-to-date: /home/rian/git/RS1-Group5/41068_ws/src/41068_ignition_bringup/install/41068_ignition_bringup/share/41068_ignition_bringup/models/forest_terrain/log
[11.851s] -- Up-to-date: /home/rian/git/RS1-Group5/41068_ws/src/41068_ignition_bringup/install/41068_ignition_bringup/share/41068_ignition_bringup/models/forest_terrain/log/build_2025-08-27_19-31-27
[11.851s] -- Up-to-date: /home/rian/git/RS1-Group5/41068_ws/src/41068_ignition_bringup/install/41068_ignition_bringup/share/41068_ignition_bringup/models/forest_terrain/log/build_2025-08-27_19-31-27/logger_all.log
[11.851s] -- Up-to-date: /home/rian/git/RS1-Group5/41068_ws/src/41068_ignition_bringup/install/41068_ignition_bringup/share/41068_ignition_bringup/models/forest_terrain/log/build_2025-08-27_19-31-27/events.log
[11.851s] -- Up-to-date: /home/rian/git/RS1-Group5/41068_ws/src/41068_ignition_bringup/install/41068_ignition_bringup/share/41068_ignition_bringup/models/forest_terrain/log/COLCON_IGNORE
[11.851s] -- Up-to-date: /home/rian/git/RS1-Group5/41068_ws/src/41068_ignition_bringup/install/41068_ignition_bringup/share/41068_ignition_bringup/models/forest_terrain/log/build_2025-08-28_15-02-25
[11.851s] -- Up-to-date: /home/rian/git/RS1-Group5/41068_ws/src/41068_ignition_bringup/install/41068_ignition_bringup/share/41068_ignition_bringup/models/forest_terrain/log/build_2025-08-28_15-02-25/logger_all.log
[11.851s] -- Up-to-date: /home/rian/git/RS1-Group5/41068_ws/src/41068_ignition_bringup/install/41068_ignition_bringup/share/41068_ignition_bringup/models/forest_terrain/log/build_2025-08-28_15-02-25/events.log
[11.851s] -- Up-to-date: /home/rian/git/RS1-Group5/41068_ws/src/41068_ignition_bringup/install/41068_ignition_bringup/share/41068_ignition_bringup/models/forest_terrain/log/latest_build
[11.851s] -- Up-to-date: /home/rian/git/RS1-Group5/41068_ws/src/41068_ignition_bringup/install/41068_ignition_bringup/share/41068_ignition_bringup/models/forest_terrain/log/latest
[11.851s] -- Up-to-date: /home/rian/git/RS1-Group5/41068_ws/src/41068_ignition_bringup/install/41068_ignition_bringup/share/41068_ignition_bringup/models/forest_terrain/log/build_2025-08-28_14-08-20
[11.852s] -- Up-to-date: /home/rian/git/RS1-Group5/41068_ws/src/41068_ignition_bringup/install/41068_ignition_bringup/share/41068_ignition_bringup/models/forest_terrain/log/build_2025-08-28_14-08-20/logger_all.log
[11.852s] -- Up-to-date: /home/rian/git/RS1-Group5/41068_ws/src/41068_ignition_bringup/install/41068_ignition_bringup/share/41068_ignition_bringup/models/forest_terrain/log/build_2025-08-28_14-08-20/events.log
[11.852s] -- Up-to-date: /home/rian/git/RS1-Group5/41068_ws/src/41068_ignition_bringup/install/41068_ignition_bringup/share/41068_ignition_bringup/models/forest_terrain/model.config
[11.852s] -- Up-to-date: /home/rian/git/RS1-Group5/41068_ws/src/41068_ignition_bringup/install/41068_ignition_bringup/share/41068_ignition_bringup/models/forest_terrain/build
[11.852s] -- Up-to-date: /home/rian/git/RS1-Group5/41068_ws/src/41068_ignition_bringup/install/41068_ignition_bringup/share/41068_ignition_bringup/models/forest_terrain/build/.built_by
[11.852s] -- Up-to-date: /home/rian/git/RS1-Group5/41068_ws/src/41068_ignition_bringup/install/41068_ignition_bringup/share/41068_ignition_bringup/models/forest_terrain/build/COLCON_IGNORE
[11.852s] -- Up-to-date: /home/rian/git/RS1-Group5/41068_ws/src/41068_ignition_bringup/install/41068_ignition_bringup/share/41068_ignition_bringup/models/forest_terrain/materials
[11.852s] -- Up-to-date: /home/rian/git/RS1-Group5/41068_ws/src/41068_ignition_bringup/install/41068_ignition_bringup/share/41068_ignition_bringup/models/forest_terrain/materials/textures
[11.852s] -- Up-to-date: /home/rian/git/RS1-Group5/41068_ws/src/41068_ignition_bringup/install/41068_ignition_bringup/share/41068_ignition_bringup/models/forest_terrain/materials/textures/Elevated_Terrain_Test.dae
[11.852s] -- Up-to-date: /home/rian/git/RS1-Group5/41068_ws/src/41068_ignition_bringup/install/41068_ignition_bringup/share/41068_ignition_bringup/models/forest_terrain/materials/textures/model.sdf
[11.852s] -- Up-to-date: /home/rian/git/RS1-Group5/41068_ws/src/41068_ignition_bringup/install/41068_ignition_bringup/share/41068_ignition_bringup/models/forest_terrain/materials/textures/forest_overhead.png
[11.852s] -- Up-to-date: /home/rian/git/RS1-Group5/41068_ws/src/41068_ignition_bringup/install/41068_ignition_bringup/share/41068_ignition_bringup/models/forest_terrain/materials/textures/Elevated_Terrain_Test.fbm
[11.852s] -- Up-to-date: /home/rian/git/RS1-Group5/41068_ws/src/41068_ignition_bringup/install/41068_ignition_bringup/share/41068_ignition_bringup/models/forest_terrain/materials/textures/Elevated_Terrain_Test.fbm/forest_overhead.png
[11.852s] -- Up-to-date: /home/rian/git/RS1-Group5/41068_ws/src/41068_ignition_bringup/install/41068_ignition_bringup/share/41068_ignition_bringup/models/forest_terrain/materials/textures/model.config
[11.852s] -- Up-to-date: /home/rian/git/RS1-Group5/41068_ws/src/41068_ignition_bringup/install/41068_ignition_bringup/share/41068_ignition_bringup/models/forest_terrain/materials/textures/Elevated_Terrain_Test.fbx
[11.852s] -- Up-to-date: /home/rian/git/RS1-Group5/41068_ws/src/41068_ignition_bringup/install/41068_ignition_bringup/share/41068_ignition_bringup/models/forest_wall
[11.852s] -- Up-to-date: /home/rian/git/RS1-Group5/41068_ws/src/41068_ignition_bringup/install/41068_ignition_bringup/share/41068_ignition_bringup/models/forest_wall/model.sdf
[11.852s] -- Up-to-date: /home/rian/git/RS1-Group5/41068_ws/src/41068_ignition_bringup/install/41068_ignition_bringup/share/41068_ignition_bringup/models/forest_wall/model.config
[11.852s] -- Up-to-date: /home/rian/git/RS1-Group5/41068_ws/src/41068_ignition_bringup/install/41068_ignition_bringup/share/41068_ignition_bringup/models/forest_wall/materials
[11.852s] -- Up-to-date: /home/rian/git/RS1-Group5/41068_ws/src/41068_ignition_bringup/install/41068_ignition_bringup/share/41068_ignition_bringup/models/forest_wall/materials/textures
[11.852s] -- Up-to-date: /home/rian/git/RS1-Group5/41068_ws/src/41068_ignition_bringup/install/41068_ignition_bringup/share/41068_ignition_bringup/models/forest_wall/materials/textures/forest_wall.png
[11.852s] -- Up-to-date: /home/rian/git/RS1-Group5/41068_ws/src/41068_ignition_bringup/install/41068_ignition_bringup/share/41068_ignition_bringup/models/forest_wall/materials/textures/forest_wall_transparent_small.png
[11.853s] -- Up-to-date: /home/rian/git/RS1-Group5/41068_ws/src/41068_ignition_bringup/install/41068_ignition_bringup/share/41068_ignition_bringup/models/forest_wall/materials/textures/forest_wall_transparent.png
[11.853s] -- Up-to-date: /home/rian/git/RS1-Group5/41068_ws/src/41068_ignition_bringup/install/41068_ignition_bringup/share/41068_ignition_bringup/urdf
[11.853s] -- Up-to-date: /home/rian/git/RS1-Group5/41068_ws/src/41068_ignition_bringup/install/41068_ignition_bringup/share/41068_ignition_bringup/urdf/husky.urdf.xacro
[11.853s] -- Up-to-date: /home/rian/git/RS1-Group5/41068_ws/src/41068_ignition_bringup/install/41068_ignition_bringup/share/41068_ignition_bringup/urdf/wheel.urdf.xacro
[11.853s] -- Up-to-date: /home/rian/git/RS1-Group5/41068_ws/src/41068_ignition_bringup/install/41068_ignition_bringup/share/41068_ignition_bringup/urdf/meshes
[11.853s] -- Up-to-date: /home/rian/git/RS1-Group5/41068_ws/src/41068_ignition_bringup/install/41068_ignition_bringup/share/41068_ignition_bringup/urdf/meshes/top_plate.dae
[11.853s] -- Up-to-date: /home/rian/git/RS1-Group5/41068_ws/src/41068_ignition_bringup/install/41068_ignition_bringup/share/41068_ignition_bringup/urdf/meshes/bumper.dae
[11.853s] -- Up-to-date: /home/rian/git/RS1-Group5/41068_ws/src/41068_ignition_bringup/install/41068_ignition_bringup/share/41068_ignition_bringup/urdf/meshes/top_chassis.dae
[11.853s] -- Up-to-date: /home/rian/git/RS1-Group5/41068_ws/src/41068_ignition_bringup/install/41068_ignition_bringup/share/41068_ignition_bringup/urdf/meshes/jpl04_arch_nosensor.stl
[11.853s] -- Up-to-date: /home/rian/git/RS1-Group5/41068_ws/src/41068_ignition_bringup/install/41068_ignition_bringup/share/41068_ignition_bringup/urdf/meshes/wheel.dae
[11.853s] -- Up-to-date: /home/rian/git/RS1-Group5/41068_ws/src/41068_ignition_bringup/install/41068_ignition_bringup/share/41068_ignition_bringup/urdf/meshes/base_link.dae
[11.853s] -- Up-to-date: /home/rian/git/RS1-Group5/41068_ws/src/41068_ignition_bringup/install/41068_ignition_bringup/share/41068_ignition_bringup/urdf/husky.gazebo.xacro
[11.853s] -- Up-to-date: /home/rian/git/RS1-Group5/41068_ws/src/41068_ignition_bringup/install/41068_ignition_bringup/share/41068_ignition_bringup/urdf/common_properties.urdf.xacro
[11.853s] -- Up-to-date: /home/rian/git/RS1-Group5/41068_ws/src/41068_ignition_bringup/install/41068_ignition_bringup/share/41068_ignition_bringup/worlds
[11.853s] -- Up-to-date: /home/rian/git/RS1-Group5/41068_ws/src/41068_ignition_bringup/install/41068_ignition_bringup/share/41068_ignition_bringup/worlds/simple_trees.sdf
[11.853s] -- Up-to-date: /home/rian/git/RS1-Group5/41068_ws/src/41068_ignition_bringup/install/41068_ignition_bringup/share/41068_ignition_bringup/worlds/large_demo.sdf
[11.853s] -- Up-to-date: /home/rian/git/RS1-Group5/41068_ws/src/41068_ignition_bringup/install/41068_ignition_bringup/share/41068_ignition_bringup/urdf_drone
[11.853s] -- Up-to-date: /home/rian/git/RS1-Group5/41068_ws/src/41068_ignition_bringup/install/41068_ignition_bringup/share/41068_ignition_bringup/urdf_drone/meshes
[11.853s] -- Up-to-date: /home/rian/git/RS1-Group5/41068_ws/src/41068_ignition_bringup/install/41068_ignition_bringup/share/41068_ignition_bringup/urdf_drone/meshes/propeller_fr.dae
[11.853s] -- Up-to-date: /home/rian/git/RS1-Group5/41068_ws/src/41068_ignition_bringup/install/41068_ignition_bringup/share/41068_ignition_bringup/urdf_drone/meshes/hull.dae
[11.853s] -- Up-to-date: /home/rian/git/RS1-Group5/41068_ws/src/41068_ignition_bringup/install/41068_ignition_bringup/share/41068_ignition_bringup/urdf_drone/meshes/propeller_fl.dae
[11.853s] -- Up-to-date: /home/rian/git/RS1-Group5/41068_ws/src/41068_ignition_bringup/install/41068_ignition_bringup/share/41068_ignition_bringup/urdf_drone/meshes/propeller_rl.dae
[11.853s] -- Up-to-date: /home/rian/git/RS1-Group5/41068_ws/src/41068_ignition_bringup/install/41068_ignition_bringup/share/41068_ignition_bringup/urdf_drone/meshes/propeller_rr.dae
[11.853s] -- Up-to-date: /home/rian/git/RS1-Group5/41068_ws/src/41068_ignition_bringup/install/41068_ignition_bringup/share/41068_ignition_bringup/urdf_drone/thumbnails
[11.853s] -- Up-to-date: /home/rian/git/RS1-Group5/41068_ws/src/41068_ignition_bringup/install/41068_ignition_bringup/share/41068_ignition_bringup/urdf_drone/thumbnails/4.png
[11.853s] -- Up-to-date: /home/rian/git/RS1-Group5/41068_ws/src/41068_ignition_bringup/install/41068_ignition_bringup/share/41068_ignition_bringup/urdf_drone/thumbnails/3.png
[11.853s] -- Up-to-date: /home/rian/git/RS1-Group5/41068_ws/src/41068_ignition_bringup/install/41068_ignition_bringup/share/41068_ignition_bringup/urdf_drone/thumbnails/2.png
[11.853s] -- Up-to-date: /home/rian/git/RS1-Group5/41068_ws/src/41068_ignition_bringup/install/41068_ignition_bringup/share/41068_ignition_bringup/urdf_drone/thumbnails/5.png
[11.853s] -- Up-to-date: /home/rian/git/RS1-Group5/41068_ws/src/41068_ignition_bringup/install/41068_ignition_bringup/share/41068_ignition_bringup/urdf_drone/thumbnails/1.png
[11.854s] -- Up-to-date: /home/rian/git/RS1-Group5/41068_ws/src/41068_ignition_bringup/install/41068_ignition_bringup/share/41068_ignition_bringup/urdf_drone/model.sdf
[11.854s] -- Up-to-date: /home/rian/git/RS1-Group5/41068_ws/src/41068_ignition_bringup/install/41068_ignition_bringup/share/41068_ignition_bringup/urdf_drone/common_properties.urdf.xacro
[11.854s] -- Up-to-date: /home/rian/git/RS1-Group5/41068_ws/src/41068_ignition_bringup/install/41068_ignition_bringup/share/41068_ignition_bringup/urdf_drone/parrot.urdf.xacro
[11.854s] -- Up-to-date: /home/rian/git/RS1-Group5/41068_ws/src/41068_ignition_bringup/install/41068_ignition_bringup/share/41068_ignition_bringup/urdf_drone/model.config
[11.854s] -- Up-to-date: /home/rian/git/RS1-Group5/41068_ws/src/41068_ignition_bringup/install/41068_ignition_bringup/share/41068_ignition_bringup/urdf_drone/parrot.gazebo.xacro
[11.854s] -- Up-to-date: /home/rian/git/RS1-Group5/41068_ws/src/41068_ignition_bringup/install/41068_ignition_bringup/share/ament_index/resource_index/package_run_dependencies/41068_ignition_bringup
[11.854s] -- Installing: /home/rian/git/RS1-Group5/41068_ws/src/41068_ignition_bringup/install/41068_ignition_bringup/share/ament_index/resource_index/parent_prefix_path/41068_ignition_bringup
[11.854s] -- Up-to-date: /home/rian/git/RS1-Group5/41068_ws/src/41068_ignition_bringup/install/41068_ignition_bringup/share/41068_ignition_bringup/environment/ament_prefix_path.sh
[11.854s] -- Installing: /home/rian/git/RS1-Group5/41068_ws/src/41068_ignition_bringup/install/41068_ignition_bringup/share/41068_ignition_bringup/environment/ament_prefix_path.dsv
[11.854s] -- Up-to-date: /home/rian/git/RS1-Group5/41068_ws/src/41068_ignition_bringup/install/41068_ignition_bringup/share/41068_ignition_bringup/environment/path.sh
[11.854s] -- Installing: /home/rian/git/RS1-Group5/41068_ws/src/41068_ignition_bringup/install/41068_ignition_bringup/share/41068_ignition_bringup/environment/path.dsv
[11.854s] -- Up-to-date: /home/rian/git/RS1-Group5/41068_ws/src/41068_ignition_bringup/install/41068_ignition_bringup/share/41068_ignition_bringup/local_setup.bash
[11.854s] -- Up-to-date: /home/rian/git/RS1-Group5/41068_ws/src/41068_ignition_bringup/install/41068_ignition_bringup/share/41068_ignition_bringup/local_setup.sh
[11.854s] -- Up-to-date: /home/rian/git/RS1-Group5/41068_ws/src/41068_ignition_bringup/install/41068_ignition_bringup/share/41068_ignition_bringup/local_setup.zsh
[11.854s] -- Installing: /home/rian/git/RS1-Group5/41068_ws/src/41068_ignition_bringup/install/41068_ignition_bringup/share/41068_ignition_bringup/local_setup.dsv
[11.854s] -- Installing: /home/rian/git/RS1-Group5/41068_ws/src/41068_ignition_bringup/install/41068_ignition_bringup/share/41068_ignition_bringup/package.dsv
[11.854s] -- Up-to-date: /home/rian/git/RS1-Group5/41068_ws/src/41068_ignition_bringup/install/41068_ignition_bringup/share/ament_index/resource_index/packages/41068_ignition_bringup
[11.854s] -- Up-to-date: /home/rian/git/RS1-Group5/41068_ws/src/41068_ignition_bringup/install/41068_ignition_bringup/share/41068_ignition_bringup/cmake/41068_ignition_bringupConfig.cmake
[11.854s] -- Up-to-date: /home/rian/git/RS1-Group5/41068_ws/src/41068_ignition_bringup/install/41068_ignition_bringup/share/41068_ignition_bringup/cmake/41068_ignition_bringupConfig-version.cmake
[11.854s] -- Up-to-date: /home/rian/git/RS1-Group5/41068_ws/src/41068_ignition_bringup/install/41068_ignition_bringup/share/41068_ignition_bringup/package.xml
[11.855s] Invoked command in '/home/rian/git/RS1-Group5/41068_ws/src/41068_ignition_bringup/build/41068_ignition_bringup' returned '0': CMAKE_PREFIX_PATH=${CMAKE_PREFIX_PATH}:/opt/ros/humble /usr/bin/cmake --install /home/rian/git/RS1-Group5/41068_ws/src/41068_ignition_bringup/build/41068_ignition_bringup
