[0.028s] Invoking command in '/home/jun/git/Robotics-Studio-1/41068_ws/src/build/41068_ignition_bringup': CMAKE_PREFIX_PATH=${CMAKE_PREFIX_PATH}:/opt/ros/humble /usr/bin/cmake --build /home/jun/git/Robotics-Studio-1/41068_ws/src/build/41068_ignition_bringup -- -j22 -l22
[0.087s] -- Found ament_cmake: 1.3.12 (/opt/ros/humble/share/ament_cmake/cmake)
[0.338s] -- Found rclcpp: 16.0.14 (/opt/ros/humble/share/rclcpp/cmake)
[0.416s] -- Found rosidl_generator_c: 3.1.7 (/opt/ros/humble/share/rosidl_generator_c/cmake)
[0.426s] -- Found rosidl_adapter: 3.1.7 (/opt/ros/humble/share/rosidl_adapter/cmake)
[0.442s] -- Found rosidl_generator_cpp: 3.1.7 (/opt/ros/humble/share/rosidl_generator_cpp/cmake)
[0.469s] -- Using all available rosidl_typesupport_c: rosidl_typesupport_fastrtps_c;rosidl_typesupport_introspection_c
[0.499s] -- Using all available rosidl_typesupport_cpp: rosidl_typesupport_fastrtps_cpp;rosidl_typesupport_introspection_cpp
[0.563s] -- Found rmw_implementation_cmake: 6.1.2 (/opt/ros/humble/share/rmw_implementation_cmake/cmake)
[0.566s] -- Found rmw_fastrtps_cpp: 6.2.8 (/opt/ros/humble/share/rmw_fastrtps_cpp/cmake)
[0.808s] -- Using RMW implementation 'rmw_fastrtps_cpp' as default
[0.945s] -- Found geometry_msgs: 4.9.0 (/opt/ros/humble/share/geometry_msgs/cmake)
[0.974s] -- Found nav_msgs: 4.9.0 (/opt/ros/humble/share/nav_msgs/cmake)
[1.020s] -- Found visualization_msgs: 4.9.0 (/opt/ros/humble/share/visualization_msgs/cmake)
[1.107s] -- Found tf2: 0.25.15 (/opt/ros/humble/share/tf2/cmake)
[1.129s] -- Found tf2_ros: 0.25.15 (/opt/ros/humble/share/tf2_ros/cmake)
[1.340s] -- Found tf2_geometry_msgs: 0.25.15 (/opt/ros/humble/share/tf2_geometry_msgs/cmake)
[1.371s] -- Found eigen3_cmake_module: 0.1.1 (/opt/ros/humble/share/eigen3_cmake_module/cmake)
[1.373s] -- Found Eigen3: TRUE (found version "3.4.0") 
[1.373s] -- Ensuring Eigen3 include directory is part of orocos-kdl CMake target
[1.387s] -- Found ament_lint_auto: 0.12.14 (/opt/ros/humble/share/ament_lint_auto/cmake)
[1.490s] WARNING: Package name "41068_ignition_bringup" does not follow the naming conventions. It should start with a lower case letter and only contain lower case letters, digits, underscores, and dashes.
[1.536s] -- Added test 'copyright' to check source files copyright and LICENSE
[1.576s] -- Added test 'cppcheck' to perform static code analysis on C / C++ code
[1.577s] -- Configured cppcheck include dirs: 
[1.577s] -- Configured cppcheck exclude dirs and/or files: 
[1.620s] -- Added test 'cpplint' to check C / C++ code against the Google style
[1.620s] -- Configured cpplint exclude dirs and/or files: 
[1.625s] -- Added test 'flake8' to check Python code syntax and style conventions
[1.634s] -- Added test 'lint_cmake' to check CMake code style
[1.640s] -- Added test 'pep257' to check Python code against some of the docstring style conventions in PEP 257
[1.672s] -- Added test 'uncrustify' to check C / C++ code style
[1.673s] -- Configured uncrustify additional arguments: 
[1.677s] -- Added test 'xmllint' to check XML markup files
[1.679s] -- Configuring done
[1.721s] -- Generating done
[1.742s] -- Build files have been written to: /home/jun/git/Robotics-Studio-1/41068_ws/src/build/41068_ignition_bringup
[1.799s] [35m[1mConsolidate compiler generated dependencies of target waypoint_follower[0m
[1.801s] [35m[1mConsolidate compiler generated dependencies of target waypoint_manager[0m
[1.826s] [ 16%] [32mBuilding CXX object CMakeFiles/map_waypoint_manager.dir/src/map_waypoint_manager.cpp.o[0m
[1.829s] [ 33%] [32mBuilding CXX object CMakeFiles/waypoint_follower.dir/src/main.cpp.o[0m
[1.845s] [ 50%] [32mBuilding CXX object CMakeFiles/waypoint_manager.dir/src/waypoint_manager.cpp.o[0m
[6.356s] [01m[K/home/jun/git/Robotics-Studio-1/41068_ws/src/41068_ignition_bringup/src/waypoint_manager.cpp:[m[K In constructor ‘[01m[KWaypointManager::WaypointManager()[m[K’:
[6.357s] [01m[K/home/jun/git/Robotics-Studio-1/41068_ws/src/41068_ignition_bringup/src/waypoint_manager.cpp:51:5:[m[K [01;35m[Kwarning: [m[Kmissing initializer for member ‘[01m[KWP::yaw[m[K’ [[01;35m[K]8;;https://gcc.gnu.org/onlinedocs/gcc/Warning-Options.html#index-Wmissing-field-initializers-Wmissing-field-initializers]8;;[m[K]
[6.357s]    51 |     [01;35m[K}[m[K;
[6.357s]       |     [01;35m[K^[m[K
[19.841s] [ 66%] [32m[1mLinking CXX executable waypoint_manager[0m
[20.818s] [ 66%] Built target waypoint_manager
[26.026s] [ 83%] [32m[1mLinking CXX executable waypoint_follower[0m
[27.127s] [ 83%] Built target waypoint_follower
[27.645s] [100%] [32m[1mLinking CXX executable map_waypoint_manager[0m
[28.934s] [100%] Built target map_waypoint_manager
