-- Found ament_cmake: 1.3.12 (/opt/ros/humble/share/ament_cmake/cmake)
-- Override CMake install command with custom implementation using symlinks instead of copying resources
-- Found rclcpp: 16.0.14 (/opt/ros/humble/share/rclcpp/cmake)
-- Found rosidl_generator_c: 3.1.7 (/opt/ros/humble/share/rosidl_generator_c/cmake)
-- Found rosidl_adapter: 3.1.7 (/opt/ros/humble/share/rosidl_adapter/cmake)
-- Found rosidl_generator_cpp: 3.1.7 (/opt/ros/humble/share/rosidl_generator_cpp/cmake)
-- Using all available rosidl_typesupport_c: rosidl_typesupport_fastrtps_c;rosidl_typesupport_introspection_c
-- Using all available rosidl_typesupport_cpp: rosidl_typesupport_fastrtps_cpp;rosidl_typesupport_introspection_cpp
-- Found rmw_implementation_cmake: 6.1.2 (/opt/ros/humble/share/rmw_implementation_cmake/cmake)
-- Found rmw_cyclonedds_cpp: 1.3.4 (/opt/ros/humble/share/rmw_cyclonedds_cpp/cmake)
-- Using RMW implementation 'rmw_cyclonedds_cpp' as default
-- Found geometry_msgs: 4.9.0 (/opt/ros/humble/share/geometry_msgs/cmake)
-- Found nav_msgs: 4.9.0 (/opt/ros/humble/share/nav_msgs/cmake)
-- Found visualization_msgs: 4.9.0 (/opt/ros/humble/share/visualization_msgs/cmake)
-- Found tf2: 0.25.15 (/opt/ros/humble/share/tf2/cmake)
-- Found tf2_ros: 0.25.15 (/opt/ros/humble/share/tf2_ros/cmake)
-- Found tf2_geometry_msgs: 0.25.15 (/opt/ros/humble/share/tf2_geometry_msgs/cmake)
-- Found eigen3_cmake_module: 0.1.1 (/opt/ros/humble/share/eigen3_cmake_module/cmake)
-- Ensuring Eigen3 include directory is part of orocos-kdl CMake target
-- Found cv_bridge: 3.2.1 (/opt/ros/humble/share/cv_bridge/cmake)
-- Found ament_lint_auto: 0.12.14 (/opt/ros/humble/share/ament_lint_auto/cmake)
-- Added test 'copyright' to check source files copyright and LICENSE
-- Added test 'cppcheck' to perform static code analysis on C / C++ code
-- Configured cppcheck include dirs: $<BUILD_INTERFACE:/home/jun/git/Robotics-Studio-1/41068_ws/src/41068_ignition_bringup/include>
-- Configured cppcheck exclude dirs and/or files: 
-- Added test 'cpplint' to check C / C++ code against the Google style
-- Configured cpplint exclude dirs and/or files: 
-- Added test 'flake8' to check Python code syntax and style conventions
-- Added test 'lint_cmake' to check CMake code style
-- Added test 'pep257' to check Python code against some of the docstring style conventions in PEP 257
-- Added test 'uncrustify' to check C / C++ code style
-- Configured uncrustify additional arguments: 
-- Added test 'xmllint' to check XML markup files
-- Configuring done
-- Generating done
-- Build files have been written to: /home/jun/git/Robotics-Studio-1/41068_ws/build/41068_ignition_bringup
Consolidate compiler generated dependencies of target waypoint_manager
Consolidate compiler generated dependencies of target teleop_obstacle_avoid
Consolidate compiler generated dependencies of target map_waypoint_manager
Consolidate compiler generated dependencies of target waypoint_follower
Consolidate compiler generated dependencies of target autonomous_trail_follower
Consolidate compiler generated dependencies of target manual_trail_inspector
Consolidate compiler generated dependencies of target lidar_sensing_node
[ 13%] Built target waypoint_manager
[ 20%] Building CXX object CMakeFiles/autonomous_trail_follower.dir/src/autonomous_trail_follower.cpp.o
[ 33%] Built target waypoint_follower
[ 40%] Building CXX object CMakeFiles/teleop_obstacle_avoid.dir/src/teleop_with_obstacle_avoidance.cpp.o
[ 46%] Building CXX object CMakeFiles/manual_trail_inspector.dir/src/manual_trail_inspector.cpp.o
[ 53%] Building CXX object CMakeFiles/lidar_sensing_node.dir/src/main.cpp.o
[ 60%] Building CXX object CMakeFiles/lidar_sensing_node.dir/src/lidar_sensing_node.cpp.o
[ 73%] Built target map_waypoint_manager
[ 80%] Linking CXX executable teleop_obstacle_avoid
[ 80%] Built target teleop_obstacle_avoid
[ 86%] Linking CXX executable manual_trail_inspector
[ 86%] Built target manual_trail_inspector
[ 93%] Linking CXX executable autonomous_trail_follower
[ 93%] Built target autonomous_trail_follower
