[0.022s] Invoking command in '/home/jun/git/Robotics-Studio-1/41068_ws/build/41068_ignition_bringup': CMAKE_PREFIX_PATH=${CMAKE_PREFIX_PATH}:/opt/ros/humble /usr/bin/cmake --build /home/jun/git/Robotics-Studio-1/41068_ws/build/41068_ignition_bringup -- -j22 -l22
[0.149s] -- Found ament_cmake: 1.3.12 (/opt/ros/humble/share/ament_cmake/cmake)
[0.327s] -- Override CMake install command with custom implementation using symlinks instead of copying resources
[0.345s] -- Found rclcpp: 16.0.14 (/opt/ros/humble/share/rclcpp/cmake)
[0.412s] -- Found rosidl_generator_c: 3.1.7 (/opt/ros/humble/share/rosidl_generator_c/cmake)
[0.416s] -- Found rosidl_adapter: 3.1.7 (/opt/ros/humble/share/rosidl_adapter/cmake)
[0.426s] -- Found rosidl_generator_cpp: 3.1.7 (/opt/ros/humble/share/rosidl_generator_cpp/cmake)
[0.441s] -- Using all available rosidl_typesupport_c: rosidl_typesupport_fastrtps_c;rosidl_typesupport_introspection_c
[0.464s] -- Using all available rosidl_typesupport_cpp: rosidl_typesupport_fastrtps_cpp;rosidl_typesupport_introspection_cpp
[0.524s] -- Found rmw_implementation_cmake: 6.1.2 (/opt/ros/humble/share/rmw_implementation_cmake/cmake)
[0.527s] -- Found rmw_cyclonedds_cpp: 1.3.4 (/opt/ros/humble/share/rmw_cyclonedds_cpp/cmake)
[0.562s] -- Using RMW implementation 'rmw_cyclonedds_cpp' as default
[0.645s] -- Found geometry_msgs: 4.9.0 (/opt/ros/humble/share/geometry_msgs/cmake)
[0.666s] -- Found nav_msgs: 4.9.0 (/opt/ros/humble/share/nav_msgs/cmake)
[0.694s] -- Found visualization_msgs: 4.9.0 (/opt/ros/humble/share/visualization_msgs/cmake)
[0.760s] -- Found tf2: 0.25.15 (/opt/ros/humble/share/tf2/cmake)
[0.770s] -- Found tf2_ros: 0.25.15 (/opt/ros/humble/share/tf2_ros/cmake)
[0.900s] -- Found tf2_geometry_msgs: 0.25.15 (/opt/ros/humble/share/tf2_geometry_msgs/cmake)
[0.906s] -- Found eigen3_cmake_module: 0.1.1 (/opt/ros/humble/share/eigen3_cmake_module/cmake)
[0.908s] -- Ensuring Eigen3 include directory is part of orocos-kdl CMake target
[0.911s] -- Found cv_bridge: 3.2.1 (/opt/ros/humble/share/cv_bridge/cmake)
[0.941s] -- Found ament_lint_auto: 0.12.14 (/opt/ros/humble/share/ament_lint_auto/cmake)
[1.018s] WARNING: Package name "41068_ignition_bringup" does not follow the naming conventions. It should start with a lower case letter and only contain lower case letters, digits, underscores, and dashes.
[1.048s] -- Added test 'copyright' to check source files copyright and LICENSE
[1.092s] -- Added test 'cppcheck' to perform static code analysis on C / C++ code
[1.092s] -- Configured cppcheck include dirs: $<BUILD_INTERFACE:/home/jun/git/Robotics-Studio-1/41068_ws/src/41068_ignition_bringup/include>
[1.093s] -- Configured cppcheck exclude dirs and/or files: 
[1.137s] -- Added test 'cpplint' to check C / C++ code against the Google style
[1.137s] -- Configured cpplint exclude dirs and/or files: 
[1.143s] -- Added test 'flake8' to check Python code syntax and style conventions
[1.154s] -- Added test 'lint_cmake' to check CMake code style
[1.161s] -- Added test 'pep257' to check Python code against some of the docstring style conventions in PEP 257
[1.208s] -- Added test 'uncrustify' to check C / C++ code style
[1.208s] -- Configured uncrustify additional arguments: 
[1.216s] -- Added test 'xmllint' to check XML markup files
[1.217s] -- Configuring done
[1.287s] -- Generating done
[1.304s] -- Build files have been written to: /home/jun/git/Robotics-Studio-1/41068_ws/build/41068_ignition_bringup
[1.349s] Consolidate compiler generated dependencies of target waypoint_manager
[1.349s] Consolidate compiler generated dependencies of target teleop_obstacle_avoid
[1.349s] Consolidate compiler generated dependencies of target map_waypoint_manager
[1.349s] Consolidate compiler generated dependencies of target waypoint_follower
[1.350s] Consolidate compiler generated dependencies of target autonomous_trail_follower
[1.352s] Consolidate compiler generated dependencies of target manual_trail_inspector
[1.354s] Consolidate compiler generated dependencies of target lidar_sensing_node
[1.366s] [ 13%] Built target waypoint_manager
[1.369s] [ 20%] Building CXX object CMakeFiles/autonomous_trail_follower.dir/src/autonomous_trail_follower.cpp.o
[1.369s] [ 33%] Built target waypoint_follower
[1.371s] [ 40%] Building CXX object CMakeFiles/teleop_obstacle_avoid.dir/src/teleop_with_obstacle_avoidance.cpp.o
[1.373s] [ 46%] Building CXX object CMakeFiles/manual_trail_inspector.dir/src/manual_trail_inspector.cpp.o
[1.374s] [ 53%] Building CXX object CMakeFiles/lidar_sensing_node.dir/src/main.cpp.o
[1.374s] [ 60%] Building CXX object CMakeFiles/lidar_sensing_node.dir/src/lidar_sensing_node.cpp.o
[1.375s] [ 73%] Built target map_waypoint_manager
[1.785s] /home/jun/git/Robotics-Studio-1/41068_ws/src/41068_ignition_bringup/src/main.cpp:9:10: fatal error: nav_msgs/msg/odometry.hpp: No such file or directory
[1.785s]     9 | #include "nav_msgs/msg/odometry.hpp"
[1.786s]       |          ^~~~~~~~~~~~~~~~~~~~~~~~~~~
[1.786s] compilation terminated.
[1.799s] gmake[2]: *** [CMakeFiles/lidar_sensing_node.dir/build.make:90: CMakeFiles/lidar_sensing_node.dir/src/main.cpp.o] Error 1
[1.799s] gmake[2]: *** Waiting for unfinished jobs....
[7.003s] [ 80%] Linking CXX executable teleop_obstacle_avoid
[7.254s] [ 80%] Built target teleop_obstacle_avoid
[18.732s] gmake[1]: *** [CMakeFiles/Makefile2:305: CMakeFiles/lidar_sensing_node.dir/all] Error 2
[18.733s] gmake[1]: *** Waiting for unfinished jobs....
[20.344s] [ 86%] Linking CXX executable manual_trail_inspector
[21.648s] [ 86%] Built target manual_trail_inspector
[26.660s] [ 93%] Linking CXX executable autonomous_trail_follower
[28.147s] [ 93%] Built target autonomous_trail_follower
[28.149s] gmake: *** [Makefile:146: all] Error 2
[30.004s] Invoked command in '/home/jun/git/Robotics-Studio-1/41068_ws/build/41068_ignition_bringup' returned '2': CMAKE_PREFIX_PATH=${CMAKE_PREFIX_PATH}:/opt/ros/humble /usr/bin/cmake --build /home/jun/git/Robotics-Studio-1/41068_ws/build/41068_ignition_bringup -- -j22 -l22
