[0.039s] Invoking command in '/home/jun/git/Robotics-Studio-1/41068_ws/build/41068_ignition_bringup': CMAKE_PREFIX_PATH=${CMAKE_PREFIX_PATH}:/opt/ros/humble /usr/bin/cmake --build /home/jun/git/Robotics-Studio-1/41068_ws/build/41068_ignition_bringup -- -j22 -l22
[0.150s] [ 33%] Built target waypoint_follower
[0.161s] [ 66%] Built target waypoint_manager
[0.163s] [100%] Built target map_waypoint_manager
[0.527s] Invoked command in '/home/jun/git/Robotics-Studio-1/41068_ws/build/41068_ignition_bringup' returned '0': CMAKE_PREFIX_PATH=${CMAKE_PREFIX_PATH}:/opt/ros/humble /usr/bin/cmake --build /home/jun/git/Robotics-Studio-1/41068_ws/build/41068_ignition_bringup -- -j22 -l22
[0.546s] Invoking command in '/home/jun/git/Robotics-Studio-1/41068_ws/build/41068_ignition_bringup': CMAKE_PREFIX_PATH=${CMAKE_PREFIX_PATH}:/opt/ros/humble /usr/bin/cmake --install /home/jun/git/Robotics-Studio-1/41068_ws/build/41068_ignition_bringup
[0.558s] -- Install configuration: ""
[0.558s] -- Execute custom install script
[0.559s] -- Up-to-date symlink: /home/jun/git/Robotics-Studio-1/41068_ws/install/41068_ignition_bringup/lib/41068_ignition_bringup/waypoint_follower
[0.560s] -- Up-to-date symlink: /home/jun/git/Robotics-Studio-1/41068_ws/install/41068_ignition_bringup/lib/41068_ignition_bringup/waypoint_manager
[0.560s] -- Up-to-date symlink: /home/jun/git/Robotics-Studio-1/41068_ws/install/41068_ignition_bringup/lib/41068_ignition_bringup/map_waypoint_manager
[0.560s] -- Up-to-date symlink: /home/jun/git/Robotics-Studio-1/41068_ws/install/41068_ignition_bringup/share/41068_ignition_bringup/config/41068.rviz
[0.561s] -- Up-to-date symlink: /home/jun/git/Robotics-Studio-1/41068_ws/install/41068_ignition_bringup/share/41068_ignition_bringup/config/gazebo_bridge.yaml
[0.561s] -- Up-to-date symlink: /home/jun/git/Robotics-Studio-1/41068_ws/install/41068_ignition_bringup/share/41068_ignition_bringup/config/nav2_params.yaml
[0.561s] -- Up-to-date symlink: /home/jun/git/Robotics-Studio-1/41068_ws/install/41068_ignition_bringup/share/41068_ignition_bringup/config/robot_localization.yaml
[0.561s] -- Up-to-date symlink: /home/jun/git/Robotics-Studio-1/41068_ws/install/41068_ignition_bringup/share/41068_ignition_bringup/config/slam_params.yaml
[0.562s] -- Up-to-date symlink: /home/jun/git/Robotics-Studio-1/41068_ws/install/41068_ignition_bringup/share/41068_ignition_bringup/launch/41068_ignition.launch.py
[0.562s] -- Up-to-date symlink: /home/jun/git/Robotics-Studio-1/41068_ws/install/41068_ignition_bringup/share/41068_ignition_bringup/launch/41068_navigation.launch.py
[0.563s] [33mCMake Warning (dev) at ament_cmake_symlink_install/ament_cmake_symlink_install.cmake:62 (file):
[0.563s]   Policy CMP0009 is not set: FILE GLOB_RECURSE calls should not follow
[0.563s]   symlinks by default.  Run "cmake --help-policy CMP0009" for policy details.
[0.563s]   Use the cmake_policy command to set the policy and suppress this warning.
[0.563s] Call Stack (most recent call first):
[0.563s]   ament_cmake_symlink_install/ament_cmake_symlink_install.cmake:317 (ament_cmake_symlink_install_directory)
[0.563s]   cmake_install.cmake:46 (include)
[0.564s] This warning is for project developers.  Use -Wno-dev to suppress it.
[0.564s] [0m
[0.564s] -- Up-to-date symlink: /home/jun/git/Robotics-Studio-1/41068_ws/install/41068_ignition_bringup/share/41068_ignition_bringup/models/forest_plane/materials/textures/Map.png
[0.564s] -- Up-to-date symlink: /home/jun/git/Robotics-Studio-1/41068_ws/install/41068_ignition_bringup/share/41068_ignition_bringup/models/forest_plane/materials/textures/empty_grass.png
[0.564s] -- Up-to-date symlink: /home/jun/git/Robotics-Studio-1/41068_ws/install/41068_ignition_bringup/share/41068_ignition_bringup/models/forest_plane/materials/textures/forest_overhead.png
[0.565s] -- Up-to-date symlink: /home/jun/git/Robotics-Studio-1/41068_ws/install/41068_ignition_bringup/share/41068_ignition_bringup/models/forest_plane/materials/textures/leaf_litter.png
[0.565s] -- Up-to-date symlink: /home/jun/git/Robotics-Studio-1/41068_ws/install/41068_ignition_bringup/share/41068_ignition_bringup/models/forest_plane/model.config
[0.566s] -- Up-to-date symlink: /home/jun/git/Robotics-Studio-1/41068_ws/install/41068_ignition_bringup/share/41068_ignition_bringup/models/forest_plane/model.sdf
[0.566s] -- Up-to-date symlink: /home/jun/git/Robotics-Studio-1/41068_ws/install/41068_ignition_bringup/share/41068_ignition_bringup/models/forest_terrain/build/.built_by
[0.566s] -- Up-to-date symlink: /home/jun/git/Robotics-Studio-1/41068_ws/install/41068_ignition_bringup/share/41068_ignition_bringup/models/forest_terrain/build/COLCON_IGNORE
[0.567s] -- Up-to-date symlink: /home/jun/git/Robotics-Studio-1/41068_ws/install/41068_ignition_bringup/share/41068_ignition_bringup/models/forest_terrain/install/.colcon_install_layout
[0.567s] -- Up-to-date symlink: /home/jun/git/Robotics-Studio-1/41068_ws/install/41068_ignition_bringup/share/41068_ignition_bringup/models/forest_terrain/install/COLCON_IGNORE
[0.567s] -- Up-to-date symlink: /home/jun/git/Robotics-Studio-1/41068_ws/install/41068_ignition_bringup/share/41068_ignition_bringup/models/forest_terrain/install/_local_setup_util_ps1.py
[0.567s] -- Up-to-date symlink: /home/jun/git/Robotics-Studio-1/41068_ws/install/41068_ignition_bringup/share/41068_ignition_bringup/models/forest_terrain/install/_local_setup_util_sh.py
[0.568s] -- Up-to-date symlink: /home/jun/git/Robotics-Studio-1/41068_ws/install/41068_ignition_bringup/share/41068_ignition_bringup/models/forest_terrain/install/local_setup.bash
[0.568s] -- Up-to-date symlink: /home/jun/git/Robotics-Studio-1/41068_ws/install/41068_ignition_bringup/share/41068_ignition_bringup/models/forest_terrain/install/local_setup.ps1
[0.568s] -- Up-to-date symlink: /home/jun/git/Robotics-Studio-1/41068_ws/install/41068_ignition_bringup/share/41068_ignition_bringup/models/forest_terrain/install/local_setup.sh
[0.568s] -- Up-to-date symlink: /home/jun/git/Robotics-Studio-1/41068_ws/install/41068_ignition_bringup/share/41068_ignition_bringup/models/forest_terrain/install/local_setup.zsh
[0.568s] -- Up-to-date symlink: /home/jun/git/Robotics-Studio-1/41068_ws/install/41068_ignition_bringup/share/41068_ignition_bringup/models/forest_terrain/install/setup.bash
[0.568s] -- Up-to-date symlink: /home/jun/git/Robotics-Studio-1/41068_ws/install/41068_ignition_bringup/share/41068_ignition_bringup/models/forest_terrain/install/setup.ps1
[0.568s] -- Up-to-date symlink: /home/jun/git/Robotics-Studio-1/41068_ws/install/41068_ignition_bringup/share/41068_ignition_bringup/models/forest_terrain/install/setup.sh
[0.569s] -- Up-to-date symlink: /home/jun/git/Robotics-Studio-1/41068_ws/install/41068_ignition_bringup/share/41068_ignition_bringup/models/forest_terrain/install/setup.zsh
[0.570s] -- Up-to-date symlink: /home/jun/git/Robotics-Studio-1/41068_ws/install/41068_ignition_bringup/share/41068_ignition_bringup/models/forest_terrain/log/COLCON_IGNORE
[0.570s] -- Up-to-date symlink: /home/jun/git/Robotics-Studio-1/41068_ws/install/41068_ignition_bringup/share/41068_ignition_bringup/models/forest_terrain/log/build_2025-08-27_19-31-27/events.log
[0.570s] -- Up-to-date symlink: /home/jun/git/Robotics-Studio-1/41068_ws/install/41068_ignition_bringup/share/41068_ignition_bringup/models/forest_terrain/log/build_2025-08-27_19-31-27/logger_all.log
[0.571s] -- Up-to-date symlink: /home/jun/git/Robotics-Studio-1/41068_ws/install/41068_ignition_bringup/share/41068_ignition_bringup/models/forest_terrain/log/build_2025-08-28_14-08-20/events.log
[0.571s] -- Up-to-date symlink: /home/jun/git/Robotics-Studio-1/41068_ws/install/41068_ignition_bringup/share/41068_ignition_bringup/models/forest_terrain/log/build_2025-08-28_14-08-20/logger_all.log
[0.571s] -- Up-to-date symlink: /home/jun/git/Robotics-Studio-1/41068_ws/install/41068_ignition_bringup/share/41068_ignition_bringup/models/forest_terrain/log/build_2025-08-28_15-02-25/events.log
[0.571s] -- Up-to-date symlink: /home/jun/git/Robotics-Studio-1/41068_ws/install/41068_ignition_bringup/share/41068_ignition_bringup/models/forest_terrain/log/build_2025-08-28_15-02-25/logger_all.log
[0.572s] -- Up-to-date symlink: /home/jun/git/Robotics-Studio-1/41068_ws/install/41068_ignition_bringup/share/41068_ignition_bringup/models/forest_terrain/log/latest/events.log
[0.572s] -- Up-to-date symlink: /home/jun/git/Robotics-Studio-1/41068_ws/install/41068_ignition_bringup/share/41068_ignition_bringup/models/forest_terrain/log/latest/logger_all.log
[0.572s] -- Up-to-date symlink: /home/jun/git/Robotics-Studio-1/41068_ws/install/41068_ignition_bringup/share/41068_ignition_bringup/models/forest_terrain/log/latest_build/events.log
[0.572s] -- Up-to-date symlink: /home/jun/git/Robotics-Studio-1/41068_ws/install/41068_ignition_bringup/share/41068_ignition_bringup/models/forest_terrain/log/latest_build/logger_all.log
[0.573s] -- Up-to-date symlink: /home/jun/git/Robotics-Studio-1/41068_ws/install/41068_ignition_bringup/share/41068_ignition_bringup/models/forest_terrain/materials/textures/Elevated_Terrain_Test.dae
[0.573s] -- Up-to-date symlink: /home/jun/git/Robotics-Studio-1/41068_ws/install/41068_ignition_bringup/share/41068_ignition_bringup/models/forest_terrain/materials/textures/Elevated_Terrain_Test.fbm/forest_overhead.png
[0.573s] -- Up-to-date symlink: /home/jun/git/Robotics-Studio-1/41068_ws/install/41068_ignition_bringup/share/41068_ignition_bringup/models/forest_terrain/materials/textures/Elevated_Terrain_Test.fbx
[0.573s] -- Up-to-date symlink: /home/jun/git/Robotics-Studio-1/41068_ws/install/41068_ignition_bringup/share/41068_ignition_bringup/models/forest_terrain/materials/textures/forest_overhead.png
[0.573s] -- Up-to-date symlink: /home/jun/git/Robotics-Studio-1/41068_ws/install/41068_ignition_bringup/share/41068_ignition_bringup/models/forest_terrain/materials/textures/model.config
[0.574s] -- Up-to-date symlink: /home/jun/git/Robotics-Studio-1/41068_ws/install/41068_ignition_bringup/share/41068_ignition_bringup/models/forest_terrain/materials/textures/model.sdf
[0.574s] -- Up-to-date symlink: /home/jun/git/Robotics-Studio-1/41068_ws/install/41068_ignition_bringup/share/41068_ignition_bringup/models/forest_terrain/model.config
[0.574s] -- Up-to-date symlink: /home/jun/git/Robotics-Studio-1/41068_ws/install/41068_ignition_bringup/share/41068_ignition_bringup/models/forest_terrain/model.sdf
[0.574s] -- Up-to-date symlink: /home/jun/git/Robotics-Studio-1/41068_ws/install/41068_ignition_bringup/share/41068_ignition_bringup/models/forest_wall/materials/textures/forest_wall.png
[0.574s] -- Up-to-date symlink: /home/jun/git/Robotics-Studio-1/41068_ws/install/41068_ignition_bringup/share/41068_ignition_bringup/models/forest_wall/materials/textures/forest_wall_transparent.png
[0.575s] -- Up-to-date symlink: /home/jun/git/Robotics-Studio-1/41068_ws/install/41068_ignition_bringup/share/41068_ignition_bringup/models/forest_wall/materials/textures/forest_wall_transparent_small.png
[0.575s] -- Up-to-date symlink: /home/jun/git/Robotics-Studio-1/41068_ws/install/41068_ignition_bringup/share/41068_ignition_bringup/models/forest_wall/model.config
[0.575s] -- Up-to-date symlink: /home/jun/git/Robotics-Studio-1/41068_ws/install/41068_ignition_bringup/share/41068_ignition_bringup/models/forest_wall/model.sdf
[0.575s] -- Up-to-date symlink: /home/jun/git/Robotics-Studio-1/41068_ws/install/41068_ignition_bringup/share/41068_ignition_bringup/models/grass_plane/materials/textures/empty_grass.png
[0.576s] -- Up-to-date symlink: /home/jun/git/Robotics-Studio-1/41068_ws/install/41068_ignition_bringup/share/41068_ignition_bringup/models/grass_plane/model.config
[0.576s] -- Up-to-date symlink: /home/jun/git/Robotics-Studio-1/41068_ws/install/41068_ignition_bringup/share/41068_ignition_bringup/models/grass_plane/model.sdf
[0.576s] -- Up-to-date symlink: /home/jun/git/Robotics-Studio-1/41068_ws/install/41068_ignition_bringup/share/41068_ignition_bringup/urdf/common_properties.urdf.xacro
[0.576s] -- Up-to-date symlink: /home/jun/git/Robotics-Studio-1/41068_ws/install/41068_ignition_bringup/share/41068_ignition_bringup/urdf/husky.gazebo.xacro
[0.576s] -- Up-to-date symlink: /home/jun/git/Robotics-Studio-1/41068_ws/install/41068_ignition_bringup/share/41068_ignition_bringup/urdf/husky.urdf.xacro
[0.577s] -- Up-to-date symlink: /home/jun/git/Robotics-Studio-1/41068_ws/install/41068_ignition_bringup/share/41068_ignition_bringup/urdf/meshes/base_link.dae
[0.577s] -- Up-to-date symlink: /home/jun/git/Robotics-Studio-1/41068_ws/install/41068_ignition_bringup/share/41068_ignition_bringup/urdf/meshes/bumper.dae
[0.577s] -- Up-to-date symlink: /home/jun/git/Robotics-Studio-1/41068_ws/install/41068_ignition_bringup/share/41068_ignition_bringup/urdf/meshes/jpl04_arch_nosensor.stl
[0.577s] -- Up-to-date symlink: /home/jun/git/Robotics-Studio-1/41068_ws/install/41068_ignition_bringup/share/41068_ignition_bringup/urdf/meshes/top_chassis.dae
[0.578s] -- Up-to-date symlink: /home/jun/git/Robotics-Studio-1/41068_ws/install/41068_ignition_bringup/share/41068_ignition_bringup/urdf/meshes/top_plate.dae
[0.578s] -- Up-to-date symlink: /home/jun/git/Robotics-Studio-1/41068_ws/install/41068_ignition_bringup/share/41068_ignition_bringup/urdf/meshes/wheel.dae
[0.578s] -- Up-to-date symlink: /home/jun/git/Robotics-Studio-1/41068_ws/install/41068_ignition_bringup/share/41068_ignition_bringup/urdf/wheel.urdf.xacro
[0.578s] -- Up-to-date symlink: /home/jun/git/Robotics-Studio-1/41068_ws/install/41068_ignition_bringup/share/41068_ignition_bringup/worlds/large_demo.sdf
[0.578s] -- Up-to-date symlink: /home/jun/git/Robotics-Studio-1/41068_ws/install/41068_ignition_bringup/share/41068_ignition_bringup/worlds/simple_trees.sdf
[0.579s] -- Up-to-date symlink: /home/jun/git/Robotics-Studio-1/41068_ws/install/41068_ignition_bringup/lib/41068_ignition_bringup/click_to_yaml.py
[0.580s] -- Up-to-date symlink: /home/jun/git/Robotics-Studio-1/41068_ws/install/41068_ignition_bringup/share/ament_index/resource_index/package_run_dependencies/41068_ignition_bringup
[0.580s] -- Up-to-date symlink: /home/jun/git/Robotics-Studio-1/41068_ws/install/41068_ignition_bringup/share/ament_index/resource_index/parent_prefix_path/41068_ignition_bringup
[0.580s] -- Up-to-date symlink: /home/jun/git/Robotics-Studio-1/41068_ws/install/41068_ignition_bringup/share/41068_ignition_bringup/environment/ament_prefix_path.sh
[0.580s] -- Up-to-date symlink: /home/jun/git/Robotics-Studio-1/41068_ws/install/41068_ignition_bringup/share/41068_ignition_bringup/environment/ament_prefix_path.dsv
[0.580s] -- Up-to-date symlink: /home/jun/git/Robotics-Studio-1/41068_ws/install/41068_ignition_bringup/share/41068_ignition_bringup/environment/path.sh
[0.581s] -- Up-to-date symlink: /home/jun/git/Robotics-Studio-1/41068_ws/install/41068_ignition_bringup/share/41068_ignition_bringup/environment/path.dsv
[0.581s] -- Up-to-date symlink: /home/jun/git/Robotics-Studio-1/41068_ws/install/41068_ignition_bringup/share/41068_ignition_bringup/local_setup.bash
[0.581s] -- Up-to-date symlink: /home/jun/git/Robotics-Studio-1/41068_ws/install/41068_ignition_bringup/share/41068_ignition_bringup/local_setup.sh
[0.581s] -- Up-to-date symlink: /home/jun/git/Robotics-Studio-1/41068_ws/install/41068_ignition_bringup/share/41068_ignition_bringup/local_setup.zsh
[0.581s] -- Up-to-date symlink: /home/jun/git/Robotics-Studio-1/41068_ws/install/41068_ignition_bringup/share/41068_ignition_bringup/local_setup.dsv
[0.581s] -- Symlinking: /home/jun/git/Robotics-Studio-1/41068_ws/install/41068_ignition_bringup/share/41068_ignition_bringup/package.dsv
[0.595s] -- Up-to-date symlink: /home/jun/git/Robotics-Studio-1/41068_ws/install/41068_ignition_bringup/share/ament_index/resource_index/packages/41068_ignition_bringup
[0.595s] -- Up-to-date symlink: /home/jun/git/Robotics-Studio-1/41068_ws/install/41068_ignition_bringup/share/41068_ignition_bringup/cmake/41068_ignition_bringupConfig.cmake
[0.596s] -- Up-to-date symlink: /home/jun/git/Robotics-Studio-1/41068_ws/install/41068_ignition_bringup/share/41068_ignition_bringup/cmake/41068_ignition_bringupConfig-version.cmake
[0.596s] -- Up-to-date symlink: /home/jun/git/Robotics-Studio-1/41068_ws/install/41068_ignition_bringup/share/41068_ignition_bringup/package.xml
[0.602s] Invoked command in '/home/jun/git/Robotics-Studio-1/41068_ws/build/41068_ignition_bringup' returned '0': CMAKE_PREFIX_PATH=${CMAKE_PREFIX_PATH}:/opt/ros/humble /usr/bin/cmake --install /home/jun/git/Robotics-Studio-1/41068_ws/build/41068_ignition_bringup
