[0.377s] Invoking command in '/home/student/RS1-Group5/41068_ws/build/sensor_node_cpp': CMAKE_PREFIX_PATH=/opt/ros/humble /usr/bin/cmake /home/student/RS1-Group5/41068_ws/src/sensor_node_cpp -DAMENT_CMAKE_SYMLINK_INSTALL=1 -DCMAKE_INSTALL_PREFIX=/home/student/RS1-Group5/41068_ws/install/sensor_node_cpp
[0.450s] -- The C compiler identification is GNU 11.4.0
[0.512s] -- The CXX compiler identification is GNU 11.4.0
[0.521s] -- Detecting C compiler ABI info
[0.601s] -- Detecting C compiler ABI info - done
[0.610s] -- Check for working C compiler: /usr/bin/cc - skipped
[0.610s] -- Detecting C compile features
[0.610s] -- Detecting C compile features - done
[0.613s] -- Detecting CXX compiler ABI info
[0.701s] -- Detecting CXX compiler ABI info - done
[0.710s] -- Check for working CXX compiler: /usr/bin/c++ - skipped
[0.710s] -- Detecting CXX compile features
[0.711s] -- Detecting CXX compile features - done
[0.713s] -- Found ament_cmake: 1.3.12 (/opt/ros/humble/share/ament_cmake/cmake)
[0.879s] -- Found Python3: /usr/bin/python3 (found version "3.10.12") found components: Interpreter 
[0.949s] -- Override CMake install command with custom implementation using symlinks instead of copying resources
[0.977s] -- Found rclcpp: 16.0.14 (/opt/ros/humble/share/rclcpp/cmake)
[1.020s] -- Found rosidl_generator_c: 3.1.7 (/opt/ros/humble/share/rosidl_generator_c/cmake)
[1.031s] -- Found rosidl_adapter: 3.1.7 (/opt/ros/humble/share/rosidl_adapter/cmake)
[1.036s] -- Found rosidl_generator_cpp: 3.1.7 (/opt/ros/humble/share/rosidl_generator_cpp/cmake)
[1.049s] -- Using all available rosidl_typesupport_c: rosidl_typesupport_fastrtps_c;rosidl_typesupport_introspection_c
[1.066s] -- Using all available rosidl_typesupport_cpp: rosidl_typesupport_fastrtps_cpp;rosidl_typesupport_introspection_cpp
[1.113s] -- Found rmw_implementation_cmake: 6.1.2 (/opt/ros/humble/share/rmw_implementation_cmake/cmake)
[1.116s] -- Found rmw_fastrtps_cpp: 6.2.8 (/opt/ros/humble/share/rmw_fastrtps_cpp/cmake)
[1.204s] -- Found OpenSSL: /usr/lib/x86_64-linux-gnu/libcrypto.so (found version "3.0.2")  
[1.238s] -- Found FastRTPS: /opt/ros/humble/include  
[1.284s] -- Using RMW implementation 'rmw_fastrtps_cpp' as default
[1.293s] -- Looking for pthread.h
[1.378s] -- Looking for pthread.h - found
[1.379s] -- Performing Test CMAKE_HAVE_LIBC_PTHREAD
[1.458s] -- Performing Test CMAKE_HAVE_LIBC_PTHREAD - Success
[1.459s] -- Found Threads: TRUE  
[1.514s] -- Found sensor_msgs: 4.9.0 (/opt/ros/humble/share/sensor_msgs/cmake)
[1.552s] -- Found image_transport: 3.1.12 (/opt/ros/humble/share/image_transport/cmake)
[1.587s] -- Found cv_bridge: 3.2.1 (/opt/ros/humble/share/cv_bridge/cmake)
[1.608s] -- Found OpenCV: /usr (found version "4.5.4") 
[1.611s] -- Found ament_lint_auto: 0.12.14 (/opt/ros/humble/share/ament_lint_auto/cmake)
[1.711s] -- Added test 'cppcheck' to perform static code analysis on C / C++ code
[1.711s] -- Configured cppcheck include dirs: 
[1.711s] -- Configured cppcheck exclude dirs and/or files: 
[1.712s] -- Added test 'lint_cmake' to check CMake code style
[1.712s] -- Added test 'uncrustify' to check C / C++ code style
[1.713s] -- Configured uncrustify additional arguments: 
[1.713s] -- Added test 'xmllint' to check XML markup files
[1.715s] -- Configuring done
[1.721s] -- Generating done
[1.724s] -- Build files have been written to: /home/student/RS1-Group5/41068_ws/build/sensor_node_cpp
[1.741s] Invoked command in '/home/student/RS1-Group5/41068_ws/build/sensor_node_cpp' returned '0': CMAKE_PREFIX_PATH=/opt/ros/humble /usr/bin/cmake /home/student/RS1-Group5/41068_ws/src/sensor_node_cpp -DAMENT_CMAKE_SYMLINK_INSTALL=1 -DCMAKE_INSTALL_PREFIX=/home/student/RS1-Group5/41068_ws/install/sensor_node_cpp
[1.743s] Invoking command in '/home/student/RS1-Group5/41068_ws/build/sensor_node_cpp': CMAKE_PREFIX_PATH=/opt/ros/humble /usr/bin/cmake --build /home/student/RS1-Group5/41068_ws/build/sensor_node_cpp -- -j8 -l8
[1.790s] Invoked command in '/home/student/RS1-Group5/41068_ws/build/sensor_node_cpp' returned '0': CMAKE_PREFIX_PATH=/opt/ros/humble /usr/bin/cmake --build /home/student/RS1-Group5/41068_ws/build/sensor_node_cpp -- -j8 -l8
[1.792s] Invoking command in '/home/student/RS1-Group5/41068_ws/build/sensor_node_cpp': CMAKE_PREFIX_PATH=/opt/ros/humble /usr/bin/cmake --install /home/student/RS1-Group5/41068_ws/build/sensor_node_cpp
[1.799s] -- Install configuration: ""
[1.799s] -- Execute custom install script
[1.799s] -- Symlinking: /home/student/RS1-Group5/41068_ws/install/sensor_node_cpp/share/ament_index/resource_index/package_run_dependencies/sensor_node_cpp
[1.810s] -- Symlinking: /home/student/RS1-Group5/41068_ws/install/sensor_node_cpp/share/ament_index/resource_index/parent_prefix_path/sensor_node_cpp
[1.819s] -- Symlinking: /home/student/RS1-Group5/41068_ws/install/sensor_node_cpp/share/sensor_node_cpp/environment/ament_prefix_path.sh
[1.830s] -- Symlinking: /home/student/RS1-Group5/41068_ws/install/sensor_node_cpp/share/sensor_node_cpp/environment/ament_prefix_path.dsv
[1.839s] -- Symlinking: /home/student/RS1-Group5/41068_ws/install/sensor_node_cpp/share/sensor_node_cpp/environment/path.sh
[1.848s] -- Symlinking: /home/student/RS1-Group5/41068_ws/install/sensor_node_cpp/share/sensor_node_cpp/environment/path.dsv
[1.857s] -- Symlinking: /home/student/RS1-Group5/41068_ws/install/sensor_node_cpp/share/sensor_node_cpp/local_setup.bash
[1.866s] -- Symlinking: /home/student/RS1-Group5/41068_ws/install/sensor_node_cpp/share/sensor_node_cpp/local_setup.sh
[1.875s] -- Symlinking: /home/student/RS1-Group5/41068_ws/install/sensor_node_cpp/share/sensor_node_cpp/local_setup.zsh
[1.884s] -- Symlinking: /home/student/RS1-Group5/41068_ws/install/sensor_node_cpp/share/sensor_node_cpp/local_setup.dsv
[1.892s] -- Symlinking: /home/student/RS1-Group5/41068_ws/install/sensor_node_cpp/share/sensor_node_cpp/package.dsv
[1.904s] -- Symlinking: /home/student/RS1-Group5/41068_ws/install/sensor_node_cpp/share/ament_index/resource_index/packages/sensor_node_cpp
[1.917s] -- Symlinking: /home/student/RS1-Group5/41068_ws/install/sensor_node_cpp/share/sensor_node_cpp/cmake/sensor_node_cppConfig.cmake
[1.933s] -- Symlinking: /home/student/RS1-Group5/41068_ws/install/sensor_node_cpp/share/sensor_node_cpp/cmake/sensor_node_cppConfig-version.cmake
[1.940s] -- Symlinking: /home/student/RS1-Group5/41068_ws/install/sensor_node_cpp/share/sensor_node_cpp/package.xml
[1.953s] Invoked command in '/home/student/RS1-Group5/41068_ws/build/sensor_node_cpp' returned '0': CMAKE_PREFIX_PATH=/opt/ros/humble /usr/bin/cmake --install /home/student/RS1-Group5/41068_ws/build/sensor_node_cpp
