[0.015s] Invoking command in '/home/jun/git/Robotics-Studio-1/41068_ws/build/41068_ignition_bringup': CMAKE_PREFIX_PATH=${CMAKE_PREFIX_PATH}:/opt/ros/humble /usr/bin/cmake --build /home/jun/git/Robotics-Studio-1/41068_ws/build/41068_ignition_bringup -- -j22 -l22
[0.072s] [35m[1mConsolidate compiler generated dependencies of target waypoint_manager[0m
[0.086s] [ 50%] Built target waypoint_follower
[0.093s] [ 75%] [32mBuilding CXX object CMakeFiles/waypoint_manager.dir/src/waypoint_manager.cpp.o[0m
[3.022s] [01m[K/home/jun/git/Robotics-Studio-1/41068_ws/src/41068_ignition_bringup/src/waypoint_manager.cpp:105:2:[m[K [01;31m[Kerror: [m[Kexpected ‘[01m[K}[m[K’ at end of input
[3.022s]   105 | }
[3.022s]       |  [01;31m[K^[m[K
[3.022s] [01m[K/home/jun/git/Robotics-Studio-1/41068_ws/src/41068_ignition_bringup/src/waypoint_manager.cpp:32:1:[m[K [01;36m[Knote: [m[Kto match this ‘[01m[K{[m[K’
[3.023s]    32 | [01;36m[K{[m[K
[3.023s]       | [01;36m[K^[m[K
[3.031s] [01m[K/home/jun/git/Robotics-Studio-1/41068_ws/src/41068_ignition_bringup/src/waypoint_manager.cpp:[m[K In constructor ‘[01m[KWaypointManager::WaypointManager()[m[K’:
[3.032s] [01m[K/home/jun/git/Robotics-Studio-1/41068_ws/src/41068_ignition_bringup/src/waypoint_manager.cpp:36:5:[m[K [01;31m[Kerror: [m[K‘[01m[Kframe_id_[m[K’ was not declared in this scope
[3.032s]    36 |     [01;31m[Kframe_id_[m[K          = declare_parameter<std::string>("frame_id", "odom");
[3.032s]       |     [01;31m[K^~~~~~~~~[m[K
[3.046s] [01m[K/home/jun/git/Robotics-Studio-1/41068_ws/src/41068_ignition_bringup/src/waypoint_manager.cpp:37:5:[m[K [01;31m[Kerror: [m[K‘[01m[Krepublish_rate_hz_[m[K’ was not declared in this scope
[3.046s]    37 |     [01;31m[Krepublish_rate_hz_[m[K = declare_parameter<double>("republish_rate_hz", 1.0);
[3.046s]       |     [01;31m[K^~~~~~~~~~~~~~~~~~[m[K
[3.056s] [01m[K/home/jun/git/Robotics-Studio-1/41068_ws/src/41068_ignition_bringup/src/waypoint_manager.cpp:41:5:[m[K [01;31m[Kerror: [m[K‘[01m[Kwaypoints_[m[K’ was not declared in this scope
[3.057s]    41 |     [01;31m[Kwaypoints_[m[K = {
[3.057s]       |     [01;31m[K^~~~~~~~~~[m[K
[3.057s] [01m[K/home/jun/git/Robotics-Studio-1/41068_ws/src/41068_ignition_bringup/src/waypoint_manager.cpp:47:6:[m[K [01;31m[Kerror: [m[Kexpected ‘[01m[K}[m[K’ before ‘[01m[K;[m[K’ token
[3.057s]    47 |     }[01;31m[K;[m[K
[3.057s]       |      [01;31m[K^[m[K
[3.057s] [01m[K/home/jun/git/Robotics-Studio-1/41068_ws/src/41068_ignition_bringup/src/waypoint_manager.cpp:41:18:[m[K [01;36m[Knote: [m[Kto match this ‘[01m[K{[m[K’
[3.057s]    41 |     waypoints_ = [01;36m[K{[m[K
[3.057s]       |                  [01;36m[K^[m[K
[3.063s] [01m[K/home/jun/git/Robotics-Studio-1/41068_ws/src/41068_ignition_bringup/src/waypoint_manager.cpp:50:5:[m[K [01;31m[Kerror: [m[K‘[01m[Kpub_[m[K’ was not declared in this scope
[3.063s]    50 |     [01;31m[Kpub_[m[K = create_publisher<geometry_msgs::msg::PoseStamped>("next_waypoint", 10);
[3.063s]       |     [01;31m[K^~~~[m[K
[3.075s] [01m[K/home/jun/git/Robotics-Studio-1/41068_ws/src/41068_ignition_bringup/src/waypoint_manager.cpp:51:5:[m[K [01;31m[Kerror: [m[K‘[01m[Ksub_[m[K’ was not declared in this scope
[3.076s]    51 |     [01;31m[Ksub_[m[K = create_subscription<std_msgs::msg::Bool>(
[3.076s]       |     [01;31m[K^~~~[m[K
[3.076s] [01m[K/home/jun/git/Robotics-Studio-1/41068_ws/src/41068_ignition_bringup/src/waypoint_manager.cpp:53:35:[m[K [01;31m[Kerror: [m[K‘[01m[KreachedCb[m[K’ is not a member of ‘[01m[KWaypointManager[m[K’
[3.076s]    53 |       std::bind(&WaypointManager::[01;31m[KreachedCb[m[K, this, std::placeholders::_1));
[3.076s]       |                                   [01;31m[K^~~~~~~~~[m[K
[3.082s] [01m[K/home/jun/git/Robotics-Studio-1/41068_ws/src/41068_ignition_bringup/src/waypoint_manager.cpp:57:5:[m[K [01;31m[Kerror: [m[K‘[01m[Ktimer_[m[K’ was not declared in this scope; did you mean ‘[01m[Ktimer_t[m[K’?
[3.082s]    57 |     [01;31m[Ktimer_[m[K = create_wall_timer(
[3.082s]       |     [01;31m[K^~~~~~[m[K
[3.082s]       |     [32m[Ktimer_t[m[K
[3.082s] [01m[K/home/jun/git/Robotics-Studio-1/41068_ws/src/41068_ignition_bringup/src/waypoint_manager.cpp:59:35:[m[K [01;31m[Kerror: [m[K‘[01m[KpublishCurrent[m[K’ is not a member of ‘[01m[KWaypointManager[m[K’
[3.083s]    59 |       std::bind(&WaypointManager::[01;31m[KpublishCurrent[m[K, this));
[3.083s]       |                                   [01;31m[K^~~~~~~~~~~~~~[m[K
[3.093s] [01m[K/home/jun/git/Robotics-Studio-1/41068_ws/src/41068_ignition_bringup/src/waypoint_manager.cpp:61:5:[m[K [01;31m[Kerror: [m[K‘[01m[KpublishCurrent[m[K’ was not declared in this scope
[3.093s]    61 |     [01;31m[KpublishCurrent[m[K();  // publish the first goal immediately
[3.093s]       |     [01;31m[K^~~~~~~~~~~~~~[m[K
[3.097s] [01m[K/home/jun/git/Robotics-Studio-1/41068_ws/src/41068_ignition_bringup/src/waypoint_manager.cpp:[m[K At global scope:
[3.098s] [01m[K/home/jun/git/Robotics-Studio-1/41068_ws/src/41068_ignition_bringup/src/waypoint_manager.cpp:105:2:[m[K [01;31m[Kerror: [m[Kexpected unqualified-id at end of input
[3.098s]   105 | }
[3.098s]       |  [01;31m[K^[m[K
[3.940s] [01m[K/home/jun/git/Robotics-Studio-1/41068_ws/src/41068_ignition_bringup/src/waypoint_manager.cpp:11:40:[m[K [01;35m[Kwarning: [m[K‘[01m[Kgeometry_msgs::msg::PoseStamped makePoseQuat(double, double, double, double, const string&, const rclcpp::Time&)[m[K’ defined but not used [[01;35m[K]8;;https://gcc.gnu.org/onlinedocs/gcc/Warning-Options.html#index-Wunused-function-Wunused-function]8;;[m[K]
[3.940s]    11 | static geometry_msgs::msg::PoseStamped [01;35m[KmakePoseQuat[m[K(
[3.940s]       |                                        [01;35m[K^~~~~~~~~~~~[m[K
[3.976s] gmake[2]: *** [CMakeFiles/waypoint_manager.dir/build.make:76: CMakeFiles/waypoint_manager.dir/src/waypoint_manager.cpp.o] Error 1
[3.976s] gmake[1]: *** [CMakeFiles/Makefile2:165: CMakeFiles/waypoint_manager.dir/all] Error 2
[3.977s] gmake: *** [Makefile:146: all] Error 2
[3.979s] Invoked command in '/home/jun/git/Robotics-Studio-1/41068_ws/build/41068_ignition_bringup' returned '2': CMAKE_PREFIX_PATH=${CMAKE_PREFIX_PATH}:/opt/ros/humble /usr/bin/cmake --build /home/jun/git/Robotics-Studio-1/41068_ws/build/41068_ignition_bringup -- -j22 -l22
