[0.214s] DEBUG:colcon:Command line arguments: ['/usr/bin/colcon', 'build', '--packages-select', 'rs1_gui']
[0.214s] DEBUG:colcon:Parsed command line arguments: Namespace(log_base=None, log_level=None, verb_name='build', build_base='build', install_base='install', merge_install=False, symlink_install=False, test_result_base=None, continue_on_error=False, executor='parallel', parallel_workers=8, event_handlers=None, ignore_user_meta=False, metas=['./colcon.meta'], base_paths=['.'], packages_ignore=None, packages_ignore_regex=None, paths=None, packages_up_to=None, packages_up_to_regex=None, packages_above=None, packages_above_and_dependencies=None, packages_above_depth=None, packages_select_by_dep=None, packages_skip_by_dep=None, packages_skip_up_to=None, packages_select_build_failed=False, packages_skip_build_finished=False, packages_select_test_failures=False, packages_skip_test_passed=False, packages_select=['rs1_gui'], packages_skip=None, packages_select_regex=None, packages_skip_regex=None, packages_start=None, packages_end=None, allow_overriding=[], cmake_args=None, cmake_target=None, cmake_target_skip_unavailable=False, cmake_clean_cache=False, cmake_clean_first=False, cmake_force_configure=False, ament_cmake_args=None, catkin_cmake_args=None, catkin_skip_building_tests=False, mixin_files=None, mixin=None, verb_parser=<colcon_mixin.mixin.mixin_argument.MixinArgumentDecorator object at 0x7c56e5f62ce0>, verb_extension=<colcon_core.verb.build.BuildVerb object at 0x7c56e5f622c0>, main=<bound method BuildVerb.main of <colcon_core.verb.build.BuildVerb object at 0x7c56e5f622c0>>, mixin_verb=('build',))
[0.596s] Level 1:colcon.colcon_core.package_discovery:discover_packages(colcon_meta) check parameters
[0.596s] Level 1:colcon.colcon_core.package_discovery:discover_packages(recursive) check parameters
[0.596s] Level 1:colcon.colcon_core.package_discovery:discover_packages(ignore) check parameters
[0.596s] Level 1:colcon.colcon_core.package_discovery:discover_packages(path) check parameters
[0.596s] Level 1:colcon.colcon_core.package_discovery:discover_packages(colcon_meta) discover
[0.596s] Level 1:colcon.colcon_core.package_discovery:discover_packages(recursive) discover
[0.596s] INFO:colcon.colcon_core.package_discovery:Crawling recursively for packages in '/home/student/RS1-Group5/41068_ws/src'
[0.596s] Level 1:colcon.colcon_core.package_identification:_identify(.) by extensions ['ignore', 'ignore_ament_install']
[0.596s] Level 1:colcon.colcon_core.package_identification:_identify(.) by extension 'ignore'
[0.596s] Level 1:colcon.colcon_core.package_identification:_identify(.) by extension 'ignore_ament_install'
[0.597s] Level 1:colcon.colcon_core.package_identification:_identify(.) by extensions ['colcon_pkg']
[0.597s] Level 1:colcon.colcon_core.package_identification:_identify(.) by extension 'colcon_pkg'
[0.597s] Level 1:colcon.colcon_core.package_identification:_identify(.) by extensions ['colcon_meta']
[0.597s] Level 1:colcon.colcon_core.package_identification:_identify(.) by extension 'colcon_meta'
[0.597s] Level 1:colcon.colcon_core.package_identification:_identify(.) by extensions ['ros']
[0.597s] Level 1:colcon.colcon_core.package_identification:_identify(.) by extension 'ros'
[0.612s] Level 1:colcon.colcon_core.package_identification:_identify(.) by extensions ['cmake', 'python']
[0.613s] Level 1:colcon.colcon_core.package_identification:_identify(.) by extension 'cmake'
[0.613s] Level 1:colcon.colcon_core.package_identification:_identify(.) by extension 'python'
[0.613s] Level 1:colcon.colcon_core.package_identification:_identify(.) by extensions ['python_setup_py']
[0.613s] Level 1:colcon.colcon_core.package_identification:_identify(.) by extension 'python_setup_py'
[0.615s] Level 1:colcon.colcon_core.package_identification:_identify(41068_ignition_bringup) by extensions ['ignore', 'ignore_ament_install']
[0.615s] Level 1:colcon.colcon_core.package_identification:_identify(41068_ignition_bringup) by extension 'ignore'
[0.615s] Level 1:colcon.colcon_core.package_identification:_identify(41068_ignition_bringup) by extension 'ignore_ament_install'
[0.615s] Level 1:colcon.colcon_core.package_identification:_identify(41068_ignition_bringup) by extensions ['colcon_pkg']
[0.615s] Level 1:colcon.colcon_core.package_identification:_identify(41068_ignition_bringup) by extension 'colcon_pkg'
[0.615s] Level 1:colcon.colcon_core.package_identification:_identify(41068_ignition_bringup) by extensions ['colcon_meta']
[0.615s] Level 1:colcon.colcon_core.package_identification:_identify(41068_ignition_bringup) by extension 'colcon_meta'
[0.616s] Level 1:colcon.colcon_core.package_identification:_identify(41068_ignition_bringup) by extensions ['ros']
[0.616s] Level 1:colcon.colcon_core.package_identification:_identify(41068_ignition_bringup) by extension 'ros'
[0.621s] DEBUG:colcon.colcon_core.package_identification:Package '41068_ignition_bringup' with type 'ros.ament_cmake' and name '41068_ignition_bringup'
[0.621s] Level 1:colcon.colcon_core.package_identification:_identify(build) by extensions ['ignore', 'ignore_ament_install']
[0.621s] Level 1:colcon.colcon_core.package_identification:_identify(build) by extension 'ignore'
[0.621s] Level 1:colcon.colcon_core.package_identification:_identify(build) ignored
[0.622s] Level 1:colcon.colcon_core.package_identification:_identify(install) by extensions ['ignore', 'ignore_ament_install']
[0.622s] Level 1:colcon.colcon_core.package_identification:_identify(install) by extension 'ignore'
[0.622s] Level 1:colcon.colcon_core.package_identification:_identify(install) ignored
[0.622s] Level 1:colcon.colcon_core.package_identification:_identify(log) by extensions ['ignore', 'ignore_ament_install']
[0.622s] Level 1:colcon.colcon_core.package_identification:_identify(log) by extension 'ignore'
[0.622s] Level 1:colcon.colcon_core.package_identification:_identify(log) ignored
[0.622s] Level 1:colcon.colcon_core.package_identification:_identify(rs1_gui) by extensions ['ignore', 'ignore_ament_install']
[0.622s] Level 1:colcon.colcon_core.package_identification:_identify(rs1_gui) by extension 'ignore'
[0.622s] Level 1:colcon.colcon_core.package_identification:_identify(rs1_gui) by extension 'ignore_ament_install'
[0.623s] Level 1:colcon.colcon_core.package_identification:_identify(rs1_gui) by extensions ['colcon_pkg']
[0.623s] Level 1:colcon.colcon_core.package_identification:_identify(rs1_gui) by extension 'colcon_pkg'
[0.623s] Level 1:colcon.colcon_core.package_identification:_identify(rs1_gui) by extensions ['colcon_meta']
[0.623s] Level 1:colcon.colcon_core.package_identification:_identify(rs1_gui) by extension 'colcon_meta'
[0.623s] Level 1:colcon.colcon_core.package_identification:_identify(rs1_gui) by extensions ['ros']
[0.623s] Level 1:colcon.colcon_core.package_identification:_identify(rs1_gui) by extension 'ros'
[0.624s] DEBUG:colcon.colcon_core.package_identification:Package 'rs1_gui' with type 'ros.ament_python' and name 'rs1_gui'
[0.624s] Level 1:colcon.colcon_core.package_identification:_identify(sensor_node_cpp) by extensions ['ignore', 'ignore_ament_install']
[0.624s] Level 1:colcon.colcon_core.package_identification:_identify(sensor_node_cpp) by extension 'ignore'
[0.624s] Level 1:colcon.colcon_core.package_identification:_identify(sensor_node_cpp) by extension 'ignore_ament_install'
[0.625s] Level 1:colcon.colcon_core.package_identification:_identify(sensor_node_cpp) by extensions ['colcon_pkg']
[0.625s] Level 1:colcon.colcon_core.package_identification:_identify(sensor_node_cpp) by extension 'colcon_pkg'
[0.625s] Level 1:colcon.colcon_core.package_identification:_identify(sensor_node_cpp) by extensions ['colcon_meta']
[0.625s] Level 1:colcon.colcon_core.package_identification:_identify(sensor_node_cpp) by extension 'colcon_meta'
[0.625s] Level 1:colcon.colcon_core.package_identification:_identify(sensor_node_cpp) by extensions ['ros']
[0.625s] Level 1:colcon.colcon_core.package_identification:_identify(sensor_node_cpp) by extension 'ros'
[0.630s] DEBUG:colcon.colcon_core.package_identification:Package 'sensor_node_cpp' with type 'ros.ament_cmake' and name 'sensor_node_cpp'
[0.630s] Level 1:colcon.colcon_core.package_discovery:discover_packages(recursive) using defaults
[0.630s] Level 1:colcon.colcon_core.package_discovery:discover_packages(ignore) discover
[0.630s] Level 1:colcon.colcon_core.package_discovery:discover_packages(ignore) using defaults
[0.630s] Level 1:colcon.colcon_core.package_discovery:discover_packages(path) discover
[0.630s] Level 1:colcon.colcon_core.package_discovery:discover_packages(path) using defaults
[0.691s] INFO:colcon.colcon_core.package_selection:Skipping not selected package '41068_ignition_bringup' in '41068_ignition_bringup'
[0.691s] INFO:colcon.colcon_core.package_selection:Skipping not selected package 'sensor_node_cpp' in 'sensor_node_cpp'
[0.692s] Level 1:colcon.colcon_core.package_discovery:discover_packages(prefix_path) check parameters
[0.692s] Level 1:colcon.colcon_core.package_discovery:discover_packages(prefix_path) discover
[0.693s] WARNING:colcon.colcon_ros.prefix_path.ament:The path '/home/student/RS1-Group5/41068_ws/install/rs1_gui' in the environment variable AMENT_PREFIX_PATH doesn't exist
[0.695s] DEBUG:colcon.colcon_installed_package_information.package_discovery:Found 1 installed packages in /home/student/RS1-Group5/41068_ws/install
[0.695s] DEBUG:colcon.colcon_installed_package_information.package_discovery:Found 0 installed packages in /home/student/ros2_ws/install
[0.697s] DEBUG:colcon.colcon_installed_package_information.package_discovery:Found 424 installed packages in /opt/ros/humble
[0.700s] Level 1:colcon.colcon_core.package_discovery:discover_packages(prefix_path) using defaults
[0.807s] Level 5:colcon.colcon_core.verb:set package 'rs1_gui' build argument 'cmake_args' from command line to 'None'
[0.808s] Level 5:colcon.colcon_core.verb:set package 'rs1_gui' build argument 'cmake_target' from command line to 'None'
[0.808s] Level 5:colcon.colcon_core.verb:set package 'rs1_gui' build argument 'cmake_target_skip_unavailable' from command line to 'False'
[0.808s] Level 5:colcon.colcon_core.verb:set package 'rs1_gui' build argument 'cmake_clean_cache' from command line to 'False'
[0.808s] Level 5:colcon.colcon_core.verb:set package 'rs1_gui' build argument 'cmake_clean_first' from command line to 'False'
[0.808s] Level 5:colcon.colcon_core.verb:set package 'rs1_gui' build argument 'cmake_force_configure' from command line to 'False'
[0.808s] Level 5:colcon.colcon_core.verb:set package 'rs1_gui' build argument 'ament_cmake_args' from command line to 'None'
[0.808s] Level 5:colcon.colcon_core.verb:set package 'rs1_gui' build argument 'catkin_cmake_args' from command line to 'None'
[0.808s] Level 5:colcon.colcon_core.verb:set package 'rs1_gui' build argument 'catkin_skip_building_tests' from command line to 'False'
[0.809s] DEBUG:colcon.colcon_core.verb:Building package 'rs1_gui' with the following arguments: {'ament_cmake_args': None, 'build_base': '/home/student/RS1-Group5/41068_ws/src/build/rs1_gui', 'catkin_cmake_args': None, 'catkin_skip_building_tests': False, 'cmake_args': None, 'cmake_clean_cache': False, 'cmake_clean_first': False, 'cmake_force_configure': False, 'cmake_target': None, 'cmake_target_skip_unavailable': False, 'install_base': '/home/student/RS1-Group5/41068_ws/src/install/rs1_gui', 'merge_install': False, 'path': '/home/student/RS1-Group5/41068_ws/src/rs1_gui', 'symlink_install': False, 'test_result_base': None}
[0.809s] INFO:colcon.colcon_core.executor:Executing jobs using 'parallel' executor
[0.815s] DEBUG:colcon.colcon_parallel_executor.executor.parallel:run_until_complete
[0.816s] INFO:colcon.colcon_ros.task.ament_python.build:Building ROS package in '/home/student/RS1-Group5/41068_ws/src/rs1_gui' with build type 'ament_python'
[0.816s] Level 1:colcon.colcon_core.shell:create_environment_hook('rs1_gui', 'ament_prefix_path')
[0.820s] INFO:colcon.colcon_core.plugin_system:Skipping extension 'colcon_core.shell.bat': Not used on non-Windows systems
[0.820s] INFO:colcon.colcon_core.shell:Creating environment hook '/home/student/RS1-Group5/41068_ws/src/install/rs1_gui/share/rs1_gui/hook/ament_prefix_path.ps1'
[0.821s] INFO:colcon.colcon_core.shell:Creating environment descriptor '/home/student/RS1-Group5/41068_ws/src/install/rs1_gui/share/rs1_gui/hook/ament_prefix_path.dsv'
[0.822s] INFO:colcon.colcon_core.shell:Creating environment hook '/home/student/RS1-Group5/41068_ws/src/install/rs1_gui/share/rs1_gui/hook/ament_prefix_path.sh'
[0.824s] INFO:colcon.colcon_core.shell:Skip shell extension 'powershell' for command environment: Not usable outside of PowerShell
[0.824s] DEBUG:colcon.colcon_core.shell:Skip shell extension 'dsv' for command environment
[1.440s] INFO:colcon.colcon_core.task.python.build:Building Python package in '/home/student/RS1-Group5/41068_ws/src/rs1_gui'
[1.440s] INFO:colcon.colcon_core.shell:Skip shell extension 'powershell' for command environment: Not usable outside of PowerShell
[1.441s] DEBUG:colcon.colcon_core.shell:Skip shell extension 'dsv' for command environment
[2.220s] DEBUG:colcon.colcon_core.event_handler.log_command:Invoking command in '/home/student/RS1-Group5/41068_ws/src/rs1_gui': PYTHONPATH=/home/student/RS1-Group5/41068_ws/src/build/rs1_gui/prefix_override:/usr/lib/python3/dist-packages/colcon_core/task/python/colcon_distutils_commands:/home/student/RS1-Group5/41068_ws/src/install/rs1_gui/lib/python3.10/site-packages:${PYTHONPATH} /usr/bin/python3 -W ignore:setup.py install is deprecated -W ignore:easy_install command is deprecated setup.py egg_info --egg-base ../build/rs1_gui build --build-base /home/student/RS1-Group5/41068_ws/src/build/rs1_gui/build install --record /home/student/RS1-Group5/41068_ws/src/build/rs1_gui/install.log --single-version-externally-managed install_data
[3.206s] DEBUG:colcon.colcon_core.event_handler.log_command:Invoked command in '/home/student/RS1-Group5/41068_ws/src/rs1_gui' returned '0': PYTHONPATH=/home/student/RS1-Group5/41068_ws/src/build/rs1_gui/prefix_override:/usr/lib/python3/dist-packages/colcon_core/task/python/colcon_distutils_commands:/home/student/RS1-Group5/41068_ws/src/install/rs1_gui/lib/python3.10/site-packages:${PYTHONPATH} /usr/bin/python3 -W ignore:setup.py install is deprecated -W ignore:easy_install command is deprecated setup.py egg_info --egg-base ../build/rs1_gui build --build-base /home/student/RS1-Group5/41068_ws/src/build/rs1_gui/build install --record /home/student/RS1-Group5/41068_ws/src/build/rs1_gui/install.log --single-version-externally-managed install_data
[3.219s] Level 1:colcon.colcon_core.environment:checking '/home/student/RS1-Group5/41068_ws/src/install/rs1_gui' for CMake module files
[3.220s] Level 1:colcon.colcon_core.environment:checking '/home/student/RS1-Group5/41068_ws/src/install/rs1_gui' for CMake config files
[3.221s] Level 1:colcon.colcon_core.environment:checking '/home/student/RS1-Group5/41068_ws/src/install/rs1_gui/lib'
[3.221s] Level 1:colcon.colcon_core.environment:checking '/home/student/RS1-Group5/41068_ws/src/install/rs1_gui/bin'
[3.222s] Level 1:colcon.colcon_core.environment:checking '/home/student/RS1-Group5/41068_ws/src/install/rs1_gui/lib/pkgconfig/rs1_gui.pc'
[3.222s] Level 1:colcon.colcon_core.environment:checking '/home/student/RS1-Group5/41068_ws/src/install/rs1_gui/lib/python3.10/site-packages'
[3.222s] Level 1:colcon.colcon_core.shell:create_environment_hook('rs1_gui', 'pythonpath')
[3.238s] INFO:colcon.colcon_core.shell:Creating environment hook '/home/student/RS1-Group5/41068_ws/src/install/rs1_gui/share/rs1_gui/hook/pythonpath.ps1'
[3.239s] INFO:colcon.colcon_core.shell:Creating environment descriptor '/home/student/RS1-Group5/41068_ws/src/install/rs1_gui/share/rs1_gui/hook/pythonpath.dsv'
[3.240s] INFO:colcon.colcon_core.shell:Creating environment hook '/home/student/RS1-Group5/41068_ws/src/install/rs1_gui/share/rs1_gui/hook/pythonpath.sh'
[3.241s] Level 1:colcon.colcon_core.environment:checking '/home/student/RS1-Group5/41068_ws/src/install/rs1_gui/bin'
[3.241s] Level 1:colcon.colcon_core.environment:create_environment_scripts_only(rs1_gui)
[3.242s] INFO:colcon.colcon_core.shell:Creating package script '/home/student/RS1-Group5/41068_ws/src/install/rs1_gui/share/rs1_gui/package.ps1'
[3.244s] INFO:colcon.colcon_core.shell:Creating package descriptor '/home/student/RS1-Group5/41068_ws/src/install/rs1_gui/share/rs1_gui/package.dsv'
[3.244s] INFO:colcon.colcon_core.shell:Creating package script '/home/student/RS1-Group5/41068_ws/src/install/rs1_gui/share/rs1_gui/package.sh'
[3.246s] INFO:colcon.colcon_core.shell:Creating package script '/home/student/RS1-Group5/41068_ws/src/install/rs1_gui/share/rs1_gui/package.bash'
[3.247s] INFO:colcon.colcon_core.shell:Creating package script '/home/student/RS1-Group5/41068_ws/src/install/rs1_gui/share/rs1_gui/package.zsh'
[3.248s] Level 1:colcon.colcon_core.environment:create_file_with_runtime_dependencies(/home/student/RS1-Group5/41068_ws/src/install/rs1_gui/share/colcon-core/packages/rs1_gui)
[3.251s] DEBUG:colcon.colcon_parallel_executor.executor.parallel:closing loop
[3.251s] DEBUG:colcon.colcon_parallel_executor.executor.parallel:loop closed
[3.251s] DEBUG:colcon.colcon_parallel_executor.executor.parallel:run_until_complete finished with '0'
[3.251s] DEBUG:colcon.colcon_core.event_reactor:joining thread
[3.265s] INFO:colcon.colcon_core.plugin_system:Skipping extension 'colcon_notification.desktop_notification.terminal_notifier': Not used on non-Darwin systems
[3.265s] INFO:colcon.colcon_core.plugin_system:Skipping extension 'colcon_notification.desktop_notification.win32': Not used on non-Windows systems
[3.265s] INFO:colcon.colcon_notification.desktop_notification:Sending desktop notification using 'notify2'
[3.295s] DEBUG:colcon.colcon_core.event_reactor:joined thread
[3.296s] INFO:colcon.colcon_core.shell:Creating prefix script '/home/student/RS1-Group5/41068_ws/src/install/local_setup.ps1'
[3.306s] INFO:colcon.colcon_core.shell:Creating prefix util module '/home/student/RS1-Group5/41068_ws/src/install/_local_setup_util_ps1.py'
[3.310s] INFO:colcon.colcon_core.shell:Creating prefix chain script '/home/student/RS1-Group5/41068_ws/src/install/setup.ps1'
[3.312s] INFO:colcon.colcon_core.shell:Creating prefix script '/home/student/RS1-Group5/41068_ws/src/install/local_setup.sh'
[3.313s] INFO:colcon.colcon_core.shell:Creating prefix util module '/home/student/RS1-Group5/41068_ws/src/install/_local_setup_util_sh.py'
[3.315s] INFO:colcon.colcon_core.shell:Creating prefix chain script '/home/student/RS1-Group5/41068_ws/src/install/setup.sh'
[3.317s] INFO:colcon.colcon_core.shell:Creating prefix script '/home/student/RS1-Group5/41068_ws/src/install/local_setup.bash'
[3.318s] INFO:colcon.colcon_core.shell:Creating prefix chain script '/home/student/RS1-Group5/41068_ws/src/install/setup.bash'
[3.322s] INFO:colcon.colcon_core.shell:Creating prefix script '/home/student/RS1-Group5/41068_ws/src/install/local_setup.zsh'
[3.326s] INFO:colcon.colcon_core.shell:Creating prefix chain script '/home/student/RS1-Group5/41068_ws/src/install/setup.zsh'
