[0.014s] Invoking command in '/home/jun/git/Robotics-Studio-1/41068_ws/build/41068_ignition_bringup': CMAKE_PREFIX_PATH=${CMAKE_PREFIX_PATH}:/opt/ros/humble /usr/bin/cmake /home/jun/git/Robotics-Studio-1/41068_ws/src/41068_ignition_bringup -DCMAKE_INSTALL_PREFIX=/home/jun/git/Robotics-Studio-1/41068_ws/install/41068_ignition_bringup
[0.043s] -- Found ament_cmake: 1.3.12 (/opt/ros/humble/share/ament_cmake/cmake)
[0.145s] -- Override CMake install command with custom implementation using symlinks instead of copying resources
[0.154s] -- Found ros_ign_interfaces: 0.244.20 (/opt/ros/humble/share/ros_ign_interfaces/cmake)
[0.173s] -- Found rosidl_generator_c: 3.1.7 (/opt/ros/humble/share/rosidl_generator_c/cmake)
[0.175s] -- Found rosidl_adapter: 3.1.7 (/opt/ros/humble/share/rosidl_adapter/cmake)
[0.182s] -- Found rosidl_generator_cpp: 3.1.7 (/opt/ros/humble/share/rosidl_generator_cpp/cmake)
[0.192s] -- Using all available rosidl_typesupport_c: rosidl_typesupport_fastrtps_c;rosidl_typesupport_introspection_c
[0.200s] -- Using all available rosidl_typesupport_cpp: rosidl_typesupport_fastrtps_cpp;rosidl_typesupport_introspection_cpp
[0.260s] -- Found ament_lint_auto: 0.12.14 (/opt/ros/humble/share/ament_lint_auto/cmake)
[0.296s] WARNING: Package name "41068_ignition_bringup" does not follow the naming conventions. It should start with a lower case letter and only contain lower case letters, digits, underscores, and dashes.
[0.310s] -- Added test 'copyright' to check source files copyright and LICENSE
[0.313s] -- Added test 'flake8' to check Python code syntax and style conventions
[0.314s] -- Added test 'lint_cmake' to check CMake code style
[0.314s] -- Added test 'pep257' to check Python code against some of the docstring style conventions in PEP 257
[0.316s] -- Added test 'xmllint' to check XML markup files
[0.317s] -- Configuring done
[0.368s] -- Generating done
[0.370s] -- Build files have been written to: /home/jun/git/Robotics-Studio-1/41068_ws/build/41068_ignition_bringup
[0.374s] Invoked command in '/home/jun/git/Robotics-Studio-1/41068_ws/build/41068_ignition_bringup' returned '0': CMAKE_PREFIX_PATH=${CMAKE_PREFIX_PATH}:/opt/ros/humble /usr/bin/cmake /home/jun/git/Robotics-Studio-1/41068_ws/src/41068_ignition_bringup -DCMAKE_INSTALL_PREFIX=/home/jun/git/Robotics-Studio-1/41068_ws/install/41068_ignition_bringup
[0.375s] Invoking command in '/home/jun/git/Robotics-Studio-1/41068_ws/build/41068_ignition_bringup': CMAKE_PREFIX_PATH=${CMAKE_PREFIX_PATH}:/opt/ros/humble /usr/bin/cmake --build /home/jun/git/Robotics-Studio-1/41068_ws/build/41068_ignition_bringup -- -j22 -l22
[0.409s] Invoked command in '/home/jun/git/Robotics-Studio-1/41068_ws/build/41068_ignition_bringup' returned '0': CMAKE_PREFIX_PATH=${CMAKE_PREFIX_PATH}:/opt/ros/humble /usr/bin/cmake --build /home/jun/git/Robotics-Studio-1/41068_ws/build/41068_ignition_bringup -- -j22 -l22
[0.415s] Invoking command in '/home/jun/git/Robotics-Studio-1/41068_ws/build/41068_ignition_bringup': CMAKE_PREFIX_PATH=${CMAKE_PREFIX_PATH}:/opt/ros/humble /usr/bin/cmake --install /home/jun/git/Robotics-Studio-1/41068_ws/build/41068_ignition_bringup
[0.420s] -- Install configuration: ""
[0.421s] -- Execute custom install script
[0.421s] -- Up-to-date symlink: /home/jun/git/Robotics-Studio-1/41068_ws/install/41068_ignition_bringup/share/41068_ignition_bringup/config/41068.rviz
[0.421s] -- Up-to-date symlink: /home/jun/git/Robotics-Studio-1/41068_ws/install/41068_ignition_bringup/share/41068_ignition_bringup/config/gazebo_bridge.yaml
[0.421s] -- Up-to-date symlink: /home/jun/git/Robotics-Studio-1/41068_ws/install/41068_ignition_bringup/share/41068_ignition_bringup/config/nav2_params.yaml
[0.421s] -- Up-to-date symlink: /home/jun/git/Robotics-Studio-1/41068_ws/install/41068_ignition_bringup/share/41068_ignition_bringup/config/robot_localization.yaml
[0.421s] -- Up-to-date symlink: /home/jun/git/Robotics-Studio-1/41068_ws/install/41068_ignition_bringup/share/41068_ignition_bringup/config/slam_params.yaml
[0.421s] -- Up-to-date symlink: /home/jun/git/Robotics-Studio-1/41068_ws/install/41068_ignition_bringup/share/41068_ignition_bringup/launch/41068_ignition.launch.py
[0.422s] -- Up-to-date symlink: /home/jun/git/Robotics-Studio-1/41068_ws/install/41068_ignition_bringup/share/41068_ignition_bringup/launch/41068_navigation.launch.py
[0.422s] -- Up-to-date symlink: /home/jun/git/Robotics-Studio-1/41068_ws/install/41068_ignition_bringup/share/41068_ignition_bringup/models/forest_plane/materials/textures/Map.png
[0.422s] -- Up-to-date symlink: /home/jun/git/Robotics-Studio-1/41068_ws/install/41068_ignition_bringup/share/41068_ignition_bringup/models/forest_plane/materials/textures/empty_grass.png
[0.422s] [33mCMake Warning (dev) at ament_cmake_symlink_install/ament_cmake_symlink_install.cmake:62 (file):
[0.422s]   Policy CMP0009 is not set: FILE GLOB_RECURSE calls should not follow
[0.422s]   symlinks by default.  Run "cmake --help-policy CMP0009" for policy details.
[0.422s]   Use the cmake_policy command to set the policy and suppress this warning.
[0.423s] Call Stack (most recent call first):
[0.423s]   ament_cmake_symlink_install/ament_cmake_symlink_install.cmake:314 (ament_cmake_symlink_install_directory)
[0.423s]   cmake_install.cmake:46 (include)
[0.423s] This warning is for project developers.  Use -Wno-dev to suppress it.
[0.423s] [0m
[0.423s] -- Up-to-date symlink: /home/jun/git/Robotics-Studio-1/41068_ws/install/41068_ignition_bringup/share/41068_ignition_bringup/models/forest_plane/materials/textures/forest_overhead.png
[0.424s] -- Up-to-date symlink: /home/jun/git/Robotics-Studio-1/41068_ws/install/41068_ignition_bringup/share/41068_ignition_bringup/models/forest_plane/materials/textures/leaf_litter.png
[0.424s] -- Up-to-date symlink: /home/jun/git/Robotics-Studio-1/41068_ws/install/41068_ignition_bringup/share/41068_ignition_bringup/models/forest_plane/model.config
[0.424s] -- Up-to-date symlink: /home/jun/git/Robotics-Studio-1/41068_ws/install/41068_ignition_bringup/share/41068_ignition_bringup/models/forest_plane/model.sdf
[0.424s] -- Up-to-date symlink: /home/jun/git/Robotics-Studio-1/41068_ws/install/41068_ignition_bringup/share/41068_ignition_bringup/models/forest_terrain/build/.built_by
[0.424s] -- Up-to-date symlink: /home/jun/git/Robotics-Studio-1/41068_ws/install/41068_ignition_bringup/share/41068_ignition_bringup/models/forest_terrain/build/COLCON_IGNORE
[0.424s] -- Up-to-date symlink: /home/jun/git/Robotics-Studio-1/41068_ws/install/41068_ignition_bringup/share/41068_ignition_bringup/models/forest_terrain/install/.colcon_install_layout
[0.424s] -- Up-to-date symlink: /home/jun/git/Robotics-Studio-1/41068_ws/install/41068_ignition_bringup/share/41068_ignition_bringup/models/forest_terrain/install/COLCON_IGNORE
[0.424s] -- Up-to-date symlink: /home/jun/git/Robotics-Studio-1/41068_ws/install/41068_ignition_bringup/share/41068_ignition_bringup/models/forest_terrain/install/_local_setup_util_ps1.py
[0.424s] -- Up-to-date symlink: /home/jun/git/Robotics-Studio-1/41068_ws/install/41068_ignition_bringup/share/41068_ignition_bringup/models/forest_terrain/install/_local_setup_util_sh.py
[0.424s] -- Up-to-date symlink: /home/jun/git/Robotics-Studio-1/41068_ws/install/41068_ignition_bringup/share/41068_ignition_bringup/models/forest_terrain/install/local_setup.bash
[0.424s] -- Up-to-date symlink: /home/jun/git/Robotics-Studio-1/41068_ws/install/41068_ignition_bringup/share/41068_ignition_bringup/models/forest_terrain/install/local_setup.ps1
[0.424s] -- Up-to-date symlink: /home/jun/git/Robotics-Studio-1/41068_ws/install/41068_ignition_bringup/share/41068_ignition_bringup/models/forest_terrain/install/local_setup.sh
[0.424s] -- Up-to-date symlink: /home/jun/git/Robotics-Studio-1/41068_ws/install/41068_ignition_bringup/share/41068_ignition_bringup/models/forest_terrain/install/local_setup.zsh
[0.424s] -- Up-to-date symlink: /home/jun/git/Robotics-Studio-1/41068_ws/install/41068_ignition_bringup/share/41068_ignition_bringup/models/forest_terrain/install/setup.bash
[0.425s] -- Up-to-date symlink: /home/jun/git/Robotics-Studio-1/41068_ws/install/41068_ignition_bringup/share/41068_ignition_bringup/models/forest_terrain/install/setup.ps1
[0.425s] -- Up-to-date symlink: /home/jun/git/Robotics-Studio-1/41068_ws/install/41068_ignition_bringup/share/41068_ignition_bringup/models/forest_terrain/install/setup.sh
[0.425s] -- Up-to-date symlink: /home/jun/git/Robotics-Studio-1/41068_ws/install/41068_ignition_bringup/share/41068_ignition_bringup/models/forest_terrain/install/setup.zsh
[0.425s] -- Up-to-date symlink: /home/jun/git/Robotics-Studio-1/41068_ws/install/41068_ignition_bringup/share/41068_ignition_bringup/models/forest_terrain/log/COLCON_IGNORE
[0.425s] -- Up-to-date symlink: /home/jun/git/Robotics-Studio-1/41068_ws/install/41068_ignition_bringup/share/41068_ignition_bringup/models/forest_terrain/log/build_2025-08-27_19-31-27/events.log
[0.425s] -- Up-to-date symlink: /home/jun/git/Robotics-Studio-1/41068_ws/install/41068_ignition_bringup/share/41068_ignition_bringup/models/forest_terrain/log/build_2025-08-27_19-31-27/logger_all.log
[0.425s] -- Up-to-date symlink: /home/jun/git/Robotics-Studio-1/41068_ws/install/41068_ignition_bringup/share/41068_ignition_bringup/models/forest_terrain/log/build_2025-08-28_14-08-20/events.log
[0.425s] -- Up-to-date symlink: /home/jun/git/Robotics-Studio-1/41068_ws/install/41068_ignition_bringup/share/41068_ignition_bringup/models/forest_terrain/log/build_2025-08-28_14-08-20/logger_all.log
[0.425s] -- Up-to-date symlink: /home/jun/git/Robotics-Studio-1/41068_ws/install/41068_ignition_bringup/share/41068_ignition_bringup/models/forest_terrain/log/build_2025-08-28_15-02-25/events.log
[0.425s] -- Up-to-date symlink: /home/jun/git/Robotics-Studio-1/41068_ws/install/41068_ignition_bringup/share/41068_ignition_bringup/models/forest_terrain/log/build_2025-08-28_15-02-25/logger_all.log
[0.425s] -- Up-to-date symlink: /home/jun/git/Robotics-Studio-1/41068_ws/install/41068_ignition_bringup/share/41068_ignition_bringup/models/forest_terrain/log/latest/events.log
[0.425s] -- Up-to-date symlink: /home/jun/git/Robotics-Studio-1/41068_ws/install/41068_ignition_bringup/share/41068_ignition_bringup/models/forest_terrain/log/latest/logger_all.log
[0.425s] -- Up-to-date symlink: /home/jun/git/Robotics-Studio-1/41068_ws/install/41068_ignition_bringup/share/41068_ignition_bringup/models/forest_terrain/log/latest_build/events.log
[0.425s] -- Up-to-date symlink: /home/jun/git/Robotics-Studio-1/41068_ws/install/41068_ignition_bringup/share/41068_ignition_bringup/models/forest_terrain/log/latest_build/logger_all.log
[0.425s] -- Up-to-date symlink: /home/jun/git/Robotics-Studio-1/41068_ws/install/41068_ignition_bringup/share/41068_ignition_bringup/models/forest_terrain/materials/textures/Elevated_Terrain_Test.dae
[0.425s] -- Up-to-date symlink: /home/jun/git/Robotics-Studio-1/41068_ws/install/41068_ignition_bringup/share/41068_ignition_bringup/models/forest_terrain/materials/textures/forest_overhead.png
[0.425s] -- Up-to-date symlink: /home/jun/git/Robotics-Studio-1/41068_ws/install/41068_ignition_bringup/share/41068_ignition_bringup/models/forest_terrain/materials/textures/model.config
[0.425s] -- Up-to-date symlink: /home/jun/git/Robotics-Studio-1/41068_ws/install/41068_ignition_bringup/share/41068_ignition_bringup/models/forest_terrain/materials/textures/model.sdf
[0.425s] -- Up-to-date symlink: /home/jun/git/Robotics-Studio-1/41068_ws/install/41068_ignition_bringup/share/41068_ignition_bringup/models/forest_terrain/model.config
[0.425s] -- Up-to-date symlink: /home/jun/git/Robotics-Studio-1/41068_ws/install/41068_ignition_bringup/share/41068_ignition_bringup/models/forest_terrain/model.sdf
[0.425s] -- Up-to-date symlink: /home/jun/git/Robotics-Studio-1/41068_ws/install/41068_ignition_bringup/share/41068_ignition_bringup/models/forest_wall/materials/textures/forest_wall.png
[0.425s] -- Up-to-date symlink: /home/jun/git/Robotics-Studio-1/41068_ws/install/41068_ignition_bringup/share/41068_ignition_bringup/models/forest_wall/materials/textures/forest_wall_transparent.png
[0.425s] -- Up-to-date symlink: /home/jun/git/Robotics-Studio-1/41068_ws/install/41068_ignition_bringup/share/41068_ignition_bringup/models/forest_wall/materials/textures/forest_wall_transparent_small.png
[0.425s] -- Up-to-date symlink: /home/jun/git/Robotics-Studio-1/41068_ws/install/41068_ignition_bringup/share/41068_ignition_bringup/models/forest_wall/model.config
[0.425s] -- Up-to-date symlink: /home/jun/git/Robotics-Studio-1/41068_ws/install/41068_ignition_bringup/share/41068_ignition_bringup/models/forest_wall/model.sdf
[0.425s] -- Up-to-date symlink: /home/jun/git/Robotics-Studio-1/41068_ws/install/41068_ignition_bringup/share/41068_ignition_bringup/models/grass_plane/materials/textures/empty_grass.png
[0.425s] -- Up-to-date symlink: /home/jun/git/Robotics-Studio-1/41068_ws/install/41068_ignition_bringup/share/41068_ignition_bringup/models/grass_plane/model.config
[0.425s] -- Up-to-date symlink: /home/jun/git/Robotics-Studio-1/41068_ws/install/41068_ignition_bringup/share/41068_ignition_bringup/models/grass_plane/model.sdf
[0.426s] -- Up-to-date symlink: /home/jun/git/Robotics-Studio-1/41068_ws/install/41068_ignition_bringup/share/41068_ignition_bringup/urdf/common_properties.urdf.xacro
[0.426s] -- Up-to-date symlink: /home/jun/git/Robotics-Studio-1/41068_ws/install/41068_ignition_bringup/share/41068_ignition_bringup/urdf/husky.gazebo.xacro
[0.426s] -- Up-to-date symlink: /home/jun/git/Robotics-Studio-1/41068_ws/install/41068_ignition_bringup/share/41068_ignition_bringup/urdf/husky.urdf.xacro
[0.426s] -- Up-to-date symlink: /home/jun/git/Robotics-Studio-1/41068_ws/install/41068_ignition_bringup/share/41068_ignition_bringup/urdf/meshes/base_link.dae
[0.426s] -- Up-to-date symlink: /home/jun/git/Robotics-Studio-1/41068_ws/install/41068_ignition_bringup/share/41068_ignition_bringup/urdf/meshes/bumper.dae
[0.426s] -- Up-to-date symlink: /home/jun/git/Robotics-Studio-1/41068_ws/install/41068_ignition_bringup/share/41068_ignition_bringup/urdf/meshes/jpl04_arch_nosensor.stl
[0.426s] -- Up-to-date symlink: /home/jun/git/Robotics-Studio-1/41068_ws/install/41068_ignition_bringup/share/41068_ignition_bringup/urdf/meshes/top_chassis.dae
[0.426s] -- Up-to-date symlink: /home/jun/git/Robotics-Studio-1/41068_ws/install/41068_ignition_bringup/share/41068_ignition_bringup/urdf/meshes/top_plate.dae
[0.426s] -- Up-to-date symlink: /home/jun/git/Robotics-Studio-1/41068_ws/install/41068_ignition_bringup/share/41068_ignition_bringup/urdf/meshes/wheel.dae
[0.426s] -- Up-to-date symlink: /home/jun/git/Robotics-Studio-1/41068_ws/install/41068_ignition_bringup/share/41068_ignition_bringup/urdf/wheel.urdf.xacro
[0.426s] -- Up-to-date symlink: /home/jun/git/Robotics-Studio-1/41068_ws/install/41068_ignition_bringup/share/41068_ignition_bringup/worlds/large_demo.sdf
[0.426s] -- Up-to-date symlink: /home/jun/git/Robotics-Studio-1/41068_ws/install/41068_ignition_bringup/share/41068_ignition_bringup/worlds/simple_trees.sdf
[0.426s] -- Up-to-date symlink: /home/jun/git/Robotics-Studio-1/41068_ws/install/41068_ignition_bringup/share/ament_index/resource_index/package_run_dependencies/41068_ignition_bringup
[0.426s] -- Up-to-date symlink: /home/jun/git/Robotics-Studio-1/41068_ws/install/41068_ignition_bringup/share/ament_index/resource_index/parent_prefix_path/41068_ignition_bringup
[0.426s] -- Up-to-date symlink: /home/jun/git/Robotics-Studio-1/41068_ws/install/41068_ignition_bringup/share/41068_ignition_bringup/environment/ament_prefix_path.sh
[0.426s] -- Up-to-date symlink: /home/jun/git/Robotics-Studio-1/41068_ws/install/41068_ignition_bringup/share/41068_ignition_bringup/environment/ament_prefix_path.dsv
[0.426s] -- Up-to-date symlink: /home/jun/git/Robotics-Studio-1/41068_ws/install/41068_ignition_bringup/share/41068_ignition_bringup/environment/path.sh
[0.426s] -- Up-to-date symlink: /home/jun/git/Robotics-Studio-1/41068_ws/install/41068_ignition_bringup/share/41068_ignition_bringup/environment/path.dsv
[0.426s] -- Up-to-date symlink: /home/jun/git/Robotics-Studio-1/41068_ws/install/41068_ignition_bringup/share/41068_ignition_bringup/local_setup.bash
[0.426s] -- Up-to-date symlink: /home/jun/git/Robotics-Studio-1/41068_ws/install/41068_ignition_bringup/share/41068_ignition_bringup/local_setup.sh
[0.426s] -- Up-to-date symlink: /home/jun/git/Robotics-Studio-1/41068_ws/install/41068_ignition_bringup/share/41068_ignition_bringup/local_setup.zsh
[0.426s] -- Up-to-date symlink: /home/jun/git/Robotics-Studio-1/41068_ws/install/41068_ignition_bringup/share/41068_ignition_bringup/local_setup.dsv
[0.426s] -- Symlinking: /home/jun/git/Robotics-Studio-1/41068_ws/install/41068_ignition_bringup/share/41068_ignition_bringup/package.dsv
[0.433s] -- Up-to-date symlink: /home/jun/git/Robotics-Studio-1/41068_ws/install/41068_ignition_bringup/share/ament_index/resource_index/packages/41068_ignition_bringup
[0.433s] -- Up-to-date symlink: /home/jun/git/Robotics-Studio-1/41068_ws/install/41068_ignition_bringup/share/41068_ignition_bringup/cmake/41068_ignition_bringupConfig.cmake
[0.433s] -- Up-to-date symlink: /home/jun/git/Robotics-Studio-1/41068_ws/install/41068_ignition_bringup/share/41068_ignition_bringup/cmake/41068_ignition_bringupConfig-version.cmake
[0.433s] -- Up-to-date symlink: /home/jun/git/Robotics-Studio-1/41068_ws/install/41068_ignition_bringup/share/41068_ignition_bringup/package.xml
[0.435s] Invoked command in '/home/jun/git/Robotics-Studio-1/41068_ws/build/41068_ignition_bringup' returned '0': CMAKE_PREFIX_PATH=${CMAKE_PREFIX_PATH}:/opt/ros/humble /usr/bin/cmake --install /home/jun/git/Robotics-Studio-1/41068_ws/build/41068_ignition_bringup
