[0.093s] DEBUG:colcon:Command line arguments: ['/usr/bin/colcon', 'build', '--symlink-install', '--packages-select', '41068_ignition_bringup']
[0.093s] DEBUG:colcon:Parsed command line arguments: Namespace(log_base=None, log_level=None, verb_name='build', build_base='build', install_base='install', merge_install=False, symlink_install=True, test_result_base=None, continue_on_error=False, executor='parallel', parallel_workers=32, event_handlers=None, ignore_user_meta=False, metas=['./colcon.meta'], base_paths=['.'], packages_ignore=None, packages_ignore_regex=None, paths=None, packages_up_to=None, packages_up_to_regex=None, packages_above=None, packages_above_and_dependencies=None, packages_above_depth=None, packages_select_by_dep=None, packages_skip_by_dep=None, packages_skip_up_to=None, packages_select_build_failed=False, packages_skip_build_finished=False, packages_select_test_failures=False, packages_skip_test_passed=False, packages_select=['41068_ignition_bringup'], packages_skip=None, packages_select_regex=None, packages_skip_regex=None, packages_start=None, packages_end=None, allow_overriding=[], cmake_args=None, cmake_target=None, cmake_target_skip_unavailable=False, cmake_clean_cache=False, cmake_clean_first=False, cmake_force_configure=False, ament_cmake_args=None, catkin_cmake_args=None, catkin_skip_building_tests=False, mixin_files=None, mixin=None, verb_parser=<colcon_mixin.mixin.mixin_argument.MixinArgumentDecorator object at 0x7496b4fd5ed0>, verb_extension=<colcon_core.verb.build.BuildVerb object at 0x7496b4fd54b0>, main=<bound method BuildVerb.main of <colcon_core.verb.build.BuildVerb object at 0x7496b4fd54b0>>, mixin_verb=('build',))
[0.223s] Level 1:colcon.colcon_core.package_discovery:discover_packages(colcon_meta) check parameters
[0.223s] Level 1:colcon.colcon_core.package_discovery:discover_packages(recursive) check parameters
[0.223s] Level 1:colcon.colcon_core.package_discovery:discover_packages(ignore) check parameters
[0.223s] Level 1:colcon.colcon_core.package_discovery:discover_packages(path) check parameters
[0.223s] Level 1:colcon.colcon_core.package_discovery:discover_packages(colcon_meta) discover
[0.223s] Level 1:colcon.colcon_core.package_discovery:discover_packages(recursive) discover
[0.223s] INFO:colcon.colcon_core.package_discovery:Crawling recursively for packages in '/home/jarrel/git/RS1-Group5/41068_ws'
[0.223s] Level 1:colcon.colcon_core.package_identification:_identify(.) by extensions ['ignore', 'ignore_ament_install']
[0.224s] Level 1:colcon.colcon_core.package_identification:_identify(.) by extension 'ignore'
[0.224s] Level 1:colcon.colcon_core.package_identification:_identify(.) by extension 'ignore_ament_install'
[0.224s] Level 1:colcon.colcon_core.package_identification:_identify(.) by extensions ['colcon_pkg']
[0.224s] Level 1:colcon.colcon_core.package_identification:_identify(.) by extension 'colcon_pkg'
[0.224s] Level 1:colcon.colcon_core.package_identification:_identify(.) by extensions ['colcon_meta']
[0.224s] Level 1:colcon.colcon_core.package_identification:_identify(.) by extension 'colcon_meta'
[0.224s] Level 1:colcon.colcon_core.package_identification:_identify(.) by extensions ['ros']
[0.224s] Level 1:colcon.colcon_core.package_identification:_identify(.) by extension 'ros'
[0.233s] Level 1:colcon.colcon_core.package_identification:_identify(.) by extensions ['cmake', 'python']
[0.233s] Level 1:colcon.colcon_core.package_identification:_identify(.) by extension 'cmake'
[0.233s] Level 1:colcon.colcon_core.package_identification:_identify(.) by extension 'python'
[0.233s] Level 1:colcon.colcon_core.package_identification:_identify(.) by extensions ['python_setup_py']
[0.233s] Level 1:colcon.colcon_core.package_identification:_identify(.) by extension 'python_setup_py'
[0.233s] Level 1:colcon.colcon_core.package_identification:_identify(build) by extensions ['ignore', 'ignore_ament_install']
[0.233s] Level 1:colcon.colcon_core.package_identification:_identify(build) by extension 'ignore'
[0.233s] Level 1:colcon.colcon_core.package_identification:_identify(build) ignored
[0.233s] Level 1:colcon.colcon_core.package_identification:_identify(install) by extensions ['ignore', 'ignore_ament_install']
[0.233s] Level 1:colcon.colcon_core.package_identification:_identify(install) by extension 'ignore'
[0.233s] Level 1:colcon.colcon_core.package_identification:_identify(install) ignored
[0.233s] Level 1:colcon.colcon_core.package_identification:_identify(log) by extensions ['ignore', 'ignore_ament_install']
[0.233s] Level 1:colcon.colcon_core.package_identification:_identify(log) by extension 'ignore'
[0.233s] Level 1:colcon.colcon_core.package_identification:_identify(log) ignored
[0.233s] Level 1:colcon.colcon_core.package_identification:_identify(src) by extensions ['ignore', 'ignore_ament_install']
[0.233s] Level 1:colcon.colcon_core.package_identification:_identify(src) by extension 'ignore'
[0.234s] Level 1:colcon.colcon_core.package_identification:_identify(src) by extension 'ignore_ament_install'
[0.234s] Level 1:colcon.colcon_core.package_identification:_identify(src) by extensions ['colcon_pkg']
[0.234s] Level 1:colcon.colcon_core.package_identification:_identify(src) by extension 'colcon_pkg'
[0.234s] Level 1:colcon.colcon_core.package_identification:_identify(src) by extensions ['colcon_meta']
[0.234s] Level 1:colcon.colcon_core.package_identification:_identify(src) by extension 'colcon_meta'
[0.234s] Level 1:colcon.colcon_core.package_identification:_identify(src) by extensions ['ros']
[0.234s] Level 1:colcon.colcon_core.package_identification:_identify(src) by extension 'ros'
[0.234s] Level 1:colcon.colcon_core.package_identification:_identify(src) by extensions ['cmake', 'python']
[0.234s] Level 1:colcon.colcon_core.package_identification:_identify(src) by extension 'cmake'
[0.234s] Level 1:colcon.colcon_core.package_identification:_identify(src) by extension 'python'
[0.234s] Level 1:colcon.colcon_core.package_identification:_identify(src) by extensions ['python_setup_py']
[0.234s] Level 1:colcon.colcon_core.package_identification:_identify(src) by extension 'python_setup_py'
[0.234s] Level 1:colcon.colcon_core.package_identification:_identify(src/41068_ignition_bringup) by extensions ['ignore', 'ignore_ament_install']
[0.234s] Level 1:colcon.colcon_core.package_identification:_identify(src/41068_ignition_bringup) by extension 'ignore'
[0.234s] Level 1:colcon.colcon_core.package_identification:_identify(src/41068_ignition_bringup) by extension 'ignore_ament_install'
[0.234s] Level 1:colcon.colcon_core.package_identification:_identify(src/41068_ignition_bringup) by extensions ['colcon_pkg']
[0.234s] Level 1:colcon.colcon_core.package_identification:_identify(src/41068_ignition_bringup) by extension 'colcon_pkg'
[0.234s] Level 1:colcon.colcon_core.package_identification:_identify(src/41068_ignition_bringup) by extensions ['colcon_meta']
[0.234s] Level 1:colcon.colcon_core.package_identification:_identify(src/41068_ignition_bringup) by extension 'colcon_meta'
[0.234s] Level 1:colcon.colcon_core.package_identification:_identify(src/41068_ignition_bringup) by extensions ['ros']
[0.234s] Level 1:colcon.colcon_core.package_identification:_identify(src/41068_ignition_bringup) by extension 'ros'
[0.237s] DEBUG:colcon.colcon_core.package_identification:Package 'src/41068_ignition_bringup' with type 'ros.ament_cmake' and name '41068_ignition_bringup'
[0.237s] Level 1:colcon.colcon_core.package_discovery:discover_packages(recursive) using defaults
[0.237s] Level 1:colcon.colcon_core.package_discovery:discover_packages(ignore) discover
[0.237s] Level 1:colcon.colcon_core.package_discovery:discover_packages(ignore) using defaults
[0.237s] Level 1:colcon.colcon_core.package_discovery:discover_packages(path) discover
[0.237s] Level 1:colcon.colcon_core.package_discovery:discover_packages(path) using defaults
[0.264s] Level 1:colcon.colcon_core.package_discovery:discover_packages(prefix_path) check parameters
[0.264s] Level 1:colcon.colcon_core.package_discovery:discover_packages(prefix_path) discover
[0.265s] DEBUG:colcon.colcon_installed_package_information.package_discovery:Found 1 installed packages in /home/jarrel/git/RS1-Group5/41068_ws/install
[0.266s] DEBUG:colcon.colcon_installed_package_information.package_discovery:Found 444 installed packages in /opt/ros/humble
[0.267s] Level 1:colcon.colcon_core.package_discovery:discover_packages(prefix_path) using defaults
[0.301s] Level 5:colcon.colcon_core.verb:set package '41068_ignition_bringup' build argument 'cmake_args' from command line to 'None'
[0.301s] Level 5:colcon.colcon_core.verb:set package '41068_ignition_bringup' build argument 'cmake_target' from command line to 'None'
[0.301s] Level 5:colcon.colcon_core.verb:set package '41068_ignition_bringup' build argument 'cmake_target_skip_unavailable' from command line to 'False'
[0.301s] Level 5:colcon.colcon_core.verb:set package '41068_ignition_bringup' build argument 'cmake_clean_cache' from command line to 'False'
[0.301s] Level 5:colcon.colcon_core.verb:set package '41068_ignition_bringup' build argument 'cmake_clean_first' from command line to 'False'
[0.301s] Level 5:colcon.colcon_core.verb:set package '41068_ignition_bringup' build argument 'cmake_force_configure' from command line to 'False'
[0.301s] Level 5:colcon.colcon_core.verb:set package '41068_ignition_bringup' build argument 'ament_cmake_args' from command line to 'None'
[0.301s] Level 5:colcon.colcon_core.verb:set package '41068_ignition_bringup' build argument 'catkin_cmake_args' from command line to 'None'
[0.301s] Level 5:colcon.colcon_core.verb:set package '41068_ignition_bringup' build argument 'catkin_skip_building_tests' from command line to 'False'
[0.301s] DEBUG:colcon.colcon_core.verb:Building package '41068_ignition_bringup' with the following arguments: {'ament_cmake_args': None, 'build_base': '/home/jarrel/git/RS1-Group5/41068_ws/build/41068_ignition_bringup', 'catkin_cmake_args': None, 'catkin_skip_building_tests': False, 'cmake_args': None, 'cmake_clean_cache': False, 'cmake_clean_first': False, 'cmake_force_configure': False, 'cmake_target': None, 'cmake_target_skip_unavailable': False, 'install_base': '/home/jarrel/git/RS1-Group5/41068_ws/install/41068_ignition_bringup', 'merge_install': False, 'path': '/home/jarrel/git/RS1-Group5/41068_ws/src/41068_ignition_bringup', 'symlink_install': True, 'test_result_base': None}
[0.301s] INFO:colcon.colcon_core.executor:Executing jobs using 'parallel' executor
[0.302s] DEBUG:colcon.colcon_parallel_executor.executor.parallel:run_until_complete
[0.302s] INFO:colcon.colcon_ros.task.ament_cmake.build:Building ROS package in '/home/jarrel/git/RS1-Group5/41068_ws/src/41068_ignition_bringup' with build type 'ament_cmake'
[0.302s] INFO:colcon.colcon_cmake.task.cmake.build:Building CMake package in '/home/jarrel/git/RS1-Group5/41068_ws/src/41068_ignition_bringup'
[0.304s] INFO:colcon.colcon_core.plugin_system:Skipping extension 'colcon_core.shell.bat': Not used on non-Windows systems
[0.304s] INFO:colcon.colcon_core.shell:Skip shell extension 'powershell' for command environment: Not usable outside of PowerShell
[0.304s] DEBUG:colcon.colcon_core.shell:Skip shell extension 'dsv' for command environment
[0.312s] DEBUG:colcon.colcon_core.event_handler.log_command:Invoking command in '/home/jarrel/git/RS1-Group5/41068_ws/build/41068_ignition_bringup': CMAKE_PREFIX_PATH=${CMAKE_PREFIX_PATH}:/opt/ros/humble /usr/bin/cmake /home/jarrel/git/RS1-Group5/41068_ws/src/41068_ignition_bringup -DAMENT_CMAKE_SYMLINK_INSTALL=1 -DCMAKE_INSTALL_PREFIX=/home/jarrel/git/RS1-Group5/41068_ws/install/41068_ignition_bringup
[0.826s] DEBUG:colcon.colcon_core.event_handler.log_command:Invoked command in '/home/jarrel/git/RS1-Group5/41068_ws/build/41068_ignition_bringup' returned '0': CMAKE_PREFIX_PATH=${CMAKE_PREFIX_PATH}:/opt/ros/humble /usr/bin/cmake /home/jarrel/git/RS1-Group5/41068_ws/src/41068_ignition_bringup -DAMENT_CMAKE_SYMLINK_INSTALL=1 -DCMAKE_INSTALL_PREFIX=/home/jarrel/git/RS1-Group5/41068_ws/install/41068_ignition_bringup
[0.827s] DEBUG:colcon.colcon_core.event_handler.log_command:Invoking command in '/home/jarrel/git/RS1-Group5/41068_ws/build/41068_ignition_bringup': CMAKE_PREFIX_PATH=${CMAKE_PREFIX_PATH}:/opt/ros/humble /usr/bin/cmake --build /home/jarrel/git/RS1-Group5/41068_ws/build/41068_ignition_bringup -- -j32 -l32
[12.732s] DEBUG:colcon.colcon_core.event_handler.log_command:Invoked command in '/home/jarrel/git/RS1-Group5/41068_ws/build/41068_ignition_bringup' returned '0': CMAKE_PREFIX_PATH=${CMAKE_PREFIX_PATH}:/opt/ros/humble /usr/bin/cmake --build /home/jarrel/git/RS1-Group5/41068_ws/build/41068_ignition_bringup -- -j32 -l32
[12.741s] DEBUG:colcon.colcon_core.event_handler.log_command:Invoking command in '/home/jarrel/git/RS1-Group5/41068_ws/build/41068_ignition_bringup': CMAKE_PREFIX_PATH=${CMAKE_PREFIX_PATH}:/opt/ros/humble /usr/bin/cmake --install /home/jarrel/git/RS1-Group5/41068_ws/build/41068_ignition_bringup
[12.769s] Level 1:colcon.colcon_core.environment:create_environment_scripts_only(41068_ignition_bringup)
[12.770s] DEBUG:colcon.colcon_core.event_handler.log_command:Invoked command in '/home/jarrel/git/RS1-Group5/41068_ws/build/41068_ignition_bringup' returned '0': CMAKE_PREFIX_PATH=${CMAKE_PREFIX_PATH}:/opt/ros/humble /usr/bin/cmake --install /home/jarrel/git/RS1-Group5/41068_ws/build/41068_ignition_bringup
[12.772s] Level 1:colcon.colcon_core.environment:checking '/home/jarrel/git/RS1-Group5/41068_ws/install/41068_ignition_bringup' for CMake module files
[12.773s] Level 1:colcon.colcon_core.environment:checking '/home/jarrel/git/RS1-Group5/41068_ws/install/41068_ignition_bringup' for CMake config files
[12.774s] Level 1:colcon.colcon_core.shell:create_environment_hook('41068_ignition_bringup', 'cmake_prefix_path')
[12.774s] INFO:colcon.colcon_core.shell:Creating environment hook '/home/jarrel/git/RS1-Group5/41068_ws/install/41068_ignition_bringup/share/41068_ignition_bringup/hook/cmake_prefix_path.ps1'
[12.775s] INFO:colcon.colcon_core.shell:Creating environment descriptor '/home/jarrel/git/RS1-Group5/41068_ws/install/41068_ignition_bringup/share/41068_ignition_bringup/hook/cmake_prefix_path.dsv'
[12.775s] INFO:colcon.colcon_core.shell:Creating environment hook '/home/jarrel/git/RS1-Group5/41068_ws/install/41068_ignition_bringup/share/41068_ignition_bringup/hook/cmake_prefix_path.sh'
[12.775s] Level 1:colcon.colcon_core.environment:checking '/home/jarrel/git/RS1-Group5/41068_ws/install/41068_ignition_bringup/lib'
[12.776s] Level 1:colcon.colcon_core.environment:checking '/home/jarrel/git/RS1-Group5/41068_ws/install/41068_ignition_bringup/bin'
[12.776s] Level 1:colcon.colcon_core.environment:checking '/home/jarrel/git/RS1-Group5/41068_ws/install/41068_ignition_bringup/lib/pkgconfig/41068_ignition_bringup.pc'
[12.776s] Level 1:colcon.colcon_core.environment:checking '/home/jarrel/git/RS1-Group5/41068_ws/install/41068_ignition_bringup/lib/python3.10/site-packages'
[12.776s] Level 1:colcon.colcon_core.environment:checking '/home/jarrel/git/RS1-Group5/41068_ws/install/41068_ignition_bringup/bin'
[12.776s] INFO:colcon.colcon_core.shell:Creating package script '/home/jarrel/git/RS1-Group5/41068_ws/install/41068_ignition_bringup/share/41068_ignition_bringup/package.ps1'
[12.777s] INFO:colcon.colcon_core.shell:Creating package descriptor '/home/jarrel/git/RS1-Group5/41068_ws/install/41068_ignition_bringup/share/41068_ignition_bringup/package.dsv'
[12.777s] INFO:colcon.colcon_core.shell:Creating package script '/home/jarrel/git/RS1-Group5/41068_ws/install/41068_ignition_bringup/share/41068_ignition_bringup/package.sh'
[12.778s] INFO:colcon.colcon_core.shell:Creating package script '/home/jarrel/git/RS1-Group5/41068_ws/install/41068_ignition_bringup/share/41068_ignition_bringup/package.bash'
[12.778s] INFO:colcon.colcon_core.shell:Creating package script '/home/jarrel/git/RS1-Group5/41068_ws/install/41068_ignition_bringup/share/41068_ignition_bringup/package.zsh'
[12.778s] Level 1:colcon.colcon_core.environment:create_file_with_runtime_dependencies(/home/jarrel/git/RS1-Group5/41068_ws/install/41068_ignition_bringup/share/colcon-core/packages/41068_ignition_bringup)
[12.779s] Level 1:colcon.colcon_core.environment:create_environment_scripts_only(41068_ignition_bringup)
[12.779s] Level 1:colcon.colcon_core.environment:checking '/home/jarrel/git/RS1-Group5/41068_ws/install/41068_ignition_bringup' for CMake module files
[12.779s] Level 1:colcon.colcon_core.environment:checking '/home/jarrel/git/RS1-Group5/41068_ws/install/41068_ignition_bringup' for CMake config files
[12.780s] Level 1:colcon.colcon_core.shell:create_environment_hook('41068_ignition_bringup', 'cmake_prefix_path')
[12.780s] INFO:colcon.colcon_core.shell:Creating environment hook '/home/jarrel/git/RS1-Group5/41068_ws/install/41068_ignition_bringup/share/41068_ignition_bringup/hook/cmake_prefix_path.ps1'
[12.780s] INFO:colcon.colcon_core.shell:Creating environment descriptor '/home/jarrel/git/RS1-Group5/41068_ws/install/41068_ignition_bringup/share/41068_ignition_bringup/hook/cmake_prefix_path.dsv'
[12.781s] INFO:colcon.colcon_core.shell:Creating environment hook '/home/jarrel/git/RS1-Group5/41068_ws/install/41068_ignition_bringup/share/41068_ignition_bringup/hook/cmake_prefix_path.sh'
[12.781s] Level 1:colcon.colcon_core.environment:checking '/home/jarrel/git/RS1-Group5/41068_ws/install/41068_ignition_bringup/lib'
[12.781s] Level 1:colcon.colcon_core.environment:checking '/home/jarrel/git/RS1-Group5/41068_ws/install/41068_ignition_bringup/bin'
[12.781s] Level 1:colcon.colcon_core.environment:checking '/home/jarrel/git/RS1-Group5/41068_ws/install/41068_ignition_bringup/lib/pkgconfig/41068_ignition_bringup.pc'
[12.781s] Level 1:colcon.colcon_core.environment:checking '/home/jarrel/git/RS1-Group5/41068_ws/install/41068_ignition_bringup/lib/python3.10/site-packages'
[12.781s] Level 1:colcon.colcon_core.environment:checking '/home/jarrel/git/RS1-Group5/41068_ws/install/41068_ignition_bringup/bin'
[12.782s] INFO:colcon.colcon_core.shell:Creating package script '/home/jarrel/git/RS1-Group5/41068_ws/install/41068_ignition_bringup/share/41068_ignition_bringup/package.ps1'
[12.782s] INFO:colcon.colcon_core.shell:Creating package descriptor '/home/jarrel/git/RS1-Group5/41068_ws/install/41068_ignition_bringup/share/41068_ignition_bringup/package.dsv'
[12.782s] INFO:colcon.colcon_core.shell:Creating package script '/home/jarrel/git/RS1-Group5/41068_ws/install/41068_ignition_bringup/share/41068_ignition_bringup/package.sh'
[12.782s] INFO:colcon.colcon_core.shell:Creating package script '/home/jarrel/git/RS1-Group5/41068_ws/install/41068_ignition_bringup/share/41068_ignition_bringup/package.bash'
[12.783s] INFO:colcon.colcon_core.shell:Creating package script '/home/jarrel/git/RS1-Group5/41068_ws/install/41068_ignition_bringup/share/41068_ignition_bringup/package.zsh'
[12.783s] Level 1:colcon.colcon_core.environment:create_file_with_runtime_dependencies(/home/jarrel/git/RS1-Group5/41068_ws/install/41068_ignition_bringup/share/colcon-core/packages/41068_ignition_bringup)
[12.783s] DEBUG:colcon.colcon_parallel_executor.executor.parallel:closing loop
[12.784s] DEBUG:colcon.colcon_parallel_executor.executor.parallel:loop closed
[12.784s] DEBUG:colcon.colcon_parallel_executor.executor.parallel:run_until_complete finished with '0'
[12.784s] DEBUG:colcon.colcon_core.event_reactor:joining thread
[12.789s] INFO:colcon.colcon_core.plugin_system:Skipping extension 'colcon_notification.desktop_notification.terminal_notifier': Not used on non-Darwin systems
[12.789s] INFO:colcon.colcon_core.plugin_system:Skipping extension 'colcon_notification.desktop_notification.win32': Not used on non-Windows systems
[12.790s] INFO:colcon.colcon_notification.desktop_notification:Sending desktop notification using 'notify2'
[12.805s] DEBUG:colcon.colcon_core.event_reactor:joined thread
[12.805s] INFO:colcon.colcon_core.shell:Creating prefix script '/home/jarrel/git/RS1-Group5/41068_ws/install/local_setup.ps1'
[12.806s] INFO:colcon.colcon_core.shell:Creating prefix util module '/home/jarrel/git/RS1-Group5/41068_ws/install/_local_setup_util_ps1.py'
[12.807s] INFO:colcon.colcon_core.shell:Creating prefix chain script '/home/jarrel/git/RS1-Group5/41068_ws/install/setup.ps1'
[12.808s] INFO:colcon.colcon_core.shell:Creating prefix script '/home/jarrel/git/RS1-Group5/41068_ws/install/local_setup.sh'
[12.808s] INFO:colcon.colcon_core.shell:Creating prefix util module '/home/jarrel/git/RS1-Group5/41068_ws/install/_local_setup_util_sh.py'
[12.808s] INFO:colcon.colcon_core.shell:Creating prefix chain script '/home/jarrel/git/RS1-Group5/41068_ws/install/setup.sh'
[12.809s] INFO:colcon.colcon_core.shell:Creating prefix script '/home/jarrel/git/RS1-Group5/41068_ws/install/local_setup.bash'
[12.809s] INFO:colcon.colcon_core.shell:Creating prefix chain script '/home/jarrel/git/RS1-Group5/41068_ws/install/setup.bash'
[12.810s] INFO:colcon.colcon_core.shell:Creating prefix script '/home/jarrel/git/RS1-Group5/41068_ws/install/local_setup.zsh'
[12.810s] INFO:colcon.colcon_core.shell:Creating prefix chain script '/home/jarrel/git/RS1-Group5/41068_ws/install/setup.zsh'
