[0.029s] Invoking command in '/home/jun/git/Robotics-Studio-1/41068_ws/src/41068_ignition_bringup/build/41068_ignition_bringup': CMAKE_PREFIX_PATH=${CMAKE_PREFIX_PATH}:/opt/ros/humble /usr/bin/cmake --build /home/jun/git/Robotics-Studio-1/41068_ws/src/41068_ignition_bringup/build/41068_ignition_bringup -- -j22 -l22
[0.083s] -- Found ament_cmake: 1.3.12 (/opt/ros/humble/share/ament_cmake/cmake)
[0.354s] -- Override CMake install command with custom implementation using symlinks instead of copying resources
[0.371s] -- Found rclcpp: 16.0.14 (/opt/ros/humble/share/rclcpp/cmake)
[0.443s] -- Found rosidl_generator_c: 3.1.7 (/opt/ros/humble/share/rosidl_generator_c/cmake)
[0.448s] -- Found rosidl_adapter: 3.1.7 (/opt/ros/humble/share/rosidl_adapter/cmake)
[0.461s] -- Found rosidl_generator_cpp: 3.1.7 (/opt/ros/humble/share/rosidl_generator_cpp/cmake)
[0.480s] -- Using all available rosidl_typesupport_c: rosidl_typesupport_fastrtps_c;rosidl_typesupport_introspection_c
[0.508s] -- Using all available rosidl_typesupport_cpp: rosidl_typesupport_fastrtps_cpp;rosidl_typesupport_introspection_cpp
[0.584s] -- Found rmw_implementation_cmake: 6.1.2 (/opt/ros/humble/share/rmw_implementation_cmake/cmake)
[0.587s] -- Found rmw_fastrtps_cpp: 6.2.8 (/opt/ros/humble/share/rmw_fastrtps_cpp/cmake)
[0.809s] -- Using RMW implementation 'rmw_fastrtps_cpp' as default
[0.924s] -- Found geometry_msgs: 4.9.0 (/opt/ros/humble/share/geometry_msgs/cmake)
[0.954s] -- Found nav_msgs: 4.9.0 (/opt/ros/humble/share/nav_msgs/cmake)
[0.988s] -- Found visualization_msgs: 4.9.0 (/opt/ros/humble/share/visualization_msgs/cmake)
[1.067s] -- Found tf2: 0.25.15 (/opt/ros/humble/share/tf2/cmake)
[1.075s] -- Found tf2_ros: 0.25.15 (/opt/ros/humble/share/tf2_ros/cmake)
[1.264s] -- Found tf2_geometry_msgs: 0.25.15 (/opt/ros/humble/share/tf2_geometry_msgs/cmake)
[1.264s] -- Found eigen3_cmake_module: 0.1.1 (/opt/ros/humble/share/eigen3_cmake_module/cmake)
[1.265s] -- Ensuring Eigen3 include directory is part of orocos-kdl CMake target
[1.267s] -- Found cv_bridge: 3.2.1 (/opt/ros/humble/share/cv_bridge/cmake)
[1.310s] [31mCMake Error at /opt/ros/humble/share/ament_cmake_core/cmake/symlink_install/ament_cmake_symlink_install_targets.cmake:67 (message):
[1.310s]   ament_cmake_symlink_install_targets() 'teleop_with_obstacle_avoidance' is
[1.310s]   not a target
[1.310s] Call Stack (most recent call first):
[1.310s]   /opt/ros/humble/share/ament_cmake_core/cmake/symlink_install/install.cmake:37 (ament_cmake_symlink_install_targets)
[1.310s]   CMakeLists.txt:142 (install)
[1.310s] 
[1.310s] [0m
[1.311s] -- Configuring incomplete, errors occurred!
[1.311s] See also "/home/jun/git/Robotics-Studio-1/41068_ws/src/41068_ignition_bringup/build/41068_ignition_bringup/CMakeFiles/CMakeOutput.log".
[1.326s] gmake: *** [Makefile:513: cmake_check_build_system] Error 1
[1.332s] Invoked command in '/home/jun/git/Robotics-Studio-1/41068_ws/src/41068_ignition_bringup/build/41068_ignition_bringup' returned '2': CMAKE_PREFIX_PATH=${CMAKE_PREFIX_PATH}:/opt/ros/humble /usr/bin/cmake --build /home/jun/git/Robotics-Studio-1/41068_ws/src/41068_ignition_bringup/build/41068_ignition_bringup -- -j22 -l22
