[0.007s] Invoking command in '/home/rian/git/RS1-Group5/41068_ws/build/41068_ignition_bringup': CMAKE_PREFIX_PATH=${CMAKE_PREFIX_PATH}:/home/rian/git/RS1-Group5/41068_ws/install/rs1_gui:/opt/ros/humble /usr/bin/cmake /home/rian/git/RS1-Group5/41068_ws/src/41068_ignition_bringup -DCMAKE_INSTALL_PREFIX=/home/rian/git/RS1-Group5/41068_ws/install/41068_ignition_bringup
[0.042s] -- The C compiler identification is GNU 11.4.0
[0.083s] -- The CXX compiler identification is GNU 11.4.0
[0.088s] -- Detecting C compiler ABI info
[0.136s] -- Detecting C compiler ABI info - done
[0.141s] -- Check for working C compiler: /usr/bin/cc - skipped
[0.142s] -- Detecting C compile features
[0.142s] -- Detecting C compile features - done
[0.145s] -- Detecting CXX compiler ABI info
[0.200s] -- Detecting CXX compiler ABI info - done
[0.205s] -- Check for working CXX compiler: /usr/bin/c++ - skipped
[0.205s] -- Detecting CXX compile features
[0.206s] -- Detecting CXX compile features - done
[0.207s] -- Found ament_cmake: 1.3.12 (/opt/ros/humble/share/ament_cmake/cmake)
[0.302s] -- Found Python3: /usr/bin/python3 (found version "3.10.12") found components: Interpreter 
[0.363s] -- Found rclcpp: 16.0.14 (/opt/ros/humble/share/rclcpp/cmake)
[0.388s] -- Found rosidl_generator_c: 3.1.7 (/opt/ros/humble/share/rosidl_generator_c/cmake)
[0.391s] -- Found rosidl_adapter: 3.1.7 (/opt/ros/humble/share/rosidl_adapter/cmake)
[0.396s] -- Found rosidl_generator_cpp: 3.1.7 (/opt/ros/humble/share/rosidl_generator_cpp/cmake)
[0.403s] -- Using all available rosidl_typesupport_c: rosidl_typesupport_fastrtps_c;rosidl_typesupport_introspection_c
[0.412s] -- Using all available rosidl_typesupport_cpp: rosidl_typesupport_fastrtps_cpp;rosidl_typesupport_introspection_cpp
[0.439s] -- Found rmw_implementation_cmake: 6.1.2 (/opt/ros/humble/share/rmw_implementation_cmake/cmake)
[0.441s] -- Found rmw_fastrtps_cpp: 6.2.8 (/opt/ros/humble/share/rmw_fastrtps_cpp/cmake)
[0.492s] -- Found OpenSSL: /usr/lib/x86_64-linux-gnu/libcrypto.so (found version "3.0.2")  
[0.510s] -- Found FastRTPS: /opt/ros/humble/include  
[0.538s] -- Using RMW implementation 'rmw_fastrtps_cpp' as default
[0.544s] -- Looking for pthread.h
[0.591s] -- Looking for pthread.h - found
[0.591s] -- Performing Test CMAKE_HAVE_LIBC_PTHREAD
[0.642s] -- Performing Test CMAKE_HAVE_LIBC_PTHREAD - Success
[0.643s] -- Found Threads: TRUE  
[0.674s] -- Found geometry_msgs: 4.9.0 (/opt/ros/humble/share/geometry_msgs/cmake)
[0.681s] -- Found nav_msgs: 4.9.0 (/opt/ros/humble/share/nav_msgs/cmake)
[0.695s] -- Found ament_lint_auto: 0.12.14 (/opt/ros/humble/share/ament_lint_auto/cmake)
[0.728s] WARNING: Package name "41068_ignition_bringup" does not follow the naming conventions. It should start with a lower case letter and only contain lower case letters, digits, underscores, and dashes.
[0.747s] -- Added test 'copyright' to check source files copyright and LICENSE
[0.783s] -- Added test 'cppcheck' to perform static code analysis on C / C++ code
[0.783s] -- Configured cppcheck include dirs: 
[0.783s] -- Configured cppcheck exclude dirs and/or files: 
[0.818s] -- Added test 'cpplint' to check C / C++ code against the Google style
[0.818s] -- Configured cpplint exclude dirs and/or files: 
[0.823s] -- Added test 'flake8' to check Python code syntax and style conventions
[0.833s] -- Added test 'lint_cmake' to check CMake code style
[0.839s] -- Added test 'pep257' to check Python code against some of the docstring style conventions in PEP 257
[0.875s] -- Added test 'uncrustify' to check C / C++ code style
[0.875s] -- Configured uncrustify additional arguments: 
[0.880s] -- Added test 'xmllint' to check XML markup files
[0.880s] -- Configuring done
[0.891s] -- Generating done
[0.895s] -- Build files have been written to: /home/rian/git/RS1-Group5/41068_ws/build/41068_ignition_bringup
[0.902s] Invoked command in '/home/rian/git/RS1-Group5/41068_ws/build/41068_ignition_bringup' returned '0': CMAKE_PREFIX_PATH=${CMAKE_PREFIX_PATH}:/home/rian/git/RS1-Group5/41068_ws/install/rs1_gui:/opt/ros/humble /usr/bin/cmake /home/rian/git/RS1-Group5/41068_ws/src/41068_ignition_bringup -DCMAKE_INSTALL_PREFIX=/home/rian/git/RS1-Group5/41068_ws/install/41068_ignition_bringup
[0.903s] Invoking command in '/home/rian/git/RS1-Group5/41068_ws/build/41068_ignition_bringup': CMAKE_PREFIX_PATH=${CMAKE_PREFIX_PATH}:/home/rian/git/RS1-Group5/41068_ws/install/rs1_gui:/opt/ros/humble /usr/bin/cmake --build /home/rian/git/RS1-Group5/41068_ws/build/41068_ignition_bringup -- -j8 -l8
[0.936s] [ 37%] [32mBuilding CXX object CMakeFiles/cmd_mux.dir/src/cmd_mux.cpp.o[0m
[0.936s] [ 37%] [32mBuilding CXX object CMakeFiles/manual_driver.dir/src/manual_driver.cpp.o[0m
[0.936s] [ 37%] [32mBuilding CXX object CMakeFiles/waypoint_follower.dir/src/main.cpp.o[0m
[0.936s] [ 50%] [32mBuilding CXX object CMakeFiles/waypoint_manager.dir/src/waypoint_manager.cpp.o[0m
[4.251s] [ 62%] [32m[1mLinking CXX executable manual_driver[0m
[4.398s] [ 62%] Built target manual_driver
[7.404s] [ 75%] [32m[1mLinking CXX executable waypoint_manager[0m
[7.709s] [ 75%] Built target waypoint_manager
[8.955s] [ 87%] [32m[1mLinking CXX executable cmd_mux[0m
[9.352s] [ 87%] Built target cmd_mux
[9.641s] [100%] [32m[1mLinking CXX executable waypoint_follower[0m
[10.027s] [100%] Built target waypoint_follower
[10.040s] Invoked command in '/home/rian/git/RS1-Group5/41068_ws/build/41068_ignition_bringup' returned '0': CMAKE_PREFIX_PATH=${CMAKE_PREFIX_PATH}:/home/rian/git/RS1-Group5/41068_ws/install/rs1_gui:/opt/ros/humble /usr/bin/cmake --build /home/rian/git/RS1-Group5/41068_ws/build/41068_ignition_bringup -- -j8 -l8
[10.046s] Invoking command in '/home/rian/git/RS1-Group5/41068_ws/build/41068_ignition_bringup': CMAKE_PREFIX_PATH=${CMAKE_PREFIX_PATH}:/home/rian/git/RS1-Group5/41068_ws/install/rs1_gui:/opt/ros/humble /usr/bin/cmake --install /home/rian/git/RS1-Group5/41068_ws/build/41068_ignition_bringup
[10.050s] -- Install configuration: ""
[10.050s] -- Installing: /home/rian/git/RS1-Group5/41068_ws/install/41068_ignition_bringup/lib/41068_ignition_bringup/waypoint_follower
[10.053s] -- Set runtime path of "/home/rian/git/RS1-Group5/41068_ws/install/41068_ignition_bringup/lib/41068_ignition_bringup/waypoint_follower" to ""
[10.053s] -- Installing: /home/rian/git/RS1-Group5/41068_ws/install/41068_ignition_bringup/lib/41068_ignition_bringup/waypoint_manager
[10.055s] -- Set runtime path of "/home/rian/git/RS1-Group5/41068_ws/install/41068_ignition_bringup/lib/41068_ignition_bringup/waypoint_manager" to ""
[10.055s] -- Installing: /home/rian/git/RS1-Group5/41068_ws/install/41068_ignition_bringup/lib/41068_ignition_bringup/cmd_mux
[10.058s] -- Set runtime path of "/home/rian/git/RS1-Group5/41068_ws/install/41068_ignition_bringup/lib/41068_ignition_bringup/cmd_mux" to ""
[10.058s] -- Installing: /home/rian/git/RS1-Group5/41068_ws/install/41068_ignition_bringup/lib/41068_ignition_bringup/manual_driver
[10.059s] -- Set runtime path of "/home/rian/git/RS1-Group5/41068_ws/install/41068_ignition_bringup/lib/41068_ignition_bringup/manual_driver" to ""
[10.059s] -- Installing: /home/rian/git/RS1-Group5/41068_ws/install/41068_ignition_bringup/share/41068_ignition_bringup/config
[10.059s] -- Installing: /home/rian/git/RS1-Group5/41068_ws/install/41068_ignition_bringup/share/41068_ignition_bringup/config/41068.rviz
[10.059s] -- Installing: /home/rian/git/RS1-Group5/41068_ws/install/41068_ignition_bringup/share/41068_ignition_bringup/config/gazebo_bridge.yaml
[10.059s] -- Installing: /home/rian/git/RS1-Group5/41068_ws/install/41068_ignition_bringup/share/41068_ignition_bringup/config/nav2_params.yaml
[10.059s] -- Installing: /home/rian/git/RS1-Group5/41068_ws/install/41068_ignition_bringup/share/41068_ignition_bringup/config/slam_params.yaml
[10.059s] -- Installing: /home/rian/git/RS1-Group5/41068_ws/install/41068_ignition_bringup/share/41068_ignition_bringup/launch
[10.059s] -- Installing: /home/rian/git/RS1-Group5/41068_ws/install/41068_ignition_bringup/share/41068_ignition_bringup/launch/41068_navigation.launch.py
[10.059s] -- Installing: /home/rian/git/RS1-Group5/41068_ws/install/41068_ignition_bringup/share/41068_ignition_bringup/launch/41068_ignition.launch.py
[10.059s] -- Installing: /home/rian/git/RS1-Group5/41068_ws/install/41068_ignition_bringup/share/41068_ignition_bringup/launch/41068_ignition_drone.launch.py
[10.059s] -- Installing: /home/rian/git/RS1-Group5/41068_ws/install/41068_ignition_bringup/share/41068_ignition_bringup/models
[10.059s] -- Installing: /home/rian/git/RS1-Group5/41068_ws/install/41068_ignition_bringup/share/41068_ignition_bringup/models/forest_plane
[10.060s] -- Installing: /home/rian/git/RS1-Group5/41068_ws/install/41068_ignition_bringup/share/41068_ignition_bringup/models/forest_plane/model.sdf
[10.060s] -- Installing: /home/rian/git/RS1-Group5/41068_ws/install/41068_ignition_bringup/share/41068_ignition_bringup/models/forest_plane/model.config
[10.060s] -- Installing: /home/rian/git/RS1-Group5/41068_ws/install/41068_ignition_bringup/share/41068_ignition_bringup/models/forest_plane/materials
[10.060s] -- Installing: /home/rian/git/RS1-Group5/41068_ws/install/41068_ignition_bringup/share/41068_ignition_bringup/models/forest_plane/materials/textures
[10.060s] -- Installing: /home/rian/git/RS1-Group5/41068_ws/install/41068_ignition_bringup/share/41068_ignition_bringup/models/forest_plane/materials/textures/leaf_litter.png
[10.061s] -- Installing: /home/rian/git/RS1-Group5/41068_ws/install/41068_ignition_bringup/share/41068_ignition_bringup/models/forest_plane/materials/textures/empty_grass.png
[10.064s] -- Installing: /home/rian/git/RS1-Group5/41068_ws/install/41068_ignition_bringup/share/41068_ignition_bringup/models/forest_plane/materials/textures/forest_overhead.png
[10.065s] -- Installing: /home/rian/git/RS1-Group5/41068_ws/install/41068_ignition_bringup/share/41068_ignition_bringup/models/forest_plane/materials/textures/Map.png
[10.067s] -- Installing: /home/rian/git/RS1-Group5/41068_ws/install/41068_ignition_bringup/share/41068_ignition_bringup/models/grass_plane
[10.067s] -- Installing: /home/rian/git/RS1-Group5/41068_ws/install/41068_ignition_bringup/share/41068_ignition_bringup/models/grass_plane/model.sdf
[10.067s] -- Installing: /home/rian/git/RS1-Group5/41068_ws/install/41068_ignition_bringup/share/41068_ignition_bringup/models/grass_plane/model.config
[10.067s] -- Installing: /home/rian/git/RS1-Group5/41068_ws/install/41068_ignition_bringup/share/41068_ignition_bringup/models/grass_plane/materials
[10.067s] -- Installing: /home/rian/git/RS1-Group5/41068_ws/install/41068_ignition_bringup/share/41068_ignition_bringup/models/grass_plane/materials/textures
[10.067s] -- Installing: /home/rian/git/RS1-Group5/41068_ws/install/41068_ignition_bringup/share/41068_ignition_bringup/models/grass_plane/materials/textures/empty_grass.png
[10.068s] -- Installing: /home/rian/git/RS1-Group5/41068_ws/install/41068_ignition_bringup/share/41068_ignition_bringup/models/forest_terrain
[10.068s] -- Installing: /home/rian/git/RS1-Group5/41068_ws/install/41068_ignition_bringup/share/41068_ignition_bringup/models/forest_terrain/model.sdf
[10.068s] -- Installing: /home/rian/git/RS1-Group5/41068_ws/install/41068_ignition_bringup/share/41068_ignition_bringup/models/forest_terrain/install
[10.068s] -- Installing: /home/rian/git/RS1-Group5/41068_ws/install/41068_ignition_bringup/share/41068_ignition_bringup/models/forest_terrain/install/setup.zsh
[10.068s] -- Installing: /home/rian/git/RS1-Group5/41068_ws/install/41068_ignition_bringup/share/41068_ignition_bringup/models/forest_terrain/install/local_setup.ps1
[10.068s] -- Installing: /home/rian/git/RS1-Group5/41068_ws/install/41068_ignition_bringup/share/41068_ignition_bringup/models/forest_terrain/install/_local_setup_util_ps1.py
[10.068s] -- Installing: /home/rian/git/RS1-Group5/41068_ws/install/41068_ignition_bringup/share/41068_ignition_bringup/models/forest_terrain/install/.colcon_install_layout
[10.068s] -- Installing: /home/rian/git/RS1-Group5/41068_ws/install/41068_ignition_bringup/share/41068_ignition_bringup/models/forest_terrain/install/local_setup.sh
[10.069s] -- Installing: /home/rian/git/RS1-Group5/41068_ws/install/41068_ignition_bringup/share/41068_ignition_bringup/models/forest_terrain/install/setup.ps1
[10.069s] -- Installing: /home/rian/git/RS1-Group5/41068_ws/install/41068_ignition_bringup/share/41068_ignition_bringup/models/forest_terrain/install/local_setup.zsh
[10.069s] -- Installing: /home/rian/git/RS1-Group5/41068_ws/install/41068_ignition_bringup/share/41068_ignition_bringup/models/forest_terrain/install/setup.sh
[10.069s] -- Installing: /home/rian/git/RS1-Group5/41068_ws/install/41068_ignition_bringup/share/41068_ignition_bringup/models/forest_terrain/install/setup.bash
[10.069s] -- Installing: /home/rian/git/RS1-Group5/41068_ws/install/41068_ignition_bringup/share/41068_ignition_bringup/models/forest_terrain/install/COLCON_IGNORE
[10.069s] -- Installing: /home/rian/git/RS1-Group5/41068_ws/install/41068_ignition_bringup/share/41068_ignition_bringup/models/forest_terrain/install/local_setup.bash
[10.069s] -- Installing: /home/rian/git/RS1-Group5/41068_ws/install/41068_ignition_bringup/share/41068_ignition_bringup/models/forest_terrain/install/_local_setup_util_sh.py
[10.069s] -- Installing: /home/rian/git/RS1-Group5/41068_ws/install/41068_ignition_bringup/share/41068_ignition_bringup/models/forest_terrain/log
[10.069s] -- Installing: /home/rian/git/RS1-Group5/41068_ws/install/41068_ignition_bringup/share/41068_ignition_bringup/models/forest_terrain/log/build_2025-08-27_19-31-27
[10.069s] -- Installing: /home/rian/git/RS1-Group5/41068_ws/install/41068_ignition_bringup/share/41068_ignition_bringup/models/forest_terrain/log/build_2025-08-27_19-31-27/logger_all.log
[10.069s] -- Installing: /home/rian/git/RS1-Group5/41068_ws/install/41068_ignition_bringup/share/41068_ignition_bringup/models/forest_terrain/log/build_2025-08-27_19-31-27/events.log
[10.069s] -- Installing: /home/rian/git/RS1-Group5/41068_ws/install/41068_ignition_bringup/share/41068_ignition_bringup/models/forest_terrain/log/COLCON_IGNORE
[10.069s] -- Installing: /home/rian/git/RS1-Group5/41068_ws/install/41068_ignition_bringup/share/41068_ignition_bringup/models/forest_terrain/log/build_2025-08-28_15-02-25
[10.069s] -- Installing: /home/rian/git/RS1-Group5/41068_ws/install/41068_ignition_bringup/share/41068_ignition_bringup/models/forest_terrain/log/build_2025-08-28_15-02-25/logger_all.log
[10.069s] -- Installing: /home/rian/git/RS1-Group5/41068_ws/install/41068_ignition_bringup/share/41068_ignition_bringup/models/forest_terrain/log/build_2025-08-28_15-02-25/events.log
[10.069s] -- Installing: /home/rian/git/RS1-Group5/41068_ws/install/41068_ignition_bringup/share/41068_ignition_bringup/models/forest_terrain/log/latest_build
[10.069s] -- Installing: /home/rian/git/RS1-Group5/41068_ws/install/41068_ignition_bringup/share/41068_ignition_bringup/models/forest_terrain/log/latest
[10.069s] -- Installing: /home/rian/git/RS1-Group5/41068_ws/install/41068_ignition_bringup/share/41068_ignition_bringup/models/forest_terrain/log/build_2025-08-28_14-08-20
[10.069s] -- Installing: /home/rian/git/RS1-Group5/41068_ws/install/41068_ignition_bringup/share/41068_ignition_bringup/models/forest_terrain/log/build_2025-08-28_14-08-20/logger_all.log
[10.069s] -- Installing: /home/rian/git/RS1-Group5/41068_ws/install/41068_ignition_bringup/share/41068_ignition_bringup/models/forest_terrain/log/build_2025-08-28_14-08-20/events.log
[10.069s] -- Installing: /home/rian/git/RS1-Group5/41068_ws/install/41068_ignition_bringup/share/41068_ignition_bringup/models/forest_terrain/model.config
[10.069s] -- Installing: /home/rian/git/RS1-Group5/41068_ws/install/41068_ignition_bringup/share/41068_ignition_bringup/models/forest_terrain/build
[10.069s] -- Installing: /home/rian/git/RS1-Group5/41068_ws/install/41068_ignition_bringup/share/41068_ignition_bringup/models/forest_terrain/build/.built_by
[10.070s] -- Installing: /home/rian/git/RS1-Group5/41068_ws/install/41068_ignition_bringup/share/41068_ignition_bringup/models/forest_terrain/build/COLCON_IGNORE
[10.070s] -- Installing: /home/rian/git/RS1-Group5/41068_ws/install/41068_ignition_bringup/share/41068_ignition_bringup/models/forest_terrain/materials
[10.070s] -- Installing: /home/rian/git/RS1-Group5/41068_ws/install/41068_ignition_bringup/share/41068_ignition_bringup/models/forest_terrain/materials/textures
[10.070s] -- Installing: /home/rian/git/RS1-Group5/41068_ws/install/41068_ignition_bringup/share/41068_ignition_bringup/models/forest_terrain/materials/textures/Elevated_Terrain_Test.dae
[10.071s] -- Installing: /home/rian/git/RS1-Group5/41068_ws/install/41068_ignition_bringup/share/41068_ignition_bringup/models/forest_terrain/materials/textures/model.sdf
[10.071s] -- Installing: /home/rian/git/RS1-Group5/41068_ws/install/41068_ignition_bringup/share/41068_ignition_bringup/models/forest_terrain/materials/textures/forest_overhead.png
[10.072s] -- Installing: /home/rian/git/RS1-Group5/41068_ws/install/41068_ignition_bringup/share/41068_ignition_bringup/models/forest_terrain/materials/textures/Elevated_Terrain_Test.fbm
[10.072s] -- Installing: /home/rian/git/RS1-Group5/41068_ws/install/41068_ignition_bringup/share/41068_ignition_bringup/models/forest_terrain/materials/textures/Elevated_Terrain_Test.fbm/forest_overhead.png
[10.073s] -- Installing: /home/rian/git/RS1-Group5/41068_ws/install/41068_ignition_bringup/share/41068_ignition_bringup/models/forest_terrain/materials/textures/model.config
[10.073s] -- Installing: /home/rian/git/RS1-Group5/41068_ws/install/41068_ignition_bringup/share/41068_ignition_bringup/models/forest_terrain/materials/textures/Elevated_Terrain_Test.fbx
[10.073s] -- Installing: /home/rian/git/RS1-Group5/41068_ws/install/41068_ignition_bringup/share/41068_ignition_bringup/models/forest_wall
[10.073s] -- Installing: /home/rian/git/RS1-Group5/41068_ws/install/41068_ignition_bringup/share/41068_ignition_bringup/models/forest_wall/model.sdf
[10.073s] -- Installing: /home/rian/git/RS1-Group5/41068_ws/install/41068_ignition_bringup/share/41068_ignition_bringup/models/forest_wall/model.config
[10.073s] -- Installing: /home/rian/git/RS1-Group5/41068_ws/install/41068_ignition_bringup/share/41068_ignition_bringup/models/forest_wall/materials
[10.073s] -- Installing: /home/rian/git/RS1-Group5/41068_ws/install/41068_ignition_bringup/share/41068_ignition_bringup/models/forest_wall/materials/textures
[10.073s] -- Installing: /home/rian/git/RS1-Group5/41068_ws/install/41068_ignition_bringup/share/41068_ignition_bringup/models/forest_wall/materials/textures/forest_wall.png
[10.075s] -- Installing: /home/rian/git/RS1-Group5/41068_ws/install/41068_ignition_bringup/share/41068_ignition_bringup/models/forest_wall/materials/textures/forest_wall_transparent_small.png
[10.075s] -- Installing: /home/rian/git/RS1-Group5/41068_ws/install/41068_ignition_bringup/share/41068_ignition_bringup/models/forest_wall/materials/textures/forest_wall_transparent.png
[10.076s] -- Installing: /home/rian/git/RS1-Group5/41068_ws/install/41068_ignition_bringup/share/41068_ignition_bringup/urdf
[10.076s] -- Installing: /home/rian/git/RS1-Group5/41068_ws/install/41068_ignition_bringup/share/41068_ignition_bringup/urdf/husky.urdf.xacro
[10.076s] -- Installing: /home/rian/git/RS1-Group5/41068_ws/install/41068_ignition_bringup/share/41068_ignition_bringup/urdf/wheel.urdf.xacro
[10.076s] -- Installing: /home/rian/git/RS1-Group5/41068_ws/install/41068_ignition_bringup/share/41068_ignition_bringup/urdf/meshes
[10.076s] -- Installing: /home/rian/git/RS1-Group5/41068_ws/install/41068_ignition_bringup/share/41068_ignition_bringup/urdf/meshes/top_plate.dae
[10.076s] -- Installing: /home/rian/git/RS1-Group5/41068_ws/install/41068_ignition_bringup/share/41068_ignition_bringup/urdf/meshes/bumper.dae
[10.076s] -- Installing: /home/rian/git/RS1-Group5/41068_ws/install/41068_ignition_bringup/share/41068_ignition_bringup/urdf/meshes/top_chassis.dae
[10.077s] -- Installing: /home/rian/git/RS1-Group5/41068_ws/install/41068_ignition_bringup/share/41068_ignition_bringup/urdf/meshes/jpl04_arch_nosensor.stl
[10.077s] -- Installing: /home/rian/git/RS1-Group5/41068_ws/install/41068_ignition_bringup/share/41068_ignition_bringup/urdf/meshes/wheel.dae
[10.078s] -- Installing: /home/rian/git/RS1-Group5/41068_ws/install/41068_ignition_bringup/share/41068_ignition_bringup/urdf/meshes/base_link.dae
[10.078s] -- Installing: /home/rian/git/RS1-Group5/41068_ws/install/41068_ignition_bringup/share/41068_ignition_bringup/urdf/husky.gazebo.xacro
[10.078s] -- Installing: /home/rian/git/RS1-Group5/41068_ws/install/41068_ignition_bringup/share/41068_ignition_bringup/urdf/common_properties.urdf.xacro
[10.078s] -- Installing: /home/rian/git/RS1-Group5/41068_ws/install/41068_ignition_bringup/share/41068_ignition_bringup/worlds
[10.078s] -- Installing: /home/rian/git/RS1-Group5/41068_ws/install/41068_ignition_bringup/share/41068_ignition_bringup/worlds/simple_trees.sdf
[10.078s] -- Installing: /home/rian/git/RS1-Group5/41068_ws/install/41068_ignition_bringup/share/41068_ignition_bringup/worlds/large_demo.sdf
[10.078s] -- Installing: /home/rian/git/RS1-Group5/41068_ws/install/41068_ignition_bringup/share/41068_ignition_bringup/urdf_drone
[10.079s] -- Installing: /home/rian/git/RS1-Group5/41068_ws/install/41068_ignition_bringup/share/41068_ignition_bringup/urdf_drone/meshes
[10.079s] -- Installing: /home/rian/git/RS1-Group5/41068_ws/install/41068_ignition_bringup/share/41068_ignition_bringup/urdf_drone/meshes/propeller_fr.dae
[10.079s] -- Installing: /home/rian/git/RS1-Group5/41068_ws/install/41068_ignition_bringup/share/41068_ignition_bringup/urdf_drone/meshes/hull.dae
[10.080s] -- Installing: /home/rian/git/RS1-Group5/41068_ws/install/41068_ignition_bringup/share/41068_ignition_bringup/urdf_drone/meshes/propeller_fl.dae
[10.080s] -- Installing: /home/rian/git/RS1-Group5/41068_ws/install/41068_ignition_bringup/share/41068_ignition_bringup/urdf_drone/meshes/propeller_rl.dae
[10.080s] -- Installing: /home/rian/git/RS1-Group5/41068_ws/install/41068_ignition_bringup/share/41068_ignition_bringup/urdf_drone/meshes/propeller_rr.dae
[10.080s] -- Installing: /home/rian/git/RS1-Group5/41068_ws/install/41068_ignition_bringup/share/41068_ignition_bringup/urdf_drone/thumbnails
[10.080s] -- Installing: /home/rian/git/RS1-Group5/41068_ws/install/41068_ignition_bringup/share/41068_ignition_bringup/urdf_drone/thumbnails/4.png
[10.080s] -- Installing: /home/rian/git/RS1-Group5/41068_ws/install/41068_ignition_bringup/share/41068_ignition_bringup/urdf_drone/thumbnails/3.png
[10.080s] -- Installing: /home/rian/git/RS1-Group5/41068_ws/install/41068_ignition_bringup/share/41068_ignition_bringup/urdf_drone/thumbnails/2.png
[10.081s] -- Installing: /home/rian/git/RS1-Group5/41068_ws/install/41068_ignition_bringup/share/41068_ignition_bringup/urdf_drone/thumbnails/5.png
[10.081s] -- Installing: /home/rian/git/RS1-Group5/41068_ws/install/41068_ignition_bringup/share/41068_ignition_bringup/urdf_drone/thumbnails/1.png
[10.081s] -- Installing: /home/rian/git/RS1-Group5/41068_ws/install/41068_ignition_bringup/share/41068_ignition_bringup/urdf_drone/model.sdf
[10.081s] -- Installing: /home/rian/git/RS1-Group5/41068_ws/install/41068_ignition_bringup/share/41068_ignition_bringup/urdf_drone/common_properties.urdf.xacro
[10.081s] -- Installing: /home/rian/git/RS1-Group5/41068_ws/install/41068_ignition_bringup/share/41068_ignition_bringup/urdf_drone/parrot.urdf.xacro
[10.081s] -- Installing: /home/rian/git/RS1-Group5/41068_ws/install/41068_ignition_bringup/share/41068_ignition_bringup/urdf_drone/model.config
[10.081s] -- Installing: /home/rian/git/RS1-Group5/41068_ws/install/41068_ignition_bringup/share/41068_ignition_bringup/urdf_drone/parrot.gazebo.xacro
[10.081s] -- Installing: /home/rian/git/RS1-Group5/41068_ws/install/41068_ignition_bringup/share/ament_index/resource_index/package_run_dependencies/41068_ignition_bringup
[10.081s] -- Installing: /home/rian/git/RS1-Group5/41068_ws/install/41068_ignition_bringup/share/ament_index/resource_index/parent_prefix_path/41068_ignition_bringup
[10.081s] -- Installing: /home/rian/git/RS1-Group5/41068_ws/install/41068_ignition_bringup/share/41068_ignition_bringup/environment/ament_prefix_path.sh
[10.081s] -- Installing: /home/rian/git/RS1-Group5/41068_ws/install/41068_ignition_bringup/share/41068_ignition_bringup/environment/ament_prefix_path.dsv
[10.081s] -- Installing: /home/rian/git/RS1-Group5/41068_ws/install/41068_ignition_bringup/share/41068_ignition_bringup/environment/path.sh
[10.081s] -- Installing: /home/rian/git/RS1-Group5/41068_ws/install/41068_ignition_bringup/share/41068_ignition_bringup/environment/path.dsv
[10.081s] -- Installing: /home/rian/git/RS1-Group5/41068_ws/install/41068_ignition_bringup/share/41068_ignition_bringup/local_setup.bash
[10.081s] -- Installing: /home/rian/git/RS1-Group5/41068_ws/install/41068_ignition_bringup/share/41068_ignition_bringup/local_setup.sh
[10.082s] -- Installing: /home/rian/git/RS1-Group5/41068_ws/install/41068_ignition_bringup/share/41068_ignition_bringup/local_setup.zsh
[10.082s] -- Installing: /home/rian/git/RS1-Group5/41068_ws/install/41068_ignition_bringup/share/41068_ignition_bringup/local_setup.dsv
[10.082s] -- Installing: /home/rian/git/RS1-Group5/41068_ws/install/41068_ignition_bringup/share/41068_ignition_bringup/package.dsv
[10.082s] -- Installing: /home/rian/git/RS1-Group5/41068_ws/install/41068_ignition_bringup/share/ament_index/resource_index/packages/41068_ignition_bringup
[10.082s] -- Installing: /home/rian/git/RS1-Group5/41068_ws/install/41068_ignition_bringup/share/41068_ignition_bringup/cmake/41068_ignition_bringupConfig.cmake
[10.082s] -- Installing: /home/rian/git/RS1-Group5/41068_ws/install/41068_ignition_bringup/share/41068_ignition_bringup/cmake/41068_ignition_bringupConfig-version.cmake
[10.082s] -- Installing: /home/rian/git/RS1-Group5/41068_ws/install/41068_ignition_bringup/share/41068_ignition_bringup/package.xml
[10.084s] Invoked command in '/home/rian/git/RS1-Group5/41068_ws/build/41068_ignition_bringup' returned '0': CMAKE_PREFIX_PATH=${CMAKE_PREFIX_PATH}:/home/rian/git/RS1-Group5/41068_ws/install/rs1_gui:/opt/ros/humble /usr/bin/cmake --install /home/rian/git/RS1-Group5/41068_ws/build/41068_ignition_bringup
