[0.012s] Invoking command in '/home/jun/git/Robotics-Studio-1/41068_ws/build/41068_ignition_bringup': CMAKE_PREFIX_PATH=${CMAKE_PREFIX_PATH}:/home/jun/git/Robotics-Studio-1/41068_ws/install/rs1_gui:/opt/ros/humble /usr/bin/cmake --build /home/jun/git/Robotics-Studio-1/41068_ws/build/41068_ignition_bringup -- -j22 -l22
[0.032s] -- Found ament_cmake: 1.3.12 (/opt/ros/humble/share/ament_cmake/cmake)
[0.117s] -- Override CMake install command with custom implementation using symlinks instead of copying resources
[0.123s] -- Found rclcpp: 16.0.14 (/opt/ros/humble/share/rclcpp/cmake)
[0.142s] -- Found rosidl_generator_c: 3.1.7 (/opt/ros/humble/share/rosidl_generator_c/cmake)
[0.144s] -- Found rosidl_adapter: 3.1.7 (/opt/ros/humble/share/rosidl_adapter/cmake)
[0.147s] -- Found rosidl_generator_cpp: 3.1.7 (/opt/ros/humble/share/rosidl_generator_cpp/cmake)
[0.153s] -- Using all available rosidl_typesupport_c: rosidl_typesupport_fastrtps_c;rosidl_typesupport_introspection_c
[0.161s] -- Using all available rosidl_typesupport_cpp: rosidl_typesupport_fastrtps_cpp;rosidl_typesupport_introspection_cpp
[0.184s] -- Found rmw_implementation_cmake: 6.1.2 (/opt/ros/humble/share/rmw_implementation_cmake/cmake)
[0.187s] -- Found rmw_cyclonedds_cpp: 1.3.4 (/opt/ros/humble/share/rmw_cyclonedds_cpp/cmake)
[0.207s] -- Using RMW implementation 'rmw_cyclonedds_cpp' as default
[0.239s] -- Found geometry_msgs: 4.9.0 (/opt/ros/humble/share/geometry_msgs/cmake)
[0.246s] -- Found nav_msgs: 4.9.0 (/opt/ros/humble/share/nav_msgs/cmake)
[0.258s] -- Found visualization_msgs: 4.9.0 (/opt/ros/humble/share/visualization_msgs/cmake)
[0.279s] -- Found tf2: 0.25.15 (/opt/ros/humble/share/tf2/cmake)
[0.282s] -- Found tf2_ros: 0.25.15 (/opt/ros/humble/share/tf2_ros/cmake)
[0.327s] -- Found tf2_geometry_msgs: 0.25.15 (/opt/ros/humble/share/tf2_geometry_msgs/cmake)
[0.329s] -- Found eigen3_cmake_module: 0.1.1 (/opt/ros/humble/share/eigen3_cmake_module/cmake)
[0.330s] -- Ensuring Eigen3 include directory is part of orocos-kdl CMake target
[0.331s] -- Found cv_bridge: 3.2.1 (/opt/ros/humble/share/cv_bridge/cmake)
[0.351s] -- Found ament_lint_auto: 0.12.14 (/opt/ros/humble/share/ament_lint_auto/cmake)
[0.390s] WARNING: Package name "41068_ignition_bringup" does not follow the naming conventions. It should start with a lower case letter and only contain lower case letters, digits, underscores, and dashes.
[0.405s] -- Added test 'copyright' to check source files copyright and LICENSE
[0.423s] -- Added test 'cppcheck' to perform static code analysis on C / C++ code
[0.423s] -- Configured cppcheck include dirs: $<BUILD_INTERFACE:/home/jun/git/Robotics-Studio-1/41068_ws/src/41068_ignition_bringup/include>
[0.423s] -- Configured cppcheck exclude dirs and/or files: 
[0.450s] -- Added test 'cpplint' to check C / C++ code against the Google style
[0.450s] -- Configured cpplint exclude dirs and/or files: 
[0.452s] -- Added test 'flake8' to check Python code syntax and style conventions
[0.455s] -- Added test 'lint_cmake' to check CMake code style
[0.457s] -- Added test 'pep257' to check Python code against some of the docstring style conventions in PEP 257
[0.473s] -- Added test 'uncrustify' to check C / C++ code style
[0.473s] -- Configured uncrustify additional arguments: 
[0.477s] -- Added test 'xmllint' to check XML markup files
[0.478s] -- Configuring done
[0.501s] -- Generating done
[0.512s] -- Build files have been written to: /home/jun/git/Robotics-Studio-1/41068_ws/build/41068_ignition_bringup
[0.538s] [35m[1mConsolidate compiler generated dependencies of target waypoint_follower[0m
[0.538s] [35m[1mConsolidate compiler generated dependencies of target waypoint_manager[0m
[0.538s] [35m[1mConsolidate compiler generated dependencies of target lidar_sensing_node[0m
[0.538s] [35m[1mConsolidate compiler generated dependencies of target map_waypoint_manager[0m
[0.539s] [35m[1mConsolidate compiler generated dependencies of target manual_trail_inspector[0m
[0.540s] [35m[1mConsolidate compiler generated dependencies of target teleop_obstacle_avoid[0m
[0.540s] [35m[1mConsolidate compiler generated dependencies of target autonomous_trail_follower[0m
[0.552s] [ 14%] Built target waypoint_follower
[0.555s] [ 42%] Built target lidar_sensing_node
[0.555s] [ 42%] Built target map_waypoint_manager
[0.555s] [ 57%] Built target teleop_obstacle_avoid
[0.557s] [ 71%] Built target waypoint_manager
[0.557s] [ 85%] Built target manual_trail_inspector
[0.561s] [100%] Built target autonomous_trail_follower
[0.574s] Invoked command in '/home/jun/git/Robotics-Studio-1/41068_ws/build/41068_ignition_bringup' returned '0': CMAKE_PREFIX_PATH=${CMAKE_PREFIX_PATH}:/home/jun/git/Robotics-Studio-1/41068_ws/install/rs1_gui:/opt/ros/humble /usr/bin/cmake --build /home/jun/git/Robotics-Studio-1/41068_ws/build/41068_ignition_bringup -- -j22 -l22
[0.583s] Invoking command in '/home/jun/git/Robotics-Studio-1/41068_ws/build/41068_ignition_bringup': CMAKE_PREFIX_PATH=${CMAKE_PREFIX_PATH}:/home/jun/git/Robotics-Studio-1/41068_ws/install/rs1_gui:/opt/ros/humble /usr/bin/cmake --install /home/jun/git/Robotics-Studio-1/41068_ws/build/41068_ignition_bringup
[0.590s] -- Install configuration: ""
[0.591s] -- Execute custom install script
[0.591s] -- Up-to-date symlink: /home/jun/git/Robotics-Studio-1/41068_ws/install/41068_ignition_bringup/lib/41068_ignition_bringup/autonomous_trail_follower
[0.591s] -- Up-to-date symlink: /home/jun/git/Robotics-Studio-1/41068_ws/install/41068_ignition_bringup/lib/41068_ignition_bringup/waypoint_follower
[0.592s] -- Up-to-date symlink: /home/jun/git/Robotics-Studio-1/41068_ws/install/41068_ignition_bringup/lib/41068_ignition_bringup/waypoint_manager
[0.592s] -- Up-to-date symlink: /home/jun/git/Robotics-Studio-1/41068_ws/install/41068_ignition_bringup/lib/41068_ignition_bringup/map_waypoint_manager
[0.592s] -- Up-to-date symlink: /home/jun/git/Robotics-Studio-1/41068_ws/install/41068_ignition_bringup/share/41068_ignition_bringup/config/41068.rviz
[0.593s] -- Up-to-date symlink: /home/jun/git/Robotics-Studio-1/41068_ws/install/41068_ignition_bringup/share/41068_ignition_bringup/config/gazebo_bridge.yaml
[0.593s] -- Up-to-date symlink: /home/jun/git/Robotics-Studio-1/41068_ws/install/41068_ignition_bringup/share/41068_ignition_bringup/config/nav2_params.yaml
[0.593s] -- Up-to-date symlink: /home/jun/git/Robotics-Studio-1/41068_ws/install/41068_ignition_bringup/share/41068_ignition_bringup/config/robot_localization.yaml
[0.593s] -- Up-to-date symlink: /home/jun/git/Robotics-Studio-1/41068_ws/install/41068_ignition_bringup/share/41068_ignition_bringup/config/slam_params.yaml
[0.593s] -- Up-to-date symlink: /home/jun/git/Robotics-Studio-1/41068_ws/install/41068_ignition_bringup/share/41068_ignition_bringup/launch/41068_ignition.launch.py
[0.593s] -- Symlinking: /home/jun/git/Robotics-Studio-1/41068_ws/install/41068_ignition_bringup/share/41068_ignition_bringup/launch/41068_ignition_drone.launch.py
[0.599s] -- Up-to-date symlink: /home/jun/git/Robotics-Studio-1/41068_ws/install/41068_ignition_bringup/share/41068_ignition_bringup/launch/41068_navigation.launch.py
[0.600s] [33mCMake Warning (dev) at ament_cmake_symlink_install/ament_cmake_symlink_install.cmake:62 (file):
[0.600s]   Policy CMP0009 is not set: FILE GLOB_RECURSE calls should not follow
[0.600s]   symlinks by default.  Run "cmake --help-policy CMP0009" for policy details.
[0.600s]   Use the cmake_policy command to set the policy and suppress this warning.
[0.600s] Call Stack (most recent call first):
[0.600s]   ament_cmake_symlink_install/ament_cmake_symlink_install.cmake:320 (ament_cmake_symlink_install_directory)
[0.600s]   cmake_install.cmake:46 (include)
[0.600s] This warning is for project developers.  Use -Wno-dev to suppress it.
[0.600s] [0m
[0.600s] -- Up-to-date symlink: /home/jun/git/Robotics-Studio-1/41068_ws/install/41068_ignition_bringup/share/41068_ignition_bringup/models/forest_plane/materials/textures/Map.png
[0.601s] -- Up-to-date symlink: /home/jun/git/Robotics-Studio-1/41068_ws/install/41068_ignition_bringup/share/41068_ignition_bringup/models/forest_plane/materials/textures/empty_grass.png
[0.601s] -- Up-to-date symlink: /home/jun/git/Robotics-Studio-1/41068_ws/install/41068_ignition_bringup/share/41068_ignition_bringup/models/forest_plane/materials/textures/forest_overhead.png
[0.601s] -- Up-to-date symlink: /home/jun/git/Robotics-Studio-1/41068_ws/install/41068_ignition_bringup/share/41068_ignition_bringup/models/forest_plane/materials/textures/leaf_litter.png
[0.601s] -- Up-to-date symlink: /home/jun/git/Robotics-Studio-1/41068_ws/install/41068_ignition_bringup/share/41068_ignition_bringup/models/forest_plane/model.config
[0.601s] -- Up-to-date symlink: /home/jun/git/Robotics-Studio-1/41068_ws/install/41068_ignition_bringup/share/41068_ignition_bringup/models/forest_plane/model.sdf
[0.601s] -- Up-to-date symlink: /home/jun/git/Robotics-Studio-1/41068_ws/install/41068_ignition_bringup/share/41068_ignition_bringup/models/forest_terrain/build/.built_by
[0.601s] -- Up-to-date symlink: /home/jun/git/Robotics-Studio-1/41068_ws/install/41068_ignition_bringup/share/41068_ignition_bringup/models/forest_terrain/build/COLCON_IGNORE
[0.601s] -- Up-to-date symlink: /home/jun/git/Robotics-Studio-1/41068_ws/install/41068_ignition_bringup/share/41068_ignition_bringup/models/forest_terrain/install/.colcon_install_layout
[0.601s] -- Up-to-date symlink: /home/jun/git/Robotics-Studio-1/41068_ws/install/41068_ignition_bringup/share/41068_ignition_bringup/models/forest_terrain/install/COLCON_IGNORE
[0.601s] -- Up-to-date symlink: /home/jun/git/Robotics-Studio-1/41068_ws/install/41068_ignition_bringup/share/41068_ignition_bringup/models/forest_terrain/install/_local_setup_util_ps1.py
[0.601s] -- Up-to-date symlink: /home/jun/git/Robotics-Studio-1/41068_ws/install/41068_ignition_bringup/share/41068_ignition_bringup/models/forest_terrain/install/_local_setup_util_sh.py
[0.601s] -- Up-to-date symlink: /home/jun/git/Robotics-Studio-1/41068_ws/install/41068_ignition_bringup/share/41068_ignition_bringup/models/forest_terrain/install/local_setup.bash
[0.601s] -- Up-to-date symlink: /home/jun/git/Robotics-Studio-1/41068_ws/install/41068_ignition_bringup/share/41068_ignition_bringup/models/forest_terrain/install/local_setup.ps1
[0.602s] -- Up-to-date symlink: /home/jun/git/Robotics-Studio-1/41068_ws/install/41068_ignition_bringup/share/41068_ignition_bringup/models/forest_terrain/install/local_setup.sh
[0.602s] -- Up-to-date symlink: /home/jun/git/Robotics-Studio-1/41068_ws/install/41068_ignition_bringup/share/41068_ignition_bringup/models/forest_terrain/install/local_setup.zsh
[0.602s] -- Up-to-date symlink: /home/jun/git/Robotics-Studio-1/41068_ws/install/41068_ignition_bringup/share/41068_ignition_bringup/models/forest_terrain/install/setup.bash
[0.602s] -- Up-to-date symlink: /home/jun/git/Robotics-Studio-1/41068_ws/install/41068_ignition_bringup/share/41068_ignition_bringup/models/forest_terrain/install/setup.ps1
[0.602s] -- Up-to-date symlink: /home/jun/git/Robotics-Studio-1/41068_ws/install/41068_ignition_bringup/share/41068_ignition_bringup/models/forest_terrain/install/setup.sh
[0.602s] -- Up-to-date symlink: /home/jun/git/Robotics-Studio-1/41068_ws/install/41068_ignition_bringup/share/41068_ignition_bringup/models/forest_terrain/install/setup.zsh
[0.602s] -- Up-to-date symlink: /home/jun/git/Robotics-Studio-1/41068_ws/install/41068_ignition_bringup/share/41068_ignition_bringup/models/forest_terrain/log/COLCON_IGNORE
[0.602s] -- Up-to-date symlink: /home/jun/git/Robotics-Studio-1/41068_ws/install/41068_ignition_bringup/share/41068_ignition_bringup/models/forest_terrain/log/build_2025-08-27_19-31-27/events.log
[0.602s] -- Up-to-date symlink: /home/jun/git/Robotics-Studio-1/41068_ws/install/41068_ignition_bringup/share/41068_ignition_bringup/models/forest_terrain/log/build_2025-08-27_19-31-27/logger_all.log
[0.602s] -- Up-to-date symlink: /home/jun/git/Robotics-Studio-1/41068_ws/install/41068_ignition_bringup/share/41068_ignition_bringup/models/forest_terrain/log/build_2025-08-28_14-08-20/events.log
[0.602s] -- Up-to-date symlink: /home/jun/git/Robotics-Studio-1/41068_ws/install/41068_ignition_bringup/share/41068_ignition_bringup/models/forest_terrain/log/build_2025-08-28_14-08-20/logger_all.log
[0.603s] -- Up-to-date symlink: /home/jun/git/Robotics-Studio-1/41068_ws/install/41068_ignition_bringup/share/41068_ignition_bringup/models/forest_terrain/log/build_2025-08-28_15-02-25/events.log
[0.603s] -- Up-to-date symlink: /home/jun/git/Robotics-Studio-1/41068_ws/install/41068_ignition_bringup/share/41068_ignition_bringup/models/forest_terrain/log/build_2025-08-28_15-02-25/logger_all.log
[0.603s] -- Up-to-date symlink: /home/jun/git/Robotics-Studio-1/41068_ws/install/41068_ignition_bringup/share/41068_ignition_bringup/models/forest_terrain/log/latest/events.log
[0.603s] -- Up-to-date symlink: /home/jun/git/Robotics-Studio-1/41068_ws/install/41068_ignition_bringup/share/41068_ignition_bringup/models/forest_terrain/log/latest/logger_all.log
[0.603s] -- Up-to-date symlink: /home/jun/git/Robotics-Studio-1/41068_ws/install/41068_ignition_bringup/share/41068_ignition_bringup/models/forest_terrain/log/latest_build/events.log
[0.603s] -- Up-to-date symlink: /home/jun/git/Robotics-Studio-1/41068_ws/install/41068_ignition_bringup/share/41068_ignition_bringup/models/forest_terrain/log/latest_build/logger_all.log
[0.603s] -- Up-to-date symlink: /home/jun/git/Robotics-Studio-1/41068_ws/install/41068_ignition_bringup/share/41068_ignition_bringup/models/forest_terrain/materials/textures/Elevated_Terrain_Test.dae
[0.603s] -- Up-to-date symlink: /home/jun/git/Robotics-Studio-1/41068_ws/install/41068_ignition_bringup/share/41068_ignition_bringup/models/forest_terrain/materials/textures/Elevated_Terrain_Test.fbm/forest_overhead.png
[0.603s] -- Up-to-date symlink: /home/jun/git/Robotics-Studio-1/41068_ws/install/41068_ignition_bringup/share/41068_ignition_bringup/models/forest_terrain/materials/textures/Elevated_Terrain_Test.fbx
[0.603s] -- Up-to-date symlink: /home/jun/git/Robotics-Studio-1/41068_ws/install/41068_ignition_bringup/share/41068_ignition_bringup/models/forest_terrain/materials/textures/forest_overhead.png
[0.603s] -- Up-to-date symlink: /home/jun/git/Robotics-Studio-1/41068_ws/install/41068_ignition_bringup/share/41068_ignition_bringup/models/forest_terrain/materials/textures/model.config
[0.603s] -- Up-to-date symlink: /home/jun/git/Robotics-Studio-1/41068_ws/install/41068_ignition_bringup/share/41068_ignition_bringup/models/forest_terrain/materials/textures/model.sdf
[0.603s] -- Up-to-date symlink: /home/jun/git/Robotics-Studio-1/41068_ws/install/41068_ignition_bringup/share/41068_ignition_bringup/models/forest_terrain/model.config
[0.603s] -- Up-to-date symlink: /home/jun/git/Robotics-Studio-1/41068_ws/install/41068_ignition_bringup/share/41068_ignition_bringup/models/forest_terrain/model.sdf
[0.603s] -- Up-to-date symlink: /home/jun/git/Robotics-Studio-1/41068_ws/install/41068_ignition_bringup/share/41068_ignition_bringup/models/forest_wall/materials/textures/forest_wall.png
[0.603s] -- Up-to-date symlink: /home/jun/git/Robotics-Studio-1/41068_ws/install/41068_ignition_bringup/share/41068_ignition_bringup/models/forest_wall/materials/textures/forest_wall_transparent.png
[0.603s] -- Up-to-date symlink: /home/jun/git/Robotics-Studio-1/41068_ws/install/41068_ignition_bringup/share/41068_ignition_bringup/models/forest_wall/materials/textures/forest_wall_transparent_small.png
[0.603s] -- Up-to-date symlink: /home/jun/git/Robotics-Studio-1/41068_ws/install/41068_ignition_bringup/share/41068_ignition_bringup/models/forest_wall/model.config
[0.603s] -- Up-to-date symlink: /home/jun/git/Robotics-Studio-1/41068_ws/install/41068_ignition_bringup/share/41068_ignition_bringup/models/forest_wall/model.sdf
[0.604s] -- Up-to-date symlink: /home/jun/git/Robotics-Studio-1/41068_ws/install/41068_ignition_bringup/share/41068_ignition_bringup/models/grass_plane/materials/textures/empty_grass.png
[0.604s] -- Up-to-date symlink: /home/jun/git/Robotics-Studio-1/41068_ws/install/41068_ignition_bringup/share/41068_ignition_bringup/models/grass_plane/model.config
[0.604s] -- Up-to-date symlink: /home/jun/git/Robotics-Studio-1/41068_ws/install/41068_ignition_bringup/share/41068_ignition_bringup/models/grass_plane/model.sdf
[0.604s] -- Up-to-date symlink: /home/jun/git/Robotics-Studio-1/41068_ws/install/41068_ignition_bringup/share/41068_ignition_bringup/urdf/common_properties.urdf.xacro
[0.604s] -- Up-to-date symlink: /home/jun/git/Robotics-Studio-1/41068_ws/install/41068_ignition_bringup/share/41068_ignition_bringup/urdf/husky.gazebo.xacro
[0.604s] -- Up-to-date symlink: /home/jun/git/Robotics-Studio-1/41068_ws/install/41068_ignition_bringup/share/41068_ignition_bringup/urdf/husky.urdf.xacro
[0.604s] -- Up-to-date symlink: /home/jun/git/Robotics-Studio-1/41068_ws/install/41068_ignition_bringup/share/41068_ignition_bringup/urdf/meshes/base_link.dae
[0.604s] -- Up-to-date symlink: /home/jun/git/Robotics-Studio-1/41068_ws/install/41068_ignition_bringup/share/41068_ignition_bringup/urdf/meshes/bumper.dae
[0.604s] -- Up-to-date symlink: /home/jun/git/Robotics-Studio-1/41068_ws/install/41068_ignition_bringup/share/41068_ignition_bringup/urdf/meshes/jpl04_arch_nosensor.stl
[0.604s] -- Up-to-date symlink: /home/jun/git/Robotics-Studio-1/41068_ws/install/41068_ignition_bringup/share/41068_ignition_bringup/urdf/meshes/top_chassis.dae
[0.604s] -- Up-to-date symlink: /home/jun/git/Robotics-Studio-1/41068_ws/install/41068_ignition_bringup/share/41068_ignition_bringup/urdf/meshes/top_plate.dae
[0.604s] -- Up-to-date symlink: /home/jun/git/Robotics-Studio-1/41068_ws/install/41068_ignition_bringup/share/41068_ignition_bringup/urdf/meshes/wheel.dae
[0.604s] -- Up-to-date symlink: /home/jun/git/Robotics-Studio-1/41068_ws/install/41068_ignition_bringup/share/41068_ignition_bringup/urdf/wheel.urdf.xacro
[0.605s] -- Up-to-date symlink: /home/jun/git/Robotics-Studio-1/41068_ws/install/41068_ignition_bringup/share/41068_ignition_bringup/worlds/large_demo.sdf
[0.605s] -- Up-to-date symlink: /home/jun/git/Robotics-Studio-1/41068_ws/install/41068_ignition_bringup/share/41068_ignition_bringup/worlds/simple_trees.sdf
[0.605s] -- Symlinking: /home/jun/git/Robotics-Studio-1/41068_ws/install/41068_ignition_bringup/share/41068_ignition_bringup/urdf_drone/common_properties.urdf.xacro
[0.614s] -- Symlinking: /home/jun/git/Robotics-Studio-1/41068_ws/install/41068_ignition_bringup/share/41068_ignition_bringup/urdf_drone/meshes/hull.dae
[0.620s] -- Symlinking: /home/jun/git/Robotics-Studio-1/41068_ws/install/41068_ignition_bringup/share/41068_ignition_bringup/urdf_drone/meshes/propeller_fl.dae
[0.630s] -- Symlinking: /home/jun/git/Robotics-Studio-1/41068_ws/install/41068_ignition_bringup/share/41068_ignition_bringup/urdf_drone/meshes/propeller_fr.dae
[0.639s] -- Symlinking: /home/jun/git/Robotics-Studio-1/41068_ws/install/41068_ignition_bringup/share/41068_ignition_bringup/urdf_drone/meshes/propeller_rl.dae
[0.646s] -- Symlinking: /home/jun/git/Robotics-Studio-1/41068_ws/install/41068_ignition_bringup/share/41068_ignition_bringup/urdf_drone/meshes/propeller_rr.dae
[0.652s] -- Symlinking: /home/jun/git/Robotics-Studio-1/41068_ws/install/41068_ignition_bringup/share/41068_ignition_bringup/urdf_drone/model.config
[0.658s] -- Symlinking: /home/jun/git/Robotics-Studio-1/41068_ws/install/41068_ignition_bringup/share/41068_ignition_bringup/urdf_drone/model.sdf
[0.666s] -- Symlinking: /home/jun/git/Robotics-Studio-1/41068_ws/install/41068_ignition_bringup/share/41068_ignition_bringup/urdf_drone/parrot.gazebo.xacro
[0.672s] -- Symlinking: /home/jun/git/Robotics-Studio-1/41068_ws/install/41068_ignition_bringup/share/41068_ignition_bringup/urdf_drone/parrot.urdf.xacro
[0.681s] -- Symlinking: /home/jun/git/Robotics-Studio-1/41068_ws/install/41068_ignition_bringup/share/41068_ignition_bringup/urdf_drone/thumbnails/1.png
[0.688s] -- Symlinking: /home/jun/git/Robotics-Studio-1/41068_ws/install/41068_ignition_bringup/share/41068_ignition_bringup/urdf_drone/thumbnails/2.png
[0.694s] -- Symlinking: /home/jun/git/Robotics-Studio-1/41068_ws/install/41068_ignition_bringup/share/41068_ignition_bringup/urdf_drone/thumbnails/3.png
[0.701s] -- Symlinking: /home/jun/git/Robotics-Studio-1/41068_ws/install/41068_ignition_bringup/share/41068_ignition_bringup/urdf_drone/thumbnails/4.png
[0.707s] -- Symlinking: /home/jun/git/Robotics-Studio-1/41068_ws/install/41068_ignition_bringup/share/41068_ignition_bringup/urdf_drone/thumbnails/5.png
[0.714s] -- Up-to-date symlink: /home/jun/git/Robotics-Studio-1/41068_ws/install/41068_ignition_bringup/lib/41068_ignition_bringup/waypoint_setter.py
[0.714s] -- Up-to-date symlink: /home/jun/git/Robotics-Studio-1/41068_ws/install/41068_ignition_bringup/lib/41068_ignition_bringup/click_to_yaml.py
[0.714s] -- Up-to-date symlink: /home/jun/git/Robotics-Studio-1/41068_ws/install/41068_ignition_bringup/share/ament_index/resource_index/package_run_dependencies/41068_ignition_bringup
[0.714s] -- Up-to-date symlink: /home/jun/git/Robotics-Studio-1/41068_ws/install/41068_ignition_bringup/share/ament_index/resource_index/parent_prefix_path/41068_ignition_bringup
[0.714s] -- Up-to-date symlink: /home/jun/git/Robotics-Studio-1/41068_ws/install/41068_ignition_bringup/share/41068_ignition_bringup/environment/ament_prefix_path.sh
[0.715s] -- Up-to-date symlink: /home/jun/git/Robotics-Studio-1/41068_ws/install/41068_ignition_bringup/share/41068_ignition_bringup/environment/ament_prefix_path.dsv
[0.715s] -- Up-to-date symlink: /home/jun/git/Robotics-Studio-1/41068_ws/install/41068_ignition_bringup/share/41068_ignition_bringup/environment/path.sh
[0.715s] -- Up-to-date symlink: /home/jun/git/Robotics-Studio-1/41068_ws/install/41068_ignition_bringup/share/41068_ignition_bringup/environment/path.dsv
[0.715s] -- Up-to-date symlink: /home/jun/git/Robotics-Studio-1/41068_ws/install/41068_ignition_bringup/share/41068_ignition_bringup/local_setup.bash
[0.715s] -- Up-to-date symlink: /home/jun/git/Robotics-Studio-1/41068_ws/install/41068_ignition_bringup/share/41068_ignition_bringup/local_setup.sh
[0.715s] -- Up-to-date symlink: /home/jun/git/Robotics-Studio-1/41068_ws/install/41068_ignition_bringup/share/41068_ignition_bringup/local_setup.zsh
[0.715s] -- Up-to-date symlink: /home/jun/git/Robotics-Studio-1/41068_ws/install/41068_ignition_bringup/share/41068_ignition_bringup/local_setup.dsv
[0.715s] -- Symlinking: /home/jun/git/Robotics-Studio-1/41068_ws/install/41068_ignition_bringup/share/41068_ignition_bringup/package.dsv
[0.721s] -- Up-to-date symlink: /home/jun/git/Robotics-Studio-1/41068_ws/install/41068_ignition_bringup/share/ament_index/resource_index/packages/41068_ignition_bringup
[0.722s] -- Up-to-date symlink: /home/jun/git/Robotics-Studio-1/41068_ws/install/41068_ignition_bringup/share/41068_ignition_bringup/cmake/41068_ignition_bringupConfig.cmake
[0.722s] -- Up-to-date symlink: /home/jun/git/Robotics-Studio-1/41068_ws/install/41068_ignition_bringup/share/41068_ignition_bringup/cmake/41068_ignition_bringupConfig-version.cmake
[0.722s] -- Up-to-date symlink: /home/jun/git/Robotics-Studio-1/41068_ws/install/41068_ignition_bringup/share/41068_ignition_bringup/package.xml
[0.724s] Invoked command in '/home/jun/git/Robotics-Studio-1/41068_ws/build/41068_ignition_bringup' returned '0': CMAKE_PREFIX_PATH=${CMAKE_PREFIX_PATH}:/home/jun/git/Robotics-Studio-1/41068_ws/install/rs1_gui:/opt/ros/humble /usr/bin/cmake --install /home/jun/git/Robotics-Studio-1/41068_ws/build/41068_ignition_bringup
