[0.025s] Invoking command in '/home/jun/git/Robotics-Studio-1/41068_ws/src/41068_ignition_bringup/build/41068_ignition_bringup': CMAKE_PREFIX_PATH=${CMAKE_PREFIX_PATH}:/opt/ros/humble /usr/bin/cmake --build /home/jun/git/Robotics-Studio-1/41068_ws/src/41068_ignition_bringup/build/41068_ignition_bringup -- -j22 -l22
[0.076s] -- Found ament_cmake: 1.3.12 (/opt/ros/humble/share/ament_cmake/cmake)
[0.324s] -- Override CMake install command with custom implementation using symlinks instead of copying resources
[0.338s] -- Found rclcpp: 16.0.14 (/opt/ros/humble/share/rclcpp/cmake)
[0.392s] -- Found rosidl_generator_c: 3.1.7 (/opt/ros/humble/share/rosidl_generator_c/cmake)
[0.398s] -- Found rosidl_adapter: 3.1.7 (/opt/ros/humble/share/rosidl_adapter/cmake)
[0.409s] -- Found rosidl_generator_cpp: 3.1.7 (/opt/ros/humble/share/rosidl_generator_cpp/cmake)
[0.427s] -- Using all available rosidl_typesupport_c: rosidl_typesupport_fastrtps_c;rosidl_typesupport_introspection_c
[0.451s] -- Using all available rosidl_typesupport_cpp: rosidl_typesupport_fastrtps_cpp;rosidl_typesupport_introspection_cpp
[0.528s] -- Found rmw_implementation_cmake: 6.1.2 (/opt/ros/humble/share/rmw_implementation_cmake/cmake)
[0.531s] -- Found rmw_fastrtps_cpp: 6.2.8 (/opt/ros/humble/share/rmw_fastrtps_cpp/cmake)
[0.754s] -- Using RMW implementation 'rmw_fastrtps_cpp' as default
[0.875s] -- Found geometry_msgs: 4.9.0 (/opt/ros/humble/share/geometry_msgs/cmake)
[0.908s] -- Found nav_msgs: 4.9.0 (/opt/ros/humble/share/nav_msgs/cmake)
[0.950s] -- Found ament_lint_auto: 0.12.14 (/opt/ros/humble/share/ament_lint_auto/cmake)
[1.054s] WARNING: Package name "41068_ignition_bringup" does not follow the naming conventions. It should start with a lower case letter and only contain lower case letters, digits, underscores, and dashes.
[1.088s] -- Added test 'copyright' to check source files copyright and LICENSE
[1.118s] -- Added test 'cppcheck' to perform static code analysis on C / C++ code
[1.118s] -- Configured cppcheck include dirs: 
[1.119s] -- Configured cppcheck exclude dirs and/or files: 
[1.149s] -- Added test 'cpplint' to check C / C++ code against the Google style
[1.149s] -- Configured cpplint exclude dirs and/or files: 
[1.154s] -- Added test 'flake8' to check Python code syntax and style conventions
[1.162s] -- Added test 'lint_cmake' to check CMake code style
[1.167s] -- Added test 'pep257' to check Python code against some of the docstring style conventions in PEP 257
[1.209s] -- Added test 'uncrustify' to check C / C++ code style
[1.209s] -- Configured uncrustify additional arguments: 
[1.218s] -- Added test 'xmllint' to check XML markup files
[1.220s] -- Configuring done
[1.245s] -- Generating done
[1.260s] -- Build files have been written to: /home/jun/git/Robotics-Studio-1/41068_ws/src/41068_ignition_bringup/build/41068_ignition_bringup
[1.311s] [35m[1mConsolidate compiler generated dependencies of target waypoint_follower[0m
[1.316s] [35m[1mConsolidate compiler generated dependencies of target waypoint_manager[0m
[1.351s] [ 25%] [32mBuilding CXX object CMakeFiles/waypoint_manager.dir/src/waypoint_manager.cpp.o[0m
[1.352s] [ 75%] Built target waypoint_follower
[5.933s] [01m[K/home/jun/git/Robotics-Studio-1/41068_ws/src/41068_ignition_bringup/src/waypoint_manager.cpp:[m[K In constructor ‘[01m[KWaypointManager::WaypointManager()[m[K’:
[5.934s] [01m[K/home/jun/git/Robotics-Studio-1/41068_ws/src/41068_ignition_bringup/src/waypoint_manager.cpp:51:5:[m[K [01;35m[Kwarning: [m[Kmissing initializer for member ‘[01m[KWP::yaw[m[K’ [[01;35m[K]8;;https://gcc.gnu.org/onlinedocs/gcc/Warning-Options.html#index-Wmissing-field-initializers-Wmissing-field-initializers]8;;[m[K]
[5.934s]    51 |     [01;35m[K}[m[K;
[5.934s]       |     [01;35m[K^[m[K
[19.422s] [100%] [32m[1mLinking CXX executable waypoint_manager[0m
[20.283s] [100%] Built target waypoint_manager
[20.305s] Invoked command in '/home/jun/git/Robotics-Studio-1/41068_ws/src/41068_ignition_bringup/build/41068_ignition_bringup' returned '0': CMAKE_PREFIX_PATH=${CMAKE_PREFIX_PATH}:/opt/ros/humble /usr/bin/cmake --build /home/jun/git/Robotics-Studio-1/41068_ws/src/41068_ignition_bringup/build/41068_ignition_bringup -- -j22 -l22
[20.323s] Invoking command in '/home/jun/git/Robotics-Studio-1/41068_ws/src/41068_ignition_bringup/build/41068_ignition_bringup': CMAKE_PREFIX_PATH=${CMAKE_PREFIX_PATH}:/opt/ros/humble /usr/bin/cmake --install /home/jun/git/Robotics-Studio-1/41068_ws/src/41068_ignition_bringup/build/41068_ignition_bringup
[20.337s] -- Install configuration: ""
[20.338s] -- Execute custom install script
[20.338s] -- Up-to-date symlink: /home/jun/git/Robotics-Studio-1/41068_ws/src/41068_ignition_bringup/install/41068_ignition_bringup/lib/41068_ignition_bringup/waypoint_follower
[20.339s] -- Up-to-date symlink: /home/jun/git/Robotics-Studio-1/41068_ws/src/41068_ignition_bringup/install/41068_ignition_bringup/lib/41068_ignition_bringup/waypoint_manager
[20.339s] -- Up-to-date symlink: /home/jun/git/Robotics-Studio-1/41068_ws/src/41068_ignition_bringup/install/41068_ignition_bringup/share/41068_ignition_bringup/config/41068.rviz
[20.339s] -- Up-to-date symlink: /home/jun/git/Robotics-Studio-1/41068_ws/src/41068_ignition_bringup/install/41068_ignition_bringup/share/41068_ignition_bringup/config/gazebo_bridge.yaml
[20.339s] -- Up-to-date symlink: /home/jun/git/Robotics-Studio-1/41068_ws/src/41068_ignition_bringup/install/41068_ignition_bringup/share/41068_ignition_bringup/config/nav2_params.yaml
[20.340s] -- Up-to-date symlink: /home/jun/git/Robotics-Studio-1/41068_ws/src/41068_ignition_bringup/install/41068_ignition_bringup/share/41068_ignition_bringup/config/robot_localization.yaml
[20.340s] -- Up-to-date symlink: /home/jun/git/Robotics-Studio-1/41068_ws/src/41068_ignition_bringup/install/41068_ignition_bringup/share/41068_ignition_bringup/config/slam_params.yaml
[20.340s] -- Up-to-date symlink: /home/jun/git/Robotics-Studio-1/41068_ws/src/41068_ignition_bringup/install/41068_ignition_bringup/share/41068_ignition_bringup/launch/41068_ignition.launch.py
[20.340s] -- Up-to-date symlink: /home/jun/git/Robotics-Studio-1/41068_ws/src/41068_ignition_bringup/install/41068_ignition_bringup/share/41068_ignition_bringup/launch/41068_navigation.launch.py
[20.342s] [33mCMake Warning (dev) at ament_cmake_symlink_install/ament_cmake_symlink_install.cmake:62 (file):
[20.342s]   Policy CMP0009 is not set: FILE GLOB_RECURSE calls should not follow
[20.342s]   symlinks by default.  Run "cmake --help-policy CMP0009" for policy details.
[20.342s]   Use the cmake_policy command to set the policy and suppress this warning.
[20.343s] Call Stack (most recent call first):
[20.343s]   ament_cmake_symlink_install/ament_cmake_symlink_install.cmake:317 (ament_cmake_symlink_install_directory)
[20.344s]   cmake_install.cmake:46 (include)
[20.344s] This warning is for project developers.  Use -Wno-dev to suppress it.
[20.344s] [0m
[20.345s] -- Up-to-date symlink: /home/jun/git/Robotics-Studio-1/41068_ws/src/41068_ignition_bringup/install/41068_ignition_bringup/share/41068_ignition_bringup/models/forest_plane/materials/textures/Map.png
[20.345s] -- Up-to-date symlink: /home/jun/git/Robotics-Studio-1/41068_ws/src/41068_ignition_bringup/install/41068_ignition_bringup/share/41068_ignition_bringup/models/forest_plane/materials/textures/empty_grass.png
[20.345s] -- Up-to-date symlink: /home/jun/git/Robotics-Studio-1/41068_ws/src/41068_ignition_bringup/install/41068_ignition_bringup/share/41068_ignition_bringup/models/forest_plane/materials/textures/forest_overhead.png
[20.345s] -- Up-to-date symlink: /home/jun/git/Robotics-Studio-1/41068_ws/src/41068_ignition_bringup/install/41068_ignition_bringup/share/41068_ignition_bringup/models/forest_plane/materials/textures/leaf_litter.png
[20.346s] -- Up-to-date symlink: /home/jun/git/Robotics-Studio-1/41068_ws/src/41068_ignition_bringup/install/41068_ignition_bringup/share/41068_ignition_bringup/models/forest_plane/model.config
[20.346s] -- Up-to-date symlink: /home/jun/git/Robotics-Studio-1/41068_ws/src/41068_ignition_bringup/install/41068_ignition_bringup/share/41068_ignition_bringup/models/forest_plane/model.sdf
[20.346s] -- Up-to-date symlink: /home/jun/git/Robotics-Studio-1/41068_ws/src/41068_ignition_bringup/install/41068_ignition_bringup/share/41068_ignition_bringup/models/forest_terrain/build/.built_by
[20.346s] -- Up-to-date symlink: /home/jun/git/Robotics-Studio-1/41068_ws/src/41068_ignition_bringup/install/41068_ignition_bringup/share/41068_ignition_bringup/models/forest_terrain/build/COLCON_IGNORE
[20.346s] -- Up-to-date symlink: /home/jun/git/Robotics-Studio-1/41068_ws/src/41068_ignition_bringup/install/41068_ignition_bringup/share/41068_ignition_bringup/models/forest_terrain/install/.colcon_install_layout
[20.347s] -- Up-to-date symlink: /home/jun/git/Robotics-Studio-1/41068_ws/src/41068_ignition_bringup/install/41068_ignition_bringup/share/41068_ignition_bringup/models/forest_terrain/install/COLCON_IGNORE
[20.347s] -- Up-to-date symlink: /home/jun/git/Robotics-Studio-1/41068_ws/src/41068_ignition_bringup/install/41068_ignition_bringup/share/41068_ignition_bringup/models/forest_terrain/install/_local_setup_util_ps1.py
[20.347s] -- Up-to-date symlink: /home/jun/git/Robotics-Studio-1/41068_ws/src/41068_ignition_bringup/install/41068_ignition_bringup/share/41068_ignition_bringup/models/forest_terrain/install/_local_setup_util_sh.py
[20.347s] -- Up-to-date symlink: /home/jun/git/Robotics-Studio-1/41068_ws/src/41068_ignition_bringup/install/41068_ignition_bringup/share/41068_ignition_bringup/models/forest_terrain/install/local_setup.bash
[20.348s] -- Up-to-date symlink: /home/jun/git/Robotics-Studio-1/41068_ws/src/41068_ignition_bringup/install/41068_ignition_bringup/share/41068_ignition_bringup/models/forest_terrain/install/local_setup.ps1
[20.349s] -- Up-to-date symlink: /home/jun/git/Robotics-Studio-1/41068_ws/src/41068_ignition_bringup/install/41068_ignition_bringup/share/41068_ignition_bringup/models/forest_terrain/install/local_setup.sh
[20.349s] -- Up-to-date symlink: /home/jun/git/Robotics-Studio-1/41068_ws/src/41068_ignition_bringup/install/41068_ignition_bringup/share/41068_ignition_bringup/models/forest_terrain/install/local_setup.zsh
[20.349s] -- Up-to-date symlink: /home/jun/git/Robotics-Studio-1/41068_ws/src/41068_ignition_bringup/install/41068_ignition_bringup/share/41068_ignition_bringup/models/forest_terrain/install/setup.bash
[20.349s] -- Up-to-date symlink: /home/jun/git/Robotics-Studio-1/41068_ws/src/41068_ignition_bringup/install/41068_ignition_bringup/share/41068_ignition_bringup/models/forest_terrain/install/setup.ps1
[20.350s] -- Up-to-date symlink: /home/jun/git/Robotics-Studio-1/41068_ws/src/41068_ignition_bringup/install/41068_ignition_bringup/share/41068_ignition_bringup/models/forest_terrain/install/setup.sh
[20.350s] -- Up-to-date symlink: /home/jun/git/Robotics-Studio-1/41068_ws/src/41068_ignition_bringup/install/41068_ignition_bringup/share/41068_ignition_bringup/models/forest_terrain/install/setup.zsh
[20.350s] -- Up-to-date symlink: /home/jun/git/Robotics-Studio-1/41068_ws/src/41068_ignition_bringup/install/41068_ignition_bringup/share/41068_ignition_bringup/models/forest_terrain/log/COLCON_IGNORE
[20.350s] -- Up-to-date symlink: /home/jun/git/Robotics-Studio-1/41068_ws/src/41068_ignition_bringup/install/41068_ignition_bringup/share/41068_ignition_bringup/models/forest_terrain/log/build_2025-08-27_19-31-27/events.log
[20.350s] -- Up-to-date symlink: /home/jun/git/Robotics-Studio-1/41068_ws/src/41068_ignition_bringup/install/41068_ignition_bringup/share/41068_ignition_bringup/models/forest_terrain/log/build_2025-08-27_19-31-27/logger_all.log
[20.351s] -- Up-to-date symlink: /home/jun/git/Robotics-Studio-1/41068_ws/src/41068_ignition_bringup/install/41068_ignition_bringup/share/41068_ignition_bringup/models/forest_terrain/log/build_2025-08-28_14-08-20/events.log
[20.351s] -- Up-to-date symlink: /home/jun/git/Robotics-Studio-1/41068_ws/src/41068_ignition_bringup/install/41068_ignition_bringup/share/41068_ignition_bringup/models/forest_terrain/log/build_2025-08-28_14-08-20/logger_all.log
[20.351s] -- Up-to-date symlink: /home/jun/git/Robotics-Studio-1/41068_ws/src/41068_ignition_bringup/install/41068_ignition_bringup/share/41068_ignition_bringup/models/forest_terrain/log/build_2025-08-28_15-02-25/events.log
[20.351s] -- Up-to-date symlink: /home/jun/git/Robotics-Studio-1/41068_ws/src/41068_ignition_bringup/install/41068_ignition_bringup/share/41068_ignition_bringup/models/forest_terrain/log/build_2025-08-28_15-02-25/logger_all.log
[20.352s] -- Up-to-date symlink: /home/jun/git/Robotics-Studio-1/41068_ws/src/41068_ignition_bringup/install/41068_ignition_bringup/share/41068_ignition_bringup/models/forest_terrain/log/latest/events.log
[20.352s] -- Up-to-date symlink: /home/jun/git/Robotics-Studio-1/41068_ws/src/41068_ignition_bringup/install/41068_ignition_bringup/share/41068_ignition_bringup/models/forest_terrain/log/latest/logger_all.log
[20.352s] -- Up-to-date symlink: /home/jun/git/Robotics-Studio-1/41068_ws/src/41068_ignition_bringup/install/41068_ignition_bringup/share/41068_ignition_bringup/models/forest_terrain/log/latest_build/events.log
[20.352s] -- Up-to-date symlink: /home/jun/git/Robotics-Studio-1/41068_ws/src/41068_ignition_bringup/install/41068_ignition_bringup/share/41068_ignition_bringup/models/forest_terrain/log/latest_build/logger_all.log
[20.352s] -- Up-to-date symlink: /home/jun/git/Robotics-Studio-1/41068_ws/src/41068_ignition_bringup/install/41068_ignition_bringup/share/41068_ignition_bringup/models/forest_terrain/materials/textures/Elevated_Terrain_Test.dae
[20.353s] -- Up-to-date symlink: /home/jun/git/Robotics-Studio-1/41068_ws/src/41068_ignition_bringup/install/41068_ignition_bringup/share/41068_ignition_bringup/models/forest_terrain/materials/textures/Elevated_Terrain_Test.fbm/forest_overhead.png
[20.353s] -- Up-to-date symlink: /home/jun/git/Robotics-Studio-1/41068_ws/src/41068_ignition_bringup/install/41068_ignition_bringup/share/41068_ignition_bringup/models/forest_terrain/materials/textures/Elevated_Terrain_Test.fbx
[20.353s] -- Up-to-date symlink: /home/jun/git/Robotics-Studio-1/41068_ws/src/41068_ignition_bringup/install/41068_ignition_bringup/share/41068_ignition_bringup/models/forest_terrain/materials/textures/forest_overhead.png
[20.353s] -- Up-to-date symlink: /home/jun/git/Robotics-Studio-1/41068_ws/src/41068_ignition_bringup/install/41068_ignition_bringup/share/41068_ignition_bringup/models/forest_terrain/materials/textures/model.config
[20.354s] -- Up-to-date symlink: /home/jun/git/Robotics-Studio-1/41068_ws/src/41068_ignition_bringup/install/41068_ignition_bringup/share/41068_ignition_bringup/models/forest_terrain/materials/textures/model.sdf
[20.354s] -- Up-to-date symlink: /home/jun/git/Robotics-Studio-1/41068_ws/src/41068_ignition_bringup/install/41068_ignition_bringup/share/41068_ignition_bringup/models/forest_terrain/model.config
[20.354s] -- Up-to-date symlink: /home/jun/git/Robotics-Studio-1/41068_ws/src/41068_ignition_bringup/install/41068_ignition_bringup/share/41068_ignition_bringup/models/forest_terrain/model.sdf
[20.354s] -- Up-to-date symlink: /home/jun/git/Robotics-Studio-1/41068_ws/src/41068_ignition_bringup/install/41068_ignition_bringup/share/41068_ignition_bringup/models/forest_wall/materials/textures/forest_wall.png
[20.354s] -- Up-to-date symlink: /home/jun/git/Robotics-Studio-1/41068_ws/src/41068_ignition_bringup/install/41068_ignition_bringup/share/41068_ignition_bringup/models/forest_wall/materials/textures/forest_wall_transparent.png
[20.354s] -- Up-to-date symlink: /home/jun/git/Robotics-Studio-1/41068_ws/src/41068_ignition_bringup/install/41068_ignition_bringup/share/41068_ignition_bringup/models/forest_wall/materials/textures/forest_wall_transparent_small.png
[20.354s] -- Up-to-date symlink: /home/jun/git/Robotics-Studio-1/41068_ws/src/41068_ignition_bringup/install/41068_ignition_bringup/share/41068_ignition_bringup/models/forest_wall/model.config
[20.355s] -- Up-to-date symlink: /home/jun/git/Robotics-Studio-1/41068_ws/src/41068_ignition_bringup/install/41068_ignition_bringup/share/41068_ignition_bringup/models/forest_wall/model.sdf
[20.355s] -- Up-to-date symlink: /home/jun/git/Robotics-Studio-1/41068_ws/src/41068_ignition_bringup/install/41068_ignition_bringup/share/41068_ignition_bringup/models/grass_plane/materials/textures/empty_grass.png
[20.355s] -- Up-to-date symlink: /home/jun/git/Robotics-Studio-1/41068_ws/src/41068_ignition_bringup/install/41068_ignition_bringup/share/41068_ignition_bringup/models/grass_plane/model.config
[20.355s] -- Up-to-date symlink: /home/jun/git/Robotics-Studio-1/41068_ws/src/41068_ignition_bringup/install/41068_ignition_bringup/share/41068_ignition_bringup/models/grass_plane/model.sdf
[20.356s] -- Up-to-date symlink: /home/jun/git/Robotics-Studio-1/41068_ws/src/41068_ignition_bringup/install/41068_ignition_bringup/share/41068_ignition_bringup/urdf/common_properties.urdf.xacro
[20.357s] -- Up-to-date symlink: /home/jun/git/Robotics-Studio-1/41068_ws/src/41068_ignition_bringup/install/41068_ignition_bringup/share/41068_ignition_bringup/urdf/husky.gazebo.xacro
[20.357s] -- Up-to-date symlink: /home/jun/git/Robotics-Studio-1/41068_ws/src/41068_ignition_bringup/install/41068_ignition_bringup/share/41068_ignition_bringup/urdf/husky.urdf.xacro
[20.357s] -- Up-to-date symlink: /home/jun/git/Robotics-Studio-1/41068_ws/src/41068_ignition_bringup/install/41068_ignition_bringup/share/41068_ignition_bringup/urdf/meshes/base_link.dae
[20.358s] -- Up-to-date symlink: /home/jun/git/Robotics-Studio-1/41068_ws/src/41068_ignition_bringup/install/41068_ignition_bringup/share/41068_ignition_bringup/urdf/meshes/bumper.dae
[20.358s] -- Up-to-date symlink: /home/jun/git/Robotics-Studio-1/41068_ws/src/41068_ignition_bringup/install/41068_ignition_bringup/share/41068_ignition_bringup/urdf/meshes/jpl04_arch_nosensor.stl
[20.358s] -- Up-to-date symlink: /home/jun/git/Robotics-Studio-1/41068_ws/src/41068_ignition_bringup/install/41068_ignition_bringup/share/41068_ignition_bringup/urdf/meshes/top_chassis.dae
[20.359s] -- Up-to-date symlink: /home/jun/git/Robotics-Studio-1/41068_ws/src/41068_ignition_bringup/install/41068_ignition_bringup/share/41068_ignition_bringup/urdf/meshes/top_plate.dae
[20.359s] -- Up-to-date symlink: /home/jun/git/Robotics-Studio-1/41068_ws/src/41068_ignition_bringup/install/41068_ignition_bringup/share/41068_ignition_bringup/urdf/meshes/wheel.dae
[20.359s] -- Up-to-date symlink: /home/jun/git/Robotics-Studio-1/41068_ws/src/41068_ignition_bringup/install/41068_ignition_bringup/share/41068_ignition_bringup/urdf/wheel.urdf.xacro
[20.360s] -- Up-to-date symlink: /home/jun/git/Robotics-Studio-1/41068_ws/src/41068_ignition_bringup/install/41068_ignition_bringup/share/41068_ignition_bringup/worlds/large_demo.sdf
[20.360s] -- Up-to-date symlink: /home/jun/git/Robotics-Studio-1/41068_ws/src/41068_ignition_bringup/install/41068_ignition_bringup/share/41068_ignition_bringup/worlds/simple_trees.sdf
[20.361s] -- Up-to-date symlink: /home/jun/git/Robotics-Studio-1/41068_ws/src/41068_ignition_bringup/install/41068_ignition_bringup/lib/41068_ignition_bringup/click_to_yaml.py
[20.361s] -- Up-to-date symlink: /home/jun/git/Robotics-Studio-1/41068_ws/src/41068_ignition_bringup/install/41068_ignition_bringup/share/ament_index/resource_index/package_run_dependencies/41068_ignition_bringup
[20.362s] -- Up-to-date symlink: /home/jun/git/Robotics-Studio-1/41068_ws/src/41068_ignition_bringup/install/41068_ignition_bringup/share/ament_index/resource_index/parent_prefix_path/41068_ignition_bringup
[20.362s] -- Up-to-date symlink: /home/jun/git/Robotics-Studio-1/41068_ws/src/41068_ignition_bringup/install/41068_ignition_bringup/share/41068_ignition_bringup/environment/ament_prefix_path.sh
[20.363s] -- Up-to-date symlink: /home/jun/git/Robotics-Studio-1/41068_ws/src/41068_ignition_bringup/install/41068_ignition_bringup/share/41068_ignition_bringup/environment/ament_prefix_path.dsv
[20.363s] -- Up-to-date symlink: /home/jun/git/Robotics-Studio-1/41068_ws/src/41068_ignition_bringup/install/41068_ignition_bringup/share/41068_ignition_bringup/environment/path.sh
[20.363s] -- Up-to-date symlink: /home/jun/git/Robotics-Studio-1/41068_ws/src/41068_ignition_bringup/install/41068_ignition_bringup/share/41068_ignition_bringup/environment/path.dsv
[20.364s] -- Up-to-date symlink: /home/jun/git/Robotics-Studio-1/41068_ws/src/41068_ignition_bringup/install/41068_ignition_bringup/share/41068_ignition_bringup/local_setup.bash
[20.364s] -- Up-to-date symlink: /home/jun/git/Robotics-Studio-1/41068_ws/src/41068_ignition_bringup/install/41068_ignition_bringup/share/41068_ignition_bringup/local_setup.sh
[20.365s] -- Up-to-date symlink: /home/jun/git/Robotics-Studio-1/41068_ws/src/41068_ignition_bringup/install/41068_ignition_bringup/share/41068_ignition_bringup/local_setup.zsh
[20.365s] -- Up-to-date symlink: /home/jun/git/Robotics-Studio-1/41068_ws/src/41068_ignition_bringup/install/41068_ignition_bringup/share/41068_ignition_bringup/local_setup.dsv
[20.365s] -- Symlinking: /home/jun/git/Robotics-Studio-1/41068_ws/src/41068_ignition_bringup/install/41068_ignition_bringup/share/41068_ignition_bringup/package.dsv
[20.383s] -- Up-to-date symlink: /home/jun/git/Robotics-Studio-1/41068_ws/src/41068_ignition_bringup/install/41068_ignition_bringup/share/ament_index/resource_index/packages/41068_ignition_bringup
[20.383s] -- Up-to-date symlink: /home/jun/git/Robotics-Studio-1/41068_ws/src/41068_ignition_bringup/install/41068_ignition_bringup/share/41068_ignition_bringup/cmake/41068_ignition_bringupConfig.cmake
[20.383s] -- Up-to-date symlink: /home/jun/git/Robotics-Studio-1/41068_ws/src/41068_ignition_bringup/install/41068_ignition_bringup/share/41068_ignition_bringup/cmake/41068_ignition_bringupConfig-version.cmake
[20.384s] -- Up-to-date symlink: /home/jun/git/Robotics-Studio-1/41068_ws/src/41068_ignition_bringup/install/41068_ignition_bringup/share/41068_ignition_bringup/package.xml
[20.389s] Invoked command in '/home/jun/git/Robotics-Studio-1/41068_ws/src/41068_ignition_bringup/build/41068_ignition_bringup' returned '0': CMAKE_PREFIX_PATH=${CMAKE_PREFIX_PATH}:/opt/ros/humble /usr/bin/cmake --install /home/jun/git/Robotics-Studio-1/41068_ws/src/41068_ignition_bringup/build/41068_ignition_bringup
