[0.111s] DEBUG:colcon:Command line arguments: ['/usr/bin/colcon', 'build', '--packages-select', '41068_ignition_bringup']
[0.111s] DEBUG:colcon:Parsed command line arguments: Namespace(log_base=None, log_level=None, verb_name='build', build_base='build', install_base='install', merge_install=False, symlink_install=False, test_result_base=None, continue_on_error=False, executor='parallel', parallel_workers=32, event_handlers=None, ignore_user_meta=False, metas=['./colcon.meta'], base_paths=['.'], packages_ignore=None, packages_ignore_regex=None, paths=None, packages_up_to=None, packages_up_to_regex=None, packages_above=None, packages_above_and_dependencies=None, packages_above_depth=None, packages_select_by_dep=None, packages_skip_by_dep=None, packages_skip_up_to=None, packages_select_build_failed=False, packages_skip_build_finished=False, packages_select_test_failures=False, packages_skip_test_passed=False, packages_select=['41068_ignition_bringup'], packages_skip=None, packages_select_regex=None, packages_skip_regex=None, packages_start=None, packages_end=None, allow_overriding=[], cmake_args=None, cmake_target=None, cmake_target_skip_unavailable=False, cmake_clean_cache=False, cmake_clean_first=False, cmake_force_configure=False, ament_cmake_args=None, catkin_cmake_args=None, catkin_skip_building_tests=False, mixin_files=None, mixin=None, verb_parser=<colcon_mixin.mixin.mixin_argument.MixinArgumentDecorator object at 0x7158d4439ea0>, verb_extension=<colcon_core.verb.build.BuildVerb object at 0x7158d4439480>, main=<bound method BuildVerb.main of <colcon_core.verb.build.BuildVerb object at 0x7158d4439480>>, mixin_verb=('build',))
[0.310s] Level 1:colcon.colcon_core.package_discovery:discover_packages(colcon_meta) check parameters
[0.310s] Level 1:colcon.colcon_core.package_discovery:discover_packages(recursive) check parameters
[0.310s] Level 1:colcon.colcon_core.package_discovery:discover_packages(ignore) check parameters
[0.310s] Level 1:colcon.colcon_core.package_discovery:discover_packages(path) check parameters
[0.310s] Level 1:colcon.colcon_core.package_discovery:discover_packages(colcon_meta) discover
[0.310s] Level 1:colcon.colcon_core.package_discovery:discover_packages(recursive) discover
[0.310s] INFO:colcon.colcon_core.package_discovery:Crawling recursively for packages in '/home/jarrel/git/RS1-Group5/41068_ws'
[0.310s] Level 1:colcon.colcon_core.package_identification:_identify(.) by extensions ['ignore', 'ignore_ament_install']
[0.310s] Level 1:colcon.colcon_core.package_identification:_identify(.) by extension 'ignore'
[0.310s] Level 1:colcon.colcon_core.package_identification:_identify(.) by extension 'ignore_ament_install'
[0.310s] Level 1:colcon.colcon_core.package_identification:_identify(.) by extensions ['colcon_pkg']
[0.310s] Level 1:colcon.colcon_core.package_identification:_identify(.) by extension 'colcon_pkg'
[0.311s] Level 1:colcon.colcon_core.package_identification:_identify(.) by extensions ['colcon_meta']
[0.311s] Level 1:colcon.colcon_core.package_identification:_identify(.) by extension 'colcon_meta'
[0.311s] Level 1:colcon.colcon_core.package_identification:_identify(.) by extensions ['ros']
[0.311s] Level 1:colcon.colcon_core.package_identification:_identify(.) by extension 'ros'
[0.322s] Level 1:colcon.colcon_core.package_identification:_identify(.) by extensions ['cmake', 'python']
[0.323s] Level 1:colcon.colcon_core.package_identification:_identify(.) by extension 'cmake'
[0.323s] Level 1:colcon.colcon_core.package_identification:_identify(.) by extension 'python'
[0.323s] Level 1:colcon.colcon_core.package_identification:_identify(.) by extensions ['python_setup_py']
[0.323s] Level 1:colcon.colcon_core.package_identification:_identify(.) by extension 'python_setup_py'
[0.323s] Level 1:colcon.colcon_core.package_identification:_identify(build) by extensions ['ignore', 'ignore_ament_install']
[0.323s] Level 1:colcon.colcon_core.package_identification:_identify(build) by extension 'ignore'
[0.323s] Level 1:colcon.colcon_core.package_identification:_identify(build) ignored
[0.323s] Level 1:colcon.colcon_core.package_identification:_identify(install) by extensions ['ignore', 'ignore_ament_install']
[0.324s] Level 1:colcon.colcon_core.package_identification:_identify(install) by extension 'ignore'
[0.324s] Level 1:colcon.colcon_core.package_identification:_identify(install) ignored
[0.324s] Level 1:colcon.colcon_core.package_identification:_identify(log) by extensions ['ignore', 'ignore_ament_install']
[0.324s] Level 1:colcon.colcon_core.package_identification:_identify(log) by extension 'ignore'
[0.324s] Level 1:colcon.colcon_core.package_identification:_identify(log) ignored
[0.324s] Level 1:colcon.colcon_core.package_identification:_identify(src) by extensions ['ignore', 'ignore_ament_install']
[0.324s] Level 1:colcon.colcon_core.package_identification:_identify(src) by extension 'ignore'
[0.324s] Level 1:colcon.colcon_core.package_identification:_identify(src) by extension 'ignore_ament_install'
[0.324s] Level 1:colcon.colcon_core.package_identification:_identify(src) by extensions ['colcon_pkg']
[0.324s] Level 1:colcon.colcon_core.package_identification:_identify(src) by extension 'colcon_pkg'
[0.324s] Level 1:colcon.colcon_core.package_identification:_identify(src) by extensions ['colcon_meta']
[0.324s] Level 1:colcon.colcon_core.package_identification:_identify(src) by extension 'colcon_meta'
[0.324s] Level 1:colcon.colcon_core.package_identification:_identify(src) by extensions ['ros']
[0.324s] Level 1:colcon.colcon_core.package_identification:_identify(src) by extension 'ros'
[0.324s] Level 1:colcon.colcon_core.package_identification:_identify(src) by extensions ['cmake', 'python']
[0.324s] Level 1:colcon.colcon_core.package_identification:_identify(src) by extension 'cmake'
[0.324s] Level 1:colcon.colcon_core.package_identification:_identify(src) by extension 'python'
[0.324s] Level 1:colcon.colcon_core.package_identification:_identify(src) by extensions ['python_setup_py']
[0.324s] Level 1:colcon.colcon_core.package_identification:_identify(src) by extension 'python_setup_py'
[0.324s] Level 1:colcon.colcon_core.package_identification:_identify(src/41068_ignition_bringup) by extensions ['ignore', 'ignore_ament_install']
[0.324s] Level 1:colcon.colcon_core.package_identification:_identify(src/41068_ignition_bringup) by extension 'ignore'
[0.325s] Level 1:colcon.colcon_core.package_identification:_identify(src/41068_ignition_bringup) by extension 'ignore_ament_install'
[0.325s] Level 1:colcon.colcon_core.package_identification:_identify(src/41068_ignition_bringup) by extensions ['colcon_pkg']
[0.325s] Level 1:colcon.colcon_core.package_identification:_identify(src/41068_ignition_bringup) by extension 'colcon_pkg'
[0.325s] Level 1:colcon.colcon_core.package_identification:_identify(src/41068_ignition_bringup) by extensions ['colcon_meta']
[0.325s] Level 1:colcon.colcon_core.package_identification:_identify(src/41068_ignition_bringup) by extension 'colcon_meta'
[0.325s] Level 1:colcon.colcon_core.package_identification:_identify(src/41068_ignition_bringup) by extensions ['ros']
[0.325s] Level 1:colcon.colcon_core.package_identification:_identify(src/41068_ignition_bringup) by extension 'ros'
[0.328s] DEBUG:colcon.colcon_core.package_identification:Package 'src/41068_ignition_bringup' with type 'ros.ament_cmake' and name '41068_ignition_bringup'
[0.328s] Level 1:colcon.colcon_core.package_discovery:discover_packages(recursive) using defaults
[0.328s] Level 1:colcon.colcon_core.package_discovery:discover_packages(ignore) discover
[0.328s] Level 1:colcon.colcon_core.package_discovery:discover_packages(ignore) using defaults
[0.328s] Level 1:colcon.colcon_core.package_discovery:discover_packages(path) discover
[0.328s] Level 1:colcon.colcon_core.package_discovery:discover_packages(path) using defaults
[0.359s] Level 1:colcon.colcon_core.package_discovery:discover_packages(prefix_path) check parameters
[0.359s] Level 1:colcon.colcon_core.package_discovery:discover_packages(prefix_path) discover
[0.360s] DEBUG:colcon.colcon_installed_package_information.package_discovery:Found 1 installed packages in /home/jarrel/git/RS1-Group5/41068_ws/install
[0.362s] DEBUG:colcon.colcon_installed_package_information.package_discovery:Found 444 installed packages in /opt/ros/humble
[0.365s] Level 1:colcon.colcon_core.package_discovery:discover_packages(prefix_path) using defaults
[0.427s] Level 5:colcon.colcon_core.verb:set package '41068_ignition_bringup' build argument 'cmake_args' from command line to 'None'
[0.427s] Level 5:colcon.colcon_core.verb:set package '41068_ignition_bringup' build argument 'cmake_target' from command line to 'None'
[0.427s] Level 5:colcon.colcon_core.verb:set package '41068_ignition_bringup' build argument 'cmake_target_skip_unavailable' from command line to 'False'
[0.427s] Level 5:colcon.colcon_core.verb:set package '41068_ignition_bringup' build argument 'cmake_clean_cache' from command line to 'False'
[0.427s] Level 5:colcon.colcon_core.verb:set package '41068_ignition_bringup' build argument 'cmake_clean_first' from command line to 'False'
[0.427s] Level 5:colcon.colcon_core.verb:set package '41068_ignition_bringup' build argument 'cmake_force_configure' from command line to 'False'
[0.427s] Level 5:colcon.colcon_core.verb:set package '41068_ignition_bringup' build argument 'ament_cmake_args' from command line to 'None'
[0.427s] Level 5:colcon.colcon_core.verb:set package '41068_ignition_bringup' build argument 'catkin_cmake_args' from command line to 'None'
[0.427s] Level 5:colcon.colcon_core.verb:set package '41068_ignition_bringup' build argument 'catkin_skip_building_tests' from command line to 'False'
[0.427s] DEBUG:colcon.colcon_core.verb:Building package '41068_ignition_bringup' with the following arguments: {'ament_cmake_args': None, 'build_base': '/home/jarrel/git/RS1-Group5/41068_ws/build/41068_ignition_bringup', 'catkin_cmake_args': None, 'catkin_skip_building_tests': False, 'cmake_args': None, 'cmake_clean_cache': False, 'cmake_clean_first': False, 'cmake_force_configure': False, 'cmake_target': None, 'cmake_target_skip_unavailable': False, 'install_base': '/home/jarrel/git/RS1-Group5/41068_ws/install/41068_ignition_bringup', 'merge_install': False, 'path': '/home/jarrel/git/RS1-Group5/41068_ws/src/41068_ignition_bringup', 'symlink_install': False, 'test_result_base': None}
[0.427s] INFO:colcon.colcon_core.executor:Executing jobs using 'parallel' executor
[0.428s] DEBUG:colcon.colcon_parallel_executor.executor.parallel:run_until_complete
[0.429s] INFO:colcon.colcon_ros.task.ament_cmake.build:Building ROS package in '/home/jarrel/git/RS1-Group5/41068_ws/src/41068_ignition_bringup' with build type 'ament_cmake'
[0.429s] INFO:colcon.colcon_cmake.task.cmake.build:Building CMake package in '/home/jarrel/git/RS1-Group5/41068_ws/src/41068_ignition_bringup'
[0.430s] INFO:colcon.colcon_core.plugin_system:Skipping extension 'colcon_core.shell.bat': Not used on non-Windows systems
[0.431s] INFO:colcon.colcon_core.shell:Skip shell extension 'powershell' for command environment: Not usable outside of PowerShell
[0.431s] DEBUG:colcon.colcon_core.shell:Skip shell extension 'dsv' for command environment
[0.440s] DEBUG:colcon.colcon_core.event_handler.log_command:Invoking command in '/home/jarrel/git/RS1-Group5/41068_ws/build/41068_ignition_bringup': CMAKE_PREFIX_PATH=${CMAKE_PREFIX_PATH}:/opt/ros/humble /usr/bin/cmake --build /home/jarrel/git/RS1-Group5/41068_ws/build/41068_ignition_bringup -- -j32 -l32
[15.460s] DEBUG:colcon.colcon_core.event_handler.log_command:Invoked command in '/home/jarrel/git/RS1-Group5/41068_ws/build/41068_ignition_bringup' returned '0': CMAKE_PREFIX_PATH=${CMAKE_PREFIX_PATH}:/opt/ros/humble /usr/bin/cmake --build /home/jarrel/git/RS1-Group5/41068_ws/build/41068_ignition_bringup -- -j32 -l32
[15.472s] DEBUG:colcon.colcon_core.event_handler.log_command:Invoking command in '/home/jarrel/git/RS1-Group5/41068_ws/build/41068_ignition_bringup': CMAKE_PREFIX_PATH=${CMAKE_PREFIX_PATH}:/opt/ros/humble /usr/bin/cmake --install /home/jarrel/git/RS1-Group5/41068_ws/build/41068_ignition_bringup
[15.499s] Level 1:colcon.colcon_core.environment:create_environment_scripts_only(41068_ignition_bringup)
[15.500s] DEBUG:colcon.colcon_core.event_handler.log_command:Invoked command in '/home/jarrel/git/RS1-Group5/41068_ws/build/41068_ignition_bringup' returned '0': CMAKE_PREFIX_PATH=${CMAKE_PREFIX_PATH}:/opt/ros/humble /usr/bin/cmake --install /home/jarrel/git/RS1-Group5/41068_ws/build/41068_ignition_bringup
[15.503s] Level 1:colcon.colcon_core.environment:checking '/home/jarrel/git/RS1-Group5/41068_ws/install/41068_ignition_bringup' for CMake module files
[15.504s] Level 1:colcon.colcon_core.environment:checking '/home/jarrel/git/RS1-Group5/41068_ws/install/41068_ignition_bringup' for CMake config files
[15.504s] Level 1:colcon.colcon_core.shell:create_environment_hook('41068_ignition_bringup', 'cmake_prefix_path')
[15.505s] INFO:colcon.colcon_core.shell:Creating environment hook '/home/jarrel/git/RS1-Group5/41068_ws/install/41068_ignition_bringup/share/41068_ignition_bringup/hook/cmake_prefix_path.ps1'
[15.506s] INFO:colcon.colcon_core.shell:Creating environment descriptor '/home/jarrel/git/RS1-Group5/41068_ws/install/41068_ignition_bringup/share/41068_ignition_bringup/hook/cmake_prefix_path.dsv'
[15.506s] INFO:colcon.colcon_core.shell:Creating environment hook '/home/jarrel/git/RS1-Group5/41068_ws/install/41068_ignition_bringup/share/41068_ignition_bringup/hook/cmake_prefix_path.sh'
[15.508s] Level 1:colcon.colcon_core.environment:checking '/home/jarrel/git/RS1-Group5/41068_ws/install/41068_ignition_bringup/lib'
[15.508s] Level 1:colcon.colcon_core.environment:checking '/home/jarrel/git/RS1-Group5/41068_ws/install/41068_ignition_bringup/bin'
[15.508s] Level 1:colcon.colcon_core.environment:checking '/home/jarrel/git/RS1-Group5/41068_ws/install/41068_ignition_bringup/lib/pkgconfig/41068_ignition_bringup.pc'
[15.508s] Level 1:colcon.colcon_core.environment:checking '/home/jarrel/git/RS1-Group5/41068_ws/install/41068_ignition_bringup/lib/python3.10/site-packages'
[15.509s] Level 1:colcon.colcon_core.environment:checking '/home/jarrel/git/RS1-Group5/41068_ws/install/41068_ignition_bringup/bin'
[15.510s] INFO:colcon.colcon_core.shell:Creating package script '/home/jarrel/git/RS1-Group5/41068_ws/install/41068_ignition_bringup/share/41068_ignition_bringup/package.ps1'
[15.511s] INFO:colcon.colcon_core.shell:Creating package descriptor '/home/jarrel/git/RS1-Group5/41068_ws/install/41068_ignition_bringup/share/41068_ignition_bringup/package.dsv'
[15.512s] INFO:colcon.colcon_core.shell:Creating package script '/home/jarrel/git/RS1-Group5/41068_ws/install/41068_ignition_bringup/share/41068_ignition_bringup/package.sh'
[15.513s] INFO:colcon.colcon_core.shell:Creating package script '/home/jarrel/git/RS1-Group5/41068_ws/install/41068_ignition_bringup/share/41068_ignition_bringup/package.bash'
[15.513s] INFO:colcon.colcon_core.shell:Creating package script '/home/jarrel/git/RS1-Group5/41068_ws/install/41068_ignition_bringup/share/41068_ignition_bringup/package.zsh'
[15.514s] Level 1:colcon.colcon_core.environment:create_file_with_runtime_dependencies(/home/jarrel/git/RS1-Group5/41068_ws/install/41068_ignition_bringup/share/colcon-core/packages/41068_ignition_bringup)
[15.515s] Level 1:colcon.colcon_core.environment:create_environment_scripts_only(41068_ignition_bringup)
[15.515s] Level 1:colcon.colcon_core.environment:checking '/home/jarrel/git/RS1-Group5/41068_ws/install/41068_ignition_bringup' for CMake module files
[15.515s] Level 1:colcon.colcon_core.environment:checking '/home/jarrel/git/RS1-Group5/41068_ws/install/41068_ignition_bringup' for CMake config files
[15.516s] Level 1:colcon.colcon_core.shell:create_environment_hook('41068_ignition_bringup', 'cmake_prefix_path')
[15.516s] INFO:colcon.colcon_core.shell:Creating environment hook '/home/jarrel/git/RS1-Group5/41068_ws/install/41068_ignition_bringup/share/41068_ignition_bringup/hook/cmake_prefix_path.ps1'
[15.516s] INFO:colcon.colcon_core.shell:Creating environment descriptor '/home/jarrel/git/RS1-Group5/41068_ws/install/41068_ignition_bringup/share/41068_ignition_bringup/hook/cmake_prefix_path.dsv'
[15.517s] INFO:colcon.colcon_core.shell:Creating environment hook '/home/jarrel/git/RS1-Group5/41068_ws/install/41068_ignition_bringup/share/41068_ignition_bringup/hook/cmake_prefix_path.sh'
[15.518s] Level 1:colcon.colcon_core.environment:checking '/home/jarrel/git/RS1-Group5/41068_ws/install/41068_ignition_bringup/lib'
[15.518s] Level 1:colcon.colcon_core.environment:checking '/home/jarrel/git/RS1-Group5/41068_ws/install/41068_ignition_bringup/bin'
[15.518s] Level 1:colcon.colcon_core.environment:checking '/home/jarrel/git/RS1-Group5/41068_ws/install/41068_ignition_bringup/lib/pkgconfig/41068_ignition_bringup.pc'
[15.518s] Level 1:colcon.colcon_core.environment:checking '/home/jarrel/git/RS1-Group5/41068_ws/install/41068_ignition_bringup/lib/python3.10/site-packages'
[15.518s] Level 1:colcon.colcon_core.environment:checking '/home/jarrel/git/RS1-Group5/41068_ws/install/41068_ignition_bringup/bin'
[15.518s] INFO:colcon.colcon_core.shell:Creating package script '/home/jarrel/git/RS1-Group5/41068_ws/install/41068_ignition_bringup/share/41068_ignition_bringup/package.ps1'
[15.519s] INFO:colcon.colcon_core.shell:Creating package descriptor '/home/jarrel/git/RS1-Group5/41068_ws/install/41068_ignition_bringup/share/41068_ignition_bringup/package.dsv'
[15.520s] INFO:colcon.colcon_core.shell:Creating package script '/home/jarrel/git/RS1-Group5/41068_ws/install/41068_ignition_bringup/share/41068_ignition_bringup/package.sh'
[15.520s] INFO:colcon.colcon_core.shell:Creating package script '/home/jarrel/git/RS1-Group5/41068_ws/install/41068_ignition_bringup/share/41068_ignition_bringup/package.bash'
[15.521s] INFO:colcon.colcon_core.shell:Creating package script '/home/jarrel/git/RS1-Group5/41068_ws/install/41068_ignition_bringup/share/41068_ignition_bringup/package.zsh'
[15.521s] Level 1:colcon.colcon_core.environment:create_file_with_runtime_dependencies(/home/jarrel/git/RS1-Group5/41068_ws/install/41068_ignition_bringup/share/colcon-core/packages/41068_ignition_bringup)
[15.522s] DEBUG:colcon.colcon_parallel_executor.executor.parallel:closing loop
[15.522s] DEBUG:colcon.colcon_parallel_executor.executor.parallel:loop closed
[15.522s] DEBUG:colcon.colcon_parallel_executor.executor.parallel:run_until_complete finished with '0'
[15.522s] DEBUG:colcon.colcon_core.event_reactor:joining thread
[15.527s] INFO:colcon.colcon_core.plugin_system:Skipping extension 'colcon_notification.desktop_notification.terminal_notifier': Not used on non-Darwin systems
[15.527s] INFO:colcon.colcon_core.plugin_system:Skipping extension 'colcon_notification.desktop_notification.win32': Not used on non-Windows systems
[15.527s] INFO:colcon.colcon_notification.desktop_notification:Sending desktop notification using 'notify2'
[15.544s] DEBUG:colcon.colcon_core.event_reactor:joined thread
[15.544s] INFO:colcon.colcon_core.shell:Creating prefix script '/home/jarrel/git/RS1-Group5/41068_ws/install/local_setup.ps1'
[15.545s] INFO:colcon.colcon_core.shell:Creating prefix util module '/home/jarrel/git/RS1-Group5/41068_ws/install/_local_setup_util_ps1.py'
[15.547s] INFO:colcon.colcon_core.shell:Creating prefix chain script '/home/jarrel/git/RS1-Group5/41068_ws/install/setup.ps1'
[15.548s] INFO:colcon.colcon_core.shell:Creating prefix script '/home/jarrel/git/RS1-Group5/41068_ws/install/local_setup.sh'
[15.548s] INFO:colcon.colcon_core.shell:Creating prefix util module '/home/jarrel/git/RS1-Group5/41068_ws/install/_local_setup_util_sh.py'
[15.549s] INFO:colcon.colcon_core.shell:Creating prefix chain script '/home/jarrel/git/RS1-Group5/41068_ws/install/setup.sh'
[15.550s] INFO:colcon.colcon_core.shell:Creating prefix script '/home/jarrel/git/RS1-Group5/41068_ws/install/local_setup.bash'
[15.550s] INFO:colcon.colcon_core.shell:Creating prefix chain script '/home/jarrel/git/RS1-Group5/41068_ws/install/setup.bash'
[15.552s] INFO:colcon.colcon_core.shell:Creating prefix script '/home/jarrel/git/RS1-Group5/41068_ws/install/local_setup.zsh'
[15.552s] INFO:colcon.colcon_core.shell:Creating prefix chain script '/home/jarrel/git/RS1-Group5/41068_ws/install/setup.zsh'
