[0.017s] Invoking command in '/home/rian/git/RS1-Group5/41068_ws/src/41068_ignition_bringup/build/41068_ignition_bringup': /usr/bin/cmake --build /home/rian/git/RS1-Group5/41068_ws/src/41068_ignition_bringup/build/41068_ignition_bringup -- -j8 -l8
[0.220s] [ 60%] Built target controller
[0.269s] [100%] Built target move_bot
[0.284s] Invoked command in '/home/rian/git/RS1-Group5/41068_ws/src/41068_ignition_bringup/build/41068_ignition_bringup' returned '0': /usr/bin/cmake --build /home/rian/git/RS1-Group5/41068_ws/src/41068_ignition_bringup/build/41068_ignition_bringup -- -j8 -l8
[0.296s] Invoking command in '/home/rian/git/RS1-Group5/41068_ws/src/41068_ignition_bringup/build/41068_ignition_bringup': /usr/bin/cmake --install /home/rian/git/RS1-Group5/41068_ws/src/41068_ignition_bringup/build/41068_ignition_bringup
[0.304s] -- Install configuration: ""
[0.306s] -- Up-to-date: /home/rian/git/RS1-Group5/41068_ws/src/41068_ignition_bringup/install/41068_ignition_bringup/lib/41068_ignition_bringup/move_bot
[0.306s] -- Up-to-date: /home/rian/git/RS1-Group5/41068_ws/src/41068_ignition_bringup/install/41068_ignition_bringup/share/41068_ignition_bringup/config
[0.307s] -- Up-to-date: /home/rian/git/RS1-Group5/41068_ws/src/41068_ignition_bringup/install/41068_ignition_bringup/share/41068_ignition_bringup/config/41068.rviz
[0.307s] -- Up-to-date: /home/rian/git/RS1-Group5/41068_ws/src/41068_ignition_bringup/install/41068_ignition_bringup/share/41068_ignition_bringup/config/robot_localization.yaml
[0.307s] -- Up-to-date: /home/rian/git/RS1-Group5/41068_ws/src/41068_ignition_bringup/install/41068_ignition_bringup/share/41068_ignition_bringup/config/gazebo_bridge.yaml
[0.307s] -- Up-to-date: /home/rian/git/RS1-Group5/41068_ws/src/41068_ignition_bringup/install/41068_ignition_bringup/share/41068_ignition_bringup/config/nav2_params.yaml
[0.307s] -- Up-to-date: /home/rian/git/RS1-Group5/41068_ws/src/41068_ignition_bringup/install/41068_ignition_bringup/share/41068_ignition_bringup/config/slam_params.yaml
[0.308s] -- Up-to-date: /home/rian/git/RS1-Group5/41068_ws/src/41068_ignition_bringup/install/41068_ignition_bringup/share/41068_ignition_bringup/launch
[0.308s] -- Up-to-date: /home/rian/git/RS1-Group5/41068_ws/src/41068_ignition_bringup/install/41068_ignition_bringup/share/41068_ignition_bringup/launch/41068_navigation.launch.py
[0.308s] -- Up-to-date: /home/rian/git/RS1-Group5/41068_ws/src/41068_ignition_bringup/install/41068_ignition_bringup/share/41068_ignition_bringup/launch/41068_ignition.launch.py
[0.309s] -- Up-to-date: /home/rian/git/RS1-Group5/41068_ws/src/41068_ignition_bringup/install/41068_ignition_bringup/share/41068_ignition_bringup/launch/41068_ignition_drone.launch.py
[0.309s] -- Up-to-date: /home/rian/git/RS1-Group5/41068_ws/src/41068_ignition_bringup/install/41068_ignition_bringup/share/41068_ignition_bringup/models
[0.309s] -- Up-to-date: /home/rian/git/RS1-Group5/41068_ws/src/41068_ignition_bringup/install/41068_ignition_bringup/share/41068_ignition_bringup/models/forest_plane
[0.310s] -- Up-to-date: /home/rian/git/RS1-Group5/41068_ws/src/41068_ignition_bringup/install/41068_ignition_bringup/share/41068_ignition_bringup/models/forest_plane/model.sdf
[0.310s] -- Up-to-date: /home/rian/git/RS1-Group5/41068_ws/src/41068_ignition_bringup/install/41068_ignition_bringup/share/41068_ignition_bringup/models/forest_plane/model.config
[0.310s] -- Up-to-date: /home/rian/git/RS1-Group5/41068_ws/src/41068_ignition_bringup/install/41068_ignition_bringup/share/41068_ignition_bringup/models/forest_plane/materials
[0.310s] -- Up-to-date: /home/rian/git/RS1-Group5/41068_ws/src/41068_ignition_bringup/install/41068_ignition_bringup/share/41068_ignition_bringup/models/forest_plane/materials/textures
[0.311s] -- Up-to-date: /home/rian/git/RS1-Group5/41068_ws/src/41068_ignition_bringup/install/41068_ignition_bringup/share/41068_ignition_bringup/models/forest_plane/materials/textures/leaf_litter.png
[0.311s] -- Up-to-date: /home/rian/git/RS1-Group5/41068_ws/src/41068_ignition_bringup/install/41068_ignition_bringup/share/41068_ignition_bringup/models/forest_plane/materials/textures/empty_grass.png
[0.311s] -- Up-to-date: /home/rian/git/RS1-Group5/41068_ws/src/41068_ignition_bringup/install/41068_ignition_bringup/share/41068_ignition_bringup/models/forest_plane/materials/textures/forest_overhead.png
[0.311s] -- Up-to-date: /home/rian/git/RS1-Group5/41068_ws/src/41068_ignition_bringup/install/41068_ignition_bringup/share/41068_ignition_bringup/models/forest_plane/materials/textures/Map.png
[0.311s] -- Up-to-date: /home/rian/git/RS1-Group5/41068_ws/src/41068_ignition_bringup/install/41068_ignition_bringup/share/41068_ignition_bringup/models/grass_plane
[0.311s] -- Up-to-date: /home/rian/git/RS1-Group5/41068_ws/src/41068_ignition_bringup/install/41068_ignition_bringup/share/41068_ignition_bringup/models/grass_plane/model.sdf
[0.311s] -- Up-to-date: /home/rian/git/RS1-Group5/41068_ws/src/41068_ignition_bringup/install/41068_ignition_bringup/share/41068_ignition_bringup/models/grass_plane/model.config
[0.311s] -- Up-to-date: /home/rian/git/RS1-Group5/41068_ws/src/41068_ignition_bringup/install/41068_ignition_bringup/share/41068_ignition_bringup/models/grass_plane/materials
[0.311s] -- Up-to-date: /home/rian/git/RS1-Group5/41068_ws/src/41068_ignition_bringup/install/41068_ignition_bringup/share/41068_ignition_bringup/models/grass_plane/materials/textures
[0.312s] -- Up-to-date: /home/rian/git/RS1-Group5/41068_ws/src/41068_ignition_bringup/install/41068_ignition_bringup/share/41068_ignition_bringup/models/grass_plane/materials/textures/empty_grass.png
[0.312s] -- Up-to-date: /home/rian/git/RS1-Group5/41068_ws/src/41068_ignition_bringup/install/41068_ignition_bringup/share/41068_ignition_bringup/models/forest_terrain
[0.312s] -- Up-to-date: /home/rian/git/RS1-Group5/41068_ws/src/41068_ignition_bringup/install/41068_ignition_bringup/share/41068_ignition_bringup/models/forest_terrain/model.sdf
[0.312s] -- Up-to-date: /home/rian/git/RS1-Group5/41068_ws/src/41068_ignition_bringup/install/41068_ignition_bringup/share/41068_ignition_bringup/models/forest_terrain/install
[0.313s] -- Up-to-date: /home/rian/git/RS1-Group5/41068_ws/src/41068_ignition_bringup/install/41068_ignition_bringup/share/41068_ignition_bringup/models/forest_terrain/install/setup.zsh
[0.313s] -- Up-to-date: /home/rian/git/RS1-Group5/41068_ws/src/41068_ignition_bringup/install/41068_ignition_bringup/share/41068_ignition_bringup/models/forest_terrain/install/local_setup.ps1
[0.313s] -- Up-to-date: /home/rian/git/RS1-Group5/41068_ws/src/41068_ignition_bringup/install/41068_ignition_bringup/share/41068_ignition_bringup/models/forest_terrain/install/_local_setup_util_ps1.py
[0.313s] -- Up-to-date: /home/rian/git/RS1-Group5/41068_ws/src/41068_ignition_bringup/install/41068_ignition_bringup/share/41068_ignition_bringup/models/forest_terrain/install/.colcon_install_layout
[0.313s] -- Up-to-date: /home/rian/git/RS1-Group5/41068_ws/src/41068_ignition_bringup/install/41068_ignition_bringup/share/41068_ignition_bringup/models/forest_terrain/install/local_setup.sh
[0.313s] -- Up-to-date: /home/rian/git/RS1-Group5/41068_ws/src/41068_ignition_bringup/install/41068_ignition_bringup/share/41068_ignition_bringup/models/forest_terrain/install/setup.ps1
[0.313s] -- Up-to-date: /home/rian/git/RS1-Group5/41068_ws/src/41068_ignition_bringup/install/41068_ignition_bringup/share/41068_ignition_bringup/models/forest_terrain/install/local_setup.zsh
[0.313s] -- Up-to-date: /home/rian/git/RS1-Group5/41068_ws/src/41068_ignition_bringup/install/41068_ignition_bringup/share/41068_ignition_bringup/models/forest_terrain/install/setup.sh
[0.313s] -- Up-to-date: /home/rian/git/RS1-Group5/41068_ws/src/41068_ignition_bringup/install/41068_ignition_bringup/share/41068_ignition_bringup/models/forest_terrain/install/setup.bash
[0.313s] -- Up-to-date: /home/rian/git/RS1-Group5/41068_ws/src/41068_ignition_bringup/install/41068_ignition_bringup/share/41068_ignition_bringup/models/forest_terrain/install/COLCON_IGNORE
[0.313s] -- Up-to-date: /home/rian/git/RS1-Group5/41068_ws/src/41068_ignition_bringup/install/41068_ignition_bringup/share/41068_ignition_bringup/models/forest_terrain/install/local_setup.bash
[0.313s] -- Up-to-date: /home/rian/git/RS1-Group5/41068_ws/src/41068_ignition_bringup/install/41068_ignition_bringup/share/41068_ignition_bringup/models/forest_terrain/install/_local_setup_util_sh.py
[0.313s] -- Up-to-date: /home/rian/git/RS1-Group5/41068_ws/src/41068_ignition_bringup/install/41068_ignition_bringup/share/41068_ignition_bringup/models/forest_terrain/log
[0.314s] -- Up-to-date: /home/rian/git/RS1-Group5/41068_ws/src/41068_ignition_bringup/install/41068_ignition_bringup/share/41068_ignition_bringup/models/forest_terrain/log/build_2025-08-27_19-31-27
[0.314s] -- Up-to-date: /home/rian/git/RS1-Group5/41068_ws/src/41068_ignition_bringup/install/41068_ignition_bringup/share/41068_ignition_bringup/models/forest_terrain/log/build_2025-08-27_19-31-27/logger_all.log
[0.314s] -- Up-to-date: /home/rian/git/RS1-Group5/41068_ws/src/41068_ignition_bringup/install/41068_ignition_bringup/share/41068_ignition_bringup/models/forest_terrain/log/build_2025-08-27_19-31-27/events.log
[0.314s] -- Up-to-date: /home/rian/git/RS1-Group5/41068_ws/src/41068_ignition_bringup/install/41068_ignition_bringup/share/41068_ignition_bringup/models/forest_terrain/log/COLCON_IGNORE
[0.314s] -- Up-to-date: /home/rian/git/RS1-Group5/41068_ws/src/41068_ignition_bringup/install/41068_ignition_bringup/share/41068_ignition_bringup/models/forest_terrain/log/build_2025-08-28_15-02-25
[0.314s] -- Up-to-date: /home/rian/git/RS1-Group5/41068_ws/src/41068_ignition_bringup/install/41068_ignition_bringup/share/41068_ignition_bringup/models/forest_terrain/log/build_2025-08-28_15-02-25/logger_all.log
[0.314s] -- Up-to-date: /home/rian/git/RS1-Group5/41068_ws/src/41068_ignition_bringup/install/41068_ignition_bringup/share/41068_ignition_bringup/models/forest_terrain/log/build_2025-08-28_15-02-25/events.log
[0.314s] -- Up-to-date: /home/rian/git/RS1-Group5/41068_ws/src/41068_ignition_bringup/install/41068_ignition_bringup/share/41068_ignition_bringup/models/forest_terrain/log/latest_build
[0.314s] -- Up-to-date: /home/rian/git/RS1-Group5/41068_ws/src/41068_ignition_bringup/install/41068_ignition_bringup/share/41068_ignition_bringup/models/forest_terrain/log/latest
[0.314s] -- Up-to-date: /home/rian/git/RS1-Group5/41068_ws/src/41068_ignition_bringup/install/41068_ignition_bringup/share/41068_ignition_bringup/models/forest_terrain/log/build_2025-08-28_14-08-20
[0.315s] -- Up-to-date: /home/rian/git/RS1-Group5/41068_ws/src/41068_ignition_bringup/install/41068_ignition_bringup/share/41068_ignition_bringup/models/forest_terrain/log/build_2025-08-28_14-08-20/logger_all.log
[0.315s] -- Up-to-date: /home/rian/git/RS1-Group5/41068_ws/src/41068_ignition_bringup/install/41068_ignition_bringup/share/41068_ignition_bringup/models/forest_terrain/log/build_2025-08-28_14-08-20/events.log
[0.315s] -- Up-to-date: /home/rian/git/RS1-Group5/41068_ws/src/41068_ignition_bringup/install/41068_ignition_bringup/share/41068_ignition_bringup/models/forest_terrain/model.config
[0.315s] -- Up-to-date: /home/rian/git/RS1-Group5/41068_ws/src/41068_ignition_bringup/install/41068_ignition_bringup/share/41068_ignition_bringup/models/forest_terrain/build
[0.315s] -- Up-to-date: /home/rian/git/RS1-Group5/41068_ws/src/41068_ignition_bringup/install/41068_ignition_bringup/share/41068_ignition_bringup/models/forest_terrain/build/.built_by
[0.315s] -- Up-to-date: /home/rian/git/RS1-Group5/41068_ws/src/41068_ignition_bringup/install/41068_ignition_bringup/share/41068_ignition_bringup/models/forest_terrain/build/COLCON_IGNORE
[0.315s] -- Up-to-date: /home/rian/git/RS1-Group5/41068_ws/src/41068_ignition_bringup/install/41068_ignition_bringup/share/41068_ignition_bringup/models/forest_terrain/materials
[0.316s] -- Up-to-date: /home/rian/git/RS1-Group5/41068_ws/src/41068_ignition_bringup/install/41068_ignition_bringup/share/41068_ignition_bringup/models/forest_terrain/materials/textures
[0.316s] -- Up-to-date: /home/rian/git/RS1-Group5/41068_ws/src/41068_ignition_bringup/install/41068_ignition_bringup/share/41068_ignition_bringup/models/forest_terrain/materials/textures/Elevated_Terrain_Test.dae
[0.316s] -- Up-to-date: /home/rian/git/RS1-Group5/41068_ws/src/41068_ignition_bringup/install/41068_ignition_bringup/share/41068_ignition_bringup/models/forest_terrain/materials/textures/model.sdf
[0.316s] -- Up-to-date: /home/rian/git/RS1-Group5/41068_ws/src/41068_ignition_bringup/install/41068_ignition_bringup/share/41068_ignition_bringup/models/forest_terrain/materials/textures/forest_overhead.png
[0.316s] -- Up-to-date: /home/rian/git/RS1-Group5/41068_ws/src/41068_ignition_bringup/install/41068_ignition_bringup/share/41068_ignition_bringup/models/forest_terrain/materials/textures/Elevated_Terrain_Test.fbm
[0.317s] -- Up-to-date: /home/rian/git/RS1-Group5/41068_ws/src/41068_ignition_bringup/install/41068_ignition_bringup/share/41068_ignition_bringup/models/forest_terrain/materials/textures/Elevated_Terrain_Test.fbm/forest_overhead.png
[0.317s] -- Up-to-date: /home/rian/git/RS1-Group5/41068_ws/src/41068_ignition_bringup/install/41068_ignition_bringup/share/41068_ignition_bringup/models/forest_terrain/materials/textures/model.config
[0.317s] -- Up-to-date: /home/rian/git/RS1-Group5/41068_ws/src/41068_ignition_bringup/install/41068_ignition_bringup/share/41068_ignition_bringup/models/forest_terrain/materials/textures/Elevated_Terrain_Test.fbx
[0.317s] -- Up-to-date: /home/rian/git/RS1-Group5/41068_ws/src/41068_ignition_bringup/install/41068_ignition_bringup/share/41068_ignition_bringup/models/forest_wall
[0.317s] -- Up-to-date: /home/rian/git/RS1-Group5/41068_ws/src/41068_ignition_bringup/install/41068_ignition_bringup/share/41068_ignition_bringup/models/forest_wall/model.sdf
[0.317s] -- Up-to-date: /home/rian/git/RS1-Group5/41068_ws/src/41068_ignition_bringup/install/41068_ignition_bringup/share/41068_ignition_bringup/models/forest_wall/model.config
[0.317s] -- Up-to-date: /home/rian/git/RS1-Group5/41068_ws/src/41068_ignition_bringup/install/41068_ignition_bringup/share/41068_ignition_bringup/models/forest_wall/materials
[0.317s] -- Up-to-date: /home/rian/git/RS1-Group5/41068_ws/src/41068_ignition_bringup/install/41068_ignition_bringup/share/41068_ignition_bringup/models/forest_wall/materials/textures
[0.318s] -- Up-to-date: /home/rian/git/RS1-Group5/41068_ws/src/41068_ignition_bringup/install/41068_ignition_bringup/share/41068_ignition_bringup/models/forest_wall/materials/textures/forest_wall.png
[0.318s] -- Up-to-date: /home/rian/git/RS1-Group5/41068_ws/src/41068_ignition_bringup/install/41068_ignition_bringup/share/41068_ignition_bringup/models/forest_wall/materials/textures/forest_wall_transparent_small.png
[0.318s] -- Up-to-date: /home/rian/git/RS1-Group5/41068_ws/src/41068_ignition_bringup/install/41068_ignition_bringup/share/41068_ignition_bringup/models/forest_wall/materials/textures/forest_wall_transparent.png
[0.318s] -- Up-to-date: /home/rian/git/RS1-Group5/41068_ws/src/41068_ignition_bringup/install/41068_ignition_bringup/share/41068_ignition_bringup/urdf
[0.318s] -- Up-to-date: /home/rian/git/RS1-Group5/41068_ws/src/41068_ignition_bringup/install/41068_ignition_bringup/share/41068_ignition_bringup/urdf/husky.urdf.xacro
[0.318s] -- Up-to-date: /home/rian/git/RS1-Group5/41068_ws/src/41068_ignition_bringup/install/41068_ignition_bringup/share/41068_ignition_bringup/urdf/wheel.urdf.xacro
[0.318s] -- Up-to-date: /home/rian/git/RS1-Group5/41068_ws/src/41068_ignition_bringup/install/41068_ignition_bringup/share/41068_ignition_bringup/urdf/meshes
[0.318s] -- Up-to-date: /home/rian/git/RS1-Group5/41068_ws/src/41068_ignition_bringup/install/41068_ignition_bringup/share/41068_ignition_bringup/urdf/meshes/top_plate.dae
[0.318s] -- Up-to-date: /home/rian/git/RS1-Group5/41068_ws/src/41068_ignition_bringup/install/41068_ignition_bringup/share/41068_ignition_bringup/urdf/meshes/bumper.dae
[0.318s] -- Up-to-date: /home/rian/git/RS1-Group5/41068_ws/src/41068_ignition_bringup/install/41068_ignition_bringup/share/41068_ignition_bringup/urdf/meshes/top_chassis.dae
[0.318s] -- Up-to-date: /home/rian/git/RS1-Group5/41068_ws/src/41068_ignition_bringup/install/41068_ignition_bringup/share/41068_ignition_bringup/urdf/meshes/jpl04_arch_nosensor.stl
[0.319s] -- Up-to-date: /home/rian/git/RS1-Group5/41068_ws/src/41068_ignition_bringup/install/41068_ignition_bringup/share/41068_ignition_bringup/urdf/meshes/wheel.dae
[0.319s] -- Up-to-date: /home/rian/git/RS1-Group5/41068_ws/src/41068_ignition_bringup/install/41068_ignition_bringup/share/41068_ignition_bringup/urdf/meshes/base_link.dae
[0.319s] -- Up-to-date: /home/rian/git/RS1-Group5/41068_ws/src/41068_ignition_bringup/install/41068_ignition_bringup/share/41068_ignition_bringup/urdf/husky.gazebo.xacro
[0.319s] -- Up-to-date: /home/rian/git/RS1-Group5/41068_ws/src/41068_ignition_bringup/install/41068_ignition_bringup/share/41068_ignition_bringup/urdf/common_properties.urdf.xacro
[0.319s] -- Up-to-date: /home/rian/git/RS1-Group5/41068_ws/src/41068_ignition_bringup/install/41068_ignition_bringup/share/41068_ignition_bringup/worlds
[0.319s] -- Up-to-date: /home/rian/git/RS1-Group5/41068_ws/src/41068_ignition_bringup/install/41068_ignition_bringup/share/41068_ignition_bringup/worlds/simple_trees.sdf
[0.319s] -- Up-to-date: /home/rian/git/RS1-Group5/41068_ws/src/41068_ignition_bringup/install/41068_ignition_bringup/share/41068_ignition_bringup/worlds/large_demo.sdf
[0.319s] -- Up-to-date: /home/rian/git/RS1-Group5/41068_ws/src/41068_ignition_bringup/install/41068_ignition_bringup/share/41068_ignition_bringup/urdf_drone
[0.319s] -- Up-to-date: /home/rian/git/RS1-Group5/41068_ws/src/41068_ignition_bringup/install/41068_ignition_bringup/share/41068_ignition_bringup/urdf_drone/meshes
[0.320s] -- Up-to-date: /home/rian/git/RS1-Group5/41068_ws/src/41068_ignition_bringup/install/41068_ignition_bringup/share/41068_ignition_bringup/urdf_drone/meshes/propeller_fr.dae
[0.320s] -- Up-to-date: /home/rian/git/RS1-Group5/41068_ws/src/41068_ignition_bringup/install/41068_ignition_bringup/share/41068_ignition_bringup/urdf_drone/meshes/hull.dae
[0.320s] -- Up-to-date: /home/rian/git/RS1-Group5/41068_ws/src/41068_ignition_bringup/install/41068_ignition_bringup/share/41068_ignition_bringup/urdf_drone/meshes/propeller_fl.dae
[0.320s] -- Up-to-date: /home/rian/git/RS1-Group5/41068_ws/src/41068_ignition_bringup/install/41068_ignition_bringup/share/41068_ignition_bringup/urdf_drone/meshes/propeller_rl.dae
[0.320s] -- Up-to-date: /home/rian/git/RS1-Group5/41068_ws/src/41068_ignition_bringup/install/41068_ignition_bringup/share/41068_ignition_bringup/urdf_drone/meshes/propeller_rr.dae
[0.320s] -- Up-to-date: /home/rian/git/RS1-Group5/41068_ws/src/41068_ignition_bringup/install/41068_ignition_bringup/share/41068_ignition_bringup/urdf_drone/thumbnails
[0.320s] -- Up-to-date: /home/rian/git/RS1-Group5/41068_ws/src/41068_ignition_bringup/install/41068_ignition_bringup/share/41068_ignition_bringup/urdf_drone/thumbnails/4.png
[0.320s] -- Up-to-date: /home/rian/git/RS1-Group5/41068_ws/src/41068_ignition_bringup/install/41068_ignition_bringup/share/41068_ignition_bringup/urdf_drone/thumbnails/3.png
[0.320s] -- Up-to-date: /home/rian/git/RS1-Group5/41068_ws/src/41068_ignition_bringup/install/41068_ignition_bringup/share/41068_ignition_bringup/urdf_drone/thumbnails/2.png
[0.321s] -- Up-to-date: /home/rian/git/RS1-Group5/41068_ws/src/41068_ignition_bringup/install/41068_ignition_bringup/share/41068_ignition_bringup/urdf_drone/thumbnails/5.png
[0.321s] -- Up-to-date: /home/rian/git/RS1-Group5/41068_ws/src/41068_ignition_bringup/install/41068_ignition_bringup/share/41068_ignition_bringup/urdf_drone/thumbnails/1.png
[0.321s] -- Up-to-date: /home/rian/git/RS1-Group5/41068_ws/src/41068_ignition_bringup/install/41068_ignition_bringup/share/41068_ignition_bringup/urdf_drone/model.sdf
[0.321s] -- Up-to-date: /home/rian/git/RS1-Group5/41068_ws/src/41068_ignition_bringup/install/41068_ignition_bringup/share/41068_ignition_bringup/urdf_drone/common_properties.urdf.xacro
[0.321s] -- Up-to-date: /home/rian/git/RS1-Group5/41068_ws/src/41068_ignition_bringup/install/41068_ignition_bringup/share/41068_ignition_bringup/urdf_drone/parrot.urdf.xacro
[0.321s] -- Up-to-date: /home/rian/git/RS1-Group5/41068_ws/src/41068_ignition_bringup/install/41068_ignition_bringup/share/41068_ignition_bringup/urdf_drone/model.config
[0.321s] -- Up-to-date: /home/rian/git/RS1-Group5/41068_ws/src/41068_ignition_bringup/install/41068_ignition_bringup/share/41068_ignition_bringup/urdf_drone/parrot.gazebo.xacro
[0.321s] -- Up-to-date: /home/rian/git/RS1-Group5/41068_ws/src/41068_ignition_bringup/install/41068_ignition_bringup/share/ament_index/resource_index/package_run_dependencies/41068_ignition_bringup
[0.321s] -- Up-to-date: /home/rian/git/RS1-Group5/41068_ws/src/41068_ignition_bringup/install/41068_ignition_bringup/share/ament_index/resource_index/parent_prefix_path/41068_ignition_bringup
[0.321s] -- Up-to-date: /home/rian/git/RS1-Group5/41068_ws/src/41068_ignition_bringup/install/41068_ignition_bringup/share/41068_ignition_bringup/environment/ament_prefix_path.sh
[0.322s] -- Up-to-date: /home/rian/git/RS1-Group5/41068_ws/src/41068_ignition_bringup/install/41068_ignition_bringup/share/41068_ignition_bringup/environment/ament_prefix_path.dsv
[0.322s] -- Up-to-date: /home/rian/git/RS1-Group5/41068_ws/src/41068_ignition_bringup/install/41068_ignition_bringup/share/41068_ignition_bringup/environment/path.sh
[0.322s] -- Up-to-date: /home/rian/git/RS1-Group5/41068_ws/src/41068_ignition_bringup/install/41068_ignition_bringup/share/41068_ignition_bringup/environment/path.dsv
[0.322s] -- Up-to-date: /home/rian/git/RS1-Group5/41068_ws/src/41068_ignition_bringup/install/41068_ignition_bringup/share/41068_ignition_bringup/local_setup.bash
[0.322s] -- Up-to-date: /home/rian/git/RS1-Group5/41068_ws/src/41068_ignition_bringup/install/41068_ignition_bringup/share/41068_ignition_bringup/local_setup.sh
[0.322s] -- Up-to-date: /home/rian/git/RS1-Group5/41068_ws/src/41068_ignition_bringup/install/41068_ignition_bringup/share/41068_ignition_bringup/local_setup.zsh
[0.322s] -- Up-to-date: /home/rian/git/RS1-Group5/41068_ws/src/41068_ignition_bringup/install/41068_ignition_bringup/share/41068_ignition_bringup/local_setup.dsv
[0.322s] -- Installing: /home/rian/git/RS1-Group5/41068_ws/src/41068_ignition_bringup/install/41068_ignition_bringup/share/41068_ignition_bringup/package.dsv
[0.323s] -- Up-to-date: /home/rian/git/RS1-Group5/41068_ws/src/41068_ignition_bringup/install/41068_ignition_bringup/share/ament_index/resource_index/packages/41068_ignition_bringup
[0.323s] -- Up-to-date: /home/rian/git/RS1-Group5/41068_ws/src/41068_ignition_bringup/install/41068_ignition_bringup/share/41068_ignition_bringup/cmake/41068_ignition_bringupConfig.cmake
[0.323s] -- Up-to-date: /home/rian/git/RS1-Group5/41068_ws/src/41068_ignition_bringup/install/41068_ignition_bringup/share/41068_ignition_bringup/cmake/41068_ignition_bringupConfig-version.cmake
[0.324s] -- Up-to-date: /home/rian/git/RS1-Group5/41068_ws/src/41068_ignition_bringup/install/41068_ignition_bringup/share/41068_ignition_bringup/package.xml
[0.329s] Invoked command in '/home/rian/git/RS1-Group5/41068_ws/src/41068_ignition_bringup/build/41068_ignition_bringup' returned '0': /usr/bin/cmake --install /home/rian/git/RS1-Group5/41068_ws/src/41068_ignition_bringup/build/41068_ignition_bringup
