[3.533s] Invoking command in '/home/student/RS1-Group5/41068_ws/src/build/rs1_gui': PYTHONPATH=/home/student/RS1-Group5/41068_ws/src/build/rs1_gui/prefix_override:/usr/lib/python3/dist-packages/colcon_core/task/python/colcon_distutils_commands:/home/student/RS1-Group5/41068_ws/src/install/rs1_gui/lib/python3.10/site-packages:${PYTHONPATH} /usr/bin/python3 -W ignore:setup.py install is deprecated -W ignore:easy_install command is deprecated setup.py develop --editable --build-directory /home/student/RS1-Group5/41068_ws/src/build/rs1_gui/build --no-deps symlink_data --force
[3.854s] running develop
[4.071s] running egg_info
[4.071s] writing rs1_gui.egg-info/PKG-INFO
[4.071s] writing dependency_links to rs1_gui.egg-info/dependency_links.txt
[4.071s] writing entry points to rs1_gui.egg-info/entry_points.txt
[4.071s] writing requirements to rs1_gui.egg-info/requires.txt
[4.071s] writing top-level names to rs1_gui.egg-info/top_level.txt
[4.071s] reading manifest file 'rs1_gui.egg-info/SOURCES.txt'
[4.072s] writing manifest file 'rs1_gui.egg-info/SOURCES.txt'
[4.074s] running build_ext
[4.074s] Creating /home/student/RS1-Group5/41068_ws/src/install/rs1_gui/lib/python3.10/site-packages/rs1-gui.egg-link (link to .)
[4.075s] Installing gui_node script to /home/student/RS1-Group5/41068_ws/src/install/rs1_gui/lib/rs1_gui
[4.075s] 
[4.075s] Installed /home/student/RS1-Group5/41068_ws/src/build/rs1_gui
[4.076s] running symlink_data
[4.076s] symbolically linking /home/student/RS1-Group5/41068_ws/src/build/rs1_gui/resource/rs1_gui -> /home/student/RS1-Group5/41068_ws/src/install/rs1_gui/share/ament_index/resource_index/packages
[4.076s] symbolically linking /home/student/RS1-Group5/41068_ws/src/build/rs1_gui/package.xml -> /home/student/RS1-Group5/41068_ws/src/install/rs1_gui/share/rs1_gui
[4.076s] symbolically linking /home/student/RS1-Group5/41068_ws/src/build/rs1_gui/launch/gui_launch.py -> /home/student/RS1-Group5/41068_ws/src/install/rs1_gui/share/rs1_gui/launch
[4.113s] Invoked command in '/home/student/RS1-Group5/41068_ws/src/build/rs1_gui' returned '0': PYTHONPATH=/home/student/RS1-Group5/41068_ws/src/build/rs1_gui/prefix_override:/usr/lib/python3/dist-packages/colcon_core/task/python/colcon_distutils_commands:/home/student/RS1-Group5/41068_ws/src/install/rs1_gui/lib/python3.10/site-packages:${PYTHONPATH} /usr/bin/python3 -W ignore:setup.py install is deprecated -W ignore:easy_install command is deprecated setup.py develop --editable --build-directory /home/student/RS1-Group5/41068_ws/src/build/rs1_gui/build --no-deps symlink_data --force
