[0.013s] Invoking command in '/home/jarrel/git/RS1-Group5/41068_ws/src/41068_ignition_bringup/build/41068_ignition_bringup': CMAKE_PREFIX_PATH=${CMAKE_PREFIX_PATH}:/opt/ros/humble /usr/bin/cmake --build /home/jarrel/git/RS1-Group5/41068_ws/src/41068_ignition_bringup/build/41068_ignition_bringup -- -j32 -l32
[0.063s] -- Found ament_cmake: 1.3.12 (/opt/ros/humble/share/ament_cmake/cmake)
[0.252s] -- Override CMake install command with custom implementation using symlinks instead of copying resources
[0.264s] -- Found rclcpp: 16.0.14 (/opt/ros/humble/share/rclcpp/cmake)
[0.294s] -- Found rosidl_generator_c: 3.1.7 (/opt/ros/humble/share/rosidl_generator_c/cmake)
[0.297s] -- Found rosidl_adapter: 3.1.7 (/opt/ros/humble/share/rosidl_adapter/cmake)
[0.304s] -- Found rosidl_generator_cpp: 3.1.7 (/opt/ros/humble/share/rosidl_generator_cpp/cmake)
[0.313s] -- Using all available rosidl_typesupport_c: rosidl_typesupport_fastrtps_c;rosidl_typesupport_introspection_c
[0.323s] -- Using all available rosidl_typesupport_cpp: rosidl_typesupport_fastrtps_cpp;rosidl_typesupport_introspection_cpp
[0.354s] -- Found rmw_implementation_cmake: 6.1.2 (/opt/ros/humble/share/rmw_implementation_cmake/cmake)
[0.355s] -- Found rmw_fastrtps_cpp: 6.2.8 (/opt/ros/humble/share/rmw_fastrtps_cpp/cmake)
[0.438s] -- Using RMW implementation 'rmw_fastrtps_cpp' as default
[0.483s] -- Found geometry_msgs: 4.9.0 (/opt/ros/humble/share/geometry_msgs/cmake)
[0.493s] -- Found ros_ign_interfaces: 0.244.20 (/opt/ros/humble/share/ros_ign_interfaces/cmake)
[0.525s] -- Found sensor_msgs: 4.9.0 (/opt/ros/humble/share/sensor_msgs/cmake)
[0.541s] -- Found ament_lint_auto: 0.12.14 (/opt/ros/humble/share/ament_lint_auto/cmake)
[0.577s] WARNING: Package name "41068_ignition_bringup" does not follow the naming conventions. It should start with a lower case letter and only contain lower case letters, digits, underscores, and dashes.
[0.592s] -- Added test 'copyright' to check source files copyright and LICENSE
[0.608s] -- Added test 'cppcheck' to perform static code analysis on C / C++ code
[0.609s] -- Configured cppcheck include dirs: $<BUILD_INTERFACE:/home/jarrel/git/RS1-Group5/41068_ws/src/41068_ignition_bringup/include>
[0.609s] -- Configured cppcheck exclude dirs and/or files: 
[0.624s] -- Added test 'cpplint' to check C / C++ code against the Google style
[0.625s] -- Configured cpplint exclude dirs and/or files: 
[0.627s] -- Added test 'flake8' to check Python code syntax and style conventions
[0.631s] -- Added test 'lint_cmake' to check CMake code style
[0.633s] -- Added test 'pep257' to check Python code against some of the docstring style conventions in PEP 257
[0.649s] -- Added test 'uncrustify' to check C / C++ code style
[0.649s] -- Configured uncrustify additional arguments: 
[0.651s] -- Added test 'xmllint' to check XML markup files
[0.652s] -- Configuring done
[0.664s] -- Generating done
[0.668s] -- Build files have been written to: /home/jarrel/git/RS1-Group5/41068_ws/src/41068_ignition_bringup/build/41068_ignition_bringup
[0.690s] [35m[1mConsolidate compiler generated dependencies of target controller[0m
[0.695s] [ 12%] [32mBuilding CXX object CMakeFiles/lidar_sensing_node.dir/src/lidar_sensing_node.cpp.o[0m
[0.696s] [ 25%] [32mBuilding CXX object CMakeFiles/lidar_sensing_node.dir/src/main.cpp.o[0m
[0.702s] [ 62%] Built target controller
[0.726s] [ 75%] [32mBuilding CXX object CMakeFiles/move_bot.dir/src/main_move_bot.cpp.o[0m
[0.785s] [01m[K/home/jarrel/git/RS1-Group5/41068_ws/src/41068_ignition_bringup/src/lidar_sensing_node.cpp:1:10:[m[K [01;31m[Kfatal error: [m[Klidar_sensing_node.hpp: No such file or directory
[0.785s]     1 | #include [01;31m[K"lidar_sensing_node.hpp"[m[K
[0.785s]       |          [01;31m[K^~~~~~~~~~~~~~~~~~~~~~~~[m[K
[0.785s] compilation terminated.
[0.786s] gmake[2]: *** [CMakeFiles/lidar_sensing_node.dir/build.make:76: CMakeFiles/lidar_sensing_node.dir/src/lidar_sensing_node.cpp.o] Error 1
[0.786s] gmake[2]: *** Waiting for unfinished jobs....
[2.730s] gmake[1]: *** [CMakeFiles/Makefile2:167: CMakeFiles/lidar_sensing_node.dir/all] Error 2
[2.730s] gmake[1]: *** Waiting for unfinished jobs....
[3.646s] [ 87%] [32m[1mLinking CXX executable move_bot[0m
[3.889s] [ 87%] Built target move_bot
[3.890s] gmake: *** [Makefile:146: all] Error 2
[3.893s] Invoked command in '/home/jarrel/git/RS1-Group5/41068_ws/src/41068_ignition_bringup/build/41068_ignition_bringup' returned '2': CMAKE_PREFIX_PATH=${CMAKE_PREFIX_PATH}:/opt/ros/humble /usr/bin/cmake --build /home/jarrel/git/RS1-Group5/41068_ws/src/41068_ignition_bringup/build/41068_ignition_bringup -- -j32 -l32
